Fetching trace IDs for tags: ['web'] ...
Processing 500 trace(s) via API...
  SKIP f8bea27e3ce675a0f859a2a739998338: no AGENT and no GENERATION messages
  SKIP ffd7868644fed654cf177120fe44019f: no AGENT and no GENERATION messages
  SKIP 0ceb24353dd804853c5254b1d13c4818: no AGENT and no GENERATION messages
  SKIP e76897d8be68502b8acca73261de6a8e: no AGENT and no GENERATION messages
  SKIP e503491297b0f6c0578a5c8258854c3c: no AGENT and no GENERATION messages
  SKIP ac380608ca4a2e4dd921af280955521a: no AGENT and no GENERATION messages
  SKIP a47d323d3c4978ec3cf693f50a148883: no AGENT and no GENERATION messages
  SKIP 053edc52f79172af6bf094d07ee41cb5: no AGENT and no GENERATION messages
  SKIP 575f700c5c39349d42665d08559d4770: no AGENT and no GENERATION messages
  SKIP 7466766c44a2c1e1d470437a1c878136: no AGENT and no GENERATION messages
  SKIP 6a1ebcc6b720660f3ffbce2fa9129d39: no AGENT and no GENERATION messages
  SKIP 2664073664351b30d1a58e0a91bb134e: no AGENT and no GENERATION messages
  SKIP ea8d4a76dc7deabfc3684a589adfb12d: no AGENT and no GENERATION messages
  SKIP 48588676f97114e7fed64702597ff3da: no AGENT and no GENERATION messages
  SKIP facfb271f6f36404b9797e52f4f816f8: no AGENT and no GENERATION messages
  SKIP efd10df36f5ad6094f45ae647bdd6041: no AGENT and no GENERATION messages
  SKIP fa390435fd942fb8d73dbf39b23cdaf8: no AGENT and no GENERATION messages
  SKIP c7c02666266532a69ab99aef13ee36da: no AGENT and no GENERATION messages
  SKIP fbc0bef9b2d04b7e2a3cbd40be127391: no AGENT and no GENERATION messages
  SKIP bc1f60f53ed5faf7a694611ac929c9a1: no AGENT and no GENERATION messages
  SKIP 119cdb62e81f35fb4bde02481f3840e3: no AGENT and no GENERATION messages
  SKIP 793d71e9155b42359ab1e9c86e46a8cc: no AGENT and no GENERATION messages
  SKIP bdf07a80c2947c4d390f0fa4fad38730: no AGENT and no GENERATION messages
  SKIP c23765fac0c321739890adfec32fed25: no user question or no steps
  SKIP 9ccfe5836fb6cbb464d8bf8079c73daf: no AGENT and no GENERATION messages
  SKIP 18997cbbf19a50c1d0abadaf5c848e36: no AGENT and no GENERATION messages
  SKIP 129ec0b4a5b095f5eb66eafa5abcdb86: no AGENT and no GENERATION messages
  SKIP 8303463451c779495f7e9fb02bb49163: no AGENT and no GENERATION messages
  SKIP a0958a84bf63a77a6ee2948c509fcc61: no AGENT and no GENERATION messages
  SKIP e0150ec06275f856967da973c6dcf0bc: no AGENT and no GENERATION messages
  SKIP c1ab9a289e17c32c50dda5ee0a1f4896: no AGENT and no GENERATION messages
  SKIP 5a7e2b88ca59e0cae4e31baf012ab39d: no AGENT and no GENERATION messages
  SKIP 8714dbce2098e21be54a57bc8fd32242: no AGENT and no GENERATION messages
  SKIP 1881c55a83f5c0c8cb1b64ab9851ba46: no AGENT and no GENERATION messages
  SKIP e07fb63db7575a68d0e93378bb9ba3ed: no AGENT and no GENERATION messages
  SKIP aafb1c7ff31e5db3ff28f111cac287d5: no AGENT and no GENERATION messages
  SKIP 98fbc997e5daae217d1c8ed60be05aa5: no AGENT and no GENERATION messages
  SKIP f866446626bccd7fa828f95321990354: no AGENT and no GENERATION messages
  SKIP f002eb3e39300b6c4118429493b944ed: no AGENT and no GENERATION messages
  SKIP 2a9bdf5856ff102189757efd197d3063: no AGENT and no GENERATION messages
  SKIP 2b33d4b46cf61f9c4e6e6fb6c0718e06: no AGENT and no GENERATION messages
  SKIP 40fd257c18231f027041d39ea711218a: no AGENT and no GENERATION messages
  SKIP 81c5ccd5d4c02cb6720a618aec526a0c: no AGENT and no GENERATION messages
  SKIP 600ae2f75c68db61a4591b4820b37e43: no AGENT and no GENERATION messages
  SKIP d8152ff9662dd0b70b2ab1d6e54becc8: no AGENT and no GENERATION messages
  SKIP 0e7c51540d1d723c4e2272d819a3006b: no AGENT and no GENERATION messages
  SKIP a5489d0d809eebb9acf00caf1c40fa36: no AGENT and no GENERATION messages
  OK f6a43afa8fa8bd189f0a1a2fdb5e0365: skills=['object-data-query', 'line-attendance-query', 'equipment-cpk-query'] steps=26 sft=1 grpo=26
  SKIP 8a2da1c3863e10c2e63683299b07e2b7: no AGENT and no GENERATION messages
  SKIP 53acbf7c080da29d0007f77b381237a3: no AGENT and no GENERATION messages
  OK d1e39621ce88ce08e8210f2be2843ad0: skills=['object-data-query', 'line-attendance-query', 'equipment-cpk-query'] steps=22 sft=1 grpo=22
  OK f3eae49216063031cb1a4d6a306db547: skills=['object-data-query', 'line-attendance-query'] steps=17 sft=1 grpo=17
  OK ea07e18cd9ee24677b3e966f3cf967c7: skills=['object-data-query'] steps=17 sft=1 grpo=17
  SKIP ee68aecf492207372958038bf1584b9e: no AGENT and no GENERATION messages
  SKIP 7bdc93ad37d5c123f1ce7f0d116fecdc: no AGENT and no GENERATION messages
  SKIP e54279517ad5567ec1bb452a8af09645: no AGENT and no GENERATION messages
  SKIP 51e3fa2b6a809ed44f38825fc11bcb67: no AGENT and no GENERATION messages
  SKIP 091fbb2f4f22474d719a821e6af6a9bb: no AGENT and no GENERATION messages
  SKIP 3bcfd4ca0f357258fb41cc6bafc8ddf4: no AGENT and no GENERATION messages
  SKIP f7ce186bda066db6a6ef14b713c7c679: no AGENT and no GENERATION messages
  SKIP 3ce93a7e489306ece77fd99ec9e670e8: no AGENT and no GENERATION messages
  SKIP 621e45f38b3a0495d64ccc990acefb65: no AGENT and no GENERATION messages
  SKIP 3cb690a649f3d37f40af9a9dce98e251: no AGENT and no GENERATION messages
  SKIP f26d5ec1b0c39877caa03e10430cbe14: no AGENT and no GENERATION messages
  OK c85b3c6c60e064f446e9b85412f76863: skills=['general-kpi-query', 'line-attendance-query', 'object-data-query'] steps=28 sft=1 grpo=28
  SKIP 2f63302fb08aadcd9728250c24cc003d: no AGENT and no GENERATION messages
  SKIP 1f691617d0799c27f2377e89dd28d631: no AGENT and no GENERATION messages
  SKIP 945b87a597d3d724eb34f6ddc569a5c5: no AGENT and no GENERATION messages
  SKIP 0291367b0bfb82f90983f1b4c8b41b3a: no AGENT and no GENERATION messages
  SKIP ab80306364fbdd946d4a63c98a44bd39: no AGENT and no GENERATION messages
  SKIP 04dc5e600ded120e8d8af8160ef17bbe: no AGENT and no GENERATION messages
  SKIP a2e9bc88d31b131451125622718f095d: no AGENT and no GENERATION messages
  SKIP 4f02bdf2d122722da55248575bf460b4: no AGENT and no GENERATION messages
  OK 8ce3f7fe9ddc22f4bd75e0e712e228ed: skills=['general-kpi-query', 'line-attendance-query', 'object-data-query'] steps=28 sft=1 grpo=28
  SKIP cf3d7c67c1341d789613443e7a46ce4a: no AGENT and no GENERATION messages
  SKIP 474331577026618ff768b3fe7c3c8a7e: no AGENT and no GENERATION messages
  OK 57f11b37feb1571728eb022e2ce7c5fc: skills=['general-kpi-query', 'line-attendance-query'] steps=25 sft=1 grpo=25
  SKIP bd4d22522e951d04662937d06f68d46b: no AGENT and no GENERATION messages
  SKIP 44b38f8ac1cc611d8b04b681de596f80: no AGENT and no GENERATION messages
  SKIP 51242a9ebd82349c5344923e6500c5e9: no AGENT and no GENERATION messages
  SKIP 07f37e6b783a0e790215dc8a15887bf6: no AGENT and no GENERATION messages
  OK 19b282c0a594a8c9e3fb67faacfa3ada: skills=['general-kpi-query'] steps=13 sft=1 grpo=13
  SKIP c25283d5f6725dd71a3e3f8e1845fadc: no AGENT and no GENERATION messages
  SKIP b114fe2641369c6ee48af091a835af38: no AGENT and no GENERATION messages
  SKIP c642cf88288d0c06bf081fafb26d87cb: no AGENT and no GENERATION messages
  SKIP 9ac31f98aa545078fee1057434db585f: no AGENT and no GENERATION messages
  SKIP 38cdfad927586f8c6f6930585ede2aeb: no AGENT and no GENERATION messages
  SKIP ad92dc3c07b704f949b12d180277248e: no AGENT and no GENERATION messages
  SKIP 1edadd7507d7687a2b6faf3b8b0a1e27: no AGENT and no GENERATION messages
  SKIP bfea05e809bae8cfff8be7df4f7148f2: no AGENT and no GENERATION messages
  SKIP 991efd0100faae26cf48d1bfc88685ca: no AGENT and no GENERATION messages
  SKIP 41e8edf08f8d2771775b2a253fa91256: no AGENT and no GENERATION messages
  SKIP be72631f65c20cdc63aef8d686cf4bb4: no AGENT and no GENERATION messages
  SKIP 1cab3aa2542e86d02ad233932e0b79e0: no AGENT and no GENERATION messages
  SKIP eb757dbd537dc4db249f767ed3ec2a14: no AGENT and no GENERATION messages
  SKIP 07ae30a838e7d958ba8ff28f29850c4e: no AGENT and no GENERATION messages
  SKIP 464187c72dab47cdda17c5c98f86fda1: no AGENT and no GENERATION messages
  SKIP 98ac0f97f2857ecbc9bedc960a426029: no AGENT and no GENERATION messages
  SKIP adfb86dff59b67e3bb83a96d615339b9: no AGENT and no GENERATION messages
  SKIP eafb94fa3d91b37cd547d87ff4132dff: no AGENT and no GENERATION messages
  SKIP fcab365e416201eb3e7ab9bf58562f41: no AGENT and no GENERATION messages
  SKIP 3ee65db54d5de14035ad3f0690a08d14: no AGENT and no GENERATION messages
  SKIP a91da7a9c37fcb098138e9b09f81ce43: no AGENT and no GENERATION messages
  SKIP 0976016f3ecd7ca8363e5892ddc6ee8b: no AGENT and no GENERATION messages
  SKIP ef83d411352039607400f3c91c266b85: no AGENT and no GENERATION messages
  SKIP c64a3ce9d878f7f87f1915a5683cc870: no AGENT and no GENERATION messages
  SKIP f008fcbe2901b4b356106628e3bec41c: no AGENT and no GENERATION messages
  SKIP 4fd2b25bc595bfd5388505fe3e3f6d8d: no AGENT and no GENERATION messages
  SKIP 8af937673071df39b5ca60c56e348836: no AGENT and no GENERATION messages
  SKIP 2be56a1c2fdb9e2662fc69c18557ed10: no AGENT and no GENERATION messages
  SKIP a86743806e607097804ee1c609dcb738: no AGENT and no GENERATION messages
  SKIP b0c0dc178bffae431c0530ec854c38df: no AGENT and no GENERATION messages
  SKIP 51b40478a62955ef31bcc7442b4c48b0: no AGENT and no GENERATION messages
  SKIP 54ebd65a1745b5755f36901281e2f0d1: no AGENT and no GENERATION messages
  SKIP 61b3c3094e9381cda15899798de54fcc: no AGENT and no GENERATION messages
  SKIP da2b2e0eb28e889a21a13c92bd4cc2da: no AGENT and no GENERATION messages
  SKIP 08a4d528b771998933817197d4c6087a: no AGENT and no GENERATION messages
  SKIP d7bb0f8b8f4f267d57423ce6465d9c19: no AGENT and no GENERATION messages
  SKIP f8f5670da577299445aa6b643d1ac414: no AGENT and no GENERATION messages
  SKIP 663b13435e31ad032519564a577a58af: no AGENT and no GENERATION messages
  SKIP 4d2a745495d248a5f61ed0194b20ac61: no AGENT and no GENERATION messages
  SKIP 9b931721d86af86fc350732c45b68ad1: no AGENT and no GENERATION messages
  SKIP 75e32892339b89d66e9943260308df9d: no AGENT and no GENERATION messages
  SKIP f94815ffd9e8d2db77541a31f5eadac5: no AGENT and no GENERATION messages
  SKIP f38419ee9b19c3963376f28d6d572df0: no AGENT and no GENERATION messages
  SKIP b3a73d7f2c091e365f93c62e8d89aaac: no AGENT and no GENERATION messages
  SKIP c70f119f9f17b2880083dc2e6d2fdfde: no AGENT and no GENERATION messages
  SKIP 6dcc7bed13035f99924fdbda856711c1: no AGENT and no GENERATION messages
  SKIP 48cca02f00ec9432511e1c99b053436c: no AGENT and no GENERATION messages
  SKIP b97979c948b43f2f1a15af15c9fe3f05: no AGENT and no GENERATION messages
  SKIP 3e7da2ea7f8ceeced317e71f65a242d7: no AGENT and no GENERATION messages
  SKIP 38b8f790e821955d0b2ac29720d008da: no AGENT and no GENERATION messages
  SKIP 342a7ac05de480b6cd6187db68ff2fed: no AGENT and no GENERATION messages
  SKIP 185c9afc8df608fdb145a7cd9c651b92: no AGENT and no GENERATION messages
  SKIP 2a4897b27f2cc4ab94f652c7c1ddb34c: no AGENT and no GENERATION messages
  SKIP df252a96f94557134879575bef158e3e: no AGENT and no GENERATION messages
  SKIP 35e5266d418f1aff85d86650207619a9: no AGENT and no GENERATION messages
  SKIP 1ab0a26aee51cdc4631d1fbdc3cddbf0: no AGENT and no GENERATION messages
  SKIP 1903fcc8a5a8f3e7a92c3a3b79b7fb53: no AGENT and no GENERATION messages
  SKIP f5076bdac6021f68abc54b5276750b7f: no AGENT and no GENERATION messages
  SKIP 86c69c98b36115bd73c340cbf961071a: no AGENT and no GENERATION messages
  SKIP e1ca70dbe89ce0cc89a6ffea23009cfd: no AGENT and no GENERATION messages
  SKIP f292669ec9175f421c6659c42b69b004: no AGENT and no GENERATION messages
  SKIP 2d9b0f1e849f8404f652ada68ccd36bc: no AGENT and no GENERATION messages
  SKIP f9b5f7a4a2b02cc8cecac18423a78ff8: no AGENT and no GENERATION messages
  SKIP c29ae20d9b484cd3d112c2a72e919b72: no AGENT and no GENERATION messages
  SKIP 27893e4edba3072d44d9738f59d01280: no AGENT and no GENERATION messages
  SKIP f1985ac3bfafebcacf3cac2e7a1ed0c2: no AGENT and no GENERATION messages
  SKIP b485c5f2ca73512e9c5b3e81652af6d6: no AGENT and no GENERATION messages
  SKIP b52a1ec6fc67329e6c0ef472117dc1e9: no AGENT and no GENERATION messages
  SKIP 1f8743ff14d0dd6a52306c3f589b1749: no AGENT and no GENERATION messages
  SKIP 326871abf3325a667c2101b4b995c497: no AGENT and no GENERATION messages
  SKIP 87adc819372129dc3b4e0b9970c7a465: no AGENT and no GENERATION messages
  SKIP ac97db8dda808b982ac5ec2154c896d2: no AGENT and no GENERATION messages
  SKIP bc6c44cdc09d38bf39cc727952d4a18f: no AGENT and no GENERATION messages
  SKIP 6223439f5dc4732295d2c5ce05e0d6b4: no AGENT and no GENERATION messages
  SKIP 9d0a2b52be1304fa31a98a2f555b90bb: no AGENT and no GENERATION messages
  SKIP 82383d20b72c83aa95b08cbf35ed99d3: no AGENT and no GENERATION messages
  SKIP 8cd770af7d3395eeb6a6a1cc7290dd7d: no AGENT and no GENERATION messages
  SKIP f6d4d7c75170993e31e351ef06d101f9: no AGENT and no GENERATION messages
  SKIP 7b69199f4a93bea3da4990a46f8bc027: no AGENT and no GENERATION messages
  SKIP da30d007199696ca279b6b7e6be6836b: no AGENT and no GENERATION messages
  SKIP 00944bb28f6c2e5a4bfdf4f4e0340316: no AGENT and no GENERATION messages
  SKIP 37d852f63a044da733f7ee4b1296ce58: no AGENT and no GENERATION messages
  SKIP 85cb21abf408846c3c1145c0c5647483: no AGENT and no GENERATION messages
  SKIP 3a3fc913d31be7622dbf3b6343a701e2: no AGENT and no GENERATION messages
  SKIP 987f13b5838b565f599ec0e893467240: no AGENT and no GENERATION messages
  SKIP 45239dc69be8f1bfe58f9ae9e3d4c14b: no AGENT and no GENERATION messages
  SKIP 7401a87b229ab6f7748204e6b3a8559c: no AGENT and no GENERATION messages
  SKIP 29ad000870e9c33441789c3f041f6950: no AGENT and no GENERATION messages
  SKIP df98d37cf13c34c1f4f7d00441ede3a2: no AGENT and no GENERATION messages
  SKIP e207e88ccd52a066ed6bd2b56e8ab287: no AGENT and no GENERATION messages
  SKIP 3f3998ed470052a211ed89ade2455680: no AGENT and no GENERATION messages
  SKIP 6634aa982707959b738817d3b89513ce: no AGENT and no GENERATION messages
  SKIP cae9a1909cc3e38a54cbe17f7a78dbc4: no AGENT and no GENERATION messages
  SKIP 045880711d171a062036b836c17aa78c: no AGENT and no GENERATION messages
  SKIP bd44998ccaddaae0b1bd100fecbc7c71: no AGENT and no GENERATION messages
  SKIP 0574ee0799b030884ec24a398249cfa7: no AGENT and no GENERATION messages
  SKIP 15268dd6bfe29dcfac97f5d80e368434: no AGENT and no GENERATION messages
  SKIP 38d0143f2f85ebf6718585097fa359f1: no AGENT and no GENERATION messages
  SKIP 56f8d12c30ae0527f695f1ad32472705: no AGENT and no GENERATION messages
  SKIP 4a34911f27788a2e57977c7602d201bd: no AGENT and no GENERATION messages
  SKIP c72a4b23ff1aad140871f3fa1403b7b3: no AGENT and no GENERATION messages
  SKIP 7e872551748b46dc2f185431db214fe5: no AGENT and no GENERATION messages
  SKIP b80580ccf15bc02642238e5d10d974c4: no AGENT and no GENERATION messages
  SKIP 0873f66b30f1b860df8fde7d5bd500c1: no AGENT and no GENERATION messages
  SKIP 24ec034475cf0499951a09e6b5afad62: no AGENT and no GENERATION messages
  SKIP 124a716f48fc3780f47e861550f642ba: no AGENT and no GENERATION messages
  SKIP b880c989e254632bba3f6a0f99074048: no AGENT and no GENERATION messages
  SKIP 2585adc69cab0ba1eaa8e56e306469ec: no AGENT and no GENERATION messages
  SKIP 2e955132be271be97e1789b2a3a23798: no AGENT and no GENERATION messages
  SKIP f34bab177aff68921ae4fde2c0c973b0: no AGENT and no GENERATION messages
  SKIP 322b7c1da841abf144bfebe160f12082: no AGENT and no GENERATION messages
  SKIP 1ccac1b72dcc977358e7326c015e2f96: no AGENT and no GENERATION messages
  SKIP c3ef66573d043f335dac80b4435f8349: no AGENT and no GENERATION messages
  SKIP 1bc0400074d98476446c11594dcd4af3: no AGENT and no GENERATION messages
  SKIP 20bbcf14f5c74b048463080f19d77df5: no AGENT and no GENERATION messages
  SKIP d38d5b41880a9a75fa0c1a6549d261ee: no AGENT and no GENERATION messages
  SKIP 23f2c9f70917662e2a6a978ea7b01c0c: no AGENT and no GENERATION messages
  SKIP 920cd7af4f197ef9215820df958eefed: no AGENT and no GENERATION messages
  SKIP d0445f15955cd26c1c8015ef9d64aef8: no AGENT and no GENERATION messages
  SKIP 2d442ad46b3b5819c51950d788360a82: no AGENT and no GENERATION messages
  SKIP 23332a3869259e21ad4140009ff628cf: no AGENT and no GENERATION messages
  SKIP cc6177368951e8631ef43aa223b1bc7e: no AGENT and no GENERATION messages
  SKIP 0a1b55550cb672d9ab34c7e45455d4bb: no AGENT and no GENERATION messages
  SKIP 167051d4883de93a5b01bd9a8d371702: no AGENT and no GENERATION messages
  SKIP e866c1fe798634e9401a0515b2700e6c: no AGENT and no GENERATION messages
  SKIP 89620bc4222846946d37a65a108c1405: no AGENT and no GENERATION messages
  SKIP ddb3daac09c1979646ba91595e240bf4: no AGENT and no GENERATION messages
  SKIP a2fee24c61faab8c6a4f4c1df5d30cde: no AGENT and no GENERATION messages
  SKIP 047f35de3c5cf629190be2db4d79b95f: no AGENT and no GENERATION messages
  SKIP af9beb2e6e1f834c0ce03e9cafb25a46: no AGENT and no GENERATION messages
  SKIP db252e0fd87183db2e04a87d859da9a4: no AGENT and no GENERATION messages
  SKIP b5a536e396722524d7b38f7fbb29c4c7: no AGENT and no GENERATION messages
  SKIP cbca6579921efc062619e698720d455e: no AGENT and no GENERATION messages
  SKIP 0af1a95c47df56dd25093173831d79b4: no AGENT and no GENERATION messages
  SKIP bcd89d990bf44b44778192ce29b13ede: no AGENT and no GENERATION messages
  SKIP 1cad6d3fc164570cda2985c5f121bb0e: no AGENT and no GENERATION messages
  SKIP 9351db0d37b9e7f08b5f40b3fff69f37: no AGENT and no GENERATION messages
  SKIP aedf8b75c42a01f0655a3562bcd6eeee: no AGENT and no GENERATION messages
  SKIP 99ed257e9bd71a2b3ae7df52e3ea95e6: no AGENT and no GENERATION messages
  SKIP 3d234e3a1e748531cbdb900fb006d814: no AGENT and no GENERATION messages
  SKIP a378e160047edf46ac95205e80ad4735: no AGENT and no GENERATION messages
  SKIP 04b70ae0b22e2b2fb1258ee71d2bf82b: no AGENT and no GENERATION messages
  SKIP aeefa0ba90daeb6bc1ed9dfb8377b282: no AGENT and no GENERATION messages
  SKIP 3605f94a30ecf9388daa30728b6af254: no AGENT and no GENERATION messages
  SKIP f92eb8ded1ca2a11361def45e077e6e8: no AGENT and no GENERATION messages
  SKIP c389963ab5ce73769393ab1ad86356ff: no AGENT and no GENERATION messages
  SKIP 1b3ceec09a672ad590872aa1d34ae9bb: no AGENT and no GENERATION messages
  SKIP a405529da95d27763c21ceef4472ace0: no AGENT and no GENERATION messages
  SKIP 8413aa2109d93ba904293a1da828f7a6: no AGENT and no GENERATION messages
  SKIP b31e8db10c3bfd6e9ffb90d4c443791e: no AGENT and no GENERATION messages
  SKIP fbb22671813a1e32dc8172e84a337603: no AGENT and no GENERATION messages
  SKIP f48fa32da66ed4c37c31879a7b471156: no AGENT and no GENERATION messages
  SKIP 16be39985856ac22595653b193dbce28: no AGENT and no GENERATION messages
  SKIP bda83be7f590241e64ec79185217ed3c: no AGENT and no GENERATION messages
  SKIP c4d6c8d3439e08b84aa33c5ffa00bcea: no AGENT and no GENERATION messages
  SKIP 4cb83ebb6dd4d16718b6c9742845e719: no AGENT and no GENERATION messages
  SKIP 634cd70d1162c6e06f9bdd7e8470a1ca: no AGENT and no GENERATION messages
  SKIP e9cc4b19c9073d4f558d87d6a6a8b7a4: no AGENT and no GENERATION messages
  SKIP 3d4859e9a49e977f0ba838513379601e: no AGENT and no GENERATION messages
  SKIP fe65bd717b7e10ed843cd4a217b9c137: no AGENT and no GENERATION messages
  SKIP 1886614387cdb3727fbb971dedb05c29: no AGENT and no GENERATION messages
  SKIP 6b6efb0265fbbda2c3c54b12c938c70c: no AGENT and no GENERATION messages
  SKIP 6e09f766af379d7d3e21c1baa8b91c58: no AGENT and no GENERATION messages
  SKIP 734809dba1f4afd9fb92b960b7ac0cfe: no AGENT and no GENERATION messages
  SKIP f11ac4e3eb934763975722aab0dd9a37: no AGENT and no GENERATION messages
  SKIP 8ba9efc0a2116b990d45b6579c53defd: no AGENT and no GENERATION messages
  SKIP e710a30e94fe3636fdb51a2607ab8696: no AGENT and no GENERATION messages
  SKIP 3ed4d9f85fd3cb484c48f8af25423dc9: no AGENT and no GENERATION messages
  SKIP aa8705ae833f42acdabdf353b9c448ec: no AGENT and no GENERATION messages
  SKIP fde55c58370b1b3bd53e1c0a38f6023e: no AGENT and no GENERATION messages
  SKIP 195e010158bfe2a66caa2020ce096e5b: no AGENT and no GENERATION messages
  SKIP e5b941522285d0e8c4e603c1b78b3ed2: no AGENT and no GENERATION messages
  SKIP b411a2a99c083edd94954cae01393b15: no AGENT and no GENERATION messages
  SKIP 54b7e5233c0fd3cb84a2df2400ddae70: no AGENT and no GENERATION messages
  SKIP 43e2f29d664e1806b6677a652b21fe93: no AGENT and no GENERATION messages
  SKIP b71e9bf7ffef351514c7f6e5ce9b5f20: no AGENT and no GENERATION messages
  SKIP d74955565bb061ac4ae13b40715a3740: no AGENT and no GENERATION messages
  SKIP df5d5a03dc059dabb533b3442c22019e: no AGENT and no GENERATION messages
  SKIP 68213f5c845fff8605d268f4260811a8: no AGENT and no GENERATION messages
  SKIP 9ad25b5dcdd0de64876652d1bfe6497f: no AGENT and no GENERATION messages
  SKIP 64375a352762d561a9e38f211e338b0e: no AGENT and no GENERATION messages
  SKIP ba202ebcf71406fa8146e65f3821cdd6: no AGENT and no GENERATION messages
  SKIP 90742e7988732e51adafa396bfe5e69c: no AGENT and no GENERATION messages
  SKIP 389de7ef41f3559384436aed4dfa1a97: no AGENT and no GENERATION messages
  SKIP d8f6c5db1ec91bbc8df6e04aa94de3a1: no AGENT and no GENERATION messages
  SKIP 8eac2f4b2e1277b29fb711c1fc66acb1: no AGENT and no GENERATION messages
  SKIP 3fdf347ce176eca1655c7257cc0c5006: no AGENT and no GENERATION messages
  SKIP 47bd1875b3694481c3ff173c03e87161: no AGENT and no GENERATION messages
  SKIP 188cb52d8f8b76069bf9bd7eed647609: no AGENT and no GENERATION messages
  SKIP 822af0a46c944f7df65ca0862e8ee39e: no AGENT and no GENERATION messages
  SKIP 53af620ca519220f949c8c9821f1f922: no AGENT and no GENERATION messages
  SKIP e45e8824df0eb847720364aa61e0c134: no AGENT and no GENERATION messages
  SKIP dccf0d9bf38fc49c1ea79a024e0da06e: no AGENT and no GENERATION messages
  SKIP 73d8198f064d7b6abd09a1d9b94332b0: no AGENT and no GENERATION messages
  SKIP fc4d2f4bc4f3f26aff2f8c39f514d3ba: no AGENT and no GENERATION messages
  SKIP e598aa40eb4e5777e1551fb151199d84: no AGENT and no GENERATION messages
  SKIP 4c4d9678c8a043fbf4b60c6c63ed935b: no AGENT and no GENERATION messages
  SKIP 4ed302fa10713394eae88ab245335117: no AGENT and no GENERATION messages
  SKIP 535867549a612b47f708f5acad8ba69d: no AGENT and no GENERATION messages
  SKIP 6b5439e8bfad0ff44a1f3dc05602b094: no AGENT and no GENERATION messages
  SKIP d2254ee583119d9d6f38ed75c2fa4299: no AGENT and no GENERATION messages
  SKIP 6cf4e91c05aab4ee8c0f23709d1ffae1: no AGENT and no GENERATION messages
  SKIP 8fd526b332b8c0447bcaa5ad335b7ac5: no AGENT and no GENERATION messages
  SKIP 6ed517358c43b1adefe6f17018b3f507: no AGENT and no GENERATION messages
  SKIP 01ac414ab4e3a16d64037e2ad2789dfb: no AGENT and no GENERATION messages
  SKIP 392e00f70fd17a4c40bca5d728b8cdf1: no AGENT and no GENERATION messages
  SKIP 56ff121bda813325231d192fe04c61e3: no AGENT and no GENERATION messages
  SKIP 1e486ac5d312ec7b943d7a3cf3014d98: no AGENT and no GENERATION messages
  SKIP 18d87eece796de7b43013fcfde3f9a6c: no AGENT and no GENERATION messages
  SKIP ae110810580e8e4c0f82261574dc8f5c: no AGENT and no GENERATION messages
  OK a4d88658602a334d200d458cc53c691f: skills=['object-data-query'] steps=6 sft=1 grpo=6
  SKIP 2cf389a5b8609b6f9924009d9e2f159b: no AGENT and no GENERATION messages
  SKIP fc87d437bf58f118a48662d78d437612: no AGENT and no GENERATION messages
  SKIP 25f7caf21e9df0d8b80a6038702398d2: no AGENT and no GENERATION messages
  SKIP 65648e206cfa97063e020f56751abe8c: no AGENT and no GENERATION messages
  SKIP 554ea0b343520cafe2021756d55036e9: no AGENT and no GENERATION messages
  SKIP a427d40e4dabc3fb6d7fa6b65c41162b: no AGENT and no GENERATION messages
  OK e7b29e89648897da6c6a424bfd5d23c5: skills=['object-data-query'] steps=2 sft=1 grpo=2
  SKIP 3c4bfe206bfddedbd9f7b4ed40aed72c: no AGENT and no GENERATION messages
  SKIP b25539060717f359e63c8c87255b8ac0: no AGENT and no GENERATION messages
  SKIP 3ed01af2cb8a95e75f141d91043951c3: no AGENT and no GENERATION messages
  SKIP fdc6547767ab4abfb79691f6fa32ce01: no AGENT and no GENERATION messages
  SKIP 15e5a053dff0983d869d60dc67b46172: no AGENT and no GENERATION messages
  SKIP 692e228e3b950d67c54746472074ba43: no AGENT and no GENERATION messages
  SKIP 9a1582f91c32987a5a2672a8eb087fa3: no AGENT and no GENERATION messages
  SKIP 0749f195b585e060f631a90ecd75777b: no AGENT and no GENERATION messages
  SKIP d686909a569acac9b7a97e8e4185daa4: no AGENT and no GENERATION messages
  SKIP 03af505699b6580b97f6be7cc507c1c4: no AGENT and no GENERATION messages
  SKIP cc7ac92a28943a4a5f725767978603b4: no AGENT and no GENERATION messages
  SKIP e6134a5459103a9864f34495580668ba: no AGENT and no GENERATION messages
  SKIP 6126040d586dbf443e0bf49e86068985: no AGENT and no GENERATION messages
  SKIP a2bfe8fc0175aaffc314ff530691b076: no AGENT and no GENERATION messages
  SKIP 5d36aed71f72a103ae96fbc44e49566c: no AGENT and no GENERATION messages
  SKIP c955ae4b3be2a4aa7707c2fe6ecad65e: no AGENT and no GENERATION messages
  SKIP a17641214377cd9c750c2a43155e9b96: no AGENT and no GENERATION messages
  SKIP a4cdf24c72a03e46d8cbcc1ec0ebb8d3: no AGENT and no GENERATION messages
  SKIP b222b083646285236562e31b1543451b: no AGENT and no GENERATION messages
  SKIP 99feb61923599fd4e6acbfdafc405109: no AGENT and no GENERATION messages
  SKIP fda7905994c0f1bdf44307bb0392300c: no AGENT and no GENERATION messages
  SKIP 66146bc165f8cd66810242d7dfe372a0: no AGENT and no GENERATION messages
  SKIP cf2010cc8df8fa1d0510ba1ede8e3842: no AGENT and no GENERATION messages
  SKIP 12682986f206fd0cd297b0267cba990b: no AGENT and no GENERATION messages
  SKIP d8e9b1c8212e7fac000fcc31e387d824: no AGENT and no GENERATION messages
  SKIP 2482464e6ab71ac45be277c918b651cc: no AGENT and no GENERATION messages
  SKIP a4b87eacdd4b4ff7ce190b8bba9c22ae: no AGENT and no GENERATION messages
  SKIP a6494c8d70f3df01ddae94d37caa5f7b: no AGENT and no GENERATION messages
  SKIP c97dd72698f5581b050f2a8ab1c551dc: no AGENT and no GENERATION messages
  SKIP 9b4a13ea2761827cd7a171d2122bb39f: no AGENT and no GENERATION messages
  SKIP 8d7ac45585f1d88a21dc5fc165b9451f: no AGENT and no GENERATION messages
  SKIP 352156dd6aaa2705588d5e07abb479c1: no AGENT and no GENERATION messages
  SKIP 51bfaec157719461730d11b42211c9ec: no AGENT and no GENERATION messages
  SKIP 7eb8d8d58e5026e78016d446c4f1dc6e: no AGENT and no GENERATION messages
  SKIP c319be262cf460c9163ba2148bc2a48b: no AGENT and no GENERATION messages
  SKIP 0b0584c197e141dc994550cbdba80424: no AGENT and no GENERATION messages
  SKIP 0745cebdb33b354acd34acbad7b27aae: no AGENT and no GENERATION messages
  SKIP 6bec6b276737dead1caf81365786b84f: no AGENT and no GENERATION messages
  SKIP 5832e75801356d54070ed6a8799b861b: no AGENT and no GENERATION messages
  SKIP e7e2da93e7271d3d12ba43c097be604b: no AGENT and no GENERATION messages
  SKIP 4cccc54d44f60316f8bdea087bf91f52: no AGENT and no GENERATION messages
  SKIP 5ad361f021b0e6834f1d58e95a3dcf68: no AGENT and no GENERATION messages
  SKIP 84109f908710f0aeea5a6020b221676c: no AGENT and no GENERATION messages
  SKIP 290326a481885cf29e51e583f6ff3dd9: no AGENT and no GENERATION messages
  SKIP bc863bbd2e3487c1cabe4eef9e4be312: no AGENT and no GENERATION messages
  SKIP d1a8378b5ead1e24c2bf97b34a6fb80e: no AGENT and no GENERATION messages
  SKIP b00e9739dcbd8e2706c81f0b13a21a66: no AGENT and no GENERATION messages
  SKIP f4fc5f5e39b4583196b475805f3ba5e5: no AGENT and no GENERATION messages
  SKIP 66c40bf1adef487d032aa9bcbfd6a208: no AGENT and no GENERATION messages
  SKIP 780ee25304660680679f0d3078ee9948: no AGENT and no GENERATION messages
  SKIP 6ebcf32971c591bc78b3311e1fb8a59c: no AGENT and no GENERATION messages
  SKIP f0358fe4ef47280d1c86e41eb418264d: no AGENT and no GENERATION messages
  SKIP d2ec4f9600d058fcf004b59d9b633656: no AGENT and no GENERATION messages
  SKIP 572c5e590f04ca576c2f0f30a18524b8: no AGENT and no GENERATION messages
  SKIP cc98f1d8158e0d0c334718823cdcd6af: no AGENT and no GENERATION messages
  SKIP 32e5879908075c8833b8c1ff9a69a7e7: no AGENT and no GENERATION messages
  SKIP fb88759b853dad8f0741a0907ffee4c4: no AGENT and no GENERATION messages
  SKIP 9123e7fbfe5eb2e00178f559f5da8aef: no AGENT and no GENERATION messages
  SKIP 64d6ef823714b9fb55007142f4ba7448: no AGENT and no GENERATION messages
  SKIP 6f442ca02c24d434e10800de2c642b08: no AGENT and no GENERATION messages
  SKIP 7044ddb53db302997288e7b08e6295dc: no AGENT and no GENERATION messages
  SKIP b3c8558fe01e31fe21581fee96956830: no AGENT and no GENERATION messages
  SKIP ca1a189b393e43d4ce9cffbed750d8ef: no AGENT and no GENERATION messages
  SKIP 4f09730a99a725196e9ba34f58c9bf75: no AGENT and no GENERATION messages
  SKIP 4a0c8452d6f0d9fbd3ef861a04cdb766: no AGENT and no GENERATION messages
  SKIP 5571b20cedeb56375a07a8d986e6d626: no AGENT and no GENERATION messages
  SKIP 8f07f6db111cbf1035831282d23f1d91: no AGENT and no GENERATION messages
  SKIP 82a2c386053bd77259a62bc25cf34252: no AGENT and no GENERATION messages
  SKIP 80f0cd394d173910d7ed72b3edbc8489: no AGENT and no GENERATION messages
  SKIP 613b9071d178c0b71241108963a644e4: no AGENT and no GENERATION messages
  SKIP c94ed7cf9a66b53e2548928519573ebb: no AGENT and no GENERATION messages
  SKIP c6438ba295020f28e7ba911c8b39ef4e: no AGENT and no GENERATION messages
  SKIP 2c0d32d63c49954171de0b65cba876e5: no AGENT and no GENERATION messages
  SKIP c49f55a25d95cf3e1bd21d18c51dae43: no AGENT and no GENERATION messages
  SKIP 6bf293aa520d711f332546bf88539b44: no AGENT and no GENERATION messages
  SKIP ac9caf46a8d9194cc732f62db22685f6: no AGENT and no GENERATION messages
  SKIP 9c52d4c2883b393e5a9bcf888815579c: no AGENT and no GENERATION messages
  SKIP 37d89f7775ef5f96551d69e5d3814be2: no AGENT and no GENERATION messages
  SKIP 23201ffd52647e9f59ca42e8aeaff7e6: no AGENT and no GENERATION messages
  SKIP a910e7ae8ce08aaced089a82a1f1e777: no AGENT and no GENERATION messages
  SKIP d4a7b6be202cceebbe7152e73fafd772: no AGENT and no GENERATION messages
  SKIP f0f2b36c41b337c21f045a2451da17d1: no AGENT and no GENERATION messages
  SKIP 52d321ebfd38b8d982a3fdb48d2398c8: no AGENT and no GENERATION messages
  SKIP 41a3296b3ad9817a6af6bda12a2a5d8c: no AGENT and no GENERATION messages
  SKIP 689d132a8e4308b4d798eae3be5c1a1d: no AGENT and no GENERATION messages
  SKIP d0562931d0ca01430c8409971360ed6f: no AGENT and no GENERATION messages
  SKIP 4853c3388796c33737d942f30122a5d1: no AGENT and no GENERATION messages
  SKIP ba322821da002feda44af39cffedafd9: no AGENT and no GENERATION messages
  SKIP 6e09b26254b87965fada04f0dc7a5d1f: no AGENT and no GENERATION messages
  SKIP 6c3bc0257701ea8d6ad6bffb7b186753: no AGENT and no GENERATION messages
  SKIP e484fb2a505126d3fca12c9b092c9874: no AGENT and no GENERATION messages
  SKIP f4cc97ad998a124fd51b209e7753f02b: no AGENT and no GENERATION messages
  SKIP 12615632497d5bd479d2b12289ee6943: no AGENT and no GENERATION messages
  SKIP 71c3c3474ea8644a906c2a2ad4e36d6b: no AGENT and no GENERATION messages
  SKIP 17e789f7557aa3ecc0eba178eefb1032: no AGENT and no GENERATION messages
  SKIP 481552d93ba345fd3263994f609df28f: no AGENT and no GENERATION messages
  SKIP d9c1680df6f91c2b9daf9661d68be838: no AGENT and no GENERATION messages
  SKIP 0465fdc535aad332376a8cc7b71eaabd: no AGENT and no GENERATION messages
  SKIP 2fc5fabfd01edc19df4800d8db90e51f: no AGENT and no GENERATION messages
  SKIP d1b1bfbacfcdda29f0f5a185335e3ca0: no AGENT and no GENERATION messages
  SKIP 4934c805ccd5be91b4792c3df5a23639: no AGENT and no GENERATION messages
  SKIP b6c1e22c7e785ff996e3c00f5d7c7ebb: no AGENT and no GENERATION messages
  SKIP 7d938ff7b190d4709c4ba8fbafe5428d: no AGENT and no GENERATION messages
  SKIP c015d718412c3eb4206c7d2bb723a370: no AGENT and no GENERATION messages
  SKIP 62851f34a541ce528d536145bc35e1e1: no AGENT and no GENERATION messages
  SKIP 4d029ac0a14574ab84848d6b16f5c5cb: no AGENT and no GENERATION messages
  SKIP e66e7f063c761d08c9c8e2f9de71fb72: no AGENT and no GENERATION messages
  SKIP d36461ae77532f9ee7b1aa7e2aca6ad0: no AGENT and no GENERATION messages
  SKIP c86757de716abd978c4e4d14764ffec7: no AGENT and no GENERATION messages
  SKIP 12084ee17ca66bdd668188353e5d0d3e: no AGENT and no GENERATION messages
  SKIP 6eecf780b3cc48b6caaca532f7c2df1f: no AGENT and no GENERATION messages
  SKIP 173f89c02a49e76f4d6c8b5b64b23cd0: no AGENT and no GENERATION messages
  SKIP d82804a7dc4908dc0db85d82e6282ab7: no AGENT and no GENERATION messages
  SKIP e65caa95405cb96bbf3021eaf37487dd: no AGENT and no GENERATION messages
  SKIP 2c8c7924a24200c9fc4a0564c0903d7f: no AGENT and no GENERATION messages
  SKIP d62af15cb6268ff16870a295401a3709: no AGENT and no GENERATION messages
  SKIP bd08c30335d7e52b621ff768bd19b524: no AGENT and no GENERATION messages
  SKIP 6d99ba1277429cc51b5ff91e7a19d2a5: no AGENT and no GENERATION messages
  SKIP f4ab1585e173c1dd0bba66349c4c5bc4: no AGENT and no GENERATION messages
  SKIP 49e1ef556a81d372d7d8e3ce2f98bd21: no AGENT and no GENERATION messages
  SKIP ae027de850601bddfa75ca4632c25d93: no AGENT and no GENERATION messages
  SKIP 0619169cddea8572baad432e68f5f0ed: no AGENT and no GENERATION messages
  SKIP 9198d96e50182cae5d8edaeafbe8dd52: no AGENT and no GENERATION messages
  SKIP 348cb733d0d30b57621254d5b701a0a1: no AGENT and no GENERATION messages
  SKIP 1051389f4a1952a60e0d415b577342db: no AGENT and no GENERATION messages
  SKIP 1854b438c87d353168a01806e0822356: no AGENT and no GENERATION messages
  SKIP 231cb40889ba211f1fa98b35a94e31e9: no AGENT and no GENERATION messages
  SKIP 6264a87130c9d98813356bc5d2b49a53: no AGENT and no GENERATION messages
  SKIP da14c3abe245a8b4b6b96dd9eb9d0b1b: no AGENT and no GENERATION messages
  SKIP 9a800bc765f3f1954f7eb7561ed3deb3: no AGENT and no GENERATION messages
  SKIP 924b1271fb03d8add199ddacf3fac9d2: no AGENT and no GENERATION messages
  SKIP 6703f6fb2d8bcea31d348d7ff3b6ba22: no AGENT and no GENERATION messages
  SKIP b4cafd308eda892a6f71841a2f102ffe: no AGENT and no GENERATION messages
  SKIP f12683f0ad12cd843b80cd05c215f151: no AGENT and no GENERATION messages
  SKIP a42b76283d592fdda868bfce2b606911: no AGENT and no GENERATION messages
  SKIP 2715edbcd55c69943fb80c630a05a652: no AGENT and no GENERATION messages
  SKIP 10de8957d4510e2f65556cc0108cf8a9: no AGENT and no GENERATION messages
  SKIP 0b255d3f35d44000added905b3855900: no AGENT and no GENERATION messages
  SKIP 97bd34c454e38f01d642a57370fba36c: no AGENT and no GENERATION messages
  SKIP 5c13fa934c2061be50ba348ffe292e9b: no AGENT and no GENERATION messages
  SKIP 7973fefd60d103148ac64add2d380b0d: no AGENT and no GENERATION messages
  SKIP 1e24506e2766336d5e27ea667e9640a4: no AGENT and no GENERATION messages
  SKIP fb4c5856b3fd46d6550d786d6c1661b5: no AGENT and no GENERATION messages
  SKIP d01530b4d6ef635d388f74888315f96e: no AGENT and no GENERATION messages
  SKIP 6827ed645a7fb0928a37dd612572cb8a: no AGENT and no GENERATION messages
  SKIP 0de822f877b99363c4ebb70690e79504: no AGENT and no GENERATION messages
  SKIP 93f74149aa6b8c25700e626128881799: no AGENT and no GENERATION messages
  SKIP 75fb76e098db94f0eda7ac8ed87fe845: no AGENT and no GENERATION messages
  SKIP b8bc98add0cbd759c63d665c4fb69b0a: no AGENT and no GENERATION messages
  SKIP d241fcc26d6f8a5cf05ab3ec4629c8ec: no AGENT and no GENERATION messages
  SKIP 44025cb463ece05daf70cca4d1fa154a: no AGENT and no GENERATION messages
  SKIP 06a8d91d23abbdc3b4c478a38f2331fc: no AGENT and no GENERATION messages
  SKIP f742d72114021b2ede6e6549887fa455: no AGENT and no GENERATION messages
  SKIP 5765a99f62a2a1d86fcd48bb574227f7: no AGENT and no GENERATION messages
  SKIP 848d00587f3dc2d51f3a2199012c3e3a: no AGENT and no GENERATION messages
  SKIP 5cfbc276210b828c5e91442478845592: no AGENT and no GENERATION messages
  SKIP 45a272be0d89dc99bd44f8297b9f0116: no AGENT and no GENERATION messages
  SKIP 253c02a436543e7f4577e924623cebc0: no AGENT and no GENERATION messages
  SKIP ace095c13b926851ed16b10c96f09c89: no AGENT and no GENERATION messages
  SKIP 2643a375d9873231926931775cb63226: no AGENT and no GENERATION messages
  SKIP 1b3044735dddcf19b3d49395d37d7a2b: no AGENT and no GENERATION messages
  SKIP 086a342d711162f8199045bd2eb3c3d9: no AGENT and no GENERATION messages
  SKIP 03c0e56e4940c24db410abf7ff36ace1: no AGENT and no GENERATION messages
  SKIP 4088ab23b9dc4b41fb7afe4ad8b4e182: no AGENT and no GENERATION messages
  SKIP a6f10865c49a80711a3ce35a30cef310: no AGENT and no GENERATION messages
  SKIP 6145db5b1257ae11d62a4fb7fbd79ddd: no AGENT and no GENERATION messages
  SKIP d8bd24b7cea281d2b5fb5f66b7d65e99: no AGENT and no GENERATION messages
  SKIP 878a232f1db6b8646503b14d0e63c546: no AGENT and no GENERATION messages
  SKIP ea8677fd1da8ebb6913e7d48b2ad4833: no AGENT and no GENERATION messages
  SKIP f2709ceae4c78c4e81bfdf3c32206613: no AGENT and no GENERATION messages
  SKIP 28abbd2f66566f59032d8df2b0f3e7ed: no AGENT and no GENERATION messages
  SKIP 929074268665651e3fe5430389e1ae06: no AGENT and no GENERATION messages
  SKIP 707e8c65d55053162044af89e2fb2a4a: no AGENT and no GENERATION messages
  SKIP 2a0857626b23c81e7991cc454f6b0ab6: no AGENT and no GENERATION messages
  SKIP c35ee46b07a424cc687068e148743947: no AGENT and no GENERATION messages
  SKIP 11caf68a3e8553aeb159e3a05de17ebf: no AGENT and no GENERATION messages
  SKIP 2b8d14e04ac5447828559f3fd4b457bb: no AGENT and no GENERATION messages
  SKIP 5631da85b052fea9a0f425aeb69bf785: no AGENT and no GENERATION messages
  SKIP adc62f05637a025365a741c9f235b215: no AGENT and no GENERATION messages
  SKIP 9be5825349168ab010d392bb4408dc65: no AGENT and no GENERATION messages
  SKIP 56a9350ec88e880aade6c59cdf005be7: no AGENT and no GENERATION messages
  SKIP 20a2482ae98cb02d4056f1f8aa697765: no AGENT and no GENERATION messages
  SKIP d47d6729613beb748e107d75335aa0a1: no AGENT and no GENERATION messages
  SKIP a12e98e49b0eefe1a214cdc03d6829ad: no AGENT and no GENERATION messages
  SKIP e506f475ffc1f7c76d51cb516a8bdf0f: no AGENT and no GENERATION messages
  SKIP 042b1de46a7b2254c5a91e67a53a8818: no AGENT and no GENERATION messages
  SKIP 105eb3bbb0ff994abccb8c418af68ada: no AGENT and no GENERATION messages
  SKIP 567550c690d9317fb705a76aa6fa81b7: no AGENT and no GENERATION messages
  SKIP e0b70ec8f91ceadfea0ef94f044ead86: no AGENT and no GENERATION messages
  SKIP ac7632559a5cbae7336cef702968ed51: no AGENT and no GENERATION messages
  SKIP a77949a18525f78d20bd46f0121e9a69: no AGENT and no GENERATION messages
  SKIP 54fa3ac316cb735541c569c293498992: no AGENT and no GENERATION messages
  SKIP 56dcb02a1058bb6f360051e1deab00bd: no AGENT and no GENERATION messages
  SKIP 6f3abe56a559082330affb1cdba02511: no AGENT and no GENERATION messages
  SKIP 0fc3ae271a0f4a00069c891c2b337e54: no AGENT and no GENERATION messages
  SKIP 6c09c2673abf58059193534db11cd8fd: no AGENT and no GENERATION messages
  SKIP 09487e6355a288c48ca8cf63c0d36037: no AGENT and no GENERATION messages
  SKIP e45dcd9ec2d7f1452394153ed5a10881: no AGENT and no GENERATION messages
  SKIP b97973f7d56d600417a5f27923dd8cc3: no AGENT and no GENERATION messages
  SKIP a0fbb45ebd34ac4aa8aa4dffdf85873e: no AGENT and no GENERATION messages

SFT  → /home/yinrong/post-train/impl2.1/round4/data/ws_web.jsonl  (10 samples)
GRPO → /home/yinrong/post-train/impl2.1/round4/data/grpo_web.jsonl (184 samples)
