[1] skill=object-data-query ... OK
[2] skill=line-operation-skill ... OK
[3] skill=分板机过站明细查询 ... SKIP (vague final answer)
[4] skill=general-kpi-query ... OK
[5] skill=object-data-query ... OK
[6] skill=object-data-query ... OK
[7] skill=line-operation-skill ... OK
[8] skill=object-data-query ... OK
[9] skill=line-operation-skill ... OK
[10] skill=object-data-query ... OK
[11] skill=line-operation-skill ... OK
[12] skill=general-kpi-query ... OK
[13] skill=line-operation-skill ... SKIP (vague final answer)
[14] skill=line-operation-skill ... SKIP (vague final answer)
[15] skill=line-operation-skill ... SKIP (vague final answer)
[16] skill=line-operation-skill ... OK
[17] skill=line-operation-skill ... SKIP (vague final answer)
[18] skill=object-data-query ... OK
[19] skill=general-kpi-query ... OK
[20] skill=object-data-query ... OK
[21] skill=object-data-query ... OK
[22] skill=line-operation-skill ... OK
[23] skill=general-kpi-query ... OK
[24] skill=general-kpi-query ... OK
[25] skill=general-kpi-query ... OK
[26] skill=line-attendance-query ... OK
[27] skill=line-attendance-query ... OK
[28] skill=lineside-material-query ... OK
[29] skill=lineside-material-query ... OK
[30] skill=line-attendance-query ... OK
[31] skill=object-data-query ... OK
[32] skill=workstion-kpi-query ... OK
[33] skill=line-operation-skill ... OK
[34] skill=line-operation-skill ... OK
[35] skill=line-operation-skill ... OK
[36] skill=line-attendance-query ... SKIP (vague final answer)
[37] skill=line-operation-skill ... OK
[38] skill=line-attendance-query ... OK
[39] skill=line-exemption-query ... OK
[40] skill=line-attendance-query ... OK
[41] skill=general-kpi-query ... OK
[42] skill=lineside-material-query ... OK
[43] skill=general-kpi-query ... OK
[44] skill=lineside-material-query ... OK
[45] skill=general-kpi-query ... SKIP (vague final answer)
[46] skill=general-kpi-query ... OK
[47] skill=general-kpi-query ... SKIP (vague final answer)
[48] skill=object-data-query ... OK
[49] skill=object-data-query ... OK
[50] skill=general-kpi-query ... SKIP (vague final answer)
[51] skill=general-kpi-query ... OK
[52] skill=lineside-material-query ... OK
[53] skill=object-data-query ... SKIP (vague final answer)
[54] skill=object-data-query ... OK
[55] skill=lineside-material-query ... SKIP (vague final answer)
[56] skill=object-data-query ... OK
[57] skill=equipment-cpk-query ... OK
[58] skill=object-data-query ... OK
[59] skill=object-data-query ... SKIP (vague final answer)
[60] skill=general-kpi-query ... OK
[61] skill=object-data-query ... OK
[62] skill=general-kpi-query ... OK
[63] skill=equipment-cpk-query ... SKIP (vague final answer)
[64] skill=object-data-query ... OK
[65] skill=分板机过站明细查询 ... SKIP (vague final answer)
[66] skill=分板机过站明细查询 ... OK
[67] skill=分板机过站明细查询 ... OK
[68] skill=general-kpi-query ... OK
[69] skill=object-data-query ... OK
[70] skill=object-data-query ... SKIP (vague final answer)
[71] skill=general-kpi-query ... SKIP (vague final answer)
[72] skill=general-kpi-query ... OK
[73] skill=general-kpi-query ... OK
[74] skill=lineside-material-query ... OK
[75] skill=lineside-material-query ... 