[1/40] skill=line-operation-skill q=查询S03线今天的综合运营情况... OK
[2/40] skill=line-operation-skill q=S04线昨晚夜班运营情况怎么样... OK
[3/40] skill=line-operation-skill q=出一份S04线2026-05-12的运营报告... OK
[4/40] skill=line-operation-skill q=S05线昨晚夜班运营情况怎么样... OK
[5/40] skill=line-operation-skill q=S05线昨晚夜班运营情况怎么样... OK
[6/40] skill=line-operation-skill q=查询S03线今天的综合运营情况... OK
[7/40] skill=line-operation-skill q=查询S03线今天的综合运营情况... OK
[8/40] skill=line-operation-skill q=S05线昨晚夜班运营情况怎么样... OK
[9/40] skill=line-operation-skill q=查询S03线今天的综合运营情况... OK
[10/40] skill=line-operation-skill q=S04线2026-05-06各项指标汇总... OK
[11/40] skill=line-operation-skill q=查询S04线今天的综合运营情况... OK
[12/40] skill=line-operation-skill q=S03线昨晚夜班运营情况怎么样... OK
[13/40] skill=line-operation-skill q=查询S05线今天的综合运营情况... OK
[14/40] skill=line-operation-skill q=出一份S03线2026-05-19的运营报告... OK
[15/40] skill=line-operation-skill q=S04线昨晚夜班运营情况怎么样... OK
[16/40] skill=line-operation-skill q=出一份S03线2026-05-14的运营报告... OK
[17/40] skill=line-operation-skill q=S05线昨晚夜班运营情况怎么样... OK
[18/40] skill=line-operation-skill q=出一份S04线2026-05-18的运营报告... OK
[19/40] skill=line-operation-skill q=S05线昨晚夜班运营情况怎么样... OK
[20/40] skill=line-operation-skill q=查询S03线今天的综合运营情况... OK
[21/40] skill=line-operation-skill q=出一份S03线2026-05-05的运营报告... OK
[22/40] skill=line-operation-skill q=S04线2026-05-12各项指标汇总... OK
[23/40] skill=line-operation-skill q=S03线今天白班各项指标汇总... OK
[24/40] skill=line-operation-skill q=S03线2026-05-08各项指标汇总... OK
[25/40] skill=line-operation-skill q=查询S04线今天的综合运营情况... OK
[26/40] skill=line-operation-skill q=S05线昨晚夜班运营情况怎么样... OK
[27/40] skill=line-operation-skill q=S05线昨天各项指标汇总... OK
[28/40] skill=line-operation-skill q=查询S03线今天的综合运营情况... OK
[29/40] skill=line-operation-skill q=出一份S04线2026-05-06的运营报告... OK
[30/40] skill=line-operation-skill q=S03线2026-05-19各项指标汇总... OK
[31/40] skill=line-operation-skill q=S05线2026-05-14各项指标汇总... OK
[32/40] skill=line-operation-skill q=S03线2026-05-07各项指标汇总... OK
[33/40] skill=line-operation-skill q=S03线昨晚夜班运营情况怎么样... OK
[34/40] skill=line-operation-skill q=S03线昨晚夜班各项指标汇总... OK
[35/40] skill=line-operation-skill q=出一份S03线2026-05-16的运营报告... OK
[36/40] skill=line-operation-skill q=S05线昨晚夜班运营情况怎么样... OK
[37/40] skill=line-operation-skill q=出一份S03线2026-05-14的运营报告... OK
[38/40] skill=line-operation-skill q=S05线2026-05-15各项指标汇总... OK
[39/40] skill=line-operation-skill q=S03线2026-05-18各项指标汇总... OK
[40/40] skill=line-operation-skill q=S05线昨晚夜班运营情况怎么样... OK

Generated 40 valid samples → data/gen_line-operation-skill.jsonl
