[1/60] skill=general-kpi-query q=S05线2026-05-05良率数据... OK
[2/60] skill=general-kpi-query q=S04线2026-05-19的产出达成情况... OK
[3/60] skill=general-kpi-query q=S05线今天的UPH... OK
[4/60] skill=general-kpi-query q=S05线今天的UPH... OK
[5/60] skill=general-kpi-query q=S03线今天白班的抛料率... OK
[6/60] skill=general-kpi-query q=S03线今天的UPH... OK
[7/60] skill=general-kpi-query q=S04线2026-05-08的产出达成情况... OK
[8/60] skill=general-kpi-query q=查一下2026-05-18S03线的OEE... OK
[9/60] skill=general-kpi-query q=查一下2026-05-12S04线的OEE... OK
[10/60] skill=general-kpi-query q=S05线今天白班的抛料率... OK
[11/60] skill=general-kpi-query q=S03线今天的UPH... OK
[12/60] skill=general-kpi-query q=查一下2026-05-18S04线的OEE... OK
[13/60] skill=general-kpi-query q=S05线2026-05-13的产出达成情况... OK
[14/60] skill=general-kpi-query q=S05线今天的UPH... OK
[15/60] skill=general-kpi-query q=S03线今天的UPH... OK
[16/60] skill=general-kpi-query q=S05线今天的UPH... OK
[17/60] skill=general-kpi-query q=S03线今天的UPH... OK
[18/60] skill=general-kpi-query q=查一下2026-05-18S05线的OEE... OK
[19/60] skill=general-kpi-query q=查一下昨晚夜班S04线的OEE... OK
[20/60] skill=general-kpi-query q=S04线2026-05-05良率数据... OK
[21/60] skill=general-kpi-query q=S03线今天的产出达成情况... OK
[22/60] skill=general-kpi-query q=S05线今天白班的抛料率... OK
[23/60] skill=general-kpi-query q=S04线今天的UPH... OK
[24/60] skill=general-kpi-query q=S04线今天白班的抛料率... OK
[25/60] skill=general-kpi-query q=S05线2026-05-02良率数据... OK
[26/60] skill=general-kpi-query q=查一下2026-05-15S03线的OEE... OK
[27/60] skill=general-kpi-query q=S03线2026-05-06的产出达成情况... OK
[28/60] skill=general-kpi-query q=S04线2026-05-02的产出达成情况... OK
[29/60] skill=general-kpi-query q=S04线今天的UPH... OK
[30/60] skill=general-kpi-query q=S03线今天白班良率数据... OK
[31/60] skill=general-kpi-query q=S04线今天白班的抛料率... OK
[32/60] skill=general-kpi-query q=S05线今天白班的抛料率... OK
[33/60] skill=general-kpi-query q=S04线2026-05-16良率数据... OK
[34/60] skill=general-kpi-query q=S05线今天白班的抛料率... OK
[35/60] skill=general-kpi-query q=S04线今天的UPH... OK
[36/60] skill=general-kpi-query q=S03线今天的UPH... OK
[37/60] skill=general-kpi-query q=S04线今天的UPH... OK
[38/60] skill=general-kpi-query q=S04线2026-05-03的产出达成情况... OK
[39/60] skill=general-kpi-query q=查一下2026-05-11S05线的OEE... OK
[40/60] skill=general-kpi-query q=查一下昨晚夜班S05线的OEE... OK
[41/60] skill=general-kpi-query q=S05线今天白班的抛料率... OK
[42/60] skill=general-kpi-query q=查一下今天白班S03线的OEE... OK
[43/60] skill=general-kpi-query q=查一下2026-05-02S03线的OEE... OK
[44/60] skill=general-kpi-query q=查一下昨晚夜班S03线的OEE... OK
[45/60] skill=general-kpi-query q=S03线今天的UPH... OK
[46/60] skill=general-kpi-query q=S05线今天的UPH... OK
[47/60] skill=general-kpi-query q=查一下2026-05-01S04线的OEE... OK
[48/60] skill=general-kpi-query q=S05线今天的UPH... OK
[49/60] skill=general-kpi-query q=S05线今天的UPH... OK
[50/60] skill=general-kpi-query q=S05线今天白班的抛料率... OK
[51/60] skill=general-kpi-query q=S05线2026-05-14的产出达成情况... OK
[52/60] skill=general-kpi-query q=查一下2026-05-12S03线的OEE... OK
[53/60] skill=general-kpi-query q=S03线今天白班的抛料率... OK
[54/60] skill=general-kpi-query q=查一下2026-05-02S04线的OEE... OK
[55/60] skill=general-kpi-query q=S05线2026-05-13良率数据... OK
[56/60] skill=general-kpi-query q=查一下2026-05-06S03线的OEE... OK
[57/60] skill=general-kpi-query q=查一下2026-05-16S03线的OEE... OK
[58/60] skill=general-kpi-query q=S05线今天白班的抛料率... OK
[59/60] skill=general-kpi-query q=S05线今天的UPH... OK
[60/60] skill=general-kpi-query q=S05线今天白班的抛料率... OK

Generated 60 valid samples → data/gen_general-kpi-query.jsonl
