[1/30] skill=object-data-query q=查一下S04线绑定了哪些指标模型... OK
[2/30] skill=object-data-query q=查询S03线的线体实体信息... OK
[3/30] skill=object-data-query q=S03线今天的排产... OK
[4/30] skill=object-data-query q=S04线当前在产项目... OK
[5/30] skill=object-data-query q=S05线当前在产项目... OK
[6/30] skill=object-data-query q=S05线当前在产项目... OK
[7/30] skill=object-data-query q=S04线当前在产项目... OK
[8/30] skill=object-data-query q=查询S05线的线体实体信息... OK
[9/30] skill=object-data-query q=S05线当前在产项目... OK
[10/30] skill=object-data-query q=S04线当前在产项目... OK
[11/30] skill=object-data-query q=查一下S05线绑定了哪些指标模型... OK
[12/30] skill=object-data-query q=查询S04线的线体实体信息... OK
[13/30] skill=object-data-query q=S04线当前在产项目... OK
[14/30] skill=object-data-query q=S03线今天的排产... OK
[15/30] skill=object-data-query q=查询S05线的线体实体信息... OK
[16/30] skill=object-data-query q=查询S04线的线体实体信息... OK
[17/30] skill=object-data-query q=查一下S03线绑定了哪些指标模型... OK
[18/30] skill=object-data-query q=S03线当前在产项目... OK
[19/30] skill=object-data-query q=S05线今天的排产... OK
[20/30] skill=object-data-query q=S04线今天的排产... OK
[21/30] skill=object-data-query q=查询S05线的线体实体信息... OK
[22/30] skill=object-data-query q=S04线当前在产项目... OK
[23/30] skill=object-data-query q=查一下S05线绑定了哪些指标模型... OK
[24/30] skill=object-data-query q=查一下S03线绑定了哪些指标模型... OK
[25/30] skill=object-data-query q=S05线当前在产项目... OK
[26/30] skill=object-data-query q=查询S05线的线体实体信息... OK
[27/30] skill=object-data-query q=S05线今天的排产... OK
[28/30] skill=object-data-query q=S04线当前在产项目... OK
[29/30] skill=object-data-query q=查一下S04线绑定了哪些指标模型... OK
[30/30] skill=object-data-query q=查询S05线的线体实体信息... OK

Generated 30 valid samples → data/gen_object-data-query.jsonl
