[1/30] skill=equipment-cpk-query q=看下2026-05-08回焊炉的CPK... OK
[2/30] skill=equipment-cpk-query q=S05线印刷机2026-05-18的CP和CPK... OK
[3/30] skill=equipment-cpk-query q=看下2026-05-06回焊炉的CPK... OK
[4/30] skill=equipment-cpk-query q=S05线印刷机2026-05-14的CP和CPK... OK
[5/30] skill=equipment-cpk-query q=S04线印刷机2026-05-01的CP和CPK... OK
[6/30] skill=equipment-cpk-query q=查一下印刷机的CPK... OK
[7/30] skill=equipment-cpk-query q=看下2026-05-18回焊炉的CPK... OK
[8/30] skill=equipment-cpk-query q=昨天AOI的SPC数据... OK
[9/30] skill=equipment-cpk-query q=S04线回焊炉今天的炉温CPK... OK
[10/30] skill=equipment-cpk-query q=S03线印刷机2026-05-04的CP和CPK... OK
[11/30] skill=equipment-cpk-query q=查一下印刷机的CPK... OK
[12/30] skill=equipment-cpk-query q=看下2026-05-11回焊炉的CPK... OK
[13/30] skill=equipment-cpk-query q=S03线印刷机2026-05-07的CP和CPK... OK
[14/30] skill=equipment-cpk-query q=S05线印刷机2026-05-15的CP和CPK... OK
[15/30] skill=equipment-cpk-query q=看下2026-05-02回焊炉的CPK... OK
[16/30] skill=equipment-cpk-query q=S04线回焊炉今天的炉温CPK... OK
[17/30] skill=equipment-cpk-query q=S04线回焊炉今天的炉温CPK... OK
[18/30] skill=equipment-cpk-query q=S04线印刷机今天白班的CP和CPK... OK
[19/30] skill=equipment-cpk-query q=查一下印刷机的CPK... OK
[20/30] skill=equipment-cpk-query q=昨天AOI的SPC数据... OK
[21/30] skill=equipment-cpk-query q=查一下印刷机的CPK... OK
[22/30] skill=equipment-cpk-query q=昨天AOI的SPC数据... OK
[23/30] skill=equipment-cpk-query q=查一下印刷机的CPK... OK
[24/30] skill=equipment-cpk-query q=看下今天白班回焊炉的CPK... OK
[25/30] skill=equipment-cpk-query q=昨天AOI的SPC数据... OK
[26/30] skill=equipment-cpk-query q=昨天AOI的SPC数据... OK
[27/30] skill=equipment-cpk-query q=查一下印刷机的CPK... OK
[28/30] skill=equipment-cpk-query q=S04线回焊炉今天的炉温CPK... OK
[29/30] skill=equipment-cpk-query q=昨天AOI的SPC数据... OK
[30/30] skill=equipment-cpk-query q=查一下印刷机的CPK... OK

Generated 30 valid samples → data/gen_equipment-cpk-query.jsonl
