
──────────────────────────────────────────────────
[expanded_ns_v5] 目标=300，最大尝试=1500，并发=6
  ✓ [1/300] 通过（尝试3）
  ✓ [2/300] 通过（尝试15）
  ✓ [3/300] 通过（尝试16）
  ✓ [4/300] 通过（尝试17）
  ✓ [5/300] 通过（尝试18）
  ✓ [6/300] 通过（尝试19）
  ✓ [7/300] 通过（尝试24）
  ✓ [8/300] 通过（尝试25）
  ✓ [9/300] 通过（尝试27）  ✓ [10/300] 通过（尝试37）
   ✓ [11/300] 通过（尝试31）
 ✓ [12/300] 通过（尝试42）
  ✓ [13/300] 通过（尝试46）
  ✓ [14/300] 通过（尝试47）
  ✓ [15/300] 通过（尝试50）
  ✓ [16/300] 通过（尝试51）
  ✓ [17/300] 通过（尝试52）
  ✓ [18/300] 通过（尝试54）
  ✓ [19/300] 通过（尝试56）
  ✓ [20/300] 通过（尝试57）
  ✓ [21/300] 通过（尝试58）
  ✓ [22/300] 通过（尝试61）
  ✓ [23/300] 通过（尝试62）
  ✓ [24/300] 通过（尝试63）
  ✓ [25/300] 通过（尝试65）
  ✓ [26/300] 通过（尝试66）
  ✓ [27/300] 通过（尝试67）
  ✓ [28/300] 通过（尝试69）
  ✓ [29/300] 通过（尝试70）
  ✓ [30/300] 通过（尝试72）
  ✓ [31/300] 通过（尝试74）
  ✓ [32/300] 通过（尝试76）
  ✓ [33/300] 通过（尝试78）
  ✓ [34/300] 通过（尝试79）
  ✓ [35/300] 通过（尝试83）
  ✓ [36/300] 通过（尝试84）
  ✓ [37/300] 通过（尝试86）
  ✓ [38/300] 通过（尝试87）
  ✓ [39/300] 通过（尝试88）
  ✓ [40/300] 通过（尝试90）
  ✓ [41/300] 通过（尝试91）
  ✓ [42/300] 通过（尝试93）
  ✓ [43/300] 通过（尝试95）
  ✓ [44/300] 通过（尝试99）
  ✓ [45/300] 通过（尝试105）
  ✓ [46/300] 通过（尝试108）
  ✓ [47/300] 通过（尝试112）
  ✓ [48/300] 通过（尝试116）
  ✓ [49/300] 通过（尝试117）
  ✓ [50/300] 通过（尝试122）
  ✓ [51/300] 通过（尝试123）
  ✓ [52/300] 通过（尝试125）
  ✓ [53/300] 通过（尝试126）
  ✓ [54/300] 通过（尝试127）
  ✓ [55/300] 通过（尝试128）
  ✓ [56/300] 通过（尝试130）
  ✓ [57/300] 通过（尝试137）
  ✓ [58/300] 通过（尝试138）
  ✓ [59/300] 通过（尝试139）
  ✓ [60/300] 通过（尝试141）
  ✓ [61/300] 通过（尝试145）
  ✓ [62/300] 通过（尝试151）
  ✓ [63/300] 通过（尝试152）
  ✓ [64/300] 通过（尝试155）
  ✓ [65/300] 通过（尝试158）
  ✓ [66/300] 通过（尝试160）
  ✓ [67/300] 通过（尝试161）
  ✓ [68/300] 通过（尝试162）
  ✓ [69/300] 通过（尝试163）
  ✓ [70/300] 通过（尝试165）
  ✓ [71/300] 通过（尝试166）
  ✓ [72/300] 通过（尝试170）
  ✓ [73/300] 通过（尝试172）
  ✓ [74/300] 通过（尝试173）
  ✓ [75/300] 通过（尝试174）
  ✓ [76/300] 通过（尝试176）
  ✓ [77/300] 通过（尝试177）
  ✓ [78/300] 通过（尝试178）
  ✓ [79/300] 通过（尝试179）
  ✓ [80/300] 通过（尝试183）
  ✓ [81/300] 通过（尝试184）
  ✓ [82/300] 通过（尝试185）
  ✓ [83/300] 通过（尝试186）
  ✓ [84/300] 通过（尝试189）
  ✓ [85/300] 通过（尝试191）
  ✓ [86/300] 通过（尝试192）
  ✓ [87/300] 通过（尝试195）
  ✓ [88/300] 通过（尝试196）
  ✓ [89/300] 通过（尝试198）
  ✓ [90/300] 通过（尝试200）
  ✓ [91/300] 通过（尝试205）
  ✓ [92/300] 通过（尝试207）
  ✓ [93/300] 通过（尝试208）
  ✓ [94/300] 通过（尝试209）
  ✓ [95/300] 通过（尝试212）
  ✓ [96/300] 通过（尝试213）
  ✓ [97/300] 通过（尝试215）
  ✓ [98/300] 通过（尝试216）
  ✓ [99/300] 通过（尝试217）
  ✓ [100/300] 通过（尝试220）
  ✓ [101/300] 通过（尝试222）
  ✓ [102/300] 通过（尝试224）
  ✓ [103/300] 通过（尝试225）
  ✓ [104/300] 通过（尝试227）
  ✓ [105/300] 通过（尝试231）
  ✓ [106/300] 通过（尝试232）
  ✓ [107/300] 通过（尝试233）
  ✓ [108/300] 通过（尝试239）
  ✓ [109/300] 通过（尝试240）
  ✓ [110/300] 通过（尝试242）
  ✓ [111/300] 通过（尝试243）
  ✓ [112/300] 通过（尝试245）
  ✓ [113/300] 通过（尝试247）
  ✓ [114/300] 通过（尝试249）
  ✓ [115/300] 通过（尝试250）
  ✓ [116/300] 通过（尝试252）
  ✓ [117/300] 通过（尝试255）
  ✓ [118/300] 通过（尝试256）
  ✓ [119/300] 通过（尝试257）
  ✓ [120/300] 通过（尝试259）
  ✓ [121/300] 通过（尝试261）
  ✓ [122/300] 通过（尝试262）
  ✓ [123/300] 通过（尝试263）
  ✓ [124/300] 通过（尝试264）
  ✓ [125/300] 通过（尝试266）
  ✓ [126/300] 通过（尝试269）
  ✓ [127/300] 通过（尝试274）
  ✓ [128/300] 通过（尝试275）
  ✓ [129/300] 通过（尝试276）
  ✓ [130/300] 通过（尝试279）
  ✓ [131/300] 通过（尝试280）
  ✓ [132/300] 通过（尝试282）
  ✓ [133/300] 通过（尝试283）
  ✓ [134/300] 通过（尝试285）
  ✓ [135/300] 通过（尝试287）
  ✓ [136/300] 通过（尝试294）
  ✓ [137/300] 通过（尝试296）
  ✓ [138/300] 通过（尝试299）
  ✓ [139/300] 通过（尝试302）
  ✓ [140/300] 通过（尝试304）
  ✓ [141/300] 通过（尝试305）
  ✓ [142/300] 通过（尝试310）
  ✓ [143/300] 通过（尝试313）
  ✓ [144/300] 通过（尝试315）
  ✓ [145/300] 通过（尝试316）
  ✓ [146/300] 通过（尝试317）
  ✓ [147/300] 通过（尝试318）
  ✓ [148/300] 通过（尝试320）
  ✓ [149/300] 通过（尝试321）
  ✓ [150/300] 通过（尝试322）
  ✓ [151/300] 通过（尝试324）
  ✓ [152/300] 通过（尝试325）
  ✓ [153/300] 通过（尝试326）
  ✓ [154/300] 通过（尝试327）
  ✓ [155/300] 通过（尝试330）
  ✓ [156/300] 通过（尝试331）
  ✓ [157/300] 通过（尝试332）
  ✓ [158/300] 通过（尝试333）
  ✓ [159/300] 通过（尝试338）
  ✓ [160/300] 通过（尝试341）
  ✓ [161/300] 通过（尝试342）
  ✓ [162/300] 通过（尝试343）
  ✓ [163/300] 通过（尝试347）
  ✓ [164/300] 通过（尝试348）
  ✓ [165/300] 通过（尝试349）
  ✓ [166/300] 通过（尝试351）
  ✓ [167/300] 通过（尝试352）
  ✓ [168/300] 通过（尝试353）
  ✓ [169/300] 通过（尝试358）
  ✓ [170/300] 通过（尝试359）
  ✓ [171/300] 通过（尝试360）
  ✓ [172/300] 通过（尝试364）
  ✓ [173/300] 通过（尝试366）
  ✓ [174/300] 通过（尝试367）
  ✓ [175/300] 通过（尝试370）
  ✓ [176/300] 通过（尝试376）
  ✓ [177/300] 通过（尝试377）
  ✓ [178/300] 通过（尝试378）
  ✓ [179/300] 通过（尝试382）
  ✓ [180/300] 通过（尝试384）
  ✓ [181/300] 通过（尝试385）
  ✓ [182/300] 通过（尝试387）
  ✓ [183/300] 通过（尝试389）
  ✓ [184/300] 通过（尝试390）
  ✓ [185/300] 通过（尝试394）
  ✓ [186/300] 通过（尝试396）
  ✓ [187/300] 通过（尝试397）
  ✓ [188/300] 通过（尝试398）
  ✓ [189/300] 通过（尝试400）
  ✓ [190/300] 通过（尝试401）
  ✓ [191/300] 通过（尝试402）
  ✓ [192/300] 通过（尝试403）
  ✓ [193/300] 通过（尝试404）
  ✓ [194/300] 通过（尝试405）
  ✓ [195/300] 通过（尝试406）
  ✓ [196/300] 通过（尝试407）
  ✓ [197/300] 通过（尝试410）
  ✓ [198/300] 通过（尝试412）
  ✓ [199/300] 通过（尝试413）
  ✓ [200/300] 通过（尝试416）
  ✓ [201/300] 通过（尝试417）
  ✓ [202/300] 通过（尝试418）
  ✓ [203/300] 通过（尝试420）
  ✓ [204/300] 通过（尝试421）
  ✓ [205/300] 通过（尝试423）
  ✓ [206/300] 通过（尝试424）
  ✓ [207/300] 通过（尝试426）
  ✓ [208/300] 通过（尝试430）
  ✓ [209/300] 通过（尝试435）
  ✓ [210/300] 通过（尝试436）
  ✓ [211/300] 通过（尝试437）
  ✓ [212/300] 通过（尝试441）
  ✓ [213/300] 通过（尝试449）
  ✓ [214/300] 通过（尝试451）
  ✓ [215/300] 通过（尝试452）
  ✓ [216/300] 通过（尝试454）
  ✓ [217/300] 通过（尝试455）
  ✓ [218/300] 通过（尝试456）
  ✓ [219/300] 通过（尝试462）
  ✓ [220/300] 通过（尝试463）
  ✓ [221/300] 通过（尝试464）
  ✓ [222/300] 通过（尝试465）
  ✓ [223/300] 通过（尝试466）
  ✓ [224/300] 通过（尝试467）
  ✓ [225/300] 通过（尝试468）
  ✓ [226/300] 通过（尝试471）
  ✓ [227/300] 通过（尝试472）
  ✓ [228/300] 通过（尝试481）
  ✓ [229/300] 通过（尝试486）
  ✓ [230/300] 通过（尝试487）
  ✓ [231/300] 通过（尝试489）
  ✓ [232/300] 通过（尝试492）
  ✓ [233/300] 通过（尝试494）
  ✓ [234/300] 通过（尝试497）
  ✓ [235/300] 通过（尝试503）
  ✓ [236/300] 通过（尝试510）
  ✓ [237/300] 通过（尝试511）
  ✓ [238/300] 通过（尝试512）
  ✓ [239/300] 通过（尝试514）
  ✓ [240/300] 通过（尝试515）
  ✓ [241/300] 通过（尝试517）
  ✓ [242/300] 通过（尝试518）
  ✓ [243/300] 通过（尝试521）
  ✓ [244/300] 通过（尝试523）
  ✓ [245/300] 通过（尝试524）
  ✓ [246/300] 通过（尝试526）
  ✓ [247/300] 通过（尝试527）
  ✓ [248/300] 通过（尝试528）
  ✓ [249/300] 通过（尝试531）
  ✓ [250/300] 通过（尝试533）
  ✓ [251/300] 通过（尝试536）
  ✓ [252/300] 通过（尝试537）
  ✓ [253/300] 通过（尝试538）
  ✓ [254/300] 通过（尝试540）
  ✓ [255/300] 通过（尝试541）
  ✓ [256/300] 通过（尝试543）
  ✓ [257/300] 通过（尝试544）
  ✓ [258/300] 通过（尝试546）
  ✓ [259/300] 通过（尝试548）
  ✓ [260/300] 通过（尝试549）
  ✓ [261/300] 通过（尝试552）
  ✓ [262/300] 通过（尝试554）
  ✓ [263/300] 通过（尝试557）
  ✓ [264/300] 通过（尝试558）
  ✓ [265/300] 通过（尝试561）
  ✓ [266/300] 通过（尝试562）
  ✓ [267/300] 通过（尝试563）
  ✓ [268/300] 通过（尝试564）
  ✓ [269/300] 通过（尝试569）
  ✓ [270/300] 通过（尝试572）
  ✓ [271/300] 通过（尝试576）
  ✓ [272/300] 通过（尝试583）
  ✓ [273/300] 通过（尝试585）
  ✓ [274/300] 通过（尝试589）
  ✓ [275/300] 通过（尝试590）
  ✓ [276/300] 通过（尝试593）
  ✓ [277/300] 通过（尝试597）
  ✓ [278/300] 通过（尝试598）
  ✓ [279/300] 通过（尝试602）
  ✓ [280/300] 通过（尝试603）
  ✓ [281/300] 通过（尝试604）
  ✓ [282/300] 通过（尝试605）
  ✓ [283/300] 通过（尝试606）
  ✓ [284/300] 通过（尝试608）
  ✓ [285/300] 通过（尝试610）
  ✓ [286/300] 通过（尝试612）
  ✓ [287/300] 通过（尝试613）
  ✓ [288/300] 通过（尝试614）
  ✓ [289/300] 通过（尝试615）
  ✓ [290/300] 通过（尝试618）
  ✓ [291/300] 通过（尝试620）
  ✓ [292/300] 通过（尝试622）
  ✓ [293/300] 通过（尝试623）
  ✓ [294/300] 通过（尝试627）
  ✓ [295/300] 通过（尝试628）
  ✓ [296/300] 通过（尝试629）
  ✓ [297/300] 通过（尝试630）
  ✓ [298/300] 通过（尝试632）
  ✓ [299/300] 通过（尝试633）
  ✓ [300/300] 通过（尝试635）
[expanded_ns_v5] 完成：300/300

✓ 输出：/home/yinrong/post-train/impl2.1/round3/data/ns_v5.jsonl（300 条）
