
──────────────────────────────────────────────────
[expanded_ns_v5] 目标=200，最大尝试=1000，并发=4
  ✓ [1/200] 通过（尝试6）
  ✓ [2/200] 通过（尝试7）
  ✓ [3/200] 通过（尝试10）
  ✓ [4/200] 通过（尝试12）
  ✓ [5/200] 通过（尝试13）
  ✓ [6/200] 通过（尝试17）
  ✓ [7/200] 通过（尝试21）
  ✓ [8/200] 通过（尝试22）
  ✓ [9/200] 通过（尝试23）
  ✓ [10/200] 通过（尝试24）
  ✓ [11/200] 通过（尝试26）
  ✓ [12/200] 通过（尝试27）
  ✓ [13/200] 通过（尝试28）
  ✓ [14/200] 通过（尝试29）
  ✓ [15/200] 通过（尝试30）
  ✓ [16/200] 通过（尝试33）
  ✓ [17/200] 通过（尝试34）
  ✓ [18/200] 通过（尝试36）
  ✓ [19/200] 通过（尝试37）
  ✓ [20/200] 通过（尝试40）
  ✓ [21/200] 通过（尝试41）
  ✓ [22/200] 通过（尝试44）
  ✓ [23/200] 通过（尝试47）
  ✓ [24/200] 通过（尝试50）
  ✓ [25/200] 通过（尝试51）
  ✓ [26/200] 通过（尝试54）
  ✓ [27/200] 通过（尝试55）
  ✓ [28/200] 通过（尝试57）
  ✓ [29/200] 通过（尝试58）
  ✓ [30/200] 通过（尝试60）
  ✓ [31/200] 通过（尝试64）
  ✓ [32/200] 通过（尝试68）
  ✓ [33/200] 通过（尝试69）
  ✓ [34/200] 通过（尝试70）
  ✓ [35/200] 通过（尝试72）
  ✓ [36/200] 通过（尝试73）
  ✓ [37/200] 通过（尝试75）
  ✓ [38/200] 通过（尝试77）
  ✓ [39/200] 通过（尝试80）
  ✓ [40/200] 通过（尝试82）
  ✓ [41/200] 通过（尝试84）
  ✓ [42/200] 通过（尝试85）
  ✓ [43/200] 通过（尝试87）
  ✓ [44/200] 通过（尝试88）
  ✓ [45/200] 通过（尝试89）
  ✓ [46/200] 通过（尝试90）
  ✓ [47/200] 通过（尝试92）
  ✓ [48/200] 通过（尝试94）
  ✓ [49/200] 通过（尝试95）
  ✓ [50/200] 通过（尝试97）
  ✓ [51/200] 通过（尝试98）
  ✓ [52/200] 通过（尝试99）
  ✓ [53/200] 通过（尝试100）
  ✓ [54/200] 通过（尝试103）
  ✓ [55/200] 通过（尝试106）
  ✓ [56/200] 通过（尝试107）
  ✓ [57/200] 通过（尝试109）
  ✓ [58/200] 通过（尝试110）
  ✓ [59/200] 通过（尝试112）
  ✓ [60/200] 通过（尝试113）
  ✓ [61/200] 通过（尝试114）
  ✓ [62/200] 通过（尝试118）
  ✓ [63/200] 通过（尝试119）
  ✓ [64/200] 通过（尝试122）
  ✓ [65/200] 通过（尝试123）
  ✓ [66/200] 通过（尝试124）
  ✓ [67/200] 通过（尝试128）
  ✓ [68/200] 通过（尝试131）
  ✓ [69/200] 通过（尝试132）
  ✓ [70/200] 通过（尝试133）
  ✓ [71/200] 通过（尝试134）
  ✓ [72/200] 通过（尝试135）
  ✓ [73/200] 通过（尝试136）
  ✓ [74/200] 通过（尝试139）
  ✓ [75/200] 通过（尝试140）
  ✓ [76/200] 通过（尝试142）
  ✓ [77/200] 通过（尝试144）
  ✓ [78/200] 通过（尝试145）
  ✓ [79/200] 通过（尝试146）
  ✓ [80/200] 通过（尝试148）
  ✓ [81/200] 通过（尝试149）
  ✓ [82/200] 通过（尝试150）
  ✓ [83/200] 通过（尝试151）
  ✓ [84/200] 通过（尝试153）
  ✓ [85/200] 通过（尝试154）
  ✓ [86/200] 通过（尝试155）
  ✓ [87/200] 通过（尝试156）
  ✓ [88/200] 通过（尝试158）
  ✓ [89/200] 通过（尝试159）
  ✓ [90/200] 通过（尝试160）
  ✓ [91/200] 通过（尝试161）
  ✓ [92/200] 通过（尝试162）
  ✓ [93/200] 通过（尝试163）
  ✓ [94/200] 通过（尝试164）
  ✓ [95/200] 通过（尝试167）
  ✓ [96/200] 通过（尝试169）
  ✓ [97/200] 通过（尝试170）
  ✓ [98/200] 通过（尝试171）
  ✓ [99/200] 通过（尝试172）
  ✓ [100/200] 通过（尝试173）
  ✓ [101/200] 通过（尝试174）
  ✓ [102/200] 通过（尝试177）
  ✓ [103/200] 通过（尝试178）
  ✓ [104/200] 通过（尝试180）
  ✓ [105/200] 通过（尝试182）
  ✓ [106/200] 通过（尝试183）
  ✓ [107/200] 通过（尝试184）
  ✓ [108/200] 通过（尝试185）
  ✓ [109/200] 通过（尝试186）
  ✓ [110/200] 通过（尝试189）
  ✓ [111/200] 通过（尝试190）
  ✓ [112/200] 通过（尝试192）
  ✓ [113/200] 通过（尝试193）
  ✓ [114/200] 通过（尝试194）
  ✓ [115/200] 通过（尝试195）
  ✓ [116/200] 通过（尝试197）
  ✓ [117/200] 通过（尝试198）
  ✓ [118/200] 通过（尝试199）
  ✓ [119/200] 通过（尝试204）
  ✓ [120/200] 通过（尝试207）
  ✓ [121/200] 通过（尝试208）
  ✓ [122/200] 通过（尝试209）
  ✓ [123/200] 通过（尝试210）
  ✓ [124/200] 通过（尝试211）
  ✓ [125/200] 通过（尝试213）
  ✓ [126/200] 通过（尝试214）
  ✓ [127/200] 通过（尝试218）
  ✓ [128/200] 通过（尝试219）
  ✓ [129/200] 通过（尝试220）
  ✓ [130/200] 通过（尝试224）
  ✓ [131/200] 通过（尝试226）
  ✓ [132/200] 通过（尝试227）
  ✓ [133/200] 通过（尝试228）
  ✓ [134/200] 通过（尝试232）
  ✓ [135/200] 通过（尝试236）
  ✓ [136/200] 通过（尝试240）
  ✓ [137/200] 通过（尝试242）
  ✓ [138/200] 通过（尝试245）
  ✓ [139/200] 通过（尝试247）
  ✓ [140/200] 通过（尝试248）
  ✓ [141/200] 通过（尝试249）
  ✓ [142/200] 通过（尝试251）
  ✓ [143/200] 通过（尝试252）
  ✓ [144/200] 通过（尝试253）
  ✓ [145/200] 通过（尝试254）
  ✓ [146/200] 通过（尝试255）
  ✓ [147/200] 通过（尝试256）
  ✓ [148/200] 通过（尝试259）
  ✓ [149/200] 通过（尝试261）
  ✓ [150/200] 通过（尝试263）
  ✓ [151/200] 通过（尝试265）
  ✓ [152/200] 通过（尝试267）
  ✓ [153/200] 通过（尝试269）
  ✓ [154/200] 通过（尝试271）
  ✓ [155/200] 通过（尝试272）
  ✓ [156/200] 通过（尝试273）
  ✓ [157/200] 通过（尝试276）
  ✓ [158/200] 通过（尝试277）
  ✓ [159/200] 通过（尝试280）
  ✓ [160/200] 通过（尝试281）
  ✓ [161/200] 通过（尝试285）
  ✓ [162/200] 通过（尝试286）
  ✓ [163/200] 通过（尝试287）
  ✓ [164/200] 通过（尝试288）
  ✓ [165/200] 通过（尝试289）
  ✓ [166/200] 通过（尝试291）
  ✓ [167/200] 通过（尝试298）
  ✓ [168/200] 通过（尝试299）
  ✓ [169/200] 通过（尝试300）
  ✓ [170/200] 通过（尝试305）
  ✓ [171/200] 通过（尝试306）
  ✓ [172/200] 通过（尝试307）
  ✓ [173/200] 通过（尝试308）
  ✓ [174/200] 通过（尝试309）
  ✓ [175/200] 通过（尝试310）
  ✓ [176/200] 通过（尝试311）
  ✓ [177/200] 通过（尝试313）
  ✓ [178/200] 通过（尝试315）
  ✓ [179/200] 通过（尝试316）
  ✓ [180/200] 通过（尝试317）
  ✓ [181/200] 通过（尝试318）
  ✓ [182/200] 通过（尝试319）
  ✓ [183/200] 通过（尝试322）
  ✓ [184/200] 通过（尝试325）
  ✓ [185/200] 通过（尝试328）
  ✓ [186/200] 通过（尝试330）
  ✓ [187/200] 通过（尝试331）
  ✓ [188/200] 通过（尝试332）
  ✓ [189/200] 通过（尝试334）
  ✓ [190/200] 通过（尝试339）
  ✓ [191/200] 通过（尝试340）
  ✓ [192/200] 通过（尝试342）
  ✓ [193/200] 通过（尝试349）
  ✓ [194/200] 通过（尝试351）
  ✓ [195/200] 通过（尝试352）
  ✓ [196/200] 通过（尝试353）
  ✓ [197/200] 通过（尝试354）
  ✓ [198/200] 通过（尝试355）
  ✓ [199/200] 通过（尝试356）
  ✓ [200/200] 通过（尝试357）
[expanded_ns_v5] 完成：200/200

✓ 输出：round3/data/ns_v5_extra.jsonl（200 条）
