[10:01:47] Starting monitor for: ['expNNN', 'expOOO', 'expPPP', 'expQQQ', 'expSSS', 'expTTT', 'expUUU', 'expVVV']
[10:01:47] ⏳ expNNN: 7/17
[10:01:47] ⏳ expOOO: 0/8
[10:02:47] ⏳ expNNN: 0/125
[10:02:47] ⏳ expOOO: 1/125
[10:02:47] ⏳ expPPP: 1/150
[10:02:47] ⏳ expSSS: 0/125
[10:02:47] ⏳ expTTT: 0/189
[10:02:47] ⏳ expUUU: 0/189
[10:02:47] ⏳ expVVV: 0/125
[10:03:47] ⏳ expNNN: 1/125
[10:03:47] ⏳ expOOO: 2/125
[10:03:48] ⏳ expPPP: 2/150
[10:03:48] ⏳ expSSS: 2/125
[10:03:48] ⏳ expTTT: 2/189
[10:03:48] ⏳ expUUU: 0/189
[10:03:48] ⏳ expVVV: 1/125
[10:04:48] ⏳ expNNN: 1/125
[10:04:48] ⏳ expOOO: 4/125
[10:04:48] ⏳ expPPP: 3/150
[10:04:48] ⏳ expSSS: 3/125
[10:04:48] ⏳ expTTT: 3/189
[10:04:48] ⏳ expUUU: 1/189
[10:04:48] ⏳ expVVV: 3/125
[10:05:48] ⏳ expNNN: 2/125
[10:05:48] ⏳ expOOO: 5/125
[10:05:48] ⏳ expPPP: 5/150
[10:05:48] ⏳ expSSS: 5/125
[10:05:48] ⏳ expTTT: 4/189
[10:05:48] ⏳ expUUU: 2/189
[10:05:48] ⏳ expVVV: 4/125
[10:06:48] ⏳ expNNN: 3/125
[10:06:48] ⏳ expOOO: 6/125
[10:06:48] ⏳ expPPP: 6/150
[10:06:48] ⏳ expSSS: 6/125
[10:06:48] ⏳ expTTT: 6/189
[10:06:48] ⏳ expUUU: 2/189
[10:06:48] ⏳ expVVV: 6/125
[10:07:48] ⏳ expNNN: 3/125
[10:07:48] ⏳ expOOO: 8/125
[10:07:48] ⏳ expPPP: 8/150
[10:07:48] ⏳ expSSS: 8/125
[10:07:48] ⏳ expTTT: 7/189
[10:07:48] ⏳ expUUU: 3/189
[10:07:48] ⏳ expVVV: 7/125
[10:08:48] ⏳ expNNN: 4/125
[10:08:48] ⏳ expOOO: 9/125
[10:08:48] ⏳ expPPP: 9/150
[10:08:48] ⏳ expSSS: 9/125
[10:08:48] ⏳ expTTT: 8/189
[10:08:48] ⏳ expUUU: 4/189
[10:08:48] ⏳ expVVV: 9/125
[10:09:48] ⏳ expNNN: 5/125
[10:09:48] ⏳ expOOO: 11/125
[10:09:48] ⏳ expPPP: 11/150
[10:09:48] ⏳ expSSS: 10/125
[10:09:48] ⏳ expTTT: 10/189
[10:09:48] ⏳ expUUU: 4/189
[10:09:48] ⏳ expVVV: 10/125
[10:10:49] ⏳ expNNN: 5/125
[10:10:49] ⏳ expOOO: 12/125
[10:10:49] ⏳ expPPP: 12/150
[10:10:49] ⏳ expSSS: 12/125
[10:10:49] ⏳ expTTT: 11/189
[10:10:49] ⏳ expUUU: 5/189
[10:10:49] ⏳ expVVV: 12/125
[10:11:49] ⏳ expNNN: 6/125
[10:11:49] ⏳ expOOO: 14/125
[10:11:49] ⏳ expPPP: 14/150
[10:11:49] ⏳ expSSS: 13/125
[10:11:49] ⏳ expTTT: 13/189
[10:11:49] ⏳ expUUU: 6/189
[10:11:49] ⏳ expVVV: 13/125
[10:12:49] ⏳ expNNN: 6/125
[10:12:49] ⏳ expOOO: 15/125
[10:12:49] ⏳ expPPP: 15/150
[10:12:49] ⏳ expSSS: 15/125
[10:12:49] ⏳ expTTT: 14/189
[10:12:49] ⏳ expUUU: 6/189
[10:12:49] ⏳ expVVV: 14/125
[10:13:49] ⏳ expNNN: 7/125
[10:13:49] ⏳ expOOO: 17/125
[10:13:49] ⏳ expPPP: 16/150
[10:13:49] ⏳ expSSS: 16/125
[10:13:49] ⏳ expTTT: 15/189
[10:13:49] ⏳ expUUU: 7/189
[10:13:49] ⏳ expVVV: 16/125
[10:14:49] ⏳ expNNN: 8/125
[10:14:49] ⏳ expOOO: 18/125
[10:14:49] ⏳ expPPP: 18/150
[10:14:49] ⏳ expSSS: 18/125
[10:14:49] ⏳ expTTT: 17/189
[10:14:49] ⏳ expUUU: 8/189
[10:14:49] ⏳ expVVV: 17/125
[10:15:49] ⏳ expNNN: 8/125
[10:15:49] ⏳ expOOO: 20/125
[10:15:49] ⏳ expPPP: 19/150
[10:15:49] ⏳ expSSS: 19/125
[10:15:49] ⏳ expTTT: 18/189
[10:15:49] ⏳ expUUU: 9/189
[10:15:49] ⏳ expVVV: 19/125
[10:16:49] ⏳ expNNN: 9/125
[10:16:49] ⏳ expOOO: 21/125
[10:16:49] ⏳ expPPP: 21/150
[10:16:49] ⏳ expSSS: 21/125
[10:16:49] ⏳ expTTT: 19/189
[10:16:49] ⏳ expUUU: 9/189
[10:16:49] ⏳ expVVV: 20/125
[10:17:49] ⏳ expNNN: 10/125
[10:17:49] ⏳ expOOO: 22/125
[10:17:49] ⏳ expPPP: 22/150
[10:17:49] ⏳ expQQQ: 5/5
[10:17:49] ⏳ expSSS: 22/125
[10:17:49] ⏳ expTTT: 21/189
[10:17:49] ⏳ expUUU: 10/189
[10:17:49] ⏳ expVVV: 22/125
[10:18:50] ⏳ expNNN: 11/125
[10:18:50] ⏳ expOOO: 24/125
[10:18:50] ⏳ expPPP: 24/150
[10:18:50] ⏳ expQQQ: 2/125
[10:18:50] ⏳ expSSS: 23/125
[10:18:50] ⏳ expTTT: 22/189
[10:18:50] ⏳ expUUU: 11/189
[10:18:50] ⏳ expVVV: 23/125
[10:19:50] ⏳ expNNN: 11/125
[10:19:50] ⏳ expOOO: 25/125
[10:19:50] ⏳ expPPP: 25/150
[10:19:50] ⏳ expQQQ: 4/125
[10:19:50] ⏳ expSSS: 25/125
[10:19:50] ⏳ expTTT: 23/189
[10:19:50] ⏳ expUUU: 11/189
[10:19:50] ⏳ expVVV: 25/125
[10:20:50] ⏳ expNNN: 12/125
[10:20:50] ⏳ expOOO: 27/125
[10:20:50] ⏳ expPPP: 27/150
[10:20:50] ⏳ expQQQ: 6/125
[10:20:50] ⏳ expSSS: 26/125
[10:20:50] ⏳ expTTT: 25/189
[10:20:50] ⏳ expUUU: 12/189
[10:20:50] ⏳ expVVV: 26/125
[10:21:50] ⏳ expNNN: 13/125
[10:21:50] ⏳ expOOO: 28/125
[10:21:50] ⏳ expPPP: 28/150
[10:21:50] ⏳ expQQQ: 9/125
[10:21:50] ⏳ expSSS: 28/125
[10:21:50] ⏳ expTTT: 26/189
[10:21:50] ⏳ expUUU: 13/189
[10:21:50] ⏳ expVVV: 27/125
[10:22:50] ⏳ expNNN: 13/125
[10:22:50] ⏳ expOOO: 29/125
[10:22:50] ⏳ expPPP: 30/150
[10:22:50] ⏳ expQQQ: 11/125
[10:22:50] ⏳ expSSS: 29/125
[10:22:50] ⏳ expTTT: 27/189
[10:22:50] ⏳ expUUU: 13/189
[10:22:50] ⏳ expVVV: 29/125
[10:23:50] ⏳ expNNN: 14/125
[10:23:50] ⏳ expOOO: 31/125
[10:23:50] ⏳ expPPP: 31/150
[10:23:50] ⏳ expQQQ: 13/125
[10:23:50] ⏳ expSSS: 30/125
[10:23:50] ⏳ expTTT: 29/189
[10:23:50] ⏳ expUUU: 14/189
[10:23:50] ⏳ expVVV: 30/125
[10:24:50] ⏳ expNNN: 15/125
[10:24:50] ⏳ expOOO: 32/125
[10:24:50] ⏳ expPPP: 33/150
[10:24:50] ⏳ expQQQ: 16/125
[10:24:51] ⏳ expSSS: 32/125
[10:24:51] ⏳ expTTT: 30/189
[10:24:51] ⏳ expUUU: 15/189
[10:24:51] ⏳ expVVV: 32/125
[10:25:51] ⏳ expNNN: 15/125
[10:25:51] ⏳ expOOO: 34/125
[10:25:51] ⏳ expPPP: 34/150
[10:25:51] ⏳ expQQQ: 18/125
[10:25:51] ⏳ expSSS: 33/125
[10:25:51] ⏳ expTTT: 32/189
[10:25:51] ⏳ expUUU: 15/189
[10:25:51] ⏳ expVVV: 33/125
[10:26:51] ⏳ expNNN: 16/125
[10:26:51] ⏳ expOOO: 35/125
[10:26:51] ⏳ expPPP: 36/150
[10:26:51] ⏳ expQQQ: 20/125
[10:26:51] ⏳ expSSS: 35/125
[10:26:51] ⏳ expTTT: 33/189
[10:26:51] ⏳ expUUU: 16/189
[10:26:51] ⏳ expVVV: 35/125
[10:27:51] ⏳ expNNN: 16/125
[10:27:51] ⏳ expOOO: 37/125
[10:27:51] ⏳ expPPP: 37/150
[10:27:51] ⏳ expQQQ: 23/125
[10:27:51] ⏳ expSSS: 36/125
[10:27:51] ⏳ expTTT: 34/189
[10:27:51] ⏳ expUUU: 17/189
[10:27:51] ⏳ expVVV: 36/125
[10:28:51] ⏳ expNNN: 17/125
[10:28:51] ⏳ expOOO: 38/125
[10:28:51] ⏳ expPPP: 38/150
[10:28:51] ⏳ expQQQ: 25/125
[10:28:51] ⏳ expSSS: 38/125
[10:28:51] ⏳ expTTT: 36/189
[10:28:51] ⏳ expUUU: 17/189
[10:28:51] ⏳ expVVV: 38/125
[10:29:51] ⏳ expNNN: 18/125
[10:29:51] ⏳ expOOO: 40/125
[10:29:51] ⏳ expPPP: 40/150
[10:29:51] ⏳ expQQQ: 27/125
[10:29:51] ⏳ expSSS: 39/125
[10:29:51] ⏳ expTTT: 37/189
[10:29:51] ⏳ expUUU: 18/189
[10:29:51] ⏳ expVVV: 39/125
[10:30:51] ⏳ expNNN: 18/125
[10:30:51] ⏳ expOOO: 41/125
[10:30:51] ⏳ expPPP: 41/150
[10:30:51] ⏳ expQQQ: 29/125
[10:30:51] ⏳ expSSS: 41/125
[10:30:51] ⏳ expTTT: 38/189
[10:30:51] ⏳ expUUU: 19/189
[10:30:51] ⏳ expVVV: 40/125
[10:31:52] ⏳ expNNN: 19/125
[10:31:52] ⏳ expOOO: 43/125
[10:31:52] ⏳ expPPP: 43/150
[10:31:52] ⏳ expQQQ: 32/125
[10:31:52] ⏳ expSSS: 42/125
[10:31:52] ⏳ expTTT: 40/189
[10:31:52] ⏳ expUUU: 19/189
[10:31:52] ⏳ expVVV: 42/125
[10:32:52] ⏳ expNNN: 20/125
[10:32:52] ⏳ expOOO: 44/125
[10:32:52] ⏳ expPPP: 44/150
[10:32:52] ⏳ expQQQ: 34/125
[10:32:52] ⏳ expSSS: 44/125
[10:32:52] ⏳ expTTT: 41/189
[10:32:52] ⏳ expUUU: 20/189
[10:32:52] ⏳ expVVV: 43/125
[10:33:52] ⏳ expNNN: 20/125
[10:33:52] ⏳ expOOO: 45/125
[10:33:52] ⏳ expPPP: 46/150
[10:33:52] ⏳ expQQQ: 36/125
[10:33:52] ⏳ expSSS: 45/125
[10:33:52] ⏳ expTTT: 43/189
[10:33:52] ⏳ expUUU: 21/189
[10:33:52] ⏳ expVVV: 45/125
[10:34:52] ⏳ expNNN: 21/125
[10:34:52] ⏳ expOOO: 47/125
[10:34:52] ⏳ expPPP: 47/150
[10:34:52] ⏳ expQQQ: 39/125
[10:34:52] ⏳ expSSS: 46/125
[10:34:52] ⏳ expTTT: 44/189
[10:34:52] ⏳ expUUU: 21/189
[10:34:52] ⏳ expVVV: 46/125
[10:35:52] ⏳ expNNN: 22/125
[10:35:52] ⏳ expOOO: 48/125
[10:35:52] ⏳ expPPP: 48/150
[10:35:52] ⏳ expQQQ: 41/125
[10:35:52] ⏳ expSSS: 48/125
[10:35:52] ⏳ expTTT: 45/189
[10:35:52] ⏳ expUUU: 22/189
[10:35:52] ⏳ expVVV: 48/125
[10:36:52] ⏳ expNNN: 22/125
[10:36:52] ⏳ expOOO: 50/125
[10:36:52] ⏳ expPPP: 50/150
[10:36:52] ⏳ expQQQ: 43/125
[10:36:52] ⏳ expSSS: 49/125
[10:36:52] ⏳ expTTT: 47/189
[10:36:52] ⏳ expUUU: 23/189
[10:36:52] ⏳ expVVV: 49/125
[10:37:53] ⏳ expNNN: 23/125
[10:37:53] ⏳ expOOO: 51/125
[10:37:53] ⏳ expPPP: 51/150
[10:37:53] ⏳ expQQQ: 45/125
[10:37:53] ⏳ expSSS: 51/125
[10:37:53] ⏳ expTTT: 48/189
[10:37:53] ⏳ expUUU: 23/189
[10:37:53] ⏳ expVVV: 50/125
[10:38:53] ⏳ expNNN: 24/125
[10:38:53] ⏳ expOOO: 52/125
[10:38:53] ⏳ expPPP: 53/150
[10:38:53] ⏳ expQQQ: 48/125
[10:38:53] ⏳ expSSS: 52/125
[10:38:53] ⏳ expTTT: 49/189
[10:38:53] ⏳ expUUU: 24/189
[10:38:53] ⏳ expVVV: 52/125
[10:39:53] ⏳ expNNN: 24/125
[10:39:53] ⏳ expOOO: 54/125
[10:39:53] ⏳ expPPP: 54/150
[10:39:53] ⏳ expQQQ: 50/125
[10:39:53] ⏳ expSSS: 53/125
[10:39:53] ⏳ expTTT: 51/189
[10:39:53] ⏳ expUUU: 25/189
[10:39:53] ⏳ expVVV: 53/125
[10:40:53] ⏳ expNNN: 25/125
[10:40:53] ⏳ expOOO: 55/125
[10:40:53] ⏳ expPPP: 56/150
[10:40:53] ⏳ expQQQ: 52/125
[10:40:53] ⏳ expSSS: 55/125
[10:40:53] ⏳ expTTT: 52/189
[10:40:53] ⏳ expUUU: 26/189
[10:40:53] ⏳ expVVV: 55/125
[10:41:53] ⏳ expNNN: 25/125
[10:41:53] ⏳ expOOO: 57/125
[10:41:53] ⏳ expPPP: 57/150
[10:41:53] ⏳ expQQQ: 54/125
[10:41:53] ⏳ expSSS: 56/125
[10:41:53] ⏳ expTTT: 53/189
[10:41:53] ⏳ expUUU: 26/189
[10:41:53] ⏳ expVVV: 56/125
[10:42:53] ⏳ expNNN: 26/125
[10:42:53] ⏳ expOOO: 58/125
[10:42:54] ⏳ expPPP: 59/150
[10:42:54] ⏳ expQQQ: 57/125
[10:42:54] ⏳ expSSS: 58/125
[10:42:54] ⏳ expTTT: 55/189
[10:42:54] ⏳ expUUU: 27/189
[10:42:54] ⏳ expVVV: 58/125
[10:43:54] ⏳ expNNN: 27/125
[10:43:54] ⏳ expOOO: 60/125
[10:43:54] ⏳ expPPP: 60/150
[10:43:54] ⏳ expQQQ: 59/125
[10:43:54] ⏳ expSSS: 59/125
[10:43:54] ⏳ expTTT: 56/189
[10:43:54] ⏳ expUUU: 28/189
[10:43:54] ⏳ expVVV: 59/125
[10:44:54] ⏳ expNNN: 27/125
[10:44:54] ⏳ expOOO: 61/125
[10:44:54] ⏳ expPPP: 61/150
[10:44:54] ⏳ expQQQ: 61/125
[10:44:54] ⏳ expSSS: 61/125
[10:44:54] ⏳ expTTT: 58/189
[10:44:54] ⏳ expUUU: 28/189
[10:44:54] ⏳ expVVV: 60/125
[10:45:54] ⏳ expNNN: 28/125
[10:45:54] ⏳ expOOO: 63/125
[10:45:54] ⏳ expPPP: 63/150
[10:45:54] ⏳ expQQQ: 64/125
[10:45:54] ⏳ expSSS: 62/125
[10:45:54] ⏳ expTTT: 59/189
[10:45:54] ⏳ expUUU: 29/189
[10:45:54] ⏳ expVVV: 62/125
[10:46:54] ⏳ expNNN: 29/125
[10:46:54] ⏳ expOOO: 64/125
[10:46:54] ⏳ expPPP: 64/150
[10:46:54] ⏳ expQQQ: 66/125
[10:46:54] ⏳ expSSS: 64/125
[10:46:54] ⏳ expTTT: 61/189
[10:46:54] ⏳ expUUU: 30/189
[10:46:54] ⏳ expVVV: 63/125
[10:47:55] ⏳ expNNN: 29/125
[10:47:55] ⏳ expOOO: 66/125
[10:47:55] ⏳ expPPP: 66/150
[10:47:55] ⏳ expQQQ: 68/125
[10:47:55] ⏳ expSSS: 65/125
[10:47:55] ⏳ expTTT: 63/189
[10:47:55] ⏳ expUUU: 30/189
[10:47:55] ⏳ expVVV: 65/125
[10:48:55] ⏳ expNNN: 30/125
[10:48:55] ⏳ expOOO: 67/125
[10:48:55] ⏳ expPPP: 67/150
[10:48:55] ⏳ expQQQ: 71/125
[10:48:55] ⏳ expSSS: 66/125
[10:48:55] ⏳ expTTT: 64/189
[10:48:55] ⏳ expUUU: 31/189
[10:48:55] ⏳ expVVV: 66/125
[10:49:55] ⏳ expNNN: 31/125
[10:49:55] ⏳ expOOO: 68/125
[10:49:55] ⏳ expPPP: 69/150
[10:49:55] ⏳ expQQQ: 73/125
[10:49:55] ⏳ expSSS: 68/125
[10:49:55] ⏳ expTTT: 65/189
[10:49:55] ⏳ expUUU: 32/189
[10:49:55] ⏳ expVVV: 68/125
[10:50:55] ⏳ expNNN: 31/125
[10:50:55] ⏳ expOOO: 70/125
[10:50:55] ⏳ expPPP: 70/150
[10:50:55] ⏳ expQQQ: 75/125
[10:50:55] ⏳ expSSS: 69/125
[10:50:55] ⏳ expTTT: 67/189
[10:50:56] ⏳ expUUU: 32/189
[10:50:56] ⏳ expVVV: 69/125
[10:51:56] ⏳ expNNN: 32/125
[10:51:56] ⏳ expOOO: 71/125
[10:51:56] ⏳ expPPP: 72/150
[10:51:56] ⏳ expQQQ: 77/125
[10:51:56] ⏳ expSSS: 71/125
[10:51:56] ⏳ expTTT: 68/189
[10:51:56] ⏳ expUUU: 33/189
[10:51:56] ⏳ expVVV: 71/125
[10:52:56] ⏳ expNNN: 33/125
[10:52:56] ⏳ expOOO: 73/125
[10:52:56] ⏳ expPPP: 73/150
[10:52:56] ⏳ expQQQ: 80/125
[10:52:56] ⏳ expSSS: 72/125
[10:52:56] ⏳ expTTT: 69/189
[10:52:56] ⏳ expUUU: 34/189
[10:52:56] ⏳ expVVV: 72/125
[10:53:56] ⏳ expNNN: 33/125
[10:53:56] ⏳ expOOO: 74/125
[10:53:56] ⏳ expPPP: 75/150
[10:53:56] ⏳ expQQQ: 82/125
[10:53:56] ⏳ expSSS: 74/125
[10:53:56] ⏳ expTTT: 71/189
[10:53:56] ⏳ expUUU: 35/189
[10:53:56] ⏳ expVVV: 74/125
[10:54:56] ⏳ expNNN: 34/125
[10:54:56] ⏳ expOOO: 75/125
[10:54:56] ⏳ expPPP: 76/150
[10:54:56] ⏳ expQQQ: 84/125
[10:54:56] ⏳ expSSS: 75/125
[10:54:56] ⏳ expTTT: 72/189
[10:54:56] ⏳ expUUU: 35/189
[10:54:56] ⏳ expVVV: 75/125
[10:55:56] ⏳ expNNN: 35/125
[10:55:56] ⏳ expOOO: 77/125
[10:55:56] ⏳ expPPP: 77/150
[10:55:56] ⏳ expQQQ: 87/125
[10:55:56] ⏳ expSSS: 76/125
[10:55:56] ⏳ expTTT: 73/189
[10:55:56] ⏳ expUUU: 36/189
[10:55:56] ⏳ expVVV: 76/125
[10:56:57] ⏳ expNNN: 35/125
[10:56:57] ⏳ expOOO: 78/125
[10:56:57] ⏳ expPPP: 79/150
[10:56:57] ⏳ expQQQ: 89/125
[10:56:57] ⏳ expSSS: 78/125
[10:56:57] ⏳ expTTT: 75/189
[10:56:57] ⏳ expUUU: 37/189
[10:56:57] ⏳ expVVV: 78/125
[10:57:57] ⏳ expNNN: 36/125
[10:57:57] ⏳ expOOO: 80/125
[10:57:57] ⏳ expPPP: 80/150
[10:57:57] ⏳ expQQQ: 91/125
[10:57:57] ⏳ expSSS: 79/125
[10:57:57] ⏳ expTTT: 76/189
[10:57:57] ⏳ expUUU: 37/189
[10:57:57] ⏳ expVVV: 79/125
[10:58:57] ⏳ expNNN: 37/125
[10:58:57] ⏳ expOOO: 81/125
[10:58:57] ⏳ expPPP: 82/150
[10:58:57] ⏳ expQQQ: 94/125
[10:58:57] ⏳ expSSS: 81/125
[10:58:57] ⏳ expTTT: 78/189
[10:58:57] ⏳ expUUU: 38/189
[10:58:58] ⏳ expVVV: 81/125
[10:59:58] ⏳ expNNN: 37/125
[10:59:58] ⏳ expOOO: 83/125
[10:59:58] ⏳ expPPP: 83/150
[10:59:58] ⏳ expQQQ: 96/125
[10:59:58] ⏳ expSSS: 82/125
[10:59:58] ⏳ expTTT: 79/189
[10:59:58] ⏳ expUUU: 39/189
[10:59:58] ⏳ expVVV: 82/125
[11:00:58] ⏳ expNNN: 38/125
[11:00:58] ⏳ expOOO: 84/125
[11:00:58] ⏳ expPPP: 85/150
[11:00:58] ⏳ expQQQ: 98/125
[11:00:58] ⏳ expSSS: 84/125
[11:00:58] ⏳ expTTT: 80/189
[11:00:58] ⏳ expUUU: 39/189
[11:00:58] ⏳ expVVV: 83/125
[11:01:58] ⏳ expNNN: 39/125
[11:01:58] ⏳ expOOO: 86/125
[11:01:58] ⏳ expPPP: 86/150
[11:01:58] ⏳ expQQQ: 100/125
[11:01:58] ⏳ expSSS: 85/125
[11:01:58] ⏳ expTTT: 82/189
[11:01:58] ⏳ expUUU: 40/189
[11:01:58] ⏳ expVVV: 85/125
[11:02:58] ⏳ expNNN: 39/125
[11:02:58] ⏳ expOOO: 87/125
[11:02:58] ⏳ expPPP: 88/150
[11:02:58] ⏳ expQQQ: 103/125
[11:02:58] ⏳ expSSS: 87/125
[11:02:58] ⏳ expTTT: 83/189
[11:02:58] ⏳ expUUU: 41/189
[11:02:58] ⏳ expVVV: 86/125
[11:03:59] ⏳ expNNN: 40/125
[11:03:59] ⏳ expOOO: 89/125
[11:03:59] ⏳ expPPP: 89/150
[11:03:59] ⏳ expQQQ: 105/125
[11:03:59] ⏳ expSSS: 88/125
[11:03:59] ⏳ expTTT: 85/189
[11:03:59] ⏳ expUUU: 41/189
[11:03:59] ⏳ expVVV: 88/125
[11:04:59] ⏳ expNNN: 41/125
[11:04:59] ⏳ expOOO: 90/125
[11:04:59] ⏳ expPPP: 91/150
[11:04:59] ⏳ expQQQ: 107/125
[11:04:59] ⏳ expSSS: 89/125
[11:04:59] ⏳ expTTT: 86/189
[11:04:59] ⏳ expUUU: 42/189
[11:04:59] ⏳ expVVV: 89/125
[11:05:59] ⏳ expNNN: 41/125
[11:05:59] ⏳ expOOO: 91/125
[11:05:59] ⏳ expPPP: 92/150
[11:05:59] ⏳ expQQQ: 110/125
[11:05:59] ⏳ expSSS: 91/125
[11:05:59] ⏳ expTTT: 87/189
[11:05:59] ⏳ expUUU: 43/189
[11:05:59] ⏳ expVVV: 91/125
[11:06:59] ⏳ expNNN: 42/125
[11:06:59] ⏳ expOOO: 93/125
[11:06:59] ⏳ expPPP: 93/150
[11:06:59] ⏳ expQQQ: 112/125
[11:06:59] ⏳ expSSS: 92/125
[11:06:59] ⏳ expTTT: 89/189
[11:06:59] ⏳ expUUU: 43/189
[11:06:59] ⏳ expVVV: 92/125
[11:07:59] ⏳ expNNN: 43/125
[11:07:59] ⏳ expOOO: 94/125
[11:07:59] ⏳ expPPP: 95/150
[11:07:59] ⏳ expQQQ: 114/125
[11:07:59] ⏳ expSSS: 94/125
[11:07:59] ⏳ expTTT: 90/189
[11:07:59] ⏳ expUUU: 44/189
[11:07:59] ⏳ expVVV: 94/125
[11:08:59] ⏳ expNNN: 43/125
[11:09:00] ⏳ expOOO: 96/125
[11:09:00] ⏳ expPPP: 96/150
[11:09:00] ⏳ expQQQ: 117/125
[11:09:00] ⏳ expSSS: 95/125
[11:09:00] ⏳ expTTT: 91/189
[11:09:00] ⏳ expUUU: 45/189
[11:09:00] ⏳ expVVV: 95/125
[11:10:00] ⏳ expNNN: 44/125
[11:10:00] ⏳ expOOO: 97/125
[11:10:00] ⏳ expPPP: 98/150
[11:10:00] ⏳ expQQQ: 119/125
[11:10:00] ⏳ expSSS: 97/125
[11:10:00] ⏳ expTTT: 93/189
[11:10:00] ⏳ expUUU: 46/189
[11:10:00] ⏳ expVVV: 97/125
[11:11:00] ⏳ expNNN: 44/125
[11:11:00] ⏳ expOOO: 99/125
[11:11:00] ⏳ expPPP: 99/150
[11:11:00] ⏳ expQQQ: 121/125
[11:11:00] ⏳ expSSS: 98/125
[11:11:00] ⏳ expTTT: 94/189
[11:11:00] ⏳ expUUU: 46/189
[11:11:00] ⏳ expVVV: 98/125
[11:12:00] ⏳ expNNN: 45/125
[11:12:00] ⏳ expOOO: 100/125
[11:12:00] ⏳ expPPP: 100/150
[11:12:00] ⏳ expQQQ: 124/125
[11:12:00] ⏳ expSSS: 100/125
[11:12:00] ⏳ expTTT: 95/189
[11:12:00] ⏳ expUUU: 47/189
[11:12:00] ⏳ expVVV: 99/125
[11:13:00] ⏳ expNNN: 46/125
[11:13:00] ⏳ expOOO: 101/125
[11:13:00] ⏳ expPPP: 102/150
[11:13:00] ✅ expQQQ: training complete
[11:13:00] 📊 expQQQ: launching eval on GPU 3...
[11:13:00]    eval PID=272171
[11:13:01] ⏳ expSSS: 101/125
[11:13:01] ⏳ expTTT: 97/189
[11:13:01] ⏳ expUUU: 48/189
[11:13:01] ⏳ expVVV: 101/125
[11:14:01] ⏳ expNNN: 46/125
[11:14:01] ⏳ expOOO: 103/125
[11:14:01] ⏳ expPPP: 103/150
[11:14:01] ⏳ expSSS: 102/125
[11:14:01] ⏳ expTTT: 98/189
[11:14:01] ⏳ expUUU: 48/189
[11:14:01] ⏳ expVVV: 102/125
[11:15:01] ⏳ expNNN: 47/125
[11:15:01] ⏳ expOOO: 104/125
[11:15:01] ⏳ expPPP: 105/150
[11:15:01] ⏳ expSSS: 104/125
[11:15:01] ⏳ expTTT: 100/189
[11:15:01] ⏳ expUUU: 49/189
[11:15:01] ⏳ expVVV: 104/125
[11:16:01] ⏳ expNNN: 48/125
[11:16:01] ⏳ expOOO: 106/125
[11:16:01] ⏳ expPPP: 106/150
[11:16:01] ⏳ expSSS: 105/125
[11:16:01] ⏳ expTTT: 101/189
[11:16:01] ⏳ expUUU: 50/189
[11:16:02] ⏳ expVVV: 105/125
[11:17:02] ⏳ expNNN: 48/125
[11:17:02] ⏳ expOOO: 107/125
[11:17:02] ⏳ expPPP: 108/150
[11:17:02] ⏳ expSSS: 107/125
[11:17:02] ⏳ expTTT: 102/189
[11:17:02] ⏳ expUUU: 50/189
[11:17:02] ⏳ expVVV: 106/125
[11:18:02] ⏳ expNNN: 49/125
[11:18:02] ⏳ expOOO: 109/125
[11:18:02] ⏳ expPPP: 109/150
[11:18:02] ⏳ expSSS: 108/125
[11:18:02] ⏳ expTTT: 104/189
[11:18:02] ⏳ expUUU: 51/189
[11:18:02] ⏳ expVVV: 108/125
[11:19:02] ⏳ expNNN: 50/125
[11:19:02] ⏳ expOOO: 110/125
[11:19:02] ⏳ expPPP: 111/150
[11:19:02] ⏳ expSSS: 109/125
[11:19:02] ⏳ expTTT: 105/189
[11:19:02] ⏳ expUUU: 52/189
[11:19:02] ⏳ expVVV: 109/125
[11:20:02] ⏳ expNNN: 50/125
[11:20:02] ⏳ expOOO: 112/125
[11:20:02] ⏳ expPPP: 112/150
[11:20:02] ⏳ expSSS: 111/125
[11:20:02] ⏳ expTTT: 107/189
[11:20:02] ⏳ expUUU: 52/189
[11:20:02] ⏳ expVVV: 111/125
[11:21:03] ⏳ expNNN: 51/125
[11:21:03] ⏳ expOOO: 113/125
[11:21:03] ⏳ expPPP: 114/150
[11:21:03] ⏳ expSSS: 112/125
[11:21:03] ⏳ expTTT: 108/189
[11:21:03] ⏳ expUUU: 53/189
[11:21:03] ⏳ expVVV: 112/125
[11:22:03] ⏳ expNNN: 51/125
[11:22:03] ⏳ expOOO: 115/125
[11:22:03] ⏳ expPPP: 115/150
[11:22:03] ⏳ expSSS: 114/125
[11:22:03] ⏳ expTTT: 110/189
[11:22:03] ⏳ expUUU: 54/189
[11:22:03] ⏳ expVVV: 114/125
[11:23:03] ⏳ expNNN: 52/125
[11:23:03] ⏳ expOOO: 116/125
[11:23:03] ⏳ expPPP: 117/150
[11:23:03] ⏳ expSSS: 115/125
[11:23:03] ⏳ expTTT: 111/189
[11:23:03] ⏳ expUUU: 55/189
[11:23:03] ⏳ expVVV: 115/125
[11:24:03] ⏳ expNNN: 53/125
[11:24:03] ⏳ expOOO: 117/125
[11:24:03] ⏳ expPPP: 118/150
[11:24:03] ⏳ expSSS: 117/125
[11:24:03] ⏳ expTTT: 112/189
[11:24:03] ⏳ expUUU: 55/189
[11:24:03] ⏳ expVVV: 117/125
[11:25:03] ⏳ expNNN: 53/125
[11:25:03] ⏳ expOOO: 119/125
[11:25:03] ⏳ expPPP: 120/150
[11:25:03] ⏳ expSSS: 118/125
[11:25:03] ⏳ expTTT: 114/189
[11:25:03] ⏳ expUUU: 56/189
[11:25:04] ⏳ expVVV: 118/125
[11:26:04] ⏳ expNNN: 54/125
[11:26:04] ⏳ expOOO: 120/125
[11:26:04] ⏳ expPPP: 121/150
[11:26:04] ⏳ expSSS: 120/125
[11:26:04] ⏳ expTTT: 115/189
[11:26:04] ⏳ expUUU: 57/189
[11:26:04] ⏳ expVVV: 120/125
[11:27:04] ⏳ expNNN: 55/125
[11:27:04] ⏳ expOOO: 122/125
[11:27:04] ⏳ expPPP: 122/150
[11:27:04] ⏳ expSSS: 121/125
[11:27:04] ⏳ expTTT: 116/189
[11:27:04] ⏳ expUUU: 57/189
[11:27:04] ⏳ expVVV: 121/125
[11:28:04] ⏳ expNNN: 55/125
[11:28:04] ⏳ expOOO: 123/125
[11:28:04] ⏳ expPPP: 124/150
[11:28:04] ⏳ expSSS: 123/125
[11:28:04] ⏳ expTTT: 118/189
[11:28:04] ⏳ expUUU: 58/189
[11:28:04] ⏳ expVVV: 123/125
[11:29:04] ⏳ expNNN: 56/125
[11:29:04] ⏳ expOOO: 125/125
[11:29:04] ⏳ expPPP: 125/150
[11:29:04] ⏳ expSSS: 124/125
[11:29:04] ⏳ expTTT: 119/189
[11:29:04] ⏳ expUUU: 59/189
[11:29:04] ⏳ expVVV: 124/125
[11:30:05] ⏳ expNNN: 57/125
[11:30:05] ✅ expOOO: training complete
[11:30:05] 📊 expOOO: launching eval on GPU 1...
[11:30:05]    eval PID=274482
[11:30:05] ⏳ expPPP: 127/150
[11:30:05] ✅ expSSS: training complete
[11:30:05] 📊 expSSS: launching eval on GPU 4...
[11:30:05]    eval PID=274484
[11:30:05] ⏳ expTTT: 120/189
[11:30:05] ⏳ expUUU: 59/189
[11:30:05] ✅ expVVV: training complete
[11:30:05] 📊 expVVV: launching eval on GPU 7...
[11:30:05]    eval PID=274492
[11:31:05] ⏳ expNNN: 58/125
[11:31:05] ⏳ expPPP: 128/150
[11:31:05] ⏳ expTTT: 122/189
[11:31:05] ⏳ expUUU: 60/189
[11:32:05] ⏳ expNNN: 58/125
[11:32:05] ⏳ expPPP: 130/150
[11:32:06] ⏳ expTTT: 123/189
[11:32:06] ⏳ expUUU: 61/189
[11:33:06] ⏳ expNNN: 59/125
[11:33:06] ⏳ expPPP: 131/150
[11:33:06] ⏳ expTTT: 125/189
[11:33:06] ⏳ expUUU: 61/189
[11:34:06] ⏳ expNNN: 60/125
[11:34:06] ⏳ expPPP: 132/150
[11:34:06] ⏳ expTTT: 126/189
[11:34:06] ⏳ expUUU: 62/189
[11:35:06] ⏳ expNNN: 60/125
[11:35:06] ⏳ expPPP: 134/150
[11:35:06] ⏳ expTTT: 127/189
[11:35:06] ⏳ expUUU: 63/189
[11:36:06] ⏳ expNNN: 61/125
[11:36:06] ⏳ expPPP: 135/150
[11:36:06] ⏳ expTTT: 129/189
[11:36:06] ⏳ expUUU: 64/189
[11:37:07] ⏳ expNNN: 61/125
[11:37:07] ⏳ expPPP: 137/150
[11:37:07] ⏳ expTTT: 130/189
[11:37:07] ⏳ expUUU: 64/189
[11:38:07] ⏳ expNNN: 62/125
[11:38:07] ⏳ expPPP: 138/150
[11:38:07] ⏳ expTTT: 131/189
[11:38:07] ⏳ expUUU: 65/189
[11:39:07] ⏳ expNNN: 63/125
[11:39:07] ⏳ expPPP: 140/150
[11:39:07] ⏳ expTTT: 133/189
[11:39:07] ⏳ expUUU: 66/189
[11:40:07] ⏳ expNNN: 63/125
[11:40:07] ⏳ expPPP: 141/150
[11:40:07] ⏳ expTTT: 134/189
[11:40:07] ⏳ expUUU: 66/189
[11:41:07] ⏳ expNNN: 64/125
[11:41:07] ⏳ expPPP: 143/150
[11:41:07] ⏳ expTTT: 136/189
[11:41:07] ⏳ expUUU: 67/189
[11:42:07] ⏳ expNNN: 65/125
[11:42:07] ⏳ expPPP: 144/150
[11:42:07] ⏳ expTTT: 137/189
[11:42:07] ⏳ expUUU: 68/189
[11:43:07] ⏳ expNNN: 65/125
[11:43:08] ⏳ expPPP: 146/150
[11:43:08] ⏳ expTTT: 138/189
[11:43:08] ⏳ expUUU: 68/189
[11:44:08] ⏳ expNNN: 66/125
[11:44:08] ⏳ expPPP: 147/150
[11:44:08] ⏳ expTTT: 140/189
[11:44:08] ⏳ expUUU: 69/189
[11:45:08] ⏳ expNNN: 67/125
[11:45:08] ⏳ expPPP: 148/150
[11:45:08] ⏳ expTTT: 141/189
[11:45:08] ⏳ expUUU: 70/189
[11:46:08] ⏳ expNNN: 67/125
[11:46:08] ✅ expPPP: training complete
[11:46:08] 📊 expPPP: launching eval on GPU 2...
[11:46:08]    eval PID=281461
[11:46:08] ⏳ expTTT: 142/189
[11:46:08] ⏳ expUUU: 71/189
[11:47:08] ⏳ expNNN: 68/125
[11:47:08] ⏳ expTTT: 144/189
[11:47:08] ⏳ expUUU: 71/189
[11:48:08] ⏳ expNNN: 69/125
[11:48:08] ⏳ expTTT: 145/189
[11:48:08] ⏳ expUUU: 72/189
[11:49:08] ⏳ expNNN: 69/125
[11:49:08] ⏳ expTTT: 146/189
[11:49:08] ⏳ expUUU: 72/189
[11:50:09] ⏳ expNNN: 70/125
[11:50:09] ⏳ expTTT: 148/189
[11:50:09] ⏳ expUUU: 73/189
[11:51:09] ⏳ expNNN: 71/125
[11:51:09] ⏳ expTTT: 149/189
[11:51:09] ⏳ expUUU: 74/189
[11:52:09] ⏳ expNNN: 71/125
[11:52:09] ⏳ expTTT: 150/189
[11:52:09] ⏳ expUUU: 75/189
[11:53:09] ⏳ expNNN: 72/125
[11:53:09] ⏳ expTTT: 152/189
[11:53:09] ⏳ expUUU: 75/189
[11:54:09] ⏳ expNNN: 72/125
[11:54:09] ⏳ expTTT: 153/189
[11:54:09] ⏳ expUUU: 76/189
[11:55:09] ⏳ expNNN: 73/125
[11:55:09] ⏳ expTTT: 155/189
[11:55:09] ⏳ expUUU: 77/189
[11:56:09] ⏳ expNNN: 74/125
[11:56:09] ⏳ expTTT: 156/189
[11:56:09] ⏳ expUUU: 77/189
[11:57:09] ⏳ expNNN: 74/125
[11:57:09] ⏳ expTTT: 157/189
[11:57:09] ⏳ expUUU: 78/189
[11:58:09] ⏳ expNNN: 75/125
[11:58:09] ⏳ expTTT: 159/189
[11:58:09] ⏳ expUUU: 79/189
[11:59:10] ⏳ expNNN: 76/125
[11:59:10] ⏳ expTTT: 160/189
[11:59:10] ⏳ expUUU: 79/189
[12:00:10] ⏳ expNNN: 76/125
[12:00:10] ⏳ expTTT: 161/189
[12:00:10] ⏳ expUUU: 80/189
[12:01:10] ⏳ expNNN: 77/125
[12:01:10] ⏳ expTTT: 163/189
[12:01:10] ⏳ expUUU: 81/189
[12:02:10] ⏳ expNNN: 77/125
[12:02:10] ⏳ expTTT: 164/189
[12:02:10] ⏳ expUUU: 81/189
[12:03:10] ⏳ expNNN: 78/125
[12:03:10] ⏳ expTTT: 165/189
[12:03:10] ⏳ expUUU: 82/189
[12:04:10] ⏳ expNNN: 79/125
[12:04:10] ⏳ expTTT: 167/189
[12:04:10] ⏳ expUUU: 83/189
[12:05:10] ⏳ expNNN: 80/125
[12:05:10] ⏳ expTTT: 168/189
[12:05:10] ⏳ expUUU: 83/189
[12:06:10] ⏳ expNNN: 80/125
[12:06:10] ⏳ expTTT: 169/189
[12:06:10] ⏳ expUUU: 84/189
[12:07:11] ⏳ expNNN: 81/125
[12:07:11] ⏳ expTTT: 171/189
[12:07:11] ⏳ expUUU: 85/189
[12:08:11] ⏳ expNNN: 81/125
[12:08:11] ⏳ expTTT: 172/189
[12:08:11] ⏳ expUUU: 85/189
[12:09:11] ⏳ expNNN: 82/125
[12:09:11] ⏳ expTTT: 173/189
[12:09:11] ⏳ expUUU: 86/189
[12:10:11] ⏳ expNNN: 83/125
[12:10:11] ⏳ expTTT: 175/189
[12:10:11] ⏳ expUUU: 87/189
[12:11:11] ⏳ expNNN: 83/125
[12:11:11] ⏳ expTTT: 176/189
[12:11:11] ⏳ expUUU: 87/189
[12:12:11] ⏳ expNNN: 84/125
[12:12:11] ⏳ expTTT: 178/189
[12:12:11] ⏳ expUUU: 88/189
[12:13:11] ⏳ expNNN: 85/125
[12:13:11] ⏳ expTTT: 179/189
[12:13:11] ⏳ expUUU: 89/189
[12:14:11] ⏳ expNNN: 85/125
[12:14:11] ⏳ expTTT: 180/189
[12:14:11] ⏳ expUUU: 90/189
[12:15:12] ⏳ expNNN: 86/125
[12:15:12] ⏳ expTTT: 182/189
[12:15:12] ⏳ expUUU: 90/189
[12:16:12] ⏳ expNNN: 87/125
[12:16:12] ⏳ expTTT: 183/189
[12:16:12] ⏳ expUUU: 91/189
[12:17:12] ⏳ expNNN: 87/125
[12:17:12] ⏳ expTTT: 184/189
[12:17:12] ⏳ expUUU: 92/189
[12:18:12] ⏳ expNNN: 88/125
[12:18:12] ⏳ expTTT: 186/189
[12:18:12] ⏳ expUUU: 92/189
[12:19:12] ⏳ expNNN: 89/125
[12:19:12] ⏳ expTTT: 187/189
[12:19:12] ⏳ expUUU: 93/189
[12:20:12] ⏳ expNNN: 89/125
[12:20:12] ✅ expTTT: training complete
[12:20:12] 📊 expTTT: launching eval on GPU 5...
[12:20:12]    eval PID=285418
[12:20:12] ⏳ expUUU: 94/189
[12:21:12] ⏳ expNNN: 90/125
[12:21:12] ⏳ expUUU: 94/189
[12:22:13] ⏳ expNNN: 91/125
[12:22:13] ⏳ expUUU: 95/189
[12:23:13] ⏳ expNNN: 91/125
[12:23:13] ⏳ expUUU: 96/189
[12:24:13] ⏳ expNNN: 92/125
[12:24:13] ⏳ expUUU: 96/189
[12:25:13] ⏳ expNNN: 92/125
[12:25:13] ⏳ expUUU: 97/189
[12:26:13] ⏳ expNNN: 93/125
[12:26:13] ⏳ expUUU: 98/189
[12:27:13] ⏳ expNNN: 94/125
[12:27:13] ⏳ expUUU: 99/189
[12:28:13] ⏳ expNNN: 94/125
[12:28:13] ⏳ expUUU: 99/189
[12:29:13] ⏳ expNNN: 95/125
[12:29:13] ⏳ expUUU: 100/189
[12:30:13] ⏳ expNNN: 96/125
[12:30:13] ⏳ expUUU: 101/189
[12:31:14] ⏳ expNNN: 96/125
[12:31:14] ⏳ expUUU: 101/189
[12:32:14] ⏳ expNNN: 97/125
[12:32:14] ⏳ expUUU: 102/189
[12:33:14] ⏳ expNNN: 98/125
[12:33:14] ⏳ expUUU: 103/189
[12:34:14] ⏳ expNNN: 98/125
[12:34:14] ⏳ expUUU: 103/189
[12:35:14] ⏳ expNNN: 99/125
[12:35:14] ⏳ expUUU: 104/189
[12:36:14] ⏳ expNNN: 100/125
[12:36:14] ⏳ expUUU: 105/189
[12:37:14] ⏳ expNNN: 100/125
[12:37:14] ⏳ expUUU: 105/189
[12:38:14] ⏳ expNNN: 101/125
[12:38:14] ⏳ expUUU: 106/189
[12:39:14] ⏳ expNNN: 101/125
[12:39:15] ⏳ expUUU: 107/189
[12:40:15] ⏳ expNNN: 102/125
[12:40:15] ⏳ expUUU: 107/189
[12:41:15] ⏳ expNNN: 103/125
[12:41:15] ⏳ expUUU: 108/189
[12:42:15] ⏳ expNNN: 103/125
[12:42:15] ⏳ expUUU: 109/189
[12:43:15] ⏳ expNNN: 104/125
[12:43:15] ⏳ expUUU: 110/189
[12:44:15] ⏳ expNNN: 105/125
[12:44:15] ⏳ expUUU: 110/189
[12:45:15] ⏳ expNNN: 105/125
[12:45:15] ⏳ expUUU: 111/189
[12:46:15] ⏳ expNNN: 106/125
[12:46:15] ⏳ expUUU: 112/189
[12:47:15] ⏳ expNNN: 107/125
[12:47:15] ⏳ expUUU: 112/189
[12:48:16] ⏳ expNNN: 107/125
[12:48:16] ⏳ expUUU: 113/189
[12:49:16] ⏳ expNNN: 108/125
[12:49:16] ⏳ expUUU: 114/189
[12:50:16] ⏳ expNNN: 108/125
[12:50:16] ⏳ expUUU: 114/189
[12:51:16] ⏳ expNNN: 109/125
[12:51:16] ⏳ expUUU: 115/189
[12:52:16] ⏳ expNNN: 110/125
[12:52:16] 🎯 expQQQ: F1=0.322 cpk=1.000 per_rule={'rule1': 0.65, 'rule2': 0.414, 'rule3': 0.214, 'rule4': 0.667, 'rule5': 0.682, 'rule6': 0.636, 'rule7': 0.056, 'rule8': 0.615}
[12:52:16] ⏳ expUUU: 116/189
[12:53:16] ⏳ expNNN: 110/125
[12:53:16] ⏳ expUUU: 116/189
[12:54:16] ⏳ expNNN: 111/125
[12:54:16] ⏳ expUUU: 117/189
[12:55:16] ⏳ expNNN: 112/125
[12:55:16] ⏳ expUUU: 118/189
[12:56:17] ⏳ expNNN: 112/125
[12:56:17] ⏳ expUUU: 118/189
[12:57:17] ⏳ expNNN: 113/125
[12:57:17] ⏳ expUUU: 119/189
[12:58:17] ⏳ expNNN: 114/125
[12:58:17] ⏳ expUUU: 120/189
[12:59:17] ⏳ expNNN: 114/125
[12:59:17] ⏳ expUUU: 120/189
[13:00:17] ⏳ expNNN: 115/125
[13:00:17] ⏳ expUUU: 121/189
[13:01:17] ⏳ expNNN: 116/125
[13:01:17] ⏳ expUUU: 122/189
[13:02:17] ⏳ expNNN: 116/125
[13:02:17] ⏳ expUUU: 123/189
[13:03:17] ⏳ expNNN: 117/125
[13:03:17] ⏳ expUUU: 123/189
[13:04:17] ⏳ expNNN: 118/125
[13:04:18] ⏳ expUUU: 124/189
[13:05:18] ⏳ expNNN: 118/125
[13:05:18] ⏳ expUUU: 125/189
[13:06:18] ⏳ expNNN: 119/125
[13:06:18] ⏳ expUUU: 126/189
[13:07:18] ⏳ expNNN: 120/125
[13:07:18] ⏳ expUUU: 126/189
[13:08:18] ⏳ expNNN: 120/125
[13:08:18] ⏳ expUUU: 127/189
[13:09:18] ⏳ expNNN: 121/125
[13:09:18] ⏳ expUUU: 128/189
[13:10:18] ⏳ expNNN: 122/125
[13:10:18] ⏳ expUUU: 128/189
[13:11:18] ⏳ expNNN: 122/125
[13:11:18] ⏳ expUUU: 129/189
[13:12:18] ⏳ expNNN: 123/125
[13:12:19] ⏳ expUUU: 130/189
[13:13:19] ⏳ expNNN: 124/125
[13:13:19] ⏳ expUUU: 131/189
[13:14:19] ⏳ expNNN: 124/125
[13:14:19] ⏳ expUUU: 131/189
[13:15:19] ✅ expNNN: training complete
[13:15:19] 📊 expNNN: launching eval on GPU 0...
[13:15:19]    eval PID=289644
[13:15:19] ⏳ expUUU: 132/189
[13:16:19] ⏳ expUUU: 133/189
[13:17:19] ⏳ expUUU: 133/189
[13:18:19] ⏳ expUUU: 134/189
[13:19:19] ⏳ expUUU: 135/189
[13:20:19] ⏳ expUUU: 135/189
[13:21:19] ⏳ expUUU: 136/189
[13:22:19] ⏳ expUUU: 137/189
[13:23:20] ⏳ expUUU: 137/189
[13:24:20] ⏳ expUUU: 138/189
[13:25:20] ⏳ expUUU: 139/189
[13:26:20] ⏳ expUUU: 139/189
[13:27:20] ⏳ expUUU: 140/189
[13:28:20] ⏳ expUUU: 141/189
[13:29:20] ⏳ expUUU: 141/189
[13:30:20] ⏳ expUUU: 142/189
[13:31:20] ⏳ expUUU: 143/189
[13:32:20] ⏳ expUUU: 143/189
[13:33:21] ⏳ expUUU: 144/189
[13:34:21] ⏳ expUUU: 145/189
[13:35:21] ⏳ expUUU: 146/189
[13:36:21] ⏳ expUUU: 146/189
[13:37:21] ⏳ expUUU: 147/189
[13:38:21] ⏳ expUUU: 148/189
[13:39:21] ⏳ expUUU: 148/189
[13:40:21] ⏳ expUUU: 149/189
[13:41:21] ⏳ expUUU: 150/189
[13:42:21] ⏳ expUUU: 150/189
[13:43:22] ⏳ expUUU: 151/189
[13:44:22] ⏳ expUUU: 152/189
[13:45:22] ⏳ expUUU: 152/189
[13:46:22] ⏳ expUUU: 153/189
[13:47:22] ⏳ expUUU: 154/189
[13:48:22] ⏳ expUUU: 154/189
[13:49:22] ⏳ expUUU: 155/189
[13:50:22] ⏳ expUUU: 156/189
[13:51:22] ⏳ expUUU: 157/189
[13:52:22] ⏳ expUUU: 157/189
[13:53:23] ⏳ expUUU: 158/189
[13:54:23] ⏳ expUUU: 159/189
[13:55:23] ⏳ expUUU: 159/189
[13:56:23] ⏳ expUUU: 160/189
[13:57:23] ⏳ expUUU: 161/189
[13:58:23] ⏳ expUUU: 161/189
[13:59:23] ⏳ expUUU: 162/189
[14:00:23] ⏳ expUUU: 163/189
[14:01:23] ⏳ expUUU: 163/189
[14:02:23] ⏳ expUUU: 164/189
[14:03:23] ⏳ expUUU: 165/189
[14:04:24] ⏳ expUUU: 165/189
[14:05:24] ⏳ expUUU: 166/189
[14:06:24] ⏳ expUUU: 167/189
[14:07:24] ⏳ expUUU: 167/189
[14:08:24] 🎯 expOOO: F1=0.352 cpk=0.995 per_rule={'rule1': 0.65, 'rule2': 0.483, 'rule3': 0.357, 'rule4': 0.792, 'rule5': 0.591, 'rule6': 0.758, 'rule7': 0.389, 'rule8': 0.692}
[14:08:24] ⏳ expUUU: 168/189
[14:09:24] ⏳ expUUU: 169/189
[14:10:24] ⏳ expUUU: 170/189
[14:11:24] ⏳ expUUU: 170/189
[14:11:24] 🎯 expVVV: F1=0.413 cpk=1.000 per_rule={'rule1': 0.75, 'rule2': 0.345, 'rule3': 0.571, 'rule4': 0.917, 'rule5': 0.636, 'rule6': 0.818, 'rule7': 0.444, 'rule8': 0.923}
[14:12:24] ⏳ expUUU: 171/189
[14:13:24] ⏳ expUUU: 172/189
[14:14:24] 🎯 expSSS: F1=0.346 cpk=0.995 per_rule={'rule1': 0.65, 'rule2': 0.414, 'rule3': 0.393, 'rule4': 0.875, 'rule5': 0.818, 'rule6': 0.909, 'rule7': 0.167, 'rule8': 0.692}
[14:14:24] ⏳ expUUU: 172/189
[14:15:25] ⏳ expUUU: 173/189
[14:16:25] ⏳ expUUU: 174/189
[14:17:25] ⏳ expUUU: 174/189
[14:18:25] ⏳ expUUU: 175/189
[14:19:25] ⏳ expUUU: 176/189
[14:20:25] ⏳ expUUU: 176/189
[14:21:25] ⏳ expUUU: 177/189
[14:22:25] ⏳ expUUU: 178/189
[14:23:25] ⏳ expUUU: 178/189
[14:24:25] ⏳ expUUU: 179/189
[14:25:25] 🎯 expPPP: F1=0.399 cpk=1.000 per_rule={'rule1': 0.775, 'rule2': 0.414, 'rule3': 0.536, 'rule4': 0.917, 'rule5': 0.5, 'rule6': 0.788, 'rule7': 0.389, 'rule8': 0.692}
[14:25:25] ⏳ expUUU: 180/189
[14:26:25] ⏳ expUUU: 180/189
[14:27:26] ⏳ expUUU: 181/189
[14:28:26] ⏳ expUUU: 182/189
[14:29:26] ⏳ expUUU: 183/189
[14:30:26] ⏳ expUUU: 183/189
[14:31:26] ⏳ expUUU: 184/189
[14:32:26] ⏳ expUUU: 185/189
[14:33:26] ⏳ expUUU: 185/189
[14:34:26] ⏳ expUUU: 186/189
[14:35:26] ⏳ expUUU: 187/189
[14:36:26] ⏳ expUUU: 187/189
[14:37:26] ⏳ expUUU: 188/189
[14:38:26] ✅ expUUU: training complete
[14:38:26] 📊 expUUU: launching eval on GPU 6...
[14:38:26]    eval PID=295879
[15:02:28] 🎯 expTTT: F1=0.426 cpk=1.000 per_rule={'rule1': 0.75, 'rule2': 0.517, 'rule3': 0.464, 'rule4': 0.917, 'rule5': 0.727, 'rule6': 0.879, 'rule7': 0.333, 'rule8': 0.769}
[19:02:45] 🎯 expNNN: F1=0.347 cpk=0.995 per_rule={'rule1': 0.65, 'rule2': 0.379, 'rule3': 0.429, 'rule4': 0.875, 'rule5': 0.864, 'rule6': 0.818, 'rule7': 0.333, 'rule8': 0.846}
[20:26:50] 🎯 expUUU: F1=0.391 cpk=1.000 per_rule={'rule1': 0.75, 'rule2': 0.552, 'rule3': 0.5, 'rule4': 0.833, 'rule5': 0.773, 'rule6': 0.727, 'rule7': 0.333, 'rule8': 0.692}
[20:26:50] ✅ All experiments complete!

=== Results Summary ===
  expNNN: F1=0.356 cpk=1.000
    per_rule: {'rule1': 0.675, 'rule2': 0.379, 'rule3': 0.393, 'rule4': 0.917, 'rule5': 0.773, 'rule6': 0.788, 'rule7': 0.556, 'rule8': 0.846}
  expOOO: F1=0.335 cpk=1.000
    per_rule: {'rule1': 0.625, 'rule2': 0.379, 'rule3': 0.25, 'rule4': 0.75, 'rule5': 0.591, 'rule6': 0.758, 'rule7': 0.222, 'rule8': 0.769}
  expPPP: F1=0.386 cpk=1.000
    per_rule: {'rule1': 0.75, 'rule2': 0.483, 'rule3': 0.5, 'rule4': 0.958, 'rule5': 0.636, 'rule6': 0.727, 'rule7': 0.444, 'rule8': 0.692}
  expQQQ: F1=0.340 cpk=1.000
    per_rule: {'rule1': 0.675, 'rule2': 0.448, 'rule3': 0.286, 'rule4': 0.667, 'rule5': 0.864, 'rule6': 0.758, 'rule7': 0.333, 'rule8': 0.538}
  expSSS: F1=0.364 cpk=0.990
    per_rule: {'rule1': 0.625, 'rule2': 0.517, 'rule3': 0.429, 'rule4': 0.875, 'rule5': 0.864, 'rule6': 0.848, 'rule7': 0.444, 'rule8': 0.769}
  expTTT: F1=0.426 cpk=1.000
    per_rule: {'rule1': 0.75, 'rule2': 0.517, 'rule3': 0.464, 'rule4': 0.917, 'rule5': 0.727, 'rule6': 0.879, 'rule7': 0.333, 'rule8': 0.769}
  expUUU: F1=0.391 cpk=1.000
    per_rule: {'rule1': 0.75, 'rule2': 0.552, 'rule3': 0.5, 'rule4': 0.833, 'rule5': 0.773, 'rule6': 0.727, 'rule7': 0.333, 'rule8': 0.692}
  expVVV: F1=0.413 cpk=1.000
    per_rule: {'rule1': 0.75, 'rule2': 0.345, 'rule3': 0.571, 'rule4': 0.917, 'rule5': 0.636, 'rule6': 0.818, 'rule7': 0.444, 'rule8': 0.923}
