[Sat Apr 25 12:30:48 AM CST 2026] Batch 6 launcher started. Waiting for Batch 4+5 results...
[Sat Apr 25 12:30:48 AM CST 2026] Waiting... 8 results still missing
  ⏳ expMM: pending
  ⏳ expNN: pending
  ⏳ expPP: pending
  ⏳ expQQ: pending
  ⏳ expRR: pending
  ⏳ expSS: pending
  ⏳ expTT: pending
  ⏳ expUU: pending
[Sat Apr 25 12:32:48 AM CST 2026] Waiting... 8 results still missing
  ⏳ expMM: pending
  ⏳ expNN: pending
  ⏳ expPP: pending
  ⏳ expQQ: pending
  ⏳ expRR: pending
  ⏳ expSS: pending
  ⏳ expTT: pending
  ⏳ expUU: pending
[Sat Apr 25 12:34:48 AM CST 2026] Waiting... 8 results still missing
  ⏳ expMM: pending
  ⏳ expNN: pending
  ⏳ expPP: pending
  ⏳ expQQ: pending
  ⏳ expRR: pending
  ⏳ expSS: pending
  ⏳ expTT: pending
  ⏳ expUU: pending
[Sat Apr 25 12:36:48 AM CST 2026] Waiting... 8 results still missing
  ⏳ expMM: pending
  ⏳ expNN: pending
  ⏳ expPP: pending
  ⏳ expQQ: pending
  ⏳ expRR: pending
  ⏳ expSS: pending
  ⏳ expTT: pending
  ⏳ expUU: pending
[Sat Apr 25 12:38:48 AM CST 2026] Waiting... 8 results still missing
  ⏳ expMM: pending
  ⏳ expNN: pending
  ⏳ expPP: pending
  ⏳ expQQ: pending
  ⏳ expRR: pending
  ⏳ expSS: pending
  ⏳ expTT: pending
  ⏳ expUU: pending
[Sat Apr 25 12:40:48 AM CST 2026] Waiting... 8 results still missing
  ⏳ expMM: pending
  ⏳ expNN: pending
  ⏳ expPP: pending
  ⏳ expQQ: pending
  ⏳ expRR: pending
  ⏳ expSS: pending
  ⏳ expTT: pending
  ⏳ expUU: pending
[Sat Apr 25 12:42:48 AM CST 2026] Waiting... 8 results still missing
  ⏳ expMM: pending
  ⏳ expNN: pending
  ⏳ expPP: pending
  ⏳ expQQ: pending
  ⏳ expRR: pending
  ⏳ expSS: pending
  ⏳ expTT: pending
  ⏳ expUU: pending
[Sat Apr 25 12:44:49 AM CST 2026] Waiting... 8 results still missing
  ⏳ expMM: pending
  ⏳ expNN: pending
  ⏳ expPP: pending
  ⏳ expQQ: pending
  ⏳ expRR: pending
  ⏳ expSS: pending
  ⏳ expTT: pending
  ⏳ expUU: pending
[Sat Apr 25 12:46:49 AM CST 2026] Waiting... 8 results still missing
  ⏳ expMM: pending
  ⏳ expNN: pending
  ⏳ expPP: pending
  ⏳ expQQ: pending
  ⏳ expRR: pending
  ⏳ expSS: pending
  ⏳ expTT: pending
  ⏳ expUU: pending
[Sat Apr 25 12:48:49 AM CST 2026] Waiting... 8 results still missing
  ⏳ expMM: pending
  ⏳ expNN: pending
  ⏳ expPP: pending
  ⏳ expQQ: pending
  ⏳ expRR: pending
  ⏳ expSS: pending
  ⏳ expTT: pending
  ⏳ expUU: pending
[Sat Apr 25 12:50:49 AM CST 2026] Waiting... 8 results still missing
  ⏳ expMM: pending
  ⏳ expNN: pending
  ⏳ expPP: pending
  ⏳ expQQ: pending
  ⏳ expRR: pending
  ⏳ expSS: pending
  ⏳ expTT: pending
  ⏳ expUU: pending
[Sat Apr 25 12:52:49 AM CST 2026] Waiting... 8 results still missing
  ⏳ expMM: pending
  ⏳ expNN: pending
  ⏳ expPP: pending
  ⏳ expQQ: pending
  ⏳ expRR: pending
  ⏳ expSS: pending
  ⏳ expTT: pending
  ⏳ expUU: pending
[Sat Apr 25 12:54:49 AM CST 2026] Waiting... 8 results still missing
  ⏳ expMM: pending
  ⏳ expNN: pending
  ⏳ expPP: pending
  ⏳ expQQ: pending
  ⏳ expRR: pending
  ⏳ expSS: pending
  ⏳ expTT: pending
  ⏳ expUU: pending
[Sat Apr 25 12:56:49 AM CST 2026] Waiting... 8 results still missing
  ⏳ expMM: pending
  ⏳ expNN: pending
  ⏳ expPP: pending
  ⏳ expQQ: pending
  ⏳ expRR: pending
  ⏳ expSS: pending
  ⏳ expTT: pending
  ⏳ expUU: pending
[Sat Apr 25 12:58:49 AM CST 2026] Waiting... 8 results still missing
  ⏳ expMM: pending
  ⏳ expNN: pending
  ⏳ expPP: pending
  ⏳ expQQ: pending
  ⏳ expRR: pending
  ⏳ expSS: pending
  ⏳ expTT: pending
  ⏳ expUU: pending
[Sat Apr 25 01:00:49 AM CST 2026] Waiting... 8 results still missing
  ⏳ expMM: pending
  ⏳ expNN: pending
  ⏳ expPP: pending
  ⏳ expQQ: pending
  ⏳ expRR: pending
  ⏳ expSS: pending
  ⏳ expTT: pending
  ⏳ expUU: pending
[Sat Apr 25 01:02:49 AM CST 2026] Waiting... 8 results still missing
  ⏳ expMM: pending
  ⏳ expNN: pending
  ⏳ expPP: pending
  ⏳ expQQ: pending
  ⏳ expRR: pending
  ⏳ expSS: pending
  ⏳ expTT: pending
  ⏳ expUU: pending
[Sat Apr 25 01:04:49 AM CST 2026] Waiting... 8 results still missing
  ⏳ expMM: pending
  ⏳ expNN: pending
  ⏳ expPP: pending
  ⏳ expQQ: pending
  ⏳ expRR: pending
  ⏳ expSS: pending
  ⏳ expTT: pending
  ⏳ expUU: pending
[Sat Apr 25 01:06:49 AM CST 2026] Waiting... 8 results still missing
  ⏳ expMM: pending
  ⏳ expNN: pending
  ⏳ expPP: pending
  ⏳ expQQ: pending
  ⏳ expRR: pending
  ⏳ expSS: pending
  ⏳ expTT: pending
  ⏳ expUU: pending
[Sat Apr 25 01:08:49 AM CST 2026] Waiting... 8 results still missing
  ⏳ expMM: pending
  ⏳ expNN: pending
  ⏳ expPP: pending
  ⏳ expQQ: pending
  ⏳ expRR: pending
  ⏳ expSS: pending
  ⏳ expTT: pending
  ⏳ expUU: pending
[Sat Apr 25 01:10:50 AM CST 2026] Waiting... 8 results still missing
  ⏳ expMM: pending
  ⏳ expNN: pending
  ⏳ expPP: pending
  ⏳ expQQ: pending
  ⏳ expRR: pending
  ⏳ expSS: pending
  ⏳ expTT: pending
  ⏳ expUU: pending
[Sat Apr 25 01:12:50 AM CST 2026] Waiting... 8 results still missing
  ⏳ expMM: pending
  ⏳ expNN: pending
  ⏳ expPP: pending
  ⏳ expQQ: pending
  ⏳ expRR: pending
  ⏳ expSS: pending
  ⏳ expTT: pending
  ⏳ expUU: pending
[Sat Apr 25 01:14:50 AM CST 2026] Waiting... 8 results still missing
  ⏳ expMM: pending
  ⏳ expNN: pending
  ⏳ expPP: pending
  ⏳ expQQ: pending
  ⏳ expRR: pending
  ⏳ expSS: pending
  ⏳ expTT: pending
  ⏳ expUU: pending
[Sat Apr 25 01:16:50 AM CST 2026] Waiting... 8 results still missing
  ⏳ expMM: pending
  ⏳ expNN: pending
  ⏳ expPP: pending
  ⏳ expQQ: pending
  ⏳ expRR: pending
  ⏳ expSS: pending
  ⏳ expTT: pending
  ⏳ expUU: pending
[Sat Apr 25 01:18:50 AM CST 2026] Waiting... 8 results still missing
  ⏳ expMM: pending
  ⏳ expNN: pending
  ⏳ expPP: pending
  ⏳ expQQ: pending
  ⏳ expRR: pending
  ⏳ expSS: pending
  ⏳ expTT: pending
  ⏳ expUU: pending
[Sat Apr 25 01:20:50 AM CST 2026] Waiting... 8 results still missing
  ⏳ expMM: pending
  ⏳ expNN: pending
  ⏳ expPP: pending
  ⏳ expQQ: pending
  ⏳ expRR: pending
  ⏳ expSS: pending
  ⏳ expTT: pending
  ⏳ expUU: pending
[Sat Apr 25 01:22:50 AM CST 2026] Waiting... 8 results still missing
  ⏳ expMM: pending
  ⏳ expNN: pending
  ⏳ expPP: pending
  ⏳ expQQ: pending
  ⏳ expRR: pending
  ⏳ expSS: pending
  ⏳ expTT: pending
  ⏳ expUU: pending
[Sat Apr 25 01:24:50 AM CST 2026] Waiting... 8 results still missing
  ⏳ expMM: pending
  ⏳ expNN: pending
  ⏳ expPP: pending
  ⏳ expQQ: pending
  ⏳ expRR: pending
  ⏳ expSS: pending
  ⏳ expTT: pending
  ⏳ expUU: pending
[Sat Apr 25 01:26:50 AM CST 2026] Waiting... 8 results still missing
  ⏳ expMM: pending
  ⏳ expNN: pending
  ⏳ expPP: pending
  ⏳ expQQ: pending
  ⏳ expRR: pending
  ⏳ expSS: pending
  ⏳ expTT: pending
  ⏳ expUU: pending
[Sat Apr 25 01:28:50 AM CST 2026] Waiting... 8 results still missing
  ⏳ expMM: pending
  ⏳ expNN: pending
  ⏳ expPP: pending
  ⏳ expQQ: pending
  ⏳ expRR: pending
  ⏳ expSS: pending
  ⏳ expTT: pending
  ⏳ expUU: pending
[Sat Apr 25 01:30:50 AM CST 2026] Waiting... 8 results still missing
  ⏳ expMM: pending
  ⏳ expNN: pending
  ⏳ expPP: pending
  ⏳ expQQ: pending
  ⏳ expRR: pending
  ⏳ expSS: pending
  ⏳ expTT: pending
  ⏳ expUU: pending
[Sat Apr 25 01:32:50 AM CST 2026] Waiting... 8 results still missing
  ⏳ expMM: pending
  ⏳ expNN: pending
  ⏳ expPP: pending
  ⏳ expQQ: pending
  ⏳ expRR: pending
  ⏳ expSS: pending
  ⏳ expTT: pending
  ⏳ expUU: pending
[Sat Apr 25 01:34:50 AM CST 2026] Waiting... 8 results still missing
  ⏳ expMM: pending
  ⏳ expNN: pending
  ⏳ expPP: pending
  ⏳ expQQ: pending
  ⏳ expRR: pending
  ⏳ expSS: pending
  ⏳ expTT: pending
  ⏳ expUU: pending
[Sat Apr 25 01:36:51 AM CST 2026] Waiting... 8 results still missing
  ⏳ expMM: pending
  ⏳ expNN: pending
  ⏳ expPP: pending
  ⏳ expQQ: pending
  ⏳ expRR: pending
  ⏳ expSS: pending
  ⏳ expTT: pending
  ⏳ expUU: pending
[Sat Apr 25 01:38:51 AM CST 2026] Waiting... 8 results still missing
  ⏳ expMM: pending
  ⏳ expNN: pending
  ⏳ expPP: pending
  ⏳ expQQ: pending
  ⏳ expRR: pending
  ⏳ expSS: pending
  ⏳ expTT: pending
  ⏳ expUU: pending
[Sat Apr 25 01:40:51 AM CST 2026] Waiting... 8 results still missing
  ⏳ expMM: pending
  ⏳ expNN: pending
  ⏳ expPP: pending
  ⏳ expQQ: pending
  ⏳ expRR: pending
  ⏳ expSS: pending
  ⏳ expTT: pending
  ⏳ expUU: pending
[Sat Apr 25 01:42:51 AM CST 2026] Waiting... 8 results still missing
  ⏳ expMM: pending
  ⏳ expNN: pending
  ⏳ expPP: pending
  ⏳ expQQ: pending
  ⏳ expRR: pending
  ⏳ expSS: pending
  ⏳ expTT: pending
  ⏳ expUU: pending
[Sat Apr 25 01:44:51 AM CST 2026] Waiting... 8 results still missing
  ⏳ expMM: pending
  ⏳ expNN: pending
  ⏳ expPP: pending
  ⏳ expQQ: pending
  ⏳ expRR: pending
  ⏳ expSS: pending
  ⏳ expTT: pending
  ⏳ expUU: pending
[Sat Apr 25 01:46:51 AM CST 2026] Waiting... 8 results still missing
  ⏳ expMM: pending
  ⏳ expNN: pending
  ⏳ expPP: pending
  ⏳ expQQ: pending
  ⏳ expRR: pending
  ⏳ expSS: pending
  ⏳ expTT: pending
  ⏳ expUU: pending
[Sat Apr 25 01:48:51 AM CST 2026] Waiting... 8 results still missing
  ⏳ expMM: pending
  ⏳ expNN: pending
  ⏳ expPP: pending
  ⏳ expQQ: pending
  ⏳ expRR: pending
  ⏳ expSS: pending
  ⏳ expTT: pending
  ⏳ expUU: pending
[Sat Apr 25 01:50:51 AM CST 2026] Waiting... 8 results still missing
  ⏳ expMM: pending
  ⏳ expNN: pending
  ⏳ expPP: pending
  ⏳ expQQ: pending
  ⏳ expRR: pending
  ⏳ expSS: pending
  ⏳ expTT: pending
  ⏳ expUU: pending
[Sat Apr 25 01:52:51 AM CST 2026] Waiting... 8 results still missing
  ⏳ expMM: pending
  ⏳ expNN: pending
  ⏳ expPP: pending
  ⏳ expQQ: pending
  ⏳ expRR: pending
  ⏳ expSS: pending
  ⏳ expTT: pending
  ⏳ expUU: pending
[Sat Apr 25 01:54:51 AM CST 2026] Waiting... 8 results still missing
  ⏳ expMM: pending
  ⏳ expNN: pending
  ⏳ expPP: pending
  ⏳ expQQ: pending
  ⏳ expRR: pending
  ⏳ expSS: pending
  ⏳ expTT: pending
  ⏳ expUU: pending
[Sat Apr 25 01:56:51 AM CST 2026] Waiting... 8 results still missing
  ⏳ expMM: pending
  ⏳ expNN: pending
  ⏳ expPP: pending
  ⏳ expQQ: pending
  ⏳ expRR: pending
  ⏳ expSS: pending
  ⏳ expTT: pending
  ⏳ expUU: pending
[Sat Apr 25 01:58:51 AM CST 2026] Waiting... 8 results still missing
  ⏳ expMM: pending
  ⏳ expNN: pending
  ⏳ expPP: pending
  ⏳ expQQ: pending
  ⏳ expRR: pending
  ⏳ expSS: pending
  ⏳ expTT: pending
  ⏳ expUU: pending
[Sat Apr 25 02:00:52 AM CST 2026] Waiting... 8 results still missing
  ⏳ expMM: pending
  ⏳ expNN: pending
  ⏳ expPP: pending
  ⏳ expQQ: pending
  ⏳ expRR: pending
  ⏳ expSS: pending
  ⏳ expTT: pending
  ⏳ expUU: pending
[Sat Apr 25 02:02:52 AM CST 2026] Waiting... 8 results still missing
  ⏳ expMM: pending
  ⏳ expNN: pending
  ⏳ expPP: pending
  ⏳ expQQ: pending
  ⏳ expRR: pending
  ⏳ expSS: pending
  ⏳ expTT: pending
  ⏳ expUU: pending
[Sat Apr 25 02:04:52 AM CST 2026] Waiting... 8 results still missing
  ⏳ expMM: pending
  ⏳ expNN: pending
  ⏳ expPP: pending
  ⏳ expQQ: pending
  ⏳ expRR: pending
  ⏳ expSS: pending
  ⏳ expTT: pending
  ⏳ expUU: pending
[Sat Apr 25 02:06:52 AM CST 2026] Waiting... 8 results still missing
  ⏳ expMM: pending
  ⏳ expNN: pending
  ⏳ expPP: pending
  ⏳ expQQ: pending
  ⏳ expRR: pending
  ⏳ expSS: pending
  ⏳ expTT: pending
  ⏳ expUU: pending
[Sat Apr 25 02:08:52 AM CST 2026] Waiting... 8 results still missing
  ⏳ expMM: pending
  ⏳ expNN: pending
  ⏳ expPP: pending
  ⏳ expQQ: pending
  ⏳ expRR: pending
  ⏳ expSS: pending
  ⏳ expTT: pending
  ⏳ expUU: pending
[Sat Apr 25 02:10:52 AM CST 2026] Waiting... 8 results still missing
  ⏳ expMM: pending
  ⏳ expNN: pending
  ⏳ expPP: pending
  ⏳ expQQ: pending
  ⏳ expRR: pending
  ⏳ expSS: pending
  ⏳ expTT: pending
  ⏳ expUU: pending
[Sat Apr 25 02:12:52 AM CST 2026] Waiting... 8 results still missing
  ⏳ expMM: pending
  ⏳ expNN: pending
  ⏳ expPP: pending
  ⏳ expQQ: pending
  ⏳ expRR: pending
  ⏳ expSS: pending
  ⏳ expTT: pending
  ⏳ expUU: pending
[Sat Apr 25 02:14:52 AM CST 2026] Waiting... 8 results still missing
  ⏳ expMM: pending
  ⏳ expNN: pending
  ⏳ expPP: pending
  ⏳ expQQ: pending
  ⏳ expRR: pending
  ⏳ expSS: pending
  ⏳ expTT: pending
  ⏳ expUU: pending
[Sat Apr 25 02:16:52 AM CST 2026] Waiting... 8 results still missing
  ⏳ expMM: pending
  ⏳ expNN: pending
  ⏳ expPP: pending
  ⏳ expQQ: pending
  ⏳ expRR: pending
  ⏳ expSS: pending
  ⏳ expTT: pending
  ⏳ expUU: pending
[Sat Apr 25 02:18:52 AM CST 2026] Waiting... 6 results still missing
  ⏳ expMM: pending
  ⏳ expNN: pending
  ⏳ expPP: pending
  ⏳ expQQ: pending
  ⏳ expRR: pending
  ✓ expSS: F1=0.313
  ✓ expTT: F1=0.319
  ⏳ expUU: pending
[Sat Apr 25 02:20:52 AM CST 2026] All Batch 4+5 evals complete!
launch_batch6.sh: error reading input file: No such file or directory
