[21:03:10] Starting monitor for: ['expGGG', 'expHHH']
[21:03:10] ⏳ expGGG: 5/17
[21:03:10] ⏳ expHHH: 5/17
[21:04:10] ⏳ expGGG: 17/17
[21:04:10] ⏳ expHHH: 17/17
[21:05:10] ⏳ expGGG: 0/125
[21:05:10] ⏳ expHHH: 0/150
[21:06:10] ⏳ expGGG: 1/125
[21:06:10] ⏳ expHHH: 1/150
[21:07:10] ⏳ expGGG: 2/125
[21:07:10] ⏳ expHHH: 1/150
[21:08:10] ⏳ expGGG: 2/125
[21:08:10] ⏳ expHHH: 2/150
[21:09:10] ⏳ expGGG: 3/125
[21:09:10] ⏳ expHHH: 3/150
[21:10:10] ⏳ expGGG: 3/125
[21:10:10] ⏳ expHHH: 3/150
[21:11:11] ⏳ expGGG: 4/125
[21:11:11] ⏳ expHHH: 4/150
[21:12:11] ⏳ expGGG: 5/125
[21:12:11] ⏳ expHHH: 5/150
[21:13:11] ⏳ expGGG: 5/125
[21:13:11] ⏳ expHHH: 5/150
[21:14:11] ⏳ expGGG: 6/125
[21:14:11] ⏳ expHHH: 6/150
[21:15:11] ⏳ expGGG: 7/125
[21:15:11] ⏳ expHHH: 7/150
[21:16:11] ⏳ expGGG: 7/125
[21:16:11] ⏳ expHHH: 7/150
[21:17:11] ⏳ expGGG: 8/125
[21:17:11] ⏳ expHHH: 8/150
[21:18:11] ⏳ expGGG: 9/125
[21:18:11] ⏳ expHHH: 9/150
[21:19:11] ⏳ expGGG: 9/125
[21:19:11] ⏳ expHHH: 9/150
[21:20:11] ⏳ expGGG: 10/125
[21:20:11] ⏳ expHHH: 10/150
[21:21:11] ⏳ expGGG: 11/125
[21:21:11] ⏳ expHHH: 11/150
[21:22:11] ⏳ expGGG: 11/125
[21:22:11] ⏳ expHHH: 11/150
[21:23:11] ⏳ expGGG: 12/125
[21:23:11] ⏳ expHHH: 12/150
[21:24:12] ⏳ expGGG: 13/125
[21:24:12] ⏳ expHHH: 13/150
[21:25:12] ⏳ expGGG: 13/125
[21:25:12] ⏳ expHHH: 13/150
[21:26:12] ⏳ expGGG: 14/125
[21:26:12] ⏳ expHHH: 14/150
[21:27:12] ⏳ expGGG: 15/125
[21:27:12] ⏳ expHHH: 15/150
[21:28:12] ⏳ expGGG: 15/125
[21:28:12] ⏳ expHHH: 15/150
[21:29:12] ⏳ expGGG: 16/125
[21:29:12] ⏳ expHHH: 16/150
[21:30:12] ⏳ expGGG: 17/125
[21:30:12] ⏳ expHHH: 17/150
[21:31:12] ⏳ expGGG: 17/125
[21:31:12] ⏳ expHHH: 17/150
[21:32:12] ⏳ expGGG: 18/125
[21:32:12] ⏳ expHHH: 18/150
[21:33:12] ⏳ expGGG: 19/125
[21:33:12] ⏳ expHHH: 18/150
[21:34:12] ⏳ expGGG: 19/125
[21:34:12] ⏳ expHHH: 19/150
[21:35:13] ⏳ expGGG: 20/125
[21:35:13] ⏳ expHHH: 20/150
[21:36:13] ⏳ expGGG: 21/125
[21:36:13] ⏳ expHHH: 20/150
[21:37:13] ⏳ expGGG: 21/125
[21:37:13] ⏳ expHHH: 21/150
[21:38:13] ⏳ expGGG: 22/125
[21:38:13] ⏳ expHHH: 22/150
[21:39:13] ⏳ expGGG: 22/125
[21:39:13] ⏳ expHHH: 22/150
[21:40:13] ⏳ expGGG: 23/125
[21:40:13] ⏳ expHHH: 23/150
[21:41:13] ⏳ expGGG: 24/125
[21:41:13] ⏳ expHHH: 24/150
[21:42:13] ⏳ expGGG: 24/125
[21:42:13] ⏳ expHHH: 24/150
[21:43:13] ⏳ expGGG: 25/125
[21:43:13] ⏳ expHHH: 25/150
[21:44:13] ⏳ expGGG: 26/125
[21:44:13] ⏳ expHHH: 26/150
[21:45:13] ⏳ expGGG: 26/125
[21:45:13] ⏳ expHHH: 26/150
[21:46:13] ⏳ expGGG: 27/125
[21:46:13] ⏳ expHHH: 27/150
[21:47:13] ⏳ expGGG: 28/125
[21:47:13] ⏳ expHHH: 28/150
[21:48:14] ⏳ expGGG: 28/125
[21:48:14] ⏳ expHHH: 28/150
[21:49:14] ⏳ expGGG: 29/125
[21:49:14] ⏳ expHHH: 29/150
[21:50:14] ⏳ expGGG: 29/125
[21:50:14] ⏳ expHHH: 30/150
[21:51:14] ⏳ expGGG: 30/125
[21:51:14] ⏳ expHHH: 30/150
[21:52:14] ⏳ expGGG: 31/125
[21:52:14] ⏳ expHHH: 31/150
[21:53:14] ⏳ expGGG: 31/125
[21:53:14] ⏳ expHHH: 32/150
[21:54:14] ⏳ expGGG: 32/125
[21:54:14] ⏳ expHHH: 32/150
[21:55:14] ⏳ expGGG: 33/125
[21:55:14] ⏳ expHHH: 33/150
[21:56:14] ⏳ expGGG: 33/125
[21:56:14] ⏳ expHHH: 34/150
[21:57:14] ⏳ expGGG: 34/125
[21:57:14] ⏳ expHHH: 34/150
[21:58:14] ⏳ expGGG: 35/125
[21:58:14] ⏳ expHHH: 35/150
[21:59:14] ⏳ expGGG: 35/125
[21:59:14] ⏳ expHHH: 35/150
[22:00:14] ⏳ expGGG: 36/125
[22:00:14] ⏳ expHHH: 36/150
[22:01:15] ⏳ expGGG: 37/125
[22:01:15] ⏳ expHHH: 37/150
[22:02:15] ⏳ expGGG: 37/125
[22:02:15] ⏳ expHHH: 37/150
[22:03:15] ⏳ expGGG: 38/125
[22:03:15] ⏳ expHHH: 38/150
[22:04:15] ⏳ expGGG: 39/125
[22:04:15] ⏳ expHHH: 39/150
[22:05:15] ⏳ expGGG: 39/125
[22:05:15] ⏳ expHHH: 39/150
[22:06:15] ⏳ expGGG: 40/125
[22:06:15] ⏳ expHHH: 40/150
[22:07:15] ⏳ expGGG: 41/125
[22:07:15] ⏳ expHHH: 41/150
[22:08:15] ⏳ expGGG: 41/125
[22:08:15] ⏳ expHHH: 41/150
[22:09:15] ⏳ expGGG: 42/125
[22:09:15] ⏳ expHHH: 42/150
[22:10:15] ⏳ expGGG: 43/125
[22:10:15] ⏳ expHHH: 43/150
[22:11:15] ⏳ expGGG: 43/125
[22:11:15] ⏳ expHHH: 43/150
[22:12:15] ⏳ expGGG: 44/125
[22:12:15] ⏳ expHHH: 44/150
[22:13:15] ⏳ expGGG: 45/125
[22:13:15] ⏳ expHHH: 45/150
[22:14:16] ⏳ expGGG: 45/125
[22:14:16] ⏳ expHHH: 45/150
[22:15:16] ⏳ expGGG: 46/125
[22:15:16] ⏳ expHHH: 46/150
[22:16:16] ⏳ expGGG: 47/125
[22:16:16] ⏳ expHHH: 47/150
[22:17:16] ⏳ expGGG: 47/125
[22:17:16] ⏳ expHHH: 47/150
[22:18:16] ⏳ expGGG: 48/125
[22:18:16] ⏳ expHHH: 48/150
[22:19:16] ⏳ expGGG: 49/125
[22:19:16] ⏳ expHHH: 49/150
[22:20:16] ⏳ expGGG: 49/125
[22:20:16] ⏳ expHHH: 49/150
[22:21:16] ⏳ expGGG: 50/125
[22:21:16] ⏳ expHHH: 50/150
[22:22:16] ⏳ expGGG: 50/125
[22:22:16] ⏳ expHHH: 50/150
[22:23:16] ⏳ expGGG: 51/125
[22:23:16] ⏳ expHHH: 51/150
[22:24:16] ⏳ expGGG: 52/125
[22:24:16] ⏳ expHHH: 52/150
[22:25:16] ⏳ expGGG: 52/125
[22:25:16] ⏳ expHHH: 52/150
[22:26:16] ⏳ expGGG: 53/125
[22:26:16] ⏳ expHHH: 53/150
[22:27:17] ⏳ expGGG: 54/125
[22:27:17] ⏳ expHHH: 54/150
[22:28:17] ⏳ expGGG: 54/125
[22:28:17] ⏳ expHHH: 54/150
[22:29:17] ⏳ expGGG: 55/125
[22:29:17] ⏳ expHHH: 55/150
[22:30:17] ⏳ expGGG: 56/125
[22:30:17] ⏳ expHHH: 56/150
[22:31:17] ⏳ expGGG: 56/125
[22:31:17] ⏳ expHHH: 56/150
[22:32:17] ⏳ expGGG: 57/125
[22:32:17] ⏳ expHHH: 57/150
[22:33:17] ⏳ expGGG: 58/125
[22:33:17] ⏳ expHHH: 58/150
[22:34:17] ⏳ expGGG: 58/125
[22:34:17] ⏳ expHHH: 58/150
[22:35:17] ⏳ expGGG: 59/125
[22:35:17] ⏳ expHHH: 59/150
[22:36:17] ⏳ expGGG: 60/125
[22:36:17] ⏳ expHHH: 60/150
[22:37:17] ⏳ expGGG: 60/125
[22:37:17] ⏳ expHHH: 60/150
[22:38:18] ⏳ expGGG: 61/125
[22:38:18] ⏳ expHHH: 61/150
[22:39:18] ⏳ expGGG: 62/125
[22:39:18] ⏳ expHHH: 62/150
[22:40:18] ⏳ expGGG: 62/125
[22:40:18] ⏳ expHHH: 62/150
[22:41:18] ⏳ expGGG: 63/125
[22:41:18] ⏳ expHHH: 63/150
[22:42:18] ⏳ expGGG: 64/125
[22:42:18] ⏳ expHHH: 64/150
[22:43:18] ⏳ expGGG: 64/125
[22:43:18] ⏳ expHHH: 64/150
[22:44:18] ⏳ expGGG: 65/125
[22:44:18] ⏳ expHHH: 65/150
[22:45:18] ⏳ expGGG: 66/125
[22:45:18] ⏳ expHHH: 66/150
[22:46:18] ⏳ expGGG: 66/125
[22:46:18] ⏳ expHHH: 66/150
[22:47:18] ⏳ expGGG: 67/125
[22:47:18] ⏳ expHHH: 67/150
[22:48:18] ⏳ expGGG: 67/125
[22:48:19] ⏳ expHHH: 68/150
[22:49:19] ⏳ expGGG: 68/125
[22:49:19] ⏳ expHHH: 68/150
[22:50:19] ⏳ expGGG: 69/125
[22:50:19] ⏳ expHHH: 69/150
[22:51:19] ⏳ expGGG: 69/125
[22:51:19] ⏳ expHHH: 70/150
[22:52:19] ⏳ expGGG: 70/125
[22:52:19] ⏳ expHHH: 70/150
[22:53:19] ⏳ expGGG: 71/125
[22:53:19] ⏳ expHHH: 71/150
[22:54:19] ⏳ expGGG: 71/125
[22:54:19] ⏳ expHHH: 72/150
[22:55:19] ⏳ expGGG: 72/125
[22:55:19] ⏳ expHHH: 72/150
[22:56:19] ⏳ expGGG: 73/125
[22:56:19] ⏳ expHHH: 73/150
[22:57:19] ⏳ expGGG: 73/125
[22:57:19] ⏳ expHHH: 74/150
[22:58:19] ⏳ expGGG: 74/125
[22:58:20] ⏳ expHHH: 74/150
[22:59:20] ⏳ expGGG: 75/125
[22:59:20] ⏳ expHHH: 75/150
[23:00:20] ⏳ expGGG: 75/125
[23:00:20] ⏳ expHHH: 76/150
[23:01:20] ⏳ expGGG: 76/125
[23:01:20] ⏳ expHHH: 76/150
[23:02:20] ⏳ expGGG: 76/125
[23:02:20] ⏳ expHHH: 77/150
[23:03:20] ⏳ expGGG: 77/125
[23:03:20] ⏳ expHHH: 77/150
[23:04:20] ⏳ expGGG: 78/125
[23:04:20] ⏳ expHHH: 78/150
[23:05:20] ⏳ expGGG: 78/125
[23:05:20] ⏳ expHHH: 79/150
[23:06:20] ⏳ expGGG: 79/125
[23:06:20] ⏳ expHHH: 79/150
[23:07:20] ⏳ expGGG: 80/125
[23:07:20] ⏳ expHHH: 80/150
[23:08:20] ⏳ expGGG: 80/125
[23:08:20] ⏳ expHHH: 81/150
[23:09:21] ⏳ expGGG: 81/125
[23:09:21] ⏳ expHHH: 81/150
[23:10:21] ⏳ expGGG: 82/125
[23:10:21] ⏳ expHHH: 82/150
[23:11:21] ⏳ expGGG: 82/125
[23:11:21] ⏳ expHHH: 83/150
[23:12:21] ⏳ expGGG: 83/125
[23:12:21] ⏳ expHHH: 83/150
[23:13:21] ⏳ expGGG: 84/125
[23:13:21] ⏳ expHHH: 84/150
[23:14:21] ⏳ expGGG: 84/125
[23:14:21] ⏳ expHHH: 85/150
[23:15:21] ⏳ expGGG: 85/125
[23:15:21] ⏳ expHHH: 85/150
[23:16:21] ⏳ expGGG: 86/125
[23:16:21] ⏳ expHHH: 86/150
[23:17:21] ⏳ expGGG: 86/125
[23:17:21] ⏳ expHHH: 87/150
[23:18:21] ⏳ expGGG: 87/125
[23:18:21] ⏳ expHHH: 87/150
[23:19:21] ⏳ expGGG: 88/125
[23:19:21] ⏳ expHHH: 88/150
[23:20:22] ⏳ expGGG: 88/125
[23:20:22] ⏳ expHHH: 89/150
[23:21:22] ⏳ expGGG: 89/125
[23:21:22] ⏳ expHHH: 89/150
[23:22:22] ⏳ expGGG: 90/125
[23:22:22] ⏳ expHHH: 90/150
[23:23:22] ⏳ expGGG: 90/125
[23:23:22] ⏳ expHHH: 90/150
[23:24:22] ⏳ expGGG: 91/125
[23:24:22] ⏳ expHHH: 91/150
[23:25:22] ⏳ expGGG: 92/125
[23:25:22] ⏳ expHHH: 92/150
[23:26:22] ⏳ expGGG: 92/125
[23:26:22] ⏳ expHHH: 92/150
[23:27:22] ⏳ expGGG: 93/125
[23:27:22] ⏳ expHHH: 93/150
[23:28:22] ⏳ expGGG: 93/125
[23:28:22] ⏳ expHHH: 94/150
[23:29:22] ⏳ expGGG: 94/125
[23:29:22] ⏳ expHHH: 94/150
[23:30:23] ⏳ expGGG: 95/125
[23:30:23] ⏳ expHHH: 95/150
[23:31:23] ⏳ expGGG: 95/125
[23:31:23] ⏳ expHHH: 96/150
[23:32:23] ⏳ expGGG: 96/125
[23:32:23] ⏳ expHHH: 96/150
[23:33:23] ⏳ expGGG: 97/125
[23:33:23] ⏳ expHHH: 97/150
[23:34:23] ⏳ expGGG: 97/125
[23:34:23] ⏳ expHHH: 98/150
[23:35:23] ⏳ expGGG: 98/125
[23:35:23] ⏳ expHHH: 98/150
[23:36:23] ⏳ expGGG: 99/125
[23:36:23] ⏳ expHHH: 99/150
[23:37:23] ⏳ expGGG: 99/125
[23:37:23] ⏳ expHHH: 100/150
[23:38:23] ⏳ expGGG: 100/125
[23:38:23] ⏳ expHHH: 100/150
[23:39:23] ⏳ expGGG: 100/125
[23:39:23] ⏳ expHHH: 101/150
[23:40:24] ⏳ expGGG: 101/125
[23:40:24] ⏳ expHHH: 101/150
[23:41:24] ⏳ expGGG: 102/125
[23:41:24] ⏳ expHHH: 102/150
[23:42:24] ⏳ expGGG: 102/125
[23:42:24] ⏳ expHHH: 103/150
[23:43:24] ⏳ expGGG: 103/125
[23:43:24] ⏳ expHHH: 103/150
[23:44:24] ⏳ expGGG: 104/125
[23:44:24] ⏳ expHHH: 104/150
[23:45:24] ⏳ expGGG: 104/125
[23:45:24] ⏳ expHHH: 105/150
[23:46:24] ⏳ expGGG: 105/125
[23:46:24] ⏳ expHHH: 105/150
[23:47:24] ⏳ expGGG: 106/125
[23:47:24] ⏳ expHHH: 106/150
[23:48:24] ⏳ expGGG: 106/125
[23:48:24] ⏳ expHHH: 107/150
[23:49:24] ⏳ expGGG: 107/125
[23:49:24] ⏳ expHHH: 107/150
[23:50:25] ⏳ expGGG: 108/125
[23:50:25] ⏳ expHHH: 108/150
[23:51:25] ⏳ expGGG: 108/125
[23:51:25] ⏳ expHHH: 109/150
[23:52:25] ⏳ expGGG: 109/125
[23:52:25] ⏳ expHHH: 109/150
[23:53:25] ⏳ expGGG: 110/125
[23:53:25] ⏳ expHHH: 110/150
[23:54:25] ⏳ expGGG: 110/125
[23:54:25] ⏳ expHHH: 111/150
[23:55:25] ⏳ expGGG: 111/125
[23:55:25] ⏳ expHHH: 111/150
[23:56:25] ⏳ expGGG: 112/125
[23:56:25] ⏳ expHHH: 112/150
[23:57:25] ⏳ expGGG: 112/125
[23:57:25] ⏳ expHHH: 113/150
[23:58:25] ⏳ expGGG: 113/125
[23:58:25] ⏳ expHHH: 113/150
[23:59:25] ⏳ expGGG: 114/125
[23:59:25] ⏳ expHHH: 114/150
[00:00:26] ⏳ expGGG: 114/125
[00:00:26] ⏳ expHHH: 115/150
[00:01:26] ⏳ expGGG: 115/125
[00:01:26] ⏳ expHHH: 115/150
[00:02:26] ⏳ expGGG: 116/125
[00:02:26] ⏳ expHHH: 116/150
[00:03:26] ⏳ expGGG: 116/125
[00:03:26] ⏳ expHHH: 117/150
[00:04:26] ⏳ expGGG: 117/125
[00:04:26] ⏳ expHHH: 117/150
[00:05:26] ⏳ expGGG: 118/125
[00:05:26] ⏳ expHHH: 118/150
[00:06:26] ⏳ expGGG: 118/125
[00:06:26] ⏳ expHHH: 119/150
[00:07:26] ⏳ expGGG: 119/125
[00:07:26] ⏳ expHHH: 119/150
[00:08:26] ⏳ expGGG: 120/125
[00:08:26] ⏳ expHHH: 120/150
[00:09:26] ⏳ expGGG: 120/125
[00:09:26] ⏳ expHHH: 120/150
[00:10:27] ⏳ expGGG: 121/125
[00:10:27] ⏳ expHHH: 121/150
[00:11:27] ⏳ expGGG: 122/125
[00:11:27] ⏳ expHHH: 122/150
[00:12:27] ⏳ expGGG: 122/125
[00:12:27] ⏳ expHHH: 122/150
[00:13:27] ⏳ expGGG: 123/125
[00:13:27] ⏳ expHHH: 123/150
[00:14:27] ⏳ expGGG: 124/125
[00:14:27] ⏳ expHHH: 124/150
[00:15:27] ⏳ expGGG: 124/125
[00:15:27] ⏳ expHHH: 124/150
[00:16:27] ✅ expGGG: training complete
[00:16:27] 📊 expGGG: launching eval on GPU 0...
[00:16:27]    eval PID=222606
[00:16:27] ⏳ expHHH: 125/150
[00:17:27] ⏳ expHHH: 126/150
[00:18:27] ⏳ expHHH: 126/150
[00:19:27] ⏳ expHHH: 127/150
[00:20:27] ⏳ expHHH: 128/150
[00:21:27] ⏳ expHHH: 128/150
[00:22:28] ⏳ expHHH: 129/150
[00:23:28] ⏳ expHHH: 130/150
[00:24:28] ⏳ expHHH: 130/150
[00:25:28] ⏳ expHHH: 131/150
[00:26:28] ⏳ expHHH: 132/150
[00:27:28] ⏳ expHHH: 132/150
[00:28:28] ⏳ expHHH: 133/150
[00:29:28] ⏳ expHHH: 133/150
[00:30:28] ⏳ expHHH: 134/150
[00:31:28] ⏳ expHHH: 135/150
[00:32:28] ⏳ expHHH: 135/150
[00:33:28] ⏳ expHHH: 136/150
[00:34:29] ⏳ expHHH: 137/150
[00:35:29] ⏳ expHHH: 137/150
[00:36:29] ⏳ expHHH: 138/150
[00:37:29] ⏳ expHHH: 139/150
[00:38:29] ⏳ expHHH: 139/150
[00:39:29] ⏳ expHHH: 140/150
[00:40:29] ⏳ expHHH: 141/150
[00:41:29] ⏳ expHHH: 141/150
[00:42:29] ⏳ expHHH: 142/150
[00:43:29] ⏳ expHHH: 143/150
[00:44:29] ⏳ expHHH: 143/150
[00:45:30] ⏳ expHHH: 144/150
[00:46:30] ⏳ expHHH: 145/150
[00:47:30] ⏳ expHHH: 145/150
[00:48:30] ⏳ expHHH: 146/150
[00:49:30] ⏳ expHHH: 147/150
[00:50:30] ⏳ expHHH: 147/150
[00:51:30] ⏳ expHHH: 148/150
[00:52:30] ⏳ expHHH: 149/150
[00:53:30] ⏳ expHHH: 149/150
[00:54:30] ✅ expHHH: training complete
[00:54:30] 📊 expHHH: launching eval on GPU 4...
[00:54:30]    eval PID=225889
[05:52:51] 🎯 expGGG: F1=0.336 cpk=0.995 per_rule={'rule1': 0.7, 'rule2': 0.379, 'rule3': 0.357, 'rule4': 0.875, 'rule5': 0.864, 'rule6': 0.667, 'rule7': 0.333, 'rule8': 0.769}
[06:41:55] 🎯 expHHH: F1=0.400 cpk=1.000 per_rule={'rule1': 0.725, 'rule2': 0.414, 'rule3': 0.5, 'rule4': 0.875, 'rule5': 0.727, 'rule6': 0.909, 'rule7': 0.444, 'rule8': 0.769}
[06:41:55] ✅ All experiments complete!

=== Results Summary ===
  expGGG: F1=0.336 cpk=0.995
    per_rule: {'rule1': 0.7, 'rule2': 0.379, 'rule3': 0.357, 'rule4': 0.875, 'rule5': 0.864, 'rule6': 0.667, 'rule7': 0.333, 'rule8': 0.769}
  expHHH: F1=0.400 cpk=1.000
    per_rule: {'rule1': 0.725, 'rule2': 0.414, 'rule3': 0.5, 'rule4': 0.875, 'rule5': 0.727, 'rule6': 0.909, 'rule7': 0.444, 'rule8': 0.769}
