[02:29:49] ⏳ expWW: 4/189
[02:29:49] ⏳ expXX: 5/189
[02:29:49] ⏳ expVV: 6/200
[02:29:49] ⏳ expYY2: 5/225
[02:30:50] ⏳ expWW: 6/189
[02:30:50] ⏳ expXX: 6/189
[02:30:50] ⏳ expVV: 7/200
[02:30:50] ⏳ expYY2: 6/225
[02:31:50] ⏳ expWW: 7/189
[02:31:50] ⏳ expXX: 7/189
[02:31:50] ⏳ expVV: 8/200
[02:31:50] ⏳ expYY2: 7/225
[02:32:50] ⏳ expWW: 8/189
[02:32:50] ⏳ expXX: 8/189
[02:32:50] ⏳ expVV: 10/200
[02:32:50] ⏳ expYY2: 8/225
[02:33:50] ⏳ expWW: 9/189
[02:33:50] ⏳ expXX: 9/189
[02:33:50] ⏳ expVV: 11/200
[02:33:50] ⏳ expYY2: 10/225
[02:34:50] ⏳ expWW: 10/189
[02:34:50] ⏳ expXX: 10/189
[02:34:50] ⏳ expVV: 13/200
[02:34:50] ⏳ expYY2: 11/225
[02:35:50] ⏳ expWW: 11/189
[02:35:50] ⏳ expXX: 12/189
[02:35:50] ⏳ expVV: 14/200
[02:35:50] ⏳ expYY2: 12/225
[02:36:50] ⏳ expWW: 12/189
[02:36:50] ⏳ expXX: 13/189
[02:36:50] ⏳ expVV: 16/200
[02:36:50] ⏳ expYY2: 13/225
[02:37:50] ⏳ expWW: 13/189
[02:37:50] ⏳ expXX: 14/189
[02:37:50] ⏳ expVV: 17/200
[02:37:50] ⏳ expYY2: 15/225
[02:38:50] ⏳ expWW: 15/189
[02:38:50] ⏳ expXX: 15/189
[02:38:51] ⏳ expVV: 19/200
[02:38:51] ⏳ expYY2: 16/225
[02:39:51] ⏳ expWW: 16/189
[02:39:51] ⏳ expXX: 17/189
[02:39:51] ⏳ expVV: 20/200
[02:39:51] ⏳ expYY2: 17/225
[02:40:51] ⏳ expWW: 17/189
[02:40:51] ⏳ expXX: 18/189
[02:40:51] ⏳ expVV: 22/200
[02:40:51] ⏳ expYY2: 18/225
[02:41:51] ⏳ expWW: 18/189
[02:41:51] ⏳ expXX: 19/189
[02:41:51] ⏳ expVV: 23/200
[02:41:51] ⏳ expYY2: 19/225
[02:42:51] ⏳ expWW: 19/189
[02:42:51] ⏳ expXX: 20/189
[02:42:51] ⏳ expVV: 24/200
[02:42:51] ⏳ expYY2: 21/225
[02:43:51] ⏳ expWW: 20/189
[02:43:51] ⏳ expXX: 22/189
[02:43:51] ⏳ expVV: 26/200
[02:43:51] ⏳ expYY2: 22/225
[02:44:51] ⏳ expWW: 21/189
[02:44:51] ⏳ expXX: 23/189
[02:44:51] ⏳ expVV: 27/200
[02:44:51] ⏳ expYY2: 23/225
[02:45:51] ⏳ expWW: 22/189
[02:45:51] ⏳ expXX: 24/189
[02:45:51] ⏳ expVV: 29/200
[02:45:51] ⏳ expYY2: 24/225
[02:46:51] ⏳ expWW: 24/189
[02:46:51] ⏳ expXX: 25/189
[02:46:51] ⏳ expVV: 30/200
[02:46:51] ⏳ expYY2: 25/225
[02:47:52] ⏳ expWW: 25/189
[02:47:52] ⏳ expXX: 26/189
[02:47:52] ⏳ expVV: 32/200
[02:47:52] ⏳ expYY2: 27/225
[02:48:52] ⏳ expWW: 26/189
[02:48:52] ⏳ expXX: 28/189
[02:48:52] ⏳ expVV: 33/200
[02:48:52] ⏳ expYY2: 28/225
[02:49:52] ⏳ expWW: 27/189
[02:49:52] ⏳ expXX: 29/189
[02:49:52] ⏳ expVV: 35/200
[02:49:52] ⏳ expYY2: 29/225
[02:50:52] ⏳ expWW: 28/189
[02:50:52] ⏳ expXX: 30/189
[02:50:52] ⏳ expVV: 36/200
[02:50:52] ⏳ expYY2: 30/225
[02:51:52] ⏳ expWW: 29/189
[02:51:52] ⏳ expXX: 31/189
[02:51:52] ⏳ expVV: 38/200
[02:51:52] ⏳ expYY2: 31/225
[02:52:52] ⏳ expWW: 30/189
[02:52:52] ⏳ expXX: 32/189
[02:52:52] ⏳ expVV: 39/200
[02:52:52] ⏳ expYY2: 33/225
[02:53:52] ⏳ expWW: 32/189
[02:53:52] ⏳ expXX: 34/189
[02:53:53] ⏳ expVV: 40/200
[02:53:53] ⏳ expYY2: 34/225
[02:54:53] ⏳ expWW: 33/189
[02:54:53] ⏳ expXX: 35/189
[02:54:53] ⏳ expVV: 42/200
[02:54:53] ⏳ expYY2: 35/225
[02:55:53] ⏳ expWW: 34/189
[02:55:53] ⏳ expXX: 36/189
[02:55:53] ⏳ expVV: 43/200
[02:55:53] ⏳ expYY2: 36/225
[02:56:53] ⏳ expWW: 35/189
[02:56:53] ⏳ expXX: 37/189
[02:56:53] ⏳ expVV: 45/200
[02:56:53] ⏳ expYY2: 37/225
[02:57:53] ⏳ expWW: 36/189
[02:57:53] ⏳ expXX: 38/189
[02:57:53] ⏳ expVV: 46/200
[02:57:53] ⏳ expYY2: 39/225
[02:58:53] ⏳ expWW: 37/189
[02:58:53] ⏳ expXX: 40/189
[02:58:53] ⏳ expVV: 48/200
[02:58:53] ⏳ expYY2: 40/225
[02:59:53] ⏳ expWW: 38/189
[02:59:53] ⏳ expXX: 41/189
[02:59:53] ⏳ expVV: 49/200
[02:59:53] ⏳ expYY2: 41/225
[03:00:53] ⏳ expWW: 39/189
[03:00:53] ⏳ expXX: 42/189
[03:00:53] ⏳ expVV: 51/200
[03:00:53] ⏳ expYY2: 42/225
[03:01:54] ⏳ expWW: 40/189
[03:01:54] ⏳ expXX: 43/189
[03:01:54] ⏳ expVV: 52/200
[03:01:54] ⏳ expYY2: 43/225
[03:02:54] ⏳ expWW: 42/189
[03:02:54] ⏳ expXX: 44/189
[03:02:54] ⏳ expVV: 54/200
[03:02:54] ⏳ expYY2: 45/225
[03:03:54] ⏳ expWW: 43/189
[03:03:54] ⏳ expXX: 45/189
[03:03:54] ⏳ expVV: 55/200
[03:03:54] ⏳ expYY2: 46/225
[03:04:54] ⏳ expWW: 44/189
[03:04:54] ⏳ expXX: 47/189
[03:04:54] ⏳ expVV: 56/200
[03:04:54] ⏳ expYY2: 47/225
[03:05:54] ⏳ expWW: 45/189
[03:05:54] ⏳ expXX: 48/189
[03:05:54] ⏳ expVV: 58/200
[03:05:54] ⏳ expYY2: 49/225
[03:06:54] ⏳ expWW: 46/189
[03:06:54] ⏳ expXX: 49/189
[03:06:54] ⏳ expVV: 59/200
[03:06:54] ⏳ expYY2: 50/225
[03:07:54] ⏳ expWW: 47/189
[03:07:54] ⏳ expXX: 50/189
[03:07:55] ⏳ expVV: 61/200
[03:07:55] ⏳ expYY2: 51/225
[03:08:55] ⏳ expWW: 48/189
[03:08:55] ⏳ expXX: 52/189
[03:08:55] ⏳ expVV: 62/200
[03:08:55] ⏳ expYY2: 52/225
[03:09:55] ⏳ expWW: 49/189
[03:09:55] ⏳ expXX: 53/189
[03:09:55] ⏳ expVV: 64/200
[03:09:55] ⏳ expYY2: 53/225
[03:10:55] ⏳ expWW: 51/189
[03:10:55] ⏳ expXX: 54/189
[03:10:55] ⏳ expVV: 65/200
[03:10:55] ⏳ expYY2: 55/225
[03:11:55] ⏳ expWW: 52/189
[03:11:55] ⏳ expXX: 55/189
[03:11:55] ⏳ expVV: 67/200
[03:11:55] ⏳ expYY2: 56/225
[03:12:55] ⏳ expWW: 53/189
[03:12:55] ⏳ expXX: 56/189
[03:12:55] ⏳ expVV: 68/200
[03:12:55] ⏳ expYY2: 57/225
[03:13:55] ⏳ expWW: 54/189
[03:13:55] ⏳ expXX: 58/189
[03:13:56] ⏳ expVV: 70/200
[03:13:56] ⏳ expYY2: 58/225
[03:14:56] ⏳ expWW: 55/189
[03:14:56] ⏳ expXX: 59/189
[03:14:56] ⏳ expVV: 71/200
[03:14:56] ⏳ expYY2: 59/225
[03:15:56] ⏳ expWW: 56/189
[03:15:56] ⏳ expXX: 60/189
[03:15:56] ⏳ expVV: 72/200
[03:15:56] ⏳ expYY2: 61/225
[03:16:56] ⏳ expWW: 57/189
[03:16:56] ⏳ expXX: 61/189
[03:16:56] ⏳ expVV: 74/200
[03:16:56] ⏳ expYY2: 62/225
[03:17:56] ⏳ expWW: 58/189
[03:17:56] ⏳ expXX: 63/189
[03:17:56] ⏳ expVV: 75/200
[03:17:56] ⏳ expYY2: 63/225
[03:18:56] ⏳ expWW: 60/189
[03:18:56] ⏳ expXX: 64/189
[03:18:56] ⏳ expVV: 77/200
[03:18:56] ⏳ expYY2: 64/225
[03:19:56] ⏳ expWW: 61/189
[03:19:56] ⏳ expXX: 66/189
[03:19:56] ⏳ expVV: 78/200
[03:19:56] ⏳ expYY2: 65/225
[03:20:57] ⏳ expWW: 62/189
[03:20:57] ⏳ expXX: 67/189
[03:20:57] ⏳ expVV: 80/200
[03:20:57] ⏳ expYY2: 67/225
[03:21:57] ⏳ expWW: 63/189
[03:21:57] ⏳ expXX: 68/189
[03:21:57] ⏳ expVV: 81/200
[03:21:57] ⏳ expYY2: 68/225
[03:22:57] ⏳ expWW: 65/189
[03:22:57] ⏳ expXX: 69/189
[03:22:57] ⏳ expVV: 83/200
[03:22:57] ⏳ expYY2: 69/225
[03:23:57] ⏳ expWW: 66/189
[03:23:57] ⏳ expXX: 70/189
[03:23:57] ⏳ expVV: 84/200
[03:23:57] ⏳ expYY2: 70/225
[03:24:57] ⏳ expWW: 67/189
[03:24:57] ⏳ expXX: 71/189
[03:24:57] ⏳ expVV: 85/200
[03:24:57] ⏳ expYY2: 71/225
[03:25:57] ⏳ expWW: 68/189
[03:25:57] ⏳ expXX: 73/189
[03:25:57] ⏳ expVV: 87/200
[03:25:57] ⏳ expYY2: 73/225
[03:26:58] ⏳ expWW: 69/189
[03:26:58] ⏳ expXX: 74/189
[03:26:58] ⏳ expVV: 88/200
[03:26:58] ⏳ expYY2: 74/225
[03:27:58] ⏳ expWW: 70/189
[03:27:58] ⏳ expXX: 75/189
[03:27:58] ⏳ expVV: 90/200
[03:27:58] ⏳ expYY2: 75/225
[03:28:58] ⏳ expWW: 71/189
[03:28:58] ⏳ expXX: 76/189
[03:28:58] ⏳ expVV: 91/200
[03:28:58] ⏳ expYY2: 76/225
[03:29:58] ⏳ expWW: 72/189
[03:29:58] ⏳ expXX: 78/189
[03:29:58] ⏳ expVV: 93/200
[03:29:58] ⏳ expYY2: 77/225
[03:30:58] ⏳ expWW: 74/189
[03:30:58] ⏳ expXX: 79/189
[03:30:58] ⏳ expVV: 94/200
[03:30:59] ⏳ expYY2: 79/225
[03:31:59] ⏳ expWW: 75/189
[03:31:59] ⏳ expXX: 80/189
[03:31:59] ⏳ expVV: 96/200
[03:31:59] ⏳ expYY2: 80/225
[03:32:59] ⏳ expWW: 76/189
[03:32:59] ⏳ expXX: 81/189
[03:32:59] ⏳ expVV: 97/200
[03:32:59] ⏳ expYY2: 81/225
[03:33:59] ⏳ expWW: 77/189
[03:33:59] ⏳ expXX: 83/189
[03:33:59] ⏳ expVV: 99/200
[03:33:59] ⏳ expYY2: 82/225
[03:34:59] ⏳ expWW: 78/189
[03:34:59] ⏳ expXX: 84/189
[03:34:59] ⏳ expVV: 100/200
[03:34:59] ⏳ expYY2: 84/225
[03:35:59] ⏳ expWW: 79/189
[03:35:59] ⏳ expXX: 85/189
[03:35:59] ⏳ expVV: 101/200
[03:35:59] ⏳ expYY2: 85/225
[03:37:00] ⏳ expWW: 80/189
[03:37:00] ⏳ expXX: 86/189
[03:37:00] ⏳ expVV: 103/200
[03:37:00] ⏳ expYY2: 86/225
[03:38:00] ⏳ expWW: 81/189
[03:38:00] ⏳ expXX: 87/189
[03:38:00] ⏳ expVV: 104/200
[03:38:00] ⏳ expYY2: 87/225
[03:39:00] ⏳ expWW: 82/189
[03:39:00] ⏳ expXX: 89/189
[03:39:00] ⏳ expVV: 106/200
[03:39:00] ⏳ expYY2: 88/225
[03:40:00] ⏳ expWW: 84/189
[03:40:00] ⏳ expXX: 90/189
[03:40:00] ⏳ expVV: 107/200
[03:40:00] ⏳ expYY2: 90/225
[03:41:00] ⏳ expWW: 85/189
[03:41:00] ⏳ expXX: 91/189
[03:41:00] ⏳ expVV: 109/200
[03:41:00] ⏳ expYY2: 91/225
[03:42:01] ⏳ expWW: 86/189
[03:42:01] ⏳ expXX: 92/189
[03:42:01] ⏳ expVV: 110/200
[03:42:01] ⏳ expYY2: 92/225
[03:43:01] ⏳ expWW: 87/189
[03:43:01] ⏳ expXX: 93/189
[03:43:01] ⏳ expVV: 111/200
[03:43:01] ⏳ expYY2: 93/225
[03:44:01] ⏳ expWW: 88/189
[03:44:01] ⏳ expXX: 94/189
[03:44:01] ⏳ expVV: 113/200
[03:44:01] ⏳ expYY2: 94/225
[03:45:01] ⏳ expWW: 89/189
[03:45:01] ⏳ expXX: 96/189
[03:45:01] ⏳ expVV: 114/200
[03:45:01] ⏳ expYY2: 96/225
[03:46:01] ⏳ expWW: 90/189
[03:46:01] ⏳ expXX: 97/189
[03:46:02] ⏳ expVV: 116/200
[03:46:02] ⏳ expYY2: 97/225
[03:47:02] ⏳ expWW: 92/189
[03:47:02] ⏳ expXX: 98/189
[03:47:02] ⏳ expVV: 117/200
[03:47:02] ⏳ expYY2: 98/225
[03:48:02] ⏳ expWW: 93/189
[03:48:02] ⏳ expXX: 99/189
[03:48:02] ⏳ expVV: 119/200
[03:48:02] ⏳ expYY2: 99/225
[03:49:02] ⏳ expWW: 94/189
[03:49:03] ⏳ expXX: 101/189
[03:49:03] ⏳ expVV: 120/200
[03:49:03] ⏳ expYY2: 101/225
[03:50:03] ⏳ expWW: 95/189
[03:50:03] ⏳ expXX: 102/189
[03:50:03] ⏳ expVV: 122/200
[03:50:03] ⏳ expYY2: 102/225
[03:51:03] ⏳ expWW: 96/189
[03:51:03] ⏳ expXX: 103/189
[03:51:03] ⏳ expVV: 123/200
[03:51:03] ⏳ expYY2: 103/225
[03:52:03] ⏳ expWW: 97/189
[03:52:03] ⏳ expXX: 104/189
[03:52:03] ⏳ expVV: 125/200
[03:52:03] ⏳ expYY2: 104/225
[03:53:03] ⏳ expWW: 98/189
[03:53:04] ⏳ expXX: 106/189
[03:53:04] ⏳ expVV: 126/200
[03:53:04] ⏳ expYY2: 106/225
[03:54:04] ⏳ expWW: 99/189
[03:54:04] ⏳ expXX: 107/189
[03:54:04] ⏳ expVV: 128/200
[03:54:04] ⏳ expYY2: 107/225
[03:55:04] ⏳ expWW: 100/189
[03:55:04] ⏳ expXX: 108/189
[03:55:04] ⏳ expVV: 129/200
[03:55:04] ⏳ expYY2: 108/225
[03:56:04] ⏳ expWW: 102/189
[03:56:04] ⏳ expXX: 109/189
[03:56:04] ⏳ expVV: 131/200
[03:56:04] ⏳ expYY2: 109/225
[03:57:04] ⏳ expWW: 103/189
[03:57:04] ⏳ expXX: 110/189
[03:57:04] ⏳ expVV: 132/200
[03:57:04] ⏳ expYY2: 110/225
[03:58:04] ⏳ expWW: 104/189
[03:58:04] ⏳ expXX: 112/189
[03:58:04] ⏳ expVV: 133/200
[03:58:05] ⏳ expYY2: 112/225
[03:59:05] ⏳ expWW: 105/189
[03:59:05] ⏳ expXX: 113/189
[03:59:05] ⏳ expVV: 135/200
[03:59:05] ⏳ expYY2: 113/225
[04:00:05] ⏳ expWW: 106/189
[04:00:05] ⏳ expXX: 114/189
[04:00:05] ⏳ expVV: 136/200
[04:00:05] ⏳ expYY2: 114/225
[04:01:05] ⏳ expWW: 107/189
[04:01:05] ⏳ expXX: 115/189
[04:01:05] ⏳ expVV: 138/200
[04:01:05] ⏳ expYY2: 115/225
[04:02:05] ⏳ expWW: 108/189
[04:02:05] ⏳ expXX: 117/189
[04:02:05] ⏳ expVV: 139/200
[04:02:05] ⏳ expYY2: 116/225
[04:03:05] ⏳ expWW: 110/189
[04:03:05] ⏳ expXX: 118/189
[04:03:06] ⏳ expVV: 141/200
[04:03:06] ⏳ expYY2: 118/225
[04:04:06] ⏳ expWW: 111/189
[04:04:06] ⏳ expXX: 119/189
[04:04:06] ⏳ expVV: 142/200
[04:04:06] ⏳ expYY2: 119/225
[04:05:06] ⏳ expWW: 112/189
[04:05:06] ⏳ expXX: 120/189
[04:05:06] ⏳ expVV: 144/200
[04:05:06] ⏳ expYY2: 120/225
[04:06:06] ⏳ expWW: 113/189
[04:06:06] ⏳ expXX: 121/189
[04:06:06] ⏳ expVV: 145/200
[04:06:06] ⏳ expYY2: 121/225
[04:07:06] ⏳ expWW: 114/189
[04:07:07] ⏳ expXX: 123/189
[04:07:07] ⏳ expVV: 146/200
[04:07:07] ⏳ expYY2: 123/225
[04:08:07] ⏳ expWW: 115/189
[04:08:07] ⏳ expXX: 124/189
[04:08:07] ⏳ expVV: 148/200
[04:08:07] ⏳ expYY2: 124/225
[04:09:07] ⏳ expWW: 116/189
[04:09:07] ⏳ expXX: 125/189
[04:09:07] ⏳ expVV: 149/200
[04:09:07] ⏳ expYY2: 125/225
[04:10:07] ⏳ expWW: 117/189
[04:10:07] ⏳ expXX: 127/189
[04:10:07] ⏳ expVV: 151/200
[04:10:07] ⏳ expYY2: 127/225
[04:11:07] ⏳ expWW: 119/189
[04:11:07] ⏳ expXX: 128/189
[04:11:07] ⏳ expVV: 152/200
[04:11:07] ⏳ expYY2: 128/225
[04:12:08] ⏳ expWW: 120/189
[04:12:08] ⏳ expXX: 129/189
[04:12:08] ⏳ expVV: 154/200
[04:12:08] ⏳ expYY2: 129/225
[04:13:08] ⏳ expWW: 121/189
[04:13:08] ⏳ expXX: 130/189
[04:13:08] ⏳ expVV: 155/200
[04:13:08] ⏳ expYY2: 130/225
[04:14:08] ⏳ expWW: 122/189
[04:14:08] ⏳ expXX: 131/189
[04:14:08] ⏳ expVV: 157/200
[04:14:08] ⏳ expYY2: 131/225
[04:15:08] ⏳ expWW: 123/189
[04:15:08] ⏳ expXX: 133/189
[04:15:08] ⏳ expVV: 158/200
[04:15:08] ⏳ expYY2: 133/225
[04:16:08] ⏳ expWW: 124/189
[04:16:08] ⏳ expXX: 134/189
[04:16:08] ⏳ expVV: 159/200
[04:16:08] ⏳ expYY2: 134/225
[04:17:08] ⏳ expWW: 126/189
[04:17:08] ⏳ expXX: 135/189
[04:17:08] ⏳ expVV: 161/200
[04:17:08] ⏳ expYY2: 135/225
[04:18:08] ⏳ expWW: 127/189
[04:18:08] ⏳ expXX: 136/189
[04:18:08] ⏳ expVV: 162/200
[04:18:08] ⏳ expYY2: 136/225
[04:19:09] ⏳ expWW: 128/189
[04:19:09] ⏳ expXX: 138/189
[04:19:09] ⏳ expVV: 164/200
[04:19:09] ⏳ expYY2: 137/225
[04:20:09] ⏳ expWW: 129/189
[04:20:09] ⏳ expXX: 139/189
[04:20:09] ⏳ expVV: 165/200
[04:20:09] ⏳ expYY2: 138/225
[04:21:09] ⏳ expWW: 130/189
[04:21:09] ⏳ expXX: 140/189
[04:21:09] ⏳ expVV: 167/200
[04:21:09] ⏳ expYY2: 140/225
[04:22:09] ⏳ expWW: 131/189
[04:22:09] ⏳ expXX: 141/189
[04:22:09] ⏳ expVV: 168/200
[04:22:09] ⏳ expYY2: 141/225
[04:23:09] ⏳ expWW: 132/189
[04:23:09] ⏳ expXX: 142/189
[04:23:09] ⏳ expVV: 170/200
[04:23:09] ⏳ expYY2: 142/225
[04:24:09] ⏳ expWW: 134/189
[04:24:09] ⏳ expXX: 144/189
[04:24:09] ⏳ expVV: 171/200
[04:24:09] ⏳ expYY2: 143/225
[04:25:09] ⏳ expWW: 135/189
[04:25:09] ⏳ expXX: 145/189
[04:25:09] ⏳ expVV: 172/200
[04:25:09] ⏳ expYY2: 144/225
[04:26:09] ⏳ expWW: 136/189
[04:26:09] ⏳ expXX: 146/189
[04:26:09] ⏳ expVV: 174/200
[04:26:10] ⏳ expYY2: 146/225
[04:27:10] ⏳ expWW: 137/189
[04:27:10] ⏳ expXX: 147/189
[04:27:10] ⏳ expVV: 175/200
[04:27:10] ⏳ expYY2: 147/225
[04:28:10] ⏳ expWW: 138/189
[04:28:10] ⏳ expXX: 148/189
[04:28:10] ⏳ expVV: 177/200
[04:28:10] ⏳ expYY2: 148/225
[04:29:10] ⏳ expWW: 139/189
[04:29:10] ⏳ expXX: 150/189
[04:29:10] ⏳ expVV: 178/200
[04:29:10] ⏳ expYY2: 149/225
[04:30:10] ⏳ expWW: 140/189
[04:30:10] ⏳ expXX: 151/189
[04:30:10] ⏳ expVV: 180/200
[04:30:10] ⏳ expYY2: 150/225
[04:31:10] ⏳ expWW: 141/189
[04:31:10] ⏳ expXX: 152/189
[04:31:10] ⏳ expVV: 181/200
[04:31:10] ⏳ expYY2: 151/225
[04:32:10] ⏳ expWW: 143/189
[04:32:10] ⏳ expXX: 153/189
[04:32:10] ⏳ expVV: 183/200
[04:32:10] ⏳ expYY2: 153/225
[04:33:10] ⏳ expWW: 144/189
[04:33:10] ⏳ expXX: 154/189
[04:33:10] ⏳ expVV: 184/200
[04:33:10] ⏳ expYY2: 154/225
[04:34:11] ⏳ expWW: 145/189
[04:34:11] ⏳ expXX: 156/189
[04:34:11] ⏳ expVV: 186/200
[04:34:11] ⏳ expYY2: 155/225
[04:35:11] ⏳ expWW: 146/189
[04:35:11] ⏳ expXX: 157/189
[04:35:11] ⏳ expVV: 187/200
[04:35:11] ⏳ expYY2: 156/225
[04:36:11] ⏳ expWW: 147/189
[04:36:11] ⏳ expXX: 158/189
[04:36:11] ⏳ expVV: 189/200
[04:36:11] ⏳ expYY2: 157/225
[04:37:11] ⏳ expWW: 148/189
[04:37:11] ⏳ expXX: 159/189
[04:37:11] ⏳ expVV: 190/200
[04:37:11] ⏳ expYY2: 158/225
[04:38:11] ⏳ expWW: 149/189
[04:38:11] ⏳ expXX: 160/189
[04:38:11] ⏳ expVV: 191/200
[04:38:11] ⏳ expYY2: 160/225
[04:39:11] ⏳ expWW: 150/189
[04:39:11] ⏳ expXX: 162/189
[04:39:11] ⏳ expVV: 193/200
[04:39:11] ⏳ expYY2: 161/225
[04:40:12] ⏳ expWW: 152/189
[04:40:12] ⏳ expXX: 163/189
[04:40:12] ⏳ expVV: 194/200
[04:40:12] ⏳ expYY2: 162/225
[04:41:12] ⏳ expWW: 153/189
[04:41:12] ⏳ expXX: 164/189
[04:41:12] ⏳ expVV: 196/200
[04:41:12] ⏳ expYY2: 163/225
[04:42:12] ⏳ expWW: 154/189
[04:42:12] ⏳ expXX: 165/189
[04:42:12] ⏳ expVV: 197/200
[04:42:12] ⏳ expYY2: 164/225
[04:43:12] ⏳ expWW: 155/189
[04:43:12] ⏳ expXX: 166/189
[04:43:12] ⏳ expVV: 199/200
[04:43:12] ⏳ expYY2: 166/225
[04:44:12] ⏳ expWW: 156/189
[04:44:12] ⏳ expXX: 168/189
[04:44:12] ✅ expVV: training complete
[04:44:12] 📊 expVV: launching eval on GPU 4...
[04:44:12] ⏳ expYY2: 167/225
[04:45:12] ⏳ expWW: 157/189
[04:45:12] ⏳ expXX: 169/189
[04:45:12] ⏳ expYY2: 168/225
[04:46:12] ⏳ expWW: 158/189
[04:46:13] ⏳ expXX: 170/189
[04:46:13] ⏳ expYY2: 169/225
[04:47:13] ⏳ expWW: 159/189
[04:47:13] ⏳ expXX: 171/189
[04:47:13] ⏳ expYY2: 171/225
[04:48:13] ⏳ expWW: 161/189
[04:48:13] ⏳ expXX: 172/189
[04:48:13] 🎯 expVV: F1=0.000 cpk=0.000
[04:48:13] ⏳ expYY2: 172/225
[04:49:13] ⏳ expWW: 162/189
[04:49:13] ⏳ expXX: 174/189
[04:49:13] ⏳ expYY2: 173/225
[04:50:13] ⏳ expWW: 163/189
[04:50:13] ⏳ expXX: 175/189
[04:50:13] ⏳ expYY2: 174/225
[04:51:13] ⏳ expWW: 164/189
[04:51:13] ⏳ expXX: 176/189
[04:51:13] ⏳ expYY2: 176/225
[04:52:13] ⏳ expWW: 165/189
[04:52:13] ⏳ expXX: 177/189
[04:52:13] ⏳ expYY2: 177/225
[04:53:13] ⏳ expWW: 166/189
[04:53:13] ⏳ expXX: 178/189
[04:53:13] ⏳ expYY2: 178/225
[04:54:14] ⏳ expWW: 167/189
[04:54:14] ⏳ expXX: 180/189
[04:54:14] ⏳ expYY2: 179/225
[04:55:14] ⏳ expWW: 168/189
[04:55:14] ⏳ expXX: 181/189
[04:55:14] ⏳ expYY2: 180/225
[04:56:14] ⏳ expWW: 170/189
[04:56:14] ⏳ expXX: 182/189
[04:56:14] ⏳ expYY2: 182/225
[04:57:14] ⏳ expWW: 171/189
[04:57:14] ⏳ expXX: 183/189
[04:57:14] ⏳ expYY2: 183/225
[04:58:14] ⏳ expWW: 172/189
[04:58:14] ⏳ expXX: 184/189
[04:58:14] ⏳ expYY2: 184/225
[04:59:14] ⏳ expWW: 173/189
[04:59:14] ⏳ expXX: 185/189
[04:59:14] ⏳ expYY2: 185/225
[05:00:14] ⏳ expWW: 174/189
[05:00:14] ⏳ expXX: 187/189
[05:00:14] ⏳ expYY2: 186/225
[05:01:14] ⏳ expWW: 175/189
[05:01:14] ⏳ expXX: 188/189
[05:01:14] ⏳ expYY2: 187/225
[05:02:14] ⏳ expWW: 176/189
[05:02:15] ✅ expXX: training complete
[05:02:15] 📊 expXX: launching eval on GPU 1...
[05:02:15] ⏳ expYY2: 189/225
[05:03:15] ⏳ expWW: 177/189
[05:03:15] ⏳ expYY2: 190/225
[05:04:15] ⏳ expWW: 179/189
[05:04:15] ⏳ expYY2: 191/225
[05:05:15] ⏳ expWW: 180/189
[05:05:15] 🎯 expXX: F1=0.000 cpk=0.000
[05:05:15] ⏳ expYY2: 192/225
[05:06:15] ⏳ expWW: 181/189
[05:06:15] ⏳ expYY2: 194/225
[05:07:15] ⏳ expWW: 182/189
[05:07:15] ⏳ expYY2: 195/225
[05:08:15] ⏳ expWW: 183/189
[05:08:15] ⏳ expYY2: 196/225
[05:09:15] ⏳ expWW: 184/189
[05:09:15] ⏳ expYY2: 197/225
[05:10:15] ⏳ expWW: 185/189
[05:10:16] ⏳ expYY2: 199/225
[05:11:16] ⏳ expWW: 186/189
[05:11:16] ⏳ expYY2: 200/225
[05:12:16] ⏳ expWW: 188/189
[05:12:16] ⏳ expYY2: 201/225
[05:13:16] ✅ expWW: training complete
[05:13:16] 📊 expWW: launching eval on GPU 0...
[05:13:16] ⏳ expYY2: 202/225
[05:14:16] ⏳ expYY2: 203/225
[05:15:16] ⏳ expYY2: 205/225
[05:16:16] ⏳ expYY2: 206/225
[05:17:16] 🎯 expWW: F1=0.000 cpk=0.000
[05:17:16] ⏳ expYY2: 207/225
[05:18:16] ⏳ expYY2: 208/225
[05:19:16] ⏳ expYY2: 209/225
[05:20:16] ⏳ expYY2: 211/225
[05:21:17] ⏳ expYY2: 212/225
[05:22:17] ⏳ expYY2: 213/225
[05:23:17] ⏳ expYY2: 214/225
[05:24:17] ⏳ expYY2: 216/225
[05:25:17] ⏳ expYY2: 217/225
[05:26:17] ⏳ expYY2: 218/225
[05:27:17] ⏳ expYY2: 219/225
[05:28:17] ⏳ expYY2: 221/225
[05:29:17] ⏳ expYY2: 222/225
[05:30:17] ⏳ expYY2: 223/225
[05:31:17] ⏳ expYY2: 224/225
[05:32:18] ✅ expYY2: training complete
[05:32:18] 📊 expYY2: launching eval on GPU 7...
[05:35:18] 🎯 expYY2: F1=0.000 cpk=0.000
[05:35:18] ✅ All Batch 6 complete!

=== Batch 6 Results ===
  expWW: F1=0.000 cpk=0.000
    per_rule: {'rule1': 0.0, 'rule2': 0.0, 'rule3': 0.0, 'rule4': 0.0, 'rule5': 0.0, 'rule6': 0.0, 'rule7': 0.0, 'rule8': 0.0}
  expXX: F1=0.000 cpk=0.000
    per_rule: {'rule1': 0.0, 'rule2': 0.0, 'rule3': 0.0, 'rule4': 0.0, 'rule5': 0.0, 'rule6': 0.0, 'rule7': 0.0, 'rule8': 0.0}
  expVV: F1=0.000 cpk=0.000
    per_rule: {'rule1': 0.0, 'rule2': 0.0, 'rule3': 0.0, 'rule4': 0.0, 'rule5': 0.0, 'rule6': 0.0, 'rule7': 0.0, 'rule8': 0.0}
  expYY2: F1=0.000 cpk=0.000
    per_rule: {'rule1': 0.0, 'rule2': 0.0, 'rule3': 0.0, 'rule4': 0.0, 'rule5': 0.0, 'rule6': 0.0, 'rule7': 0.0, 'rule8': 0.0}
