[02:38:34] Batch 7 monitor starting for: ['expZZ', 'expAAA', 'expBBB', 'expCCC']
[02:38:34] ⏳ expZZ: 1/75
[02:38:34] ⏳ expAAA: 1/125
[02:38:34] ⏳ expBBB: 1/100
[02:38:34] ⏳ expCCC: 1/150
[02:39:34] ⏳ expZZ: 3/75
[02:39:34] ⏳ expAAA: 2/125
[02:39:34] ⏳ expBBB: 2/100
[02:39:34] ⏳ expCCC: 2/150
[02:40:34] ⏳ expZZ: 4/75
[02:40:34] ⏳ expAAA: 4/125
[02:40:34] ⏳ expBBB: 4/100
[02:40:34] ⏳ expCCC: 4/150
[02:41:34] ⏳ expZZ: 5/75
[02:41:34] ⏳ expAAA: 5/125
[02:41:34] ⏳ expBBB: 5/100
[02:41:34] ⏳ expCCC: 5/150
[02:42:34] ⏳ expZZ: 7/75
[02:42:34] ⏳ expAAA: 7/125
[02:42:34] ⏳ expBBB: 7/100
[02:42:34] ⏳ expCCC: 7/150
[02:43:34] ⏳ expZZ: 8/75
[02:43:34] ⏳ expAAA: 8/125
[02:43:34] ⏳ expBBB: 8/100
[02:43:34] ⏳ expCCC: 8/150
[02:44:35] ⏳ expZZ: 10/75
[02:44:35] ⏳ expAAA: 10/125
[02:44:35] ⏳ expBBB: 9/100
[02:44:35] ⏳ expCCC: 10/150
[02:45:35] ⏳ expZZ: 11/75
[02:45:35] ⏳ expAAA: 11/125
[02:45:35] ⏳ expBBB: 11/100
[02:45:35] ⏳ expCCC: 11/150
[02:46:35] ⏳ expZZ: 13/75
[02:46:35] ⏳ expAAA: 13/125
[02:46:35] ⏳ expBBB: 12/100
[02:46:35] ⏳ expCCC: 12/150
[02:47:35] ⏳ expZZ: 14/75
[02:47:35] ⏳ expAAA: 14/125
[02:47:35] ⏳ expBBB: 14/100
[02:47:35] ⏳ expCCC: 14/150
[02:48:35] ⏳ expZZ: 16/75
[02:48:35] ⏳ expAAA: 15/125
[02:48:35] ⏳ expBBB: 15/100
[02:48:35] ⏳ expCCC: 15/150
[02:49:35] ⏳ expZZ: 17/75
[02:49:35] ⏳ expAAA: 17/125
[02:49:35] ⏳ expBBB: 17/100
[02:49:35] ⏳ expCCC: 17/150
[02:50:35] ⏳ expZZ: 18/75
[02:50:35] ⏳ expAAA: 18/125
[02:50:35] ⏳ expBBB: 18/100
[02:50:35] ⏳ expCCC: 18/150
[02:51:36] ⏳ expZZ: 20/75
[02:51:36] ⏳ expAAA: 20/125
[02:51:36] ⏳ expBBB: 20/100
[02:51:36] ⏳ expCCC: 20/150
[02:52:36] ⏳ expZZ: 21/75
[02:52:36] ⏳ expAAA: 21/125
[02:52:36] ⏳ expBBB: 21/100
[02:52:36] ⏳ expCCC: 21/150
[02:53:36] ⏳ expZZ: 23/75
[02:53:36] ⏳ expAAA: 23/125
[02:53:36] ⏳ expBBB: 22/100
[02:53:36] ⏳ expCCC: 23/150
[02:54:36] ⏳ expZZ: 24/75
[02:54:36] ⏳ expAAA: 24/125
[02:54:36] ⏳ expBBB: 24/100
[02:54:36] ⏳ expCCC: 24/150
[02:55:36] ⏳ expZZ: 26/75
[02:55:36] ⏳ expAAA: 25/125
[02:55:36] ⏳ expBBB: 26/100
[02:55:36] ⏳ expCCC: 26/150
[02:56:36] ⏳ expZZ: 27/75
[02:56:36] ⏳ expAAA: 27/125
[02:56:36] ⏳ expBBB: 27/100
[02:56:36] ⏳ expCCC: 27/150
[02:57:36] ⏳ expZZ: 28/75
[02:57:36] ⏳ expAAA: 28/125
[02:57:36] ⏳ expBBB: 28/100
[02:57:37] ⏳ expCCC: 29/150
[02:58:37] ⏳ expZZ: 30/75
[02:58:37] ⏳ expAAA: 30/125
[02:58:37] ⏳ expBBB: 30/100
[02:58:37] ⏳ expCCC: 30/150
[02:59:37] ⏳ expZZ: 31/75
[02:59:37] ⏳ expAAA: 31/125
[02:59:37] ⏳ expBBB: 31/100
[02:59:37] ⏳ expCCC: 32/150
[03:00:37] ⏳ expZZ: 33/75
[03:00:37] ⏳ expAAA: 33/125
[03:00:37] ⏳ expBBB: 33/100
[03:00:37] ⏳ expCCC: 33/150
[03:01:37] ⏳ expZZ: 34/75
[03:01:37] ⏳ expAAA: 34/125
[03:01:37] ⏳ expBBB: 34/100
[03:01:37] ⏳ expCCC: 34/150
[03:02:37] ⏳ expZZ: 36/75
[03:02:37] ⏳ expAAA: 35/125
[03:02:37] ⏳ expBBB: 36/100
[03:02:37] ⏳ expCCC: 36/150
[03:03:37] ⏳ expZZ: 37/75
[03:03:37] ⏳ expAAA: 37/125
[03:03:37] ⏳ expBBB: 37/100
[03:03:37] ⏳ expCCC: 37/150
[03:04:37] ⏳ expZZ: 39/75
[03:04:37] ⏳ expAAA: 38/125
[03:04:37] ⏳ expBBB: 38/100
[03:04:38] ⏳ expCCC: 39/150
[03:05:38] ⏳ expZZ: 40/75
[03:05:38] ⏳ expAAA: 40/125
[03:05:38] ⏳ expBBB: 40/100
[03:05:38] ⏳ expCCC: 40/150
[03:06:38] ⏳ expZZ: 42/75
[03:06:38] ⏳ expAAA: 41/125
[03:06:38] ⏳ expBBB: 41/100
[03:06:38] ⏳ expCCC: 42/150
[03:07:38] ⏳ expZZ: 43/75
[03:07:38] ⏳ expAAA: 43/125
[03:07:38] ⏳ expBBB: 43/100
[03:07:38] ⏳ expCCC: 43/150
[03:08:38] ⏳ expZZ: 44/75
[03:08:38] ⏳ expAAA: 44/125
[03:08:38] ⏳ expBBB: 44/100
[03:08:38] ⏳ expCCC: 45/150
[03:09:38] ⏳ expZZ: 46/75
[03:09:38] ⏳ expAAA: 46/125
[03:09:38] ⏳ expBBB: 46/100
[03:09:38] ⏳ expCCC: 46/150
[03:10:38] ⏳ expZZ: 47/75
[03:10:38] ⏳ expAAA: 47/125
[03:10:38] ⏳ expBBB: 47/100
[03:10:39] ⏳ expCCC: 48/150
[03:11:39] ⏳ expZZ: 49/75
[03:11:39] ⏳ expAAA: 49/125
[03:11:39] ⏳ expBBB: 49/100
[03:11:39] ⏳ expCCC: 49/150
[03:12:39] ⏳ expZZ: 50/75
[03:12:39] ⏳ expAAA: 50/125
[03:12:39] ⏳ expBBB: 50/100
[03:12:39] ⏳ expCCC: 50/150
[03:13:39] ⏳ expZZ: 51/75
[03:13:39] ⏳ expAAA: 51/125
[03:13:39] ⏳ expBBB: 51/100
[03:13:39] ⏳ expCCC: 52/150
[03:14:39] ⏳ expZZ: 53/75
[03:14:39] ⏳ expAAA: 53/125
[03:14:39] ⏳ expBBB: 53/100
[03:14:39] ⏳ expCCC: 53/150
[03:15:39] ⏳ expZZ: 54/75
[03:15:39] ⏳ expAAA: 54/125
[03:15:39] ⏳ expBBB: 54/100
[03:15:39] ⏳ expCCC: 55/150
[03:16:39] ⏳ expZZ: 56/75
[03:16:39] ⏳ expAAA: 56/125
[03:16:40] ⏳ expBBB: 56/100
[03:16:40] ⏳ expCCC: 56/150
[03:17:40] ⏳ expZZ: 57/75
[03:17:40] ⏳ expAAA: 57/125
[03:17:40] ⏳ expBBB: 57/100
[03:17:40] ⏳ expCCC: 58/150
[03:18:40] ⏳ expZZ: 59/75
[03:18:40] ⏳ expAAA: 59/125
[03:18:40] ⏳ expBBB: 59/100
[03:18:40] ⏳ expCCC: 59/150
[03:19:40] ⏳ expZZ: 60/75
[03:19:40] ⏳ expAAA: 60/125
[03:19:40] ⏳ expBBB: 60/100
[03:19:40] ⏳ expCCC: 60/150
[03:20:40] ⏳ expZZ: 62/75
[03:20:40] ⏳ expAAA: 61/125
[03:20:40] ⏳ expBBB: 62/100
[03:20:40] ⏳ expCCC: 62/150
[03:21:40] ⏳ expZZ: 63/75
[03:21:40] ⏳ expAAA: 63/125
[03:21:40] ⏳ expBBB: 63/100
[03:21:40] ⏳ expCCC: 63/150
[03:22:41] ⏳ expZZ: 65/75
[03:22:41] ⏳ expAAA: 64/125
[03:22:41] ⏳ expBBB: 64/100
[03:22:41] ⏳ expCCC: 65/150
[03:23:41] ⏳ expZZ: 66/75
[03:23:41] ⏳ expAAA: 66/125
[03:23:41] ⏳ expBBB: 66/100
[03:23:41] ⏳ expCCC: 66/150
[03:24:41] ⏳ expZZ: 67/75
[03:24:41] ⏳ expAAA: 67/125
[03:24:41] ⏳ expBBB: 67/100
[03:24:41] ⏳ expCCC: 68/150
[03:25:41] ⏳ expZZ: 69/75
[03:25:41] ⏳ expAAA: 69/125
[03:25:41] ⏳ expBBB: 69/100
[03:25:41] ⏳ expCCC: 69/150
[03:26:41] ⏳ expZZ: 70/75
[03:26:41] ⏳ expAAA: 70/125
[03:26:41] ⏳ expBBB: 70/100
[03:26:41] ⏳ expCCC: 71/150
[03:27:41] ⏳ expZZ: 72/75
[03:27:41] ⏳ expAAA: 72/125
[03:27:41] ⏳ expBBB: 72/100
[03:27:41] ⏳ expCCC: 72/150
[03:28:42] ⏳ expZZ: 73/75
[03:28:42] ⏳ expAAA: 73/125
[03:28:42] ⏳ expBBB: 73/100
[03:28:42] ⏳ expCCC: 74/150
[03:29:42] ⏳ expZZ: 75/75
[03:29:42] ⏳ expAAA: 75/125
[03:29:42] ⏳ expBBB: 75/100
[03:29:42] ⏳ expCCC: 75/150
[03:30:42] ✅ expZZ: training complete
[03:30:42] 📊 expZZ: launching eval on GPU 2...
[03:30:42]    eval PID=134094
[03:30:42] ⏳ expAAA: 76/125
[03:30:42] ⏳ expBBB: 76/100
[03:30:42] ⏳ expCCC: 77/150
[03:31:42] ⏳ expAAA: 77/125
[03:31:43] ⏳ expBBB: 78/100
[03:31:43] ⏳ expCCC: 78/150
[03:32:43] ⏳ expAAA: 79/125
[03:32:43] ⏳ expBBB: 79/100
[03:32:43] ⏳ expCCC: 80/150
[03:33:43] ⏳ expAAA: 80/125
[03:33:43] ⏳ expBBB: 80/100
[03:33:43] ⏳ expCCC: 81/150
[03:34:43] 🎯 expZZ: F1=0.000 cpk=0.000 per_rule={'rule1': 0.0, 'rule2': 0.0, 'rule3': 0.0, 'rule4': 0.0, 'rule5': 0.0, 'rule6': 0.0, 'rule7': 0.0, 'rule8': 0.0}
[03:34:43] ⏳ expAAA: 82/125
[03:34:43] ⏳ expBBB: 82/100
[03:34:43] ⏳ expCCC: 83/150
[03:35:43] ⏳ expAAA: 83/125
[03:35:43] ⏳ expBBB: 83/100
[03:35:43] ⏳ expCCC: 84/150
[03:36:43] ⏳ expAAA: 84/125
[03:36:43] ⏳ expBBB: 85/100
[03:36:43] ⏳ expCCC: 85/150
[03:37:44] ⏳ expAAA: 86/125
[03:37:44] ⏳ expBBB: 86/100
[03:37:44] ⏳ expCCC: 87/150
[03:38:44] ⏳ expAAA: 87/125
[03:38:44] ⏳ expBBB: 88/100
[03:38:44] ⏳ expCCC: 88/150
[03:39:44] ⏳ expAAA: 89/125
[03:39:44] ⏳ expBBB: 89/100
[03:39:44] ⏳ expCCC: 90/150
[03:40:44] ⏳ expAAA: 90/125
[03:40:44] ⏳ expBBB: 91/100
[03:40:44] ⏳ expCCC: 91/150
[03:41:44] ⏳ expAAA: 92/125
[03:41:44] ⏳ expBBB: 92/100
[03:41:44] ⏳ expCCC: 93/150
[03:42:44] ⏳ expAAA: 93/125
[03:42:44] ⏳ expBBB: 93/100
[03:42:44] ⏳ expCCC: 94/150
[03:43:45] ⏳ expAAA: 95/125
[03:43:45] ⏳ expBBB: 95/100
[03:43:45] ⏳ expCCC: 96/150
[03:44:45] ⏳ expAAA: 96/125
[03:44:45] ⏳ expBBB: 96/100
[03:44:45] ⏳ expCCC: 97/150
[03:45:45] ⏳ expAAA: 97/125
[03:45:45] ⏳ expBBB: 98/100
[03:45:45] ⏳ expCCC: 98/150
[03:46:45] ⏳ expAAA: 99/125
[03:46:45] ⏳ expBBB: 99/100
[03:46:45] ⏳ expCCC: 100/150
[03:47:45] ⏳ expAAA: 100/125
[03:47:45] ✅ expBBB: training complete
[03:47:45] 📊 expBBB: launching eval on GPU 3...
[03:47:45]    eval PID=136356
[03:47:45] ⏳ expCCC: 101/150
[03:48:45] ⏳ expAAA: 102/125
[03:48:45] ⏳ expCCC: 103/150
[03:49:46] ⏳ expAAA: 103/125
[03:49:46] ⏳ expCCC: 104/150
[03:50:46] ⏳ expAAA: 105/125
[03:50:46] ⏳ expCCC: 106/150
[03:51:46] ⏳ expAAA: 106/125
[03:51:46] 🎯 expBBB: F1=0.000 cpk=0.000 per_rule={'rule1': 0.0, 'rule2': 0.0, 'rule3': 0.0, 'rule4': 0.0, 'rule5': 0.0, 'rule6': 0.0, 'rule7': 0.0, 'rule8': 0.0}
[03:51:46] ⏳ expCCC: 107/150
[03:52:46] ⏳ expAAA: 107/125
[03:52:46] ⏳ expCCC: 109/150
[03:53:46] ⏳ expAAA: 109/125
[03:53:46] ⏳ expCCC: 110/150
[03:54:46] ⏳ expAAA: 110/125
[03:54:46] ⏳ expCCC: 111/150
[03:55:46] ⏳ expAAA: 112/125
[03:55:47] ⏳ expCCC: 113/150
[03:56:47] ⏳ expAAA: 113/125
[03:56:47] ⏳ expCCC: 114/150
[03:57:47] ⏳ expAAA: 115/125
[03:57:47] ⏳ expCCC: 116/150
[03:58:47] ⏳ expAAA: 116/125
[03:58:47] ⏳ expCCC: 117/150
[03:59:47] ⏳ expAAA: 118/125
[03:59:47] ⏳ expCCC: 119/150
[04:00:47] ⏳ expAAA: 119/125
[04:00:47] ⏳ expCCC: 120/150
[04:01:47] ⏳ expAAA: 120/125
[04:01:47] ⏳ expCCC: 122/150
[04:02:47] ⏳ expAAA: 122/125
[04:02:47] ⏳ expCCC: 123/150
[04:03:48] ⏳ expAAA: 123/125
[04:03:48] ⏳ expCCC: 125/150
[04:04:48] ✅ expAAA: training complete
[04:04:48] 📊 expAAA: launching eval on GPU 5...
[04:04:48]    eval PID=138656
[04:04:48] ⏳ expCCC: 126/150
[04:05:48] ⏳ expCCC: 127/150
[04:06:48] ⏳ expCCC: 129/150
[04:07:48] 🎯 expAAA: F1=0.000 cpk=0.000 per_rule={'rule1': 0.0, 'rule2': 0.0, 'rule3': 0.0, 'rule4': 0.0, 'rule5': 0.0, 'rule6': 0.0, 'rule7': 0.0, 'rule8': 0.0}
[04:07:48] ⏳ expCCC: 130/150
[04:08:48] ⏳ expCCC: 132/150
[04:09:48] ⏳ expCCC: 133/150
[04:10:48] ⏳ expCCC: 135/150
[04:11:48] ⏳ expCCC: 136/150
[04:12:49] ⏳ expCCC: 138/150
[04:13:49] ⏳ expCCC: 139/150
[04:14:49] ⏳ expCCC: 141/150
[04:15:49] ⏳ expCCC: 142/150
[04:16:49] ⏳ expCCC: 143/150
[04:17:49] ⏳ expCCC: 145/150
[04:18:49] ⏳ expCCC: 146/150
[04:19:49] ⏳ expCCC: 148/150
[04:20:49] ⏳ expCCC: 149/150
[04:21:49] ✅ expCCC: training complete
[04:21:49] 📊 expCCC: launching eval on GPU 6...
[04:21:49]    eval PID=140952
[04:24:50] 🎯 expCCC: F1=0.000 cpk=0.000 per_rule={'rule1': 0.0, 'rule2': 0.0, 'rule3': 0.0, 'rule4': 0.0, 'rule5': 0.0, 'rule6': 0.0, 'rule7': 0.0, 'rule8': 0.0}
[04:24:50] ✅ Batch 7 complete!

=== Batch 7 Results ===
  expZZ: F1=0.000 cpk=0.000
    per_rule: {'rule1': 0.0, 'rule2': 0.0, 'rule3': 0.0, 'rule4': 0.0, 'rule5': 0.0, 'rule6': 0.0, 'rule7': 0.0, 'rule8': 0.0}
  expAAA: F1=0.000 cpk=0.000
    per_rule: {'rule1': 0.0, 'rule2': 0.0, 'rule3': 0.0, 'rule4': 0.0, 'rule5': 0.0, 'rule6': 0.0, 'rule7': 0.0, 'rule8': 0.0}
  expBBB: F1=0.000 cpk=0.000
    per_rule: {'rule1': 0.0, 'rule2': 0.0, 'rule3': 0.0, 'rule4': 0.0, 'rule5': 0.0, 'rule6': 0.0, 'rule7': 0.0, 'rule8': 0.0}
  expCCC: F1=0.000 cpk=0.000
    per_rule: {'rule1': 0.0, 'rule2': 0.0, 'rule3': 0.0, 'rule4': 0.0, 'rule5': 0.0, 'rule6': 0.0, 'rule7': 0.0, 'rule8': 0.0}
