[Sat Apr 25 01:00:31 AM CST 2026] Batch 8 launcher started. Waiting for Batch 7 results...
[Sat Apr 25 01:00:31 AM CST 2026] Waiting... 4 results still missing
  ⏳ expZZ: pending
  ⏳ expAAA: pending
  ⏳ expBBB: pending
  ⏳ expCCC: pending
[Sat Apr 25 01:02:31 AM CST 2026] Waiting... 4 results still missing
  ⏳ expZZ: pending
  ⏳ expAAA: pending
  ⏳ expBBB: pending
  ⏳ expCCC: pending
[Sat Apr 25 01:04:31 AM CST 2026] Waiting... 4 results still missing
  ⏳ expZZ: pending
  ⏳ expAAA: pending
  ⏳ expBBB: pending
  ⏳ expCCC: pending
[Sat Apr 25 01:06:31 AM CST 2026] Waiting... 4 results still missing
  ⏳ expZZ: pending
  ⏳ expAAA: pending
  ⏳ expBBB: pending
  ⏳ expCCC: pending
[Sat Apr 25 01:08:31 AM CST 2026] Waiting... 4 results still missing
  ⏳ expZZ: pending
  ⏳ expAAA: pending
  ⏳ expBBB: pending
  ⏳ expCCC: pending
[Sat Apr 25 01:10:31 AM CST 2026] Waiting... 4 results still missing
  ⏳ expZZ: pending
  ⏳ expAAA: pending
  ⏳ expBBB: pending
  ⏳ expCCC: pending
[Sat Apr 25 01:12:31 AM CST 2026] Waiting... 4 results still missing
  ⏳ expZZ: pending
  ⏳ expAAA: pending
  ⏳ expBBB: pending
  ⏳ expCCC: pending
[Sat Apr 25 01:14:31 AM CST 2026] Waiting... 4 results still missing
  ⏳ expZZ: pending
  ⏳ expAAA: pending
  ⏳ expBBB: pending
  ⏳ expCCC: pending
[Sat Apr 25 01:16:31 AM CST 2026] Waiting... 4 results still missing
  ⏳ expZZ: pending
  ⏳ expAAA: pending
  ⏳ expBBB: pending
  ⏳ expCCC: pending
[Sat Apr 25 01:18:32 AM CST 2026] Waiting... 4 results still missing
  ⏳ expZZ: pending
  ⏳ expAAA: pending
  ⏳ expBBB: pending
  ⏳ expCCC: pending
[Sat Apr 25 01:20:32 AM CST 2026] Waiting... 4 results still missing
  ⏳ expZZ: pending
  ⏳ expAAA: pending
  ⏳ expBBB: pending
  ⏳ expCCC: pending
[Sat Apr 25 01:22:32 AM CST 2026] Waiting... 4 results still missing
  ⏳ expZZ: pending
  ⏳ expAAA: pending
  ⏳ expBBB: pending
  ⏳ expCCC: pending
[Sat Apr 25 01:24:32 AM CST 2026] Waiting... 4 results still missing
  ⏳ expZZ: pending
  ⏳ expAAA: pending
  ⏳ expBBB: pending
  ⏳ expCCC: pending
[Sat Apr 25 01:26:32 AM CST 2026] Waiting... 4 results still missing
  ⏳ expZZ: pending
  ⏳ expAAA: pending
  ⏳ expBBB: pending
  ⏳ expCCC: pending
[Sat Apr 25 01:28:32 AM CST 2026] Waiting... 4 results still missing
  ⏳ expZZ: pending
  ⏳ expAAA: pending
  ⏳ expBBB: pending
  ⏳ expCCC: pending
[Sat Apr 25 01:30:32 AM CST 2026] Waiting... 4 results still missing
  ⏳ expZZ: pending
  ⏳ expAAA: pending
  ⏳ expBBB: pending
  ⏳ expCCC: pending
[Sat Apr 25 01:32:32 AM CST 2026] Waiting... 4 results still missing
  ⏳ expZZ: pending
  ⏳ expAAA: pending
  ⏳ expBBB: pending
  ⏳ expCCC: pending
[Sat Apr 25 01:34:32 AM CST 2026] Waiting... 4 results still missing
  ⏳ expZZ: pending
  ⏳ expAAA: pending
  ⏳ expBBB: pending
  ⏳ expCCC: pending
[Sat Apr 25 01:36:32 AM CST 2026] Waiting... 4 results still missing
  ⏳ expZZ: pending
  ⏳ expAAA: pending
  ⏳ expBBB: pending
  ⏳ expCCC: pending
[Sat Apr 25 01:38:32 AM CST 2026] Waiting... 4 results still missing
  ⏳ expZZ: pending
  ⏳ expAAA: pending
  ⏳ expBBB: pending
  ⏳ expCCC: pending
[Sat Apr 25 01:40:32 AM CST 2026] Waiting... 4 results still missing
  ⏳ expZZ: pending
  ⏳ expAAA: pending
  ⏳ expBBB: pending
  ⏳ expCCC: pending
[Sat Apr 25 01:42:32 AM CST 2026] Waiting... 4 results still missing
  ⏳ expZZ: pending
  ⏳ expAAA: pending
  ⏳ expBBB: pending
  ⏳ expCCC: pending
[Sat Apr 25 01:44:32 AM CST 2026] Waiting... 4 results still missing
  ⏳ expZZ: pending
  ⏳ expAAA: pending
  ⏳ expBBB: pending
  ⏳ expCCC: pending
[Sat Apr 25 01:46:32 AM CST 2026] Waiting... 4 results still missing
  ⏳ expZZ: pending
  ⏳ expAAA: pending
  ⏳ expBBB: pending
  ⏳ expCCC: pending
[Sat Apr 25 01:48:32 AM CST 2026] Waiting... 4 results still missing
  ⏳ expZZ: pending
  ⏳ expAAA: pending
  ⏳ expBBB: pending
  ⏳ expCCC: pending
[Sat Apr 25 01:50:32 AM CST 2026] Waiting... 4 results still missing
  ⏳ expZZ: pending
  ⏳ expAAA: pending
  ⏳ expBBB: pending
  ⏳ expCCC: pending
[Sat Apr 25 01:52:32 AM CST 2026] Waiting... 4 results still missing
  ⏳ expZZ: pending
  ⏳ expAAA: pending
  ⏳ expBBB: pending
  ⏳ expCCC: pending
[Sat Apr 25 01:54:33 AM CST 2026] Waiting... 4 results still missing
  ⏳ expZZ: pending
  ⏳ expAAA: pending
  ⏳ expBBB: pending
  ⏳ expCCC: pending
[Sat Apr 25 01:56:33 AM CST 2026] Waiting... 4 results still missing
  ⏳ expZZ: pending
  ⏳ expAAA: pending
  ⏳ expBBB: pending
  ⏳ expCCC: pending
[Sat Apr 25 01:58:33 AM CST 2026] Waiting... 4 results still missing
  ⏳ expZZ: pending
  ⏳ expAAA: pending
  ⏳ expBBB: pending
  ⏳ expCCC: pending
[Sat Apr 25 02:00:33 AM CST 2026] Waiting... 4 results still missing
  ⏳ expZZ: pending
  ⏳ expAAA: pending
  ⏳ expBBB: pending
  ⏳ expCCC: pending
[Sat Apr 25 02:02:33 AM CST 2026] Waiting... 4 results still missing
  ⏳ expZZ: pending
  ⏳ expAAA: pending
  ⏳ expBBB: pending
  ⏳ expCCC: pending
[Sat Apr 25 02:04:33 AM CST 2026] Waiting... 4 results still missing
  ⏳ expZZ: pending
  ⏳ expAAA: pending
  ⏳ expBBB: pending
  ⏳ expCCC: pending
[Sat Apr 25 02:06:33 AM CST 2026] Waiting... 4 results still missing
  ⏳ expZZ: pending
  ⏳ expAAA: pending
  ⏳ expBBB: pending
  ⏳ expCCC: pending
[Sat Apr 25 02:08:33 AM CST 2026] Waiting... 4 results still missing
  ⏳ expZZ: pending
  ⏳ expAAA: pending
  ⏳ expBBB: pending
  ⏳ expCCC: pending
[Sat Apr 25 02:10:33 AM CST 2026] Waiting... 4 results still missing
  ⏳ expZZ: pending
  ⏳ expAAA: pending
  ⏳ expBBB: pending
  ⏳ expCCC: pending
[Sat Apr 25 02:12:33 AM CST 2026] Waiting... 4 results still missing
  ⏳ expZZ: pending
  ⏳ expAAA: pending
  ⏳ expBBB: pending
  ⏳ expCCC: pending
[Sat Apr 25 02:14:33 AM CST 2026] Waiting... 4 results still missing
  ⏳ expZZ: pending
  ⏳ expAAA: pending
  ⏳ expBBB: pending
  ⏳ expCCC: pending
[Sat Apr 25 02:16:33 AM CST 2026] Waiting... 4 results still missing
  ⏳ expZZ: pending
  ⏳ expAAA: pending
  ⏳ expBBB: pending
  ⏳ expCCC: pending
[Sat Apr 25 02:18:33 AM CST 2026] Waiting... 4 results still missing
  ⏳ expZZ: pending
  ⏳ expAAA: pending
  ⏳ expBBB: pending
  ⏳ expCCC: pending
[Sat Apr 25 02:20:33 AM CST 2026] Waiting... 4 results still missing
  ⏳ expZZ: pending
  ⏳ expAAA: pending
  ⏳ expBBB: pending
  ⏳ expCCC: pending
[Sat Apr 25 02:22:33 AM CST 2026] Waiting... 4 results still missing
  ⏳ expZZ: pending
  ⏳ expAAA: pending
  ⏳ expBBB: pending
  ⏳ expCCC: pending
[Sat Apr 25 02:24:33 AM CST 2026] Waiting... 4 results still missing
  ⏳ expZZ: pending
  ⏳ expAAA: pending
  ⏳ expBBB: pending
  ⏳ expCCC: pending
[Sat Apr 25 02:26:33 AM CST 2026] Waiting... 4 results still missing
  ⏳ expZZ: pending
  ⏳ expAAA: pending
  ⏳ expBBB: pending
  ⏳ expCCC: pending
[Sat Apr 25 02:28:33 AM CST 2026] Waiting... 4 results still missing
  ⏳ expZZ: pending
  ⏳ expAAA: pending
  ⏳ expBBB: pending
  ⏳ expCCC: pending
[Sat Apr 25 02:30:33 AM CST 2026] Waiting... 4 results still missing
  ⏳ expZZ: pending
  ⏳ expAAA: pending
  ⏳ expBBB: pending
  ⏳ expCCC: pending
[Sat Apr 25 02:32:33 AM CST 2026] Waiting... 4 results still missing
  ⏳ expZZ: pending
  ⏳ expAAA: pending
  ⏳ expBBB: pending
  ⏳ expCCC: pending
[Sat Apr 25 02:34:34 AM CST 2026] Waiting... 4 results still missing
  ⏳ expZZ: pending
  ⏳ expAAA: pending
  ⏳ expBBB: pending
  ⏳ expCCC: pending
[Sat Apr 25 02:36:34 AM CST 2026] Waiting... 4 results still missing
  ⏳ expZZ: pending
  ⏳ expAAA: pending
  ⏳ expBBB: pending
  ⏳ expCCC: pending
[Sat Apr 25 02:38:34 AM CST 2026] Waiting... 4 results still missing
  ⏳ expZZ: pending
  ⏳ expAAA: pending
  ⏳ expBBB: pending
  ⏳ expCCC: pending
[Sat Apr 25 02:40:34 AM CST 2026] Waiting... 4 results still missing
  ⏳ expZZ: pending
  ⏳ expAAA: pending
  ⏳ expBBB: pending
  ⏳ expCCC: pending
[Sat Apr 25 02:42:34 AM CST 2026] Waiting... 4 results still missing
  ⏳ expZZ: pending
  ⏳ expAAA: pending
  ⏳ expBBB: pending
  ⏳ expCCC: pending
[Sat Apr 25 02:44:34 AM CST 2026] Waiting... 4 results still missing
  ⏳ expZZ: pending
  ⏳ expAAA: pending
  ⏳ expBBB: pending
  ⏳ expCCC: pending
[Sat Apr 25 02:46:34 AM CST 2026] Waiting... 4 results still missing
  ⏳ expZZ: pending
  ⏳ expAAA: pending
  ⏳ expBBB: pending
  ⏳ expCCC: pending
[Sat Apr 25 02:48:34 AM CST 2026] Waiting... 4 results still missing
  ⏳ expZZ: pending
  ⏳ expAAA: pending
  ⏳ expBBB: pending
  ⏳ expCCC: pending
[Sat Apr 25 02:50:34 AM CST 2026] Waiting... 4 results still missing
  ⏳ expZZ: pending
  ⏳ expAAA: pending
  ⏳ expBBB: pending
  ⏳ expCCC: pending
[Sat Apr 25 02:52:34 AM CST 2026] Waiting... 4 results still missing
  ⏳ expZZ: pending
  ⏳ expAAA: pending
  ⏳ expBBB: pending
  ⏳ expCCC: pending
[Sat Apr 25 02:54:34 AM CST 2026] Waiting... 4 results still missing
  ⏳ expZZ: pending
  ⏳ expAAA: pending
  ⏳ expBBB: pending
  ⏳ expCCC: pending
[Sat Apr 25 02:56:34 AM CST 2026] Waiting... 4 results still missing
  ⏳ expZZ: pending
  ⏳ expAAA: pending
  ⏳ expBBB: pending
  ⏳ expCCC: pending
[Sat Apr 25 02:58:34 AM CST 2026] Waiting... 4 results still missing
  ⏳ expZZ: pending
  ⏳ expAAA: pending
  ⏳ expBBB: pending
  ⏳ expCCC: pending
[Sat Apr 25 03:00:34 AM CST 2026] Waiting... 4 results still missing
  ⏳ expZZ: pending
  ⏳ expAAA: pending
  ⏳ expBBB: pending
  ⏳ expCCC: pending
[Sat Apr 25 03:02:34 AM CST 2026] Waiting... 4 results still missing
  ⏳ expZZ: pending
  ⏳ expAAA: pending
  ⏳ expBBB: pending
  ⏳ expCCC: pending
[Sat Apr 25 03:04:34 AM CST 2026] Waiting... 4 results still missing
  ⏳ expZZ: pending
  ⏳ expAAA: pending
  ⏳ expBBB: pending
  ⏳ expCCC: pending
[Sat Apr 25 03:06:34 AM CST 2026] Waiting... 4 results still missing
  ⏳ expZZ: pending
  ⏳ expAAA: pending
  ⏳ expBBB: pending
  ⏳ expCCC: pending
[Sat Apr 25 03:08:35 AM CST 2026] Waiting... 4 results still missing
  ⏳ expZZ: pending
  ⏳ expAAA: pending
  ⏳ expBBB: pending
  ⏳ expCCC: pending
[Sat Apr 25 03:10:35 AM CST 2026] Waiting... 4 results still missing
  ⏳ expZZ: pending
  ⏳ expAAA: pending
  ⏳ expBBB: pending
  ⏳ expCCC: pending
[Sat Apr 25 03:12:35 AM CST 2026] Waiting... 4 results still missing
  ⏳ expZZ: pending
  ⏳ expAAA: pending
  ⏳ expBBB: pending
  ⏳ expCCC: pending
[Sat Apr 25 03:14:35 AM CST 2026] Waiting... 4 results still missing
  ⏳ expZZ: pending
  ⏳ expAAA: pending
  ⏳ expBBB: pending
  ⏳ expCCC: pending
[Sat Apr 25 03:16:35 AM CST 2026] Waiting... 4 results still missing
  ⏳ expZZ: pending
  ⏳ expAAA: pending
  ⏳ expBBB: pending
  ⏳ expCCC: pending
[Sat Apr 25 03:18:35 AM CST 2026] Waiting... 4 results still missing
  ⏳ expZZ: pending
  ⏳ expAAA: pending
  ⏳ expBBB: pending
  ⏳ expCCC: pending
[Sat Apr 25 03:20:35 AM CST 2026] Waiting... 4 results still missing
  ⏳ expZZ: pending
  ⏳ expAAA: pending
  ⏳ expBBB: pending
  ⏳ expCCC: pending
[Sat Apr 25 03:22:35 AM CST 2026] Waiting... 4 results still missing
  ⏳ expZZ: pending
  ⏳ expAAA: pending
  ⏳ expBBB: pending
  ⏳ expCCC: pending
[Sat Apr 25 03:24:35 AM CST 2026] Waiting... 4 results still missing
  ⏳ expZZ: pending
  ⏳ expAAA: pending
  ⏳ expBBB: pending
  ⏳ expCCC: pending
[Sat Apr 25 03:26:35 AM CST 2026] Waiting... 4 results still missing
  ⏳ expZZ: pending
  ⏳ expAAA: pending
  ⏳ expBBB: pending
  ⏳ expCCC: pending
[Sat Apr 25 03:28:35 AM CST 2026] Waiting... 4 results still missing
  ⏳ expZZ: pending
  ⏳ expAAA: pending
  ⏳ expBBB: pending
  ⏳ expCCC: pending
[Sat Apr 25 03:30:35 AM CST 2026] Waiting... 4 results still missing
  ⏳ expZZ: pending
  ⏳ expAAA: pending
  ⏳ expBBB: pending
  ⏳ expCCC: pending
[Sat Apr 25 03:32:35 AM CST 2026] Waiting... 4 results still missing
  ⏳ expZZ: pending
  ⏳ expAAA: pending
  ⏳ expBBB: pending
  ⏳ expCCC: pending
[Sat Apr 25 03:34:35 AM CST 2026] Waiting... 3 results still missing
  ✓ expZZ: F1=0.0
  ⏳ expAAA: pending
  ⏳ expBBB: pending
  ⏳ expCCC: pending
[Sat Apr 25 03:36:35 AM CST 2026] Waiting... 3 results still missing
  ✓ expZZ: F1=0.0
  ⏳ expAAA: pending
  ⏳ expBBB: pending
  ⏳ expCCC: pending
[Sat Apr 25 03:38:35 AM CST 2026] Waiting... 3 results still missing
  ✓ expZZ: F1=0.0
  ⏳ expAAA: pending
  ⏳ expBBB: pending
  ⏳ expCCC: pending
[Sat Apr 25 03:40:36 AM CST 2026] Waiting... 3 results still missing
  ✓ expZZ: F1=0.0
  ⏳ expAAA: pending
  ⏳ expBBB: pending
  ⏳ expCCC: pending
[Sat Apr 25 03:42:36 AM CST 2026] Waiting... 3 results still missing
  ✓ expZZ: F1=0.0
  ⏳ expAAA: pending
  ⏳ expBBB: pending
  ⏳ expCCC: pending
[Sat Apr 25 03:44:36 AM CST 2026] Waiting... 3 results still missing
  ✓ expZZ: F1=0.0
  ⏳ expAAA: pending
  ⏳ expBBB: pending
  ⏳ expCCC: pending
[Sat Apr 25 03:46:36 AM CST 2026] Waiting... 3 results still missing
  ✓ expZZ: F1=0.0
  ⏳ expAAA: pending
  ⏳ expBBB: pending
  ⏳ expCCC: pending
[Sat Apr 25 03:48:36 AM CST 2026] Waiting... 3 results still missing
  ✓ expZZ: F1=0.0
  ⏳ expAAA: pending
  ⏳ expBBB: pending
  ⏳ expCCC: pending
[Sat Apr 25 03:50:36 AM CST 2026] Waiting... 3 results still missing
  ✓ expZZ: F1=0.0
  ⏳ expAAA: pending
  ⏳ expBBB: pending
  ⏳ expCCC: pending
[Sat Apr 25 03:52:36 AM CST 2026] Waiting... 2 results still missing
  ✓ expZZ: F1=0.0
  ⏳ expAAA: pending
  ✓ expBBB: F1=0.0
  ⏳ expCCC: pending
[Sat Apr 25 03:54:36 AM CST 2026] Waiting... 2 results still missing
  ✓ expZZ: F1=0.0
  ⏳ expAAA: pending
  ✓ expBBB: F1=0.0
  ⏳ expCCC: pending
[Sat Apr 25 03:56:37 AM CST 2026] Waiting... 2 results still missing
  ✓ expZZ: F1=0.0
  ⏳ expAAA: pending
  ✓ expBBB: F1=0.0
  ⏳ expCCC: pending
[Sat Apr 25 03:58:37 AM CST 2026] Waiting... 2 results still missing
  ✓ expZZ: F1=0.0
  ⏳ expAAA: pending
  ✓ expBBB: F1=0.0
  ⏳ expCCC: pending
[Sat Apr 25 04:00:37 AM CST 2026] Waiting... 2 results still missing
  ✓ expZZ: F1=0.0
  ⏳ expAAA: pending
  ✓ expBBB: F1=0.0
  ⏳ expCCC: pending
[Sat Apr 25 04:02:37 AM CST 2026] Waiting... 2 results still missing
  ✓ expZZ: F1=0.0
  ⏳ expAAA: pending
  ✓ expBBB: F1=0.0
  ⏳ expCCC: pending
[Sat Apr 25 04:04:37 AM CST 2026] Waiting... 2 results still missing
  ✓ expZZ: F1=0.0
  ⏳ expAAA: pending
  ✓ expBBB: F1=0.0
  ⏳ expCCC: pending
[Sat Apr 25 04:06:38 AM CST 2026] Waiting... 2 results still missing
  ✓ expZZ: F1=0.0
  ⏳ expAAA: pending
  ✓ expBBB: F1=0.0
  ⏳ expCCC: pending
[Sat Apr 25 04:08:38 AM CST 2026] Waiting... 1 results still missing
  ✓ expZZ: F1=0.0
  ✓ expAAA: F1=0.0
  ✓ expBBB: F1=0.0
  ⏳ expCCC: pending
[Sat Apr 25 04:10:38 AM CST 2026] Waiting... 1 results still missing
  ✓ expZZ: F1=0.0
  ✓ expAAA: F1=0.0
  ✓ expBBB: F1=0.0
  ⏳ expCCC: pending
[Sat Apr 25 04:12:38 AM CST 2026] Waiting... 1 results still missing
  ✓ expZZ: F1=0.0
  ✓ expAAA: F1=0.0
  ✓ expBBB: F1=0.0
  ⏳ expCCC: pending
[Sat Apr 25 04:14:38 AM CST 2026] Waiting... 1 results still missing
  ✓ expZZ: F1=0.0
  ✓ expAAA: F1=0.0
  ✓ expBBB: F1=0.0
  ⏳ expCCC: pending
[Sat Apr 25 04:16:39 AM CST 2026] Waiting... 1 results still missing
  ✓ expZZ: F1=0.0
  ✓ expAAA: F1=0.0
  ✓ expBBB: F1=0.0
  ⏳ expCCC: pending
[Sat Apr 25 04:18:39 AM CST 2026] Waiting... 1 results still missing
  ✓ expZZ: F1=0.0
  ✓ expAAA: F1=0.0
  ✓ expBBB: F1=0.0
  ⏳ expCCC: pending
[Sat Apr 25 04:20:39 AM CST 2026] Waiting... 1 results still missing
  ✓ expZZ: F1=0.0
  ✓ expAAA: F1=0.0
  ✓ expBBB: F1=0.0
  ⏳ expCCC: pending
[Sat Apr 25 04:22:39 AM CST 2026] Waiting... 1 results still missing
  ✓ expZZ: F1=0.0
  ✓ expAAA: F1=0.0
  ✓ expBBB: F1=0.0
  ⏳ expCCC: pending
[Sat Apr 25 04:24:39 AM CST 2026] Waiting... 1 results still missing
  ✓ expZZ: F1=0.0
  ✓ expAAA: F1=0.0
  ✓ expBBB: F1=0.0
  ⏳ expCCC: pending
[Sat Apr 25 04:26:40 AM CST 2026] All Batch 7 evals complete!
launch_batch8.sh: error reading input file: No such file or directory
