[Sat Apr 25 01:33:51 AM CST 2026] Batch 10 launcher started. Waiting for Batch 9 results...
[Sat Apr 25 01:33:51 AM CST 2026] Waiting... 5 B9 results missing
  ⏳ expIII: pending
  ⏳ expJJJ: pending
  ⏳ expKKK: pending
  ⏳ expLLL: pending
  ⏳ expMMM: pending
[Sat Apr 25 01:35:51 AM CST 2026] Waiting... 5 B9 results missing
  ⏳ expIII: pending
  ⏳ expJJJ: pending
  ⏳ expKKK: pending
  ⏳ expLLL: pending
  ⏳ expMMM: pending
[Sat Apr 25 01:37:51 AM CST 2026] Waiting... 5 B9 results missing
  ⏳ expIII: pending
  ⏳ expJJJ: pending
  ⏳ expKKK: pending
  ⏳ expLLL: pending
  ⏳ expMMM: pending
[Sat Apr 25 01:39:51 AM CST 2026] Waiting... 5 B9 results missing
  ⏳ expIII: pending
  ⏳ expJJJ: pending
  ⏳ expKKK: pending
  ⏳ expLLL: pending
  ⏳ expMMM: pending
[Sat Apr 25 01:41:51 AM CST 2026] Waiting... 5 B9 results missing
  ⏳ expIII: pending
  ⏳ expJJJ: pending
  ⏳ expKKK: pending
  ⏳ expLLL: pending
  ⏳ expMMM: pending
[Sat Apr 25 01:43:51 AM CST 2026] Waiting... 5 B9 results missing
  ⏳ expIII: pending
  ⏳ expJJJ: pending
  ⏳ expKKK: pending
  ⏳ expLLL: pending
  ⏳ expMMM: pending
[Sat Apr 25 01:45:51 AM CST 2026] Waiting... 5 B9 results missing
  ⏳ expIII: pending
  ⏳ expJJJ: pending
  ⏳ expKKK: pending
  ⏳ expLLL: pending
  ⏳ expMMM: pending
[Sat Apr 25 01:47:51 AM CST 2026] Waiting... 5 B9 results missing
  ⏳ expIII: pending
  ⏳ expJJJ: pending
  ⏳ expKKK: pending
  ⏳ expLLL: pending
  ⏳ expMMM: pending
[Sat Apr 25 01:49:51 AM CST 2026] Waiting... 5 B9 results missing
  ⏳ expIII: pending
  ⏳ expJJJ: pending
  ⏳ expKKK: pending
  ⏳ expLLL: pending
  ⏳ expMMM: pending
[Sat Apr 25 01:51:51 AM CST 2026] Waiting... 5 B9 results missing
  ⏳ expIII: pending
  ⏳ expJJJ: pending
  ⏳ expKKK: pending
  ⏳ expLLL: pending
  ⏳ expMMM: pending
[Sat Apr 25 01:53:51 AM CST 2026] Waiting... 5 B9 results missing
  ⏳ expIII: pending
  ⏳ expJJJ: pending
  ⏳ expKKK: pending
  ⏳ expLLL: pending
  ⏳ expMMM: pending
[Sat Apr 25 01:55:51 AM CST 2026] Waiting... 5 B9 results missing
  ⏳ expIII: pending
  ⏳ expJJJ: pending
  ⏳ expKKK: pending
  ⏳ expLLL: pending
  ⏳ expMMM: pending
[Sat Apr 25 01:57:51 AM CST 2026] Waiting... 5 B9 results missing
  ⏳ expIII: pending
  ⏳ expJJJ: pending
  ⏳ expKKK: pending
  ⏳ expLLL: pending
  ⏳ expMMM: pending
[Sat Apr 25 01:59:52 AM CST 2026] Waiting... 5 B9 results missing
  ⏳ expIII: pending
  ⏳ expJJJ: pending
  ⏳ expKKK: pending
  ⏳ expLLL: pending
  ⏳ expMMM: pending
[Sat Apr 25 02:01:52 AM CST 2026] Waiting... 5 B9 results missing
  ⏳ expIII: pending
  ⏳ expJJJ: pending
  ⏳ expKKK: pending
  ⏳ expLLL: pending
  ⏳ expMMM: pending
[Sat Apr 25 02:03:52 AM CST 2026] Waiting... 5 B9 results missing
  ⏳ expIII: pending
  ⏳ expJJJ: pending
  ⏳ expKKK: pending
  ⏳ expLLL: pending
  ⏳ expMMM: pending
[Sat Apr 25 02:05:52 AM CST 2026] Waiting... 5 B9 results missing
  ⏳ expIII: pending
  ⏳ expJJJ: pending
  ⏳ expKKK: pending
  ⏳ expLLL: pending
  ⏳ expMMM: pending
[Sat Apr 25 02:07:52 AM CST 2026] Waiting... 5 B9 results missing
  ⏳ expIII: pending
  ⏳ expJJJ: pending
  ⏳ expKKK: pending
  ⏳ expLLL: pending
  ⏳ expMMM: pending
[Sat Apr 25 02:09:52 AM CST 2026] Waiting... 5 B9 results missing
  ⏳ expIII: pending
  ⏳ expJJJ: pending
  ⏳ expKKK: pending
  ⏳ expLLL: pending
  ⏳ expMMM: pending
[Sat Apr 25 02:11:52 AM CST 2026] Waiting... 5 B9 results missing
  ⏳ expIII: pending
  ⏳ expJJJ: pending
  ⏳ expKKK: pending
  ⏳ expLLL: pending
  ⏳ expMMM: pending
[Sat Apr 25 02:13:52 AM CST 2026] Waiting... 5 B9 results missing
  ⏳ expIII: pending
  ⏳ expJJJ: pending
  ⏳ expKKK: pending
  ⏳ expLLL: pending
  ⏳ expMMM: pending
[Sat Apr 25 02:15:52 AM CST 2026] Waiting... 5 B9 results missing
  ⏳ expIII: pending
  ⏳ expJJJ: pending
  ⏳ expKKK: pending
  ⏳ expLLL: pending
  ⏳ expMMM: pending
[Sat Apr 25 02:17:52 AM CST 2026] Waiting... 5 B9 results missing
  ⏳ expIII: pending
  ⏳ expJJJ: pending
  ⏳ expKKK: pending
  ⏳ expLLL: pending
  ⏳ expMMM: pending
[Sat Apr 25 02:19:52 AM CST 2026] Waiting... 5 B9 results missing
  ⏳ expIII: pending
  ⏳ expJJJ: pending
  ⏳ expKKK: pending
  ⏳ expLLL: pending
  ⏳ expMMM: pending
[Sat Apr 25 02:21:52 AM CST 2026] Waiting... 5 B9 results missing
  ⏳ expIII: pending
  ⏳ expJJJ: pending
  ⏳ expKKK: pending
  ⏳ expLLL: pending
  ⏳ expMMM: pending
[Sat Apr 25 02:23:52 AM CST 2026] Waiting... 5 B9 results missing
  ⏳ expIII: pending
  ⏳ expJJJ: pending
  ⏳ expKKK: pending
  ⏳ expLLL: pending
  ⏳ expMMM: pending
[Sat Apr 25 02:25:52 AM CST 2026] Waiting... 5 B9 results missing
  ⏳ expIII: pending
  ⏳ expJJJ: pending
  ⏳ expKKK: pending
  ⏳ expLLL: pending
  ⏳ expMMM: pending
[Sat Apr 25 02:27:52 AM CST 2026] Waiting... 5 B9 results missing
  ⏳ expIII: pending
  ⏳ expJJJ: pending
  ⏳ expKKK: pending
  ⏳ expLLL: pending
  ⏳ expMMM: pending
[Sat Apr 25 02:29:52 AM CST 2026] Waiting... 5 B9 results missing
  ⏳ expIII: pending
  ⏳ expJJJ: pending
  ⏳ expKKK: pending
  ⏳ expLLL: pending
  ⏳ expMMM: pending
[Sat Apr 25 02:31:52 AM CST 2026] Waiting... 5 B9 results missing
  ⏳ expIII: pending
  ⏳ expJJJ: pending
  ⏳ expKKK: pending
  ⏳ expLLL: pending
  ⏳ expMMM: pending
[Sat Apr 25 02:33:53 AM CST 2026] Waiting... 5 B9 results missing
  ⏳ expIII: pending
  ⏳ expJJJ: pending
  ⏳ expKKK: pending
  ⏳ expLLL: pending
  ⏳ expMMM: pending
[Sat Apr 25 02:35:53 AM CST 2026] Waiting... 5 B9 results missing
  ⏳ expIII: pending
  ⏳ expJJJ: pending
  ⏳ expKKK: pending
  ⏳ expLLL: pending
  ⏳ expMMM: pending
[Sat Apr 25 02:37:53 AM CST 2026] Waiting... 5 B9 results missing
  ⏳ expIII: pending
  ⏳ expJJJ: pending
  ⏳ expKKK: pending
  ⏳ expLLL: pending
  ⏳ expMMM: pending
[Sat Apr 25 02:39:53 AM CST 2026] Waiting... 5 B9 results missing
  ⏳ expIII: pending
  ⏳ expJJJ: pending
  ⏳ expKKK: pending
  ⏳ expLLL: pending
  ⏳ expMMM: pending
[Sat Apr 25 02:41:53 AM CST 2026] Waiting... 5 B9 results missing
  ⏳ expIII: pending
  ⏳ expJJJ: pending
  ⏳ expKKK: pending
  ⏳ expLLL: pending
  ⏳ expMMM: pending
[Sat Apr 25 02:43:53 AM CST 2026] Waiting... 5 B9 results missing
  ⏳ expIII: pending
  ⏳ expJJJ: pending
  ⏳ expKKK: pending
  ⏳ expLLL: pending
  ⏳ expMMM: pending
[Sat Apr 25 02:45:53 AM CST 2026] Waiting... 5 B9 results missing
  ⏳ expIII: pending
  ⏳ expJJJ: pending
  ⏳ expKKK: pending
  ⏳ expLLL: pending
  ⏳ expMMM: pending
[Sat Apr 25 02:47:53 AM CST 2026] Waiting... 5 B9 results missing
  ⏳ expIII: pending
  ⏳ expJJJ: pending
  ⏳ expKKK: pending
  ⏳ expLLL: pending
  ⏳ expMMM: pending
[Sat Apr 25 02:49:53 AM CST 2026] Waiting... 5 B9 results missing
  ⏳ expIII: pending
  ⏳ expJJJ: pending
  ⏳ expKKK: pending
  ⏳ expLLL: pending
  ⏳ expMMM: pending
[Sat Apr 25 02:51:53 AM CST 2026] Waiting... 5 B9 results missing
  ⏳ expIII: pending
  ⏳ expJJJ: pending
  ⏳ expKKK: pending
  ⏳ expLLL: pending
  ⏳ expMMM: pending
[Sat Apr 25 02:53:53 AM CST 2026] Waiting... 5 B9 results missing
  ⏳ expIII: pending
  ⏳ expJJJ: pending
  ⏳ expKKK: pending
  ⏳ expLLL: pending
  ⏳ expMMM: pending
[Sat Apr 25 02:55:53 AM CST 2026] Waiting... 5 B9 results missing
  ⏳ expIII: pending
  ⏳ expJJJ: pending
  ⏳ expKKK: pending
  ⏳ expLLL: pending
  ⏳ expMMM: pending
[Sat Apr 25 02:57:53 AM CST 2026] Waiting... 5 B9 results missing
  ⏳ expIII: pending
  ⏳ expJJJ: pending
  ⏳ expKKK: pending
  ⏳ expLLL: pending
  ⏳ expMMM: pending
[Sat Apr 25 02:59:53 AM CST 2026] Waiting... 5 B9 results missing
  ⏳ expIII: pending
  ⏳ expJJJ: pending
  ⏳ expKKK: pending
  ⏳ expLLL: pending
  ⏳ expMMM: pending
[Sat Apr 25 03:01:53 AM CST 2026] Waiting... 5 B9 results missing
  ⏳ expIII: pending
  ⏳ expJJJ: pending
  ⏳ expKKK: pending
  ⏳ expLLL: pending
  ⏳ expMMM: pending
[Sat Apr 25 03:03:53 AM CST 2026] Waiting... 5 B9 results missing
  ⏳ expIII: pending
  ⏳ expJJJ: pending
  ⏳ expKKK: pending
  ⏳ expLLL: pending
  ⏳ expMMM: pending
[Sat Apr 25 03:05:53 AM CST 2026] Waiting... 5 B9 results missing
  ⏳ expIII: pending
  ⏳ expJJJ: pending
  ⏳ expKKK: pending
  ⏳ expLLL: pending
  ⏳ expMMM: pending
[Sat Apr 25 03:07:54 AM CST 2026] Waiting... 5 B9 results missing
  ⏳ expIII: pending
  ⏳ expJJJ: pending
  ⏳ expKKK: pending
  ⏳ expLLL: pending
  ⏳ expMMM: pending
[Sat Apr 25 03:09:54 AM CST 2026] Waiting... 5 B9 results missing
  ⏳ expIII: pending
  ⏳ expJJJ: pending
  ⏳ expKKK: pending
  ⏳ expLLL: pending
  ⏳ expMMM: pending
[Sat Apr 25 03:11:54 AM CST 2026] Waiting... 5 B9 results missing
  ⏳ expIII: pending
  ⏳ expJJJ: pending
  ⏳ expKKK: pending
  ⏳ expLLL: pending
  ⏳ expMMM: pending
[Sat Apr 25 03:13:54 AM CST 2026] Waiting... 5 B9 results missing
  ⏳ expIII: pending
  ⏳ expJJJ: pending
  ⏳ expKKK: pending
  ⏳ expLLL: pending
  ⏳ expMMM: pending
[Sat Apr 25 03:15:54 AM CST 2026] Waiting... 5 B9 results missing
  ⏳ expIII: pending
  ⏳ expJJJ: pending
  ⏳ expKKK: pending
  ⏳ expLLL: pending
  ⏳ expMMM: pending
[Sat Apr 25 03:17:54 AM CST 2026] Waiting... 5 B9 results missing
  ⏳ expIII: pending
  ⏳ expJJJ: pending
  ⏳ expKKK: pending
  ⏳ expLLL: pending
  ⏳ expMMM: pending
[Sat Apr 25 03:19:54 AM CST 2026] Waiting... 5 B9 results missing
  ⏳ expIII: pending
  ⏳ expJJJ: pending
  ⏳ expKKK: pending
  ⏳ expLLL: pending
  ⏳ expMMM: pending
[Sat Apr 25 03:21:54 AM CST 2026] Waiting... 5 B9 results missing
  ⏳ expIII: pending
  ⏳ expJJJ: pending
  ⏳ expKKK: pending
  ⏳ expLLL: pending
  ⏳ expMMM: pending
[Sat Apr 25 03:23:54 AM CST 2026] Waiting... 5 B9 results missing
  ⏳ expIII: pending
  ⏳ expJJJ: pending
  ⏳ expKKK: pending
  ⏳ expLLL: pending
  ⏳ expMMM: pending
[Sat Apr 25 03:25:54 AM CST 2026] Waiting... 5 B9 results missing
  ⏳ expIII: pending
  ⏳ expJJJ: pending
  ⏳ expKKK: pending
  ⏳ expLLL: pending
  ⏳ expMMM: pending
[Sat Apr 25 03:27:54 AM CST 2026] Waiting... 5 B9 results missing
  ⏳ expIII: pending
  ⏳ expJJJ: pending
  ⏳ expKKK: pending
  ⏳ expLLL: pending
  ⏳ expMMM: pending
[Sat Apr 25 03:29:54 AM CST 2026] Waiting... 5 B9 results missing
  ⏳ expIII: pending
  ⏳ expJJJ: pending
  ⏳ expKKK: pending
  ⏳ expLLL: pending
  ⏳ expMMM: pending
[Sat Apr 25 03:31:54 AM CST 2026] Waiting... 5 B9 results missing
  ⏳ expIII: pending
  ⏳ expJJJ: pending
  ⏳ expKKK: pending
  ⏳ expLLL: pending
  ⏳ expMMM: pending
[Sat Apr 25 03:33:54 AM CST 2026] Waiting... 5 B9 results missing
  ⏳ expIII: pending
  ⏳ expJJJ: pending
  ⏳ expKKK: pending
  ⏳ expLLL: pending
  ⏳ expMMM: pending
[Sat Apr 25 03:35:54 AM CST 2026] Waiting... 5 B9 results missing
  ⏳ expIII: pending
  ⏳ expJJJ: pending
  ⏳ expKKK: pending
  ⏳ expLLL: pending
  ⏳ expMMM: pending
[Sat Apr 25 03:37:54 AM CST 2026] Waiting... 5 B9 results missing
  ⏳ expIII: pending
  ⏳ expJJJ: pending
  ⏳ expKKK: pending
  ⏳ expLLL: pending
  ⏳ expMMM: pending
[Sat Apr 25 03:39:55 AM CST 2026] Waiting... 5 B9 results missing
  ⏳ expIII: pending
  ⏳ expJJJ: pending
  ⏳ expKKK: pending
  ⏳ expLLL: pending
  ⏳ expMMM: pending
[Sat Apr 25 03:41:55 AM CST 2026] Waiting... 5 B9 results missing
  ⏳ expIII: pending
  ⏳ expJJJ: pending
  ⏳ expKKK: pending
  ⏳ expLLL: pending
  ⏳ expMMM: pending
[Sat Apr 25 03:43:55 AM CST 2026] Waiting... 5 B9 results missing
  ⏳ expIII: pending
  ⏳ expJJJ: pending
  ⏳ expKKK: pending
  ⏳ expLLL: pending
  ⏳ expMMM: pending
[Sat Apr 25 03:45:55 AM CST 2026] Waiting... 5 B9 results missing
  ⏳ expIII: pending
  ⏳ expJJJ: pending
  ⏳ expKKK: pending
  ⏳ expLLL: pending
  ⏳ expMMM: pending
[Sat Apr 25 03:47:55 AM CST 2026] Waiting... 5 B9 results missing
  ⏳ expIII: pending
  ⏳ expJJJ: pending
  ⏳ expKKK: pending
  ⏳ expLLL: pending
  ⏳ expMMM: pending
[Sat Apr 25 03:49:55 AM CST 2026] Waiting... 5 B9 results missing
  ⏳ expIII: pending
  ⏳ expJJJ: pending
  ⏳ expKKK: pending
  ⏳ expLLL: pending
  ⏳ expMMM: pending
[Sat Apr 25 03:51:55 AM CST 2026] Waiting... 5 B9 results missing
  ⏳ expIII: pending
  ⏳ expJJJ: pending
  ⏳ expKKK: pending
  ⏳ expLLL: pending
  ⏳ expMMM: pending
[Sat Apr 25 03:53:55 AM CST 2026] Waiting... 5 B9 results missing
  ⏳ expIII: pending
  ⏳ expJJJ: pending
  ⏳ expKKK: pending
  ⏳ expLLL: pending
  ⏳ expMMM: pending
[Sat Apr 25 03:55:55 AM CST 2026] Waiting... 5 B9 results missing
  ⏳ expIII: pending
  ⏳ expJJJ: pending
  ⏳ expKKK: pending
  ⏳ expLLL: pending
  ⏳ expMMM: pending
[Sat Apr 25 03:57:55 AM CST 2026] Waiting... 5 B9 results missing
  ⏳ expIII: pending
  ⏳ expJJJ: pending
  ⏳ expKKK: pending
  ⏳ expLLL: pending
  ⏳ expMMM: pending
[Sat Apr 25 03:59:55 AM CST 2026] Waiting... 5 B9 results missing
  ⏳ expIII: pending
  ⏳ expJJJ: pending
  ⏳ expKKK: pending
  ⏳ expLLL: pending
  ⏳ expMMM: pending
[Sat Apr 25 04:01:55 AM CST 2026] Waiting... 5 B9 results missing
  ⏳ expIII: pending
  ⏳ expJJJ: pending
  ⏳ expKKK: pending
  ⏳ expLLL: pending
  ⏳ expMMM: pending
[Sat Apr 25 04:03:55 AM CST 2026] Waiting... 5 B9 results missing
  ⏳ expIII: pending
  ⏳ expJJJ: pending
  ⏳ expKKK: pending
  ⏳ expLLL: pending
  ⏳ expMMM: pending
[Sat Apr 25 04:05:55 AM CST 2026] Waiting... 5 B9 results missing
  ⏳ expIII: pending
  ⏳ expJJJ: pending
  ⏳ expKKK: pending
  ⏳ expLLL: pending
  ⏳ expMMM: pending
[Sat Apr 25 04:07:55 AM CST 2026] Waiting... 5 B9 results missing
  ⏳ expIII: pending
  ⏳ expJJJ: pending
  ⏳ expKKK: pending
  ⏳ expLLL: pending
  ⏳ expMMM: pending
[Sat Apr 25 04:09:55 AM CST 2026] Waiting... 5 B9 results missing
  ⏳ expIII: pending
  ⏳ expJJJ: pending
  ⏳ expKKK: pending
  ⏳ expLLL: pending
  ⏳ expMMM: pending
[Sat Apr 25 04:11:56 AM CST 2026] Waiting... 5 B9 results missing
  ⏳ expIII: pending
  ⏳ expJJJ: pending
  ⏳ expKKK: pending
  ⏳ expLLL: pending
  ⏳ expMMM: pending
[Sat Apr 25 04:13:56 AM CST 2026] Waiting... 5 B9 results missing
  ⏳ expIII: pending
  ⏳ expJJJ: pending
  ⏳ expKKK: pending
  ⏳ expLLL: pending
  ⏳ expMMM: pending
[Sat Apr 25 04:15:56 AM CST 2026] Waiting... 5 B9 results missing
  ⏳ expIII: pending
  ⏳ expJJJ: pending
  ⏳ expKKK: pending
  ⏳ expLLL: pending
  ⏳ expMMM: pending
[Sat Apr 25 04:17:56 AM CST 2026] Waiting... 5 B9 results missing
  ⏳ expIII: pending
  ⏳ expJJJ: pending
  ⏳ expKKK: pending
  ⏳ expLLL: pending
  ⏳ expMMM: pending
[Sat Apr 25 04:19:56 AM CST 2026] Waiting... 5 B9 results missing
  ⏳ expIII: pending
  ⏳ expJJJ: pending
  ⏳ expKKK: pending
  ⏳ expLLL: pending
  ⏳ expMMM: pending
[Sat Apr 25 04:21:56 AM CST 2026] Waiting... 5 B9 results missing
  ⏳ expIII: pending
  ⏳ expJJJ: pending
  ⏳ expKKK: pending
  ⏳ expLLL: pending
  ⏳ expMMM: pending
[Sat Apr 25 04:23:56 AM CST 2026] Waiting... 5 B9 results missing
  ⏳ expIII: pending
  ⏳ expJJJ: pending
  ⏳ expKKK: pending
  ⏳ expLLL: pending
  ⏳ expMMM: pending
[Sat Apr 25 04:25:56 AM CST 2026] Waiting... 5 B9 results missing
  ⏳ expIII: pending
  ⏳ expJJJ: pending
  ⏳ expKKK: pending
  ⏳ expLLL: pending
  ⏳ expMMM: pending
[Sat Apr 25 04:27:56 AM CST 2026] Waiting... 5 B9 results missing
  ⏳ expIII: pending
  ⏳ expJJJ: pending
  ⏳ expKKK: pending
  ⏳ expLLL: pending
  ⏳ expMMM: pending
[Sat Apr 25 04:29:56 AM CST 2026] Waiting... 5 B9 results missing
  ⏳ expIII: pending
  ⏳ expJJJ: pending
  ⏳ expKKK: pending
  ⏳ expLLL: pending
  ⏳ expMMM: pending
[Sat Apr 25 04:31:56 AM CST 2026] Waiting... 5 B9 results missing
  ⏳ expIII: pending
  ⏳ expJJJ: pending
  ⏳ expKKK: pending
  ⏳ expLLL: pending
  ⏳ expMMM: pending
[Sat Apr 25 04:33:56 AM CST 2026] Waiting... 5 B9 results missing
  ⏳ expIII: pending
  ⏳ expJJJ: pending
  ⏳ expKKK: pending
  ⏳ expLLL: pending
  ⏳ expMMM: pending
[Sat Apr 25 04:35:56 AM CST 2026] Waiting... 5 B9 results missing
  ⏳ expIII: pending
  ⏳ expJJJ: pending
  ⏳ expKKK: pending
  ⏳ expLLL: pending
  ⏳ expMMM: pending
[Sat Apr 25 04:37:56 AM CST 2026] Waiting... 5 B9 results missing
  ⏳ expIII: pending
  ⏳ expJJJ: pending
  ⏳ expKKK: pending
  ⏳ expLLL: pending
  ⏳ expMMM: pending
[Sat Apr 25 04:39:56 AM CST 2026] Waiting... 5 B9 results missing
  ⏳ expIII: pending
  ⏳ expJJJ: pending
  ⏳ expKKK: pending
  ⏳ expLLL: pending
  ⏳ expMMM: pending
[Sat Apr 25 04:41:56 AM CST 2026] Waiting... 5 B9 results missing
  ⏳ expIII: pending
  ⏳ expJJJ: pending
  ⏳ expKKK: pending
  ⏳ expLLL: pending
  ⏳ expMMM: pending
[Sat Apr 25 04:43:57 AM CST 2026] Waiting... 5 B9 results missing
  ⏳ expIII: pending
  ⏳ expJJJ: pending
  ⏳ expKKK: pending
  ⏳ expLLL: pending
  ⏳ expMMM: pending
[Sat Apr 25 04:45:57 AM CST 2026] Waiting... 5 B9 results missing
  ⏳ expIII: pending
  ⏳ expJJJ: pending
  ⏳ expKKK: pending
  ⏳ expLLL: pending
  ⏳ expMMM: pending
[Sat Apr 25 04:47:57 AM CST 2026] Waiting... 5 B9 results missing
  ⏳ expIII: pending
  ⏳ expJJJ: pending
  ⏳ expKKK: pending
  ⏳ expLLL: pending
  ⏳ expMMM: pending
[Sat Apr 25 04:49:57 AM CST 2026] Waiting... 5 B9 results missing
  ⏳ expIII: pending
  ⏳ expJJJ: pending
  ⏳ expKKK: pending
  ⏳ expLLL: pending
  ⏳ expMMM: pending
[Sat Apr 25 04:51:57 AM CST 2026] Waiting... 5 B9 results missing
  ⏳ expIII: pending
  ⏳ expJJJ: pending
  ⏳ expKKK: pending
  ⏳ expLLL: pending
  ⏳ expMMM: pending
[Sat Apr 25 04:53:57 AM CST 2026] Waiting... 5 B9 results missing
  ⏳ expIII: pending
  ⏳ expJJJ: pending
  ⏳ expKKK: pending
  ⏳ expLLL: pending
  ⏳ expMMM: pending
[Sat Apr 25 04:55:57 AM CST 2026] Waiting... 5 B9 results missing
  ⏳ expIII: pending
  ⏳ expJJJ: pending
  ⏳ expKKK: pending
  ⏳ expLLL: pending
  ⏳ expMMM: pending
[Sat Apr 25 04:57:57 AM CST 2026] Waiting... 5 B9 results missing
  ⏳ expIII: pending
  ⏳ expJJJ: pending
  ⏳ expKKK: pending
  ⏳ expLLL: pending
  ⏳ expMMM: pending
[Sat Apr 25 04:59:57 AM CST 2026] Waiting... 5 B9 results missing
  ⏳ expIII: pending
  ⏳ expJJJ: pending
  ⏳ expKKK: pending
  ⏳ expLLL: pending
  ⏳ expMMM: pending
[Sat Apr 25 05:01:57 AM CST 2026] Waiting... 5 B9 results missing
  ⏳ expIII: pending
  ⏳ expJJJ: pending
  ⏳ expKKK: pending
  ⏳ expLLL: pending
  ⏳ expMMM: pending
[Sat Apr 25 05:03:57 AM CST 2026] Waiting... 5 B9 results missing
  ⏳ expIII: pending
  ⏳ expJJJ: pending
  ⏳ expKKK: pending
  ⏳ expLLL: pending
  ⏳ expMMM: pending
[Sat Apr 25 05:05:57 AM CST 2026] Waiting... 5 B9 results missing
  ⏳ expIII: pending
  ⏳ expJJJ: pending
  ⏳ expKKK: pending
  ⏳ expLLL: pending
  ⏳ expMMM: pending
[Sat Apr 25 05:07:57 AM CST 2026] Waiting... 5 B9 results missing
  ⏳ expIII: pending
  ⏳ expJJJ: pending
  ⏳ expKKK: pending
  ⏳ expLLL: pending
  ⏳ expMMM: pending
[Sat Apr 25 05:09:57 AM CST 2026] Waiting... 5 B9 results missing
  ⏳ expIII: pending
  ⏳ expJJJ: pending
  ⏳ expKKK: pending
  ⏳ expLLL: pending
  ⏳ expMMM: pending
[Sat Apr 25 05:11:57 AM CST 2026] Waiting... 5 B9 results missing
  ⏳ expIII: pending
  ⏳ expJJJ: pending
  ⏳ expKKK: pending
  ⏳ expLLL: pending
  ⏳ expMMM: pending
[Sat Apr 25 05:13:57 AM CST 2026] Waiting... 5 B9 results missing
  ⏳ expIII: pending
  ⏳ expJJJ: pending
  ⏳ expKKK: pending
  ⏳ expLLL: pending
  ⏳ expMMM: pending
[Sat Apr 25 05:15:57 AM CST 2026] Waiting... 5 B9 results missing
  ⏳ expIII: pending
  ⏳ expJJJ: pending
  ⏳ expKKK: pending
  ⏳ expLLL: pending
  ⏳ expMMM: pending
[Sat Apr 25 05:17:58 AM CST 2026] Waiting... 5 B9 results missing
  ⏳ expIII: pending
  ⏳ expJJJ: pending
  ⏳ expKKK: pending
  ⏳ expLLL: pending
  ⏳ expMMM: pending
[Sat Apr 25 05:19:58 AM CST 2026] Waiting... 5 B9 results missing
  ⏳ expIII: pending
  ⏳ expJJJ: pending
  ⏳ expKKK: pending
  ⏳ expLLL: pending
  ⏳ expMMM: pending
[Sat Apr 25 05:21:58 AM CST 2026] Waiting... 5 B9 results missing
  ⏳ expIII: pending
  ⏳ expJJJ: pending
  ⏳ expKKK: pending
  ⏳ expLLL: pending
  ⏳ expMMM: pending
[Sat Apr 25 05:23:58 AM CST 2026] Waiting... 5 B9 results missing
  ⏳ expIII: pending
  ⏳ expJJJ: pending
  ⏳ expKKK: pending
  ⏳ expLLL: pending
  ⏳ expMMM: pending
[Sat Apr 25 05:25:58 AM CST 2026] Waiting... 5 B9 results missing
  ⏳ expIII: pending
  ⏳ expJJJ: pending
  ⏳ expKKK: pending
  ⏳ expLLL: pending
  ⏳ expMMM: pending
[Sat Apr 25 05:27:58 AM CST 2026] Waiting... 5 B9 results missing
  ⏳ expIII: pending
  ⏳ expJJJ: pending
  ⏳ expKKK: pending
  ⏳ expLLL: pending
  ⏳ expMMM: pending
[Sat Apr 25 05:29:58 AM CST 2026] Waiting... 5 B9 results missing
  ⏳ expIII: pending
  ⏳ expJJJ: pending
  ⏳ expKKK: pending
  ⏳ expLLL: pending
  ⏳ expMMM: pending
[Sat Apr 25 05:31:58 AM CST 2026] Waiting... 5 B9 results missing
  ⏳ expIII: pending
  ⏳ expJJJ: pending
  ⏳ expKKK: pending
  ⏳ expLLL: pending
  ⏳ expMMM: pending
[Sat Apr 25 05:33:58 AM CST 2026] Waiting... 5 B9 results missing
  ⏳ expIII: pending
  ⏳ expJJJ: pending
  ⏳ expKKK: pending
  ⏳ expLLL: pending
  ⏳ expMMM: pending
[Sat Apr 25 05:35:58 AM CST 2026] Waiting... 5 B9 results missing
  ⏳ expIII: pending
  ⏳ expJJJ: pending
  ⏳ expKKK: pending
  ⏳ expLLL: pending
  ⏳ expMMM: pending
[Sat Apr 25 05:37:58 AM CST 2026] Waiting... 5 B9 results missing
  ⏳ expIII: pending
  ⏳ expJJJ: pending
  ⏳ expKKK: pending
  ⏳ expLLL: pending
  ⏳ expMMM: pending
[Sat Apr 25 05:39:58 AM CST 2026] Waiting... 5 B9 results missing
  ⏳ expIII: pending
  ⏳ expJJJ: pending
  ⏳ expKKK: pending
  ⏳ expLLL: pending
  ⏳ expMMM: pending
[Sat Apr 25 05:41:58 AM CST 2026] Waiting... 5 B9 results missing
  ⏳ expIII: pending
  ⏳ expJJJ: pending
  ⏳ expKKK: pending
  ⏳ expLLL: pending
  ⏳ expMMM: pending
[Sat Apr 25 05:43:58 AM CST 2026] Waiting... 5 B9 results missing
  ⏳ expIII: pending
  ⏳ expJJJ: pending
  ⏳ expKKK: pending
  ⏳ expLLL: pending
  ⏳ expMMM: pending
[Sat Apr 25 05:45:58 AM CST 2026] Waiting... 5 B9 results missing
  ⏳ expIII: pending
  ⏳ expJJJ: pending
  ⏳ expKKK: pending
  ⏳ expLLL: pending
  ⏳ expMMM: pending
[Sat Apr 25 05:47:58 AM CST 2026] Waiting... 5 B9 results missing
  ⏳ expIII: pending
  ⏳ expJJJ: pending
  ⏳ expKKK: pending
  ⏳ expLLL: pending
  ⏳ expMMM: pending
[Sat Apr 25 05:49:59 AM CST 2026] Waiting... 5 B9 results missing
  ⏳ expIII: pending
  ⏳ expJJJ: pending
  ⏳ expKKK: pending
  ⏳ expLLL: pending
  ⏳ expMMM: pending
[Sat Apr 25 05:51:59 AM CST 2026] Waiting... 5 B9 results missing
  ⏳ expIII: pending
  ⏳ expJJJ: pending
  ⏳ expKKK: pending
  ⏳ expLLL: pending
  ⏳ expMMM: pending
[Sat Apr 25 05:53:59 AM CST 2026] Waiting... 5 B9 results missing
  ⏳ expIII: pending
  ⏳ expJJJ: pending
  ⏳ expKKK: pending
  ⏳ expLLL: pending
  ⏳ expMMM: pending
[Sat Apr 25 05:55:59 AM CST 2026] Waiting... 5 B9 results missing
  ⏳ expIII: pending
  ⏳ expJJJ: pending
  ⏳ expKKK: pending
  ⏳ expLLL: pending
  ⏳ expMMM: pending
[Sat Apr 25 05:57:59 AM CST 2026] Waiting... 5 B9 results missing
  ⏳ expIII: pending
  ⏳ expJJJ: pending
  ⏳ expKKK: pending
  ⏳ expLLL: pending
  ⏳ expMMM: pending
[Sat Apr 25 05:59:59 AM CST 2026] Waiting... 5 B9 results missing
  ⏳ expIII: pending
  ⏳ expJJJ: pending
  ⏳ expKKK: pending
  ⏳ expLLL: pending
  ⏳ expMMM: pending
[Sat Apr 25 06:01:59 AM CST 2026] Waiting... 5 B9 results missing
  ⏳ expIII: pending
  ⏳ expJJJ: pending
  ⏳ expKKK: pending
  ⏳ expLLL: pending
  ⏳ expMMM: pending
[Sat Apr 25 06:03:59 AM CST 2026] Waiting... 5 B9 results missing
  ⏳ expIII: pending
  ⏳ expJJJ: pending
  ⏳ expKKK: pending
  ⏳ expLLL: pending
  ⏳ expMMM: pending
[Sat Apr 25 06:05:59 AM CST 2026] Waiting... 5 B9 results missing
  ⏳ expIII: pending
  ⏳ expJJJ: pending
  ⏳ expKKK: pending
  ⏳ expLLL: pending
  ⏳ expMMM: pending
[Sat Apr 25 06:07:59 AM CST 2026] Waiting... 5 B9 results missing
  ⏳ expIII: pending
  ⏳ expJJJ: pending
  ⏳ expKKK: pending
  ⏳ expLLL: pending
  ⏳ expMMM: pending
[Sat Apr 25 06:09:59 AM CST 2026] Waiting... 5 B9 results missing
  ⏳ expIII: pending
  ⏳ expJJJ: pending
  ⏳ expKKK: pending
  ⏳ expLLL: pending
  ⏳ expMMM: pending
[Sat Apr 25 06:11:59 AM CST 2026] Waiting... 5 B9 results missing
  ⏳ expIII: pending
  ⏳ expJJJ: pending
  ⏳ expKKK: pending
  ⏳ expLLL: pending
  ⏳ expMMM: pending
[Sat Apr 25 06:13:59 AM CST 2026] Waiting... 5 B9 results missing
  ⏳ expIII: pending
  ⏳ expJJJ: pending
  ⏳ expKKK: pending
  ⏳ expLLL: pending
  ⏳ expMMM: pending
[Sat Apr 25 06:15:59 AM CST 2026] Waiting... 5 B9 results missing
  ⏳ expIII: pending
  ⏳ expJJJ: pending
  ⏳ expKKK: pending
  ⏳ expLLL: pending
  ⏳ expMMM: pending
[Sat Apr 25 06:17:59 AM CST 2026] Waiting... 5 B9 results missing
  ⏳ expIII: pending
  ⏳ expJJJ: pending
  ⏳ expKKK: pending
  ⏳ expLLL: pending
  ⏳ expMMM: pending
[Sat Apr 25 06:19:59 AM CST 2026] Waiting... 5 B9 results missing
  ⏳ expIII: pending
  ⏳ expJJJ: pending
  ⏳ expKKK: pending
  ⏳ expLLL: pending
  ⏳ expMMM: pending
[Sat Apr 25 06:22:00 AM CST 2026] Waiting... 5 B9 results missing
  ⏳ expIII: pending
  ⏳ expJJJ: pending
  ⏳ expKKK: pending
  ⏳ expLLL: pending
  ⏳ expMMM: pending
[Sat Apr 25 06:24:00 AM CST 2026] Waiting... 5 B9 results missing
  ⏳ expIII: pending
  ⏳ expJJJ: pending
  ⏳ expKKK: pending
  ⏳ expLLL: pending
  ⏳ expMMM: pending
[Sat Apr 25 06:26:00 AM CST 2026] Waiting... 5 B9 results missing
  ⏳ expIII: pending
  ⏳ expJJJ: pending
  ⏳ expKKK: pending
  ⏳ expLLL: pending
  ⏳ expMMM: pending
[Sat Apr 25 06:28:00 AM CST 2026] Waiting... 5 B9 results missing
  ⏳ expIII: pending
  ⏳ expJJJ: pending
  ⏳ expKKK: pending
  ⏳ expLLL: pending
  ⏳ expMMM: pending
[Sat Apr 25 06:30:00 AM CST 2026] Waiting... 5 B9 results missing
  ⏳ expIII: pending
  ⏳ expJJJ: pending
  ⏳ expKKK: pending
  ⏳ expLLL: pending
  ⏳ expMMM: pending
[Sat Apr 25 06:32:00 AM CST 2026] Waiting... 5 B9 results missing
  ⏳ expIII: pending
  ⏳ expJJJ: pending
  ⏳ expKKK: pending
  ⏳ expLLL: pending
  ⏳ expMMM: pending
[Sat Apr 25 06:34:00 AM CST 2026] Waiting... 5 B9 results missing
  ⏳ expIII: pending
  ⏳ expJJJ: pending
  ⏳ expKKK: pending
  ⏳ expLLL: pending
  ⏳ expMMM: pending
[Sat Apr 25 06:36:00 AM CST 2026] Waiting... 5 B9 results missing
  ⏳ expIII: pending
  ⏳ expJJJ: pending
  ⏳ expKKK: pending
  ⏳ expLLL: pending
  ⏳ expMMM: pending
[Sat Apr 25 06:38:00 AM CST 2026] Waiting... 5 B9 results missing
  ⏳ expIII: pending
  ⏳ expJJJ: pending
  ⏳ expKKK: pending
  ⏳ expLLL: pending
  ⏳ expMMM: pending
[Sat Apr 25 06:40:00 AM CST 2026] Waiting... 5 B9 results missing
  ⏳ expIII: pending
  ⏳ expJJJ: pending
  ⏳ expKKK: pending
  ⏳ expLLL: pending
  ⏳ expMMM: pending
[Sat Apr 25 06:42:00 AM CST 2026] Waiting... 5 B9 results missing
  ⏳ expIII: pending
  ⏳ expJJJ: pending
  ⏳ expKKK: pending
  ⏳ expLLL: pending
  ⏳ expMMM: pending
[Sat Apr 25 06:44:00 AM CST 2026] Waiting... 5 B9 results missing
  ⏳ expIII: pending
  ⏳ expJJJ: pending
  ⏳ expKKK: pending
  ⏳ expLLL: pending
  ⏳ expMMM: pending
[Sat Apr 25 06:46:00 AM CST 2026] Waiting... 5 B9 results missing
  ⏳ expIII: pending
  ⏳ expJJJ: pending
  ⏳ expKKK: pending
  ⏳ expLLL: pending
  ⏳ expMMM: pending
[Sat Apr 25 06:48:00 AM CST 2026] Waiting... 5 B9 results missing
  ⏳ expIII: pending
  ⏳ expJJJ: pending
  ⏳ expKKK: pending
  ⏳ expLLL: pending
  ⏳ expMMM: pending
[Sat Apr 25 06:50:00 AM CST 2026] Waiting... 5 B9 results missing
  ⏳ expIII: pending
  ⏳ expJJJ: pending
  ⏳ expKKK: pending
  ⏳ expLLL: pending
  ⏳ expMMM: pending
[Sat Apr 25 06:52:00 AM CST 2026] Waiting... 5 B9 results missing
  ⏳ expIII: pending
  ⏳ expJJJ: pending
  ⏳ expKKK: pending
  ⏳ expLLL: pending
  ⏳ expMMM: pending
[Sat Apr 25 06:54:01 AM CST 2026] Waiting... 5 B9 results missing
  ⏳ expIII: pending
  ⏳ expJJJ: pending
  ⏳ expKKK: pending
  ⏳ expLLL: pending
  ⏳ expMMM: pending
[Sat Apr 25 06:56:01 AM CST 2026] Waiting... 5 B9 results missing
  ⏳ expIII: pending
  ⏳ expJJJ: pending
  ⏳ expKKK: pending
  ⏳ expLLL: pending
  ⏳ expMMM: pending
[Sat Apr 25 06:58:01 AM CST 2026] Waiting... 5 B9 results missing
  ⏳ expIII: pending
  ⏳ expJJJ: pending
  ⏳ expKKK: pending
  ⏳ expLLL: pending
  ⏳ expMMM: pending
[Sat Apr 25 07:00:01 AM CST 2026] Waiting... 5 B9 results missing
  ⏳ expIII: pending
  ⏳ expJJJ: pending
  ⏳ expKKK: pending
  ⏳ expLLL: pending
  ⏳ expMMM: pending
[Sat Apr 25 07:02:01 AM CST 2026] Waiting... 5 B9 results missing
  ⏳ expIII: pending
  ⏳ expJJJ: pending
  ⏳ expKKK: pending
  ⏳ expLLL: pending
  ⏳ expMMM: pending
[Sat Apr 25 07:04:01 AM CST 2026] Waiting... 5 B9 results missing
  ⏳ expIII: pending
  ⏳ expJJJ: pending
  ⏳ expKKK: pending
  ⏳ expLLL: pending
  ⏳ expMMM: pending
[Sat Apr 25 07:06:01 AM CST 2026] Waiting... 5 B9 results missing
  ⏳ expIII: pending
  ⏳ expJJJ: pending
  ⏳ expKKK: pending
  ⏳ expLLL: pending
  ⏳ expMMM: pending
[Sat Apr 25 07:08:01 AM CST 2026] Waiting... 5 B9 results missing
  ⏳ expIII: pending
  ⏳ expJJJ: pending
  ⏳ expKKK: pending
  ⏳ expLLL: pending
  ⏳ expMMM: pending
[Sat Apr 25 07:10:01 AM CST 2026] Waiting... 5 B9 results missing
  ⏳ expIII: pending
  ⏳ expJJJ: pending
  ⏳ expKKK: pending
  ⏳ expLLL: pending
  ⏳ expMMM: pending
[Sat Apr 25 07:12:01 AM CST 2026] Waiting... 5 B9 results missing
  ⏳ expIII: pending
  ⏳ expJJJ: pending
  ⏳ expKKK: pending
  ⏳ expLLL: pending
  ⏳ expMMM: pending
[Sat Apr 25 07:14:01 AM CST 2026] Waiting... 5 B9 results missing
  ⏳ expIII: pending
  ⏳ expJJJ: pending
  ⏳ expKKK: pending
  ⏳ expLLL: pending
  ⏳ expMMM: pending
[Sat Apr 25 07:16:01 AM CST 2026] Waiting... 5 B9 results missing
  ⏳ expIII: pending
  ⏳ expJJJ: pending
  ⏳ expKKK: pending
  ⏳ expLLL: pending
  ⏳ expMMM: pending
[Sat Apr 25 07:18:01 AM CST 2026] Waiting... 5 B9 results missing
  ⏳ expIII: pending
  ⏳ expJJJ: pending
  ⏳ expKKK: pending
  ⏳ expLLL: pending
  ⏳ expMMM: pending
[Sat Apr 25 07:20:01 AM CST 2026] Waiting... 5 B9 results missing
  ⏳ expIII: pending
  ⏳ expJJJ: pending
  ⏳ expKKK: pending
  ⏳ expLLL: pending
  ⏳ expMMM: pending
[Sat Apr 25 07:22:01 AM CST 2026] Waiting... 5 B9 results missing
  ⏳ expIII: pending
  ⏳ expJJJ: pending
  ⏳ expKKK: pending
  ⏳ expLLL: pending
  ⏳ expMMM: pending
[Sat Apr 25 07:24:01 AM CST 2026] Waiting... 5 B9 results missing
  ⏳ expIII: pending
  ⏳ expJJJ: pending
  ⏳ expKKK: pending
  ⏳ expLLL: pending
  ⏳ expMMM: pending
[Sat Apr 25 07:26:02 AM CST 2026] Waiting... 5 B9 results missing
  ⏳ expIII: pending
  ⏳ expJJJ: pending
  ⏳ expKKK: pending
  ⏳ expLLL: pending
  ⏳ expMMM: pending
[Sat Apr 25 07:28:02 AM CST 2026] Waiting... 5 B9 results missing
  ⏳ expIII: pending
  ⏳ expJJJ: pending
  ⏳ expKKK: pending
  ⏳ expLLL: pending
  ⏳ expMMM: pending
[Sat Apr 25 07:30:02 AM CST 2026] Waiting... 5 B9 results missing
  ⏳ expIII: pending
  ⏳ expJJJ: pending
  ⏳ expKKK: pending
  ⏳ expLLL: pending
  ⏳ expMMM: pending
[Sat Apr 25 07:32:02 AM CST 2026] Waiting... 5 B9 results missing
  ⏳ expIII: pending
  ⏳ expJJJ: pending
  ⏳ expKKK: pending
  ⏳ expLLL: pending
  ⏳ expMMM: pending
[Sat Apr 25 07:34:02 AM CST 2026] Waiting... 5 B9 results missing
  ⏳ expIII: pending
  ⏳ expJJJ: pending
  ⏳ expKKK: pending
  ⏳ expLLL: pending
  ⏳ expMMM: pending
[Sat Apr 25 07:36:02 AM CST 2026] Waiting... 5 B9 results missing
  ⏳ expIII: pending
  ⏳ expJJJ: pending
  ⏳ expKKK: pending
  ⏳ expLLL: pending
  ⏳ expMMM: pending
[Sat Apr 25 07:38:02 AM CST 2026] Waiting... 5 B9 results missing
  ⏳ expIII: pending
  ⏳ expJJJ: pending
  ⏳ expKKK: pending
  ⏳ expLLL: pending
  ⏳ expMMM: pending
[Sat Apr 25 07:40:02 AM CST 2026] Waiting... 5 B9 results missing
  ⏳ expIII: pending
  ⏳ expJJJ: pending
  ⏳ expKKK: pending
  ⏳ expLLL: pending
  ⏳ expMMM: pending
[Sat Apr 25 07:42:02 AM CST 2026] Waiting... 5 B9 results missing
  ⏳ expIII: pending
  ⏳ expJJJ: pending
  ⏳ expKKK: pending
  ⏳ expLLL: pending
  ⏳ expMMM: pending
[Sat Apr 25 07:44:02 AM CST 2026] Waiting... 5 B9 results missing
  ⏳ expIII: pending
  ⏳ expJJJ: pending
  ⏳ expKKK: pending
  ⏳ expLLL: pending
  ⏳ expMMM: pending
[Sat Apr 25 07:46:02 AM CST 2026] Waiting... 5 B9 results missing
  ⏳ expIII: pending
  ⏳ expJJJ: pending
  ⏳ expKKK: pending
  ⏳ expLLL: pending
  ⏳ expMMM: pending
[Sat Apr 25 07:48:02 AM CST 2026] Waiting... 5 B9 results missing
  ⏳ expIII: pending
  ⏳ expJJJ: pending
  ⏳ expKKK: pending
  ⏳ expLLL: pending
  ⏳ expMMM: pending
[Sat Apr 25 07:50:02 AM CST 2026] Waiting... 5 B9 results missing
  ⏳ expIII: pending
  ⏳ expJJJ: pending
  ⏳ expKKK: pending
  ⏳ expLLL: pending
  ⏳ expMMM: pending
[Sat Apr 25 07:52:02 AM CST 2026] Waiting... 5 B9 results missing
  ⏳ expIII: pending
  ⏳ expJJJ: pending
  ⏳ expKKK: pending
  ⏳ expLLL: pending
  ⏳ expMMM: pending
[Sat Apr 25 07:54:02 AM CST 2026] Waiting... 5 B9 results missing
  ⏳ expIII: pending
  ⏳ expJJJ: pending
  ⏳ expKKK: pending
  ⏳ expLLL: pending
  ⏳ expMMM: pending
[Sat Apr 25 07:56:02 AM CST 2026] Waiting... 5 B9 results missing
  ⏳ expIII: pending
  ⏳ expJJJ: pending
  ⏳ expKKK: pending
  ⏳ expLLL: pending
  ⏳ expMMM: pending
[Sat Apr 25 07:58:03 AM CST 2026] Waiting... 5 B9 results missing
  ⏳ expIII: pending
  ⏳ expJJJ: pending
  ⏳ expKKK: pending
  ⏳ expLLL: pending
  ⏳ expMMM: pending
[Sat Apr 25 08:00:03 AM CST 2026] Waiting... 5 B9 results missing
  ⏳ expIII: pending
  ⏳ expJJJ: pending
  ⏳ expKKK: pending
  ⏳ expLLL: pending
  ⏳ expMMM: pending
[Sat Apr 25 08:02:03 AM CST 2026] Waiting... 5 B9 results missing
  ⏳ expIII: pending
  ⏳ expJJJ: pending
  ⏳ expKKK: pending
  ⏳ expLLL: pending
  ⏳ expMMM: pending
[Sat Apr 25 08:04:03 AM CST 2026] Waiting... 5 B9 results missing
  ⏳ expIII: pending
  ⏳ expJJJ: pending
  ⏳ expKKK: pending
  ⏳ expLLL: pending
  ⏳ expMMM: pending
[Sat Apr 25 08:06:03 AM CST 2026] Waiting... 5 B9 results missing
  ⏳ expIII: pending
  ⏳ expJJJ: pending
  ⏳ expKKK: pending
  ⏳ expLLL: pending
  ⏳ expMMM: pending
[Sat Apr 25 08:08:03 AM CST 2026] Waiting... 5 B9 results missing
  ⏳ expIII: pending
  ⏳ expJJJ: pending
  ⏳ expKKK: pending
  ⏳ expLLL: pending
  ⏳ expMMM: pending
[Sat Apr 25 08:10:03 AM CST 2026] Waiting... 5 B9 results missing
  ⏳ expIII: pending
  ⏳ expJJJ: pending
  ⏳ expKKK: pending
  ⏳ expLLL: pending
  ⏳ expMMM: pending
[Sat Apr 25 08:12:03 AM CST 2026] Waiting... 5 B9 results missing
  ⏳ expIII: pending
  ⏳ expJJJ: pending
  ⏳ expKKK: pending
  ⏳ expLLL: pending
  ⏳ expMMM: pending
[Sat Apr 25 08:14:03 AM CST 2026] Waiting... 5 B9 results missing
  ⏳ expIII: pending
  ⏳ expJJJ: pending
  ⏳ expKKK: pending
  ⏳ expLLL: pending
  ⏳ expMMM: pending
[Sat Apr 25 08:16:03 AM CST 2026] Waiting... 5 B9 results missing
  ⏳ expIII: pending
  ⏳ expJJJ: pending
  ⏳ expKKK: pending
  ⏳ expLLL: pending
  ⏳ expMMM: pending
[Sat Apr 25 08:18:03 AM CST 2026] Waiting... 5 B9 results missing
  ⏳ expIII: pending
  ⏳ expJJJ: pending
  ⏳ expKKK: pending
  ⏳ expLLL: pending
  ⏳ expMMM: pending
[Sat Apr 25 08:20:03 AM CST 2026] Waiting... 5 B9 results missing
  ⏳ expIII: pending
  ⏳ expJJJ: pending
  ⏳ expKKK: pending
  ⏳ expLLL: pending
  ⏳ expMMM: pending
[Sat Apr 25 08:22:03 AM CST 2026] Waiting... 5 B9 results missing
  ⏳ expIII: pending
  ⏳ expJJJ: pending
  ⏳ expKKK: pending
  ⏳ expLLL: pending
  ⏳ expMMM: pending
[Sat Apr 25 08:24:03 AM CST 2026] Waiting... 5 B9 results missing
  ⏳ expIII: pending
  ⏳ expJJJ: pending
  ⏳ expKKK: pending
  ⏳ expLLL: pending
  ⏳ expMMM: pending
[Sat Apr 25 08:26:03 AM CST 2026] Waiting... 5 B9 results missing
  ⏳ expIII: pending
  ⏳ expJJJ: pending
  ⏳ expKKK: pending
  ⏳ expLLL: pending
  ⏳ expMMM: pending
[Sat Apr 25 08:28:04 AM CST 2026] Waiting... 5 B9 results missing
  ⏳ expIII: pending
  ⏳ expJJJ: pending
  ⏳ expKKK: pending
  ⏳ expLLL: pending
  ⏳ expMMM: pending
[Sat Apr 25 08:30:04 AM CST 2026] Waiting... 5 B9 results missing
  ⏳ expIII: pending
  ⏳ expJJJ: pending
  ⏳ expKKK: pending
  ⏳ expLLL: pending
  ⏳ expMMM: pending
[Sat Apr 25 08:32:04 AM CST 2026] Waiting... 5 B9 results missing
  ⏳ expIII: pending
  ⏳ expJJJ: pending
  ⏳ expKKK: pending
  ⏳ expLLL: pending
  ⏳ expMMM: pending
[Sat Apr 25 08:34:04 AM CST 2026] Waiting... 5 B9 results missing
  ⏳ expIII: pending
  ⏳ expJJJ: pending
  ⏳ expKKK: pending
  ⏳ expLLL: pending
  ⏳ expMMM: pending
[Sat Apr 25 08:36:04 AM CST 2026] Waiting... 5 B9 results missing
  ⏳ expIII: pending
  ⏳ expJJJ: pending
  ⏳ expKKK: pending
  ⏳ expLLL: pending
  ⏳ expMMM: pending
[Sat Apr 25 08:38:04 AM CST 2026] Waiting... 5 B9 results missing
  ⏳ expIII: pending
  ⏳ expJJJ: pending
  ⏳ expKKK: pending
  ⏳ expLLL: pending
  ⏳ expMMM: pending
[Sat Apr 25 08:40:04 AM CST 2026] Waiting... 5 B9 results missing
  ⏳ expIII: pending
  ⏳ expJJJ: pending
  ⏳ expKKK: pending
  ⏳ expLLL: pending
  ⏳ expMMM: pending
[Sat Apr 25 08:42:04 AM CST 2026] Waiting... 5 B9 results missing
  ⏳ expIII: pending
  ⏳ expJJJ: pending
  ⏳ expKKK: pending
  ⏳ expLLL: pending
  ⏳ expMMM: pending
[Sat Apr 25 08:44:04 AM CST 2026] Waiting... 5 B9 results missing
  ⏳ expIII: pending
  ⏳ expJJJ: pending
  ⏳ expKKK: pending
  ⏳ expLLL: pending
  ⏳ expMMM: pending
[Sat Apr 25 08:46:04 AM CST 2026] Waiting... 5 B9 results missing
  ⏳ expIII: pending
  ⏳ expJJJ: pending
  ⏳ expKKK: pending
  ⏳ expLLL: pending
  ⏳ expMMM: pending
[Sat Apr 25 08:48:04 AM CST 2026] Waiting... 5 B9 results missing
  ⏳ expIII: pending
  ⏳ expJJJ: pending
  ⏳ expKKK: pending
  ⏳ expLLL: pending
  ⏳ expMMM: pending
[Sat Apr 25 08:50:04 AM CST 2026] Waiting... 5 B9 results missing
  ⏳ expIII: pending
  ⏳ expJJJ: pending
  ⏳ expKKK: pending
  ⏳ expLLL: pending
  ⏳ expMMM: pending
[Sat Apr 25 08:52:04 AM CST 2026] Waiting... 5 B9 results missing
  ⏳ expIII: pending
  ⏳ expJJJ: pending
  ⏳ expKKK: pending
  ⏳ expLLL: pending
  ⏳ expMMM: pending
[Sat Apr 25 08:54:04 AM CST 2026] Waiting... 5 B9 results missing
  ⏳ expIII: pending
  ⏳ expJJJ: pending
  ⏳ expKKK: pending
  ⏳ expLLL: pending
  ⏳ expMMM: pending
[Sat Apr 25 08:56:04 AM CST 2026] Waiting... 5 B9 results missing
  ⏳ expIII: pending
  ⏳ expJJJ: pending
  ⏳ expKKK: pending
  ⏳ expLLL: pending
  ⏳ expMMM: pending
[Sat Apr 25 08:58:04 AM CST 2026] Waiting... 5 B9 results missing
  ⏳ expIII: pending
  ⏳ expJJJ: pending
  ⏳ expKKK: pending
  ⏳ expLLL: pending
  ⏳ expMMM: pending
[Sat Apr 25 09:00:05 AM CST 2026] Waiting... 5 B9 results missing
  ⏳ expIII: pending
  ⏳ expJJJ: pending
  ⏳ expKKK: pending
  ⏳ expLLL: pending
  ⏳ expMMM: pending
[Sat Apr 25 09:02:05 AM CST 2026] Waiting... 5 B9 results missing
  ⏳ expIII: pending
  ⏳ expJJJ: pending
  ⏳ expKKK: pending
  ⏳ expLLL: pending
  ⏳ expMMM: pending
[Sat Apr 25 09:04:05 AM CST 2026] Waiting... 5 B9 results missing
  ⏳ expIII: pending
  ⏳ expJJJ: pending
  ⏳ expKKK: pending
  ⏳ expLLL: pending
  ⏳ expMMM: pending
[Sat Apr 25 09:06:05 AM CST 2026] Waiting... 5 B9 results missing
  ⏳ expIII: pending
  ⏳ expJJJ: pending
  ⏳ expKKK: pending
  ⏳ expLLL: pending
  ⏳ expMMM: pending
[Sat Apr 25 09:08:05 AM CST 2026] Waiting... 5 B9 results missing
  ⏳ expIII: pending
  ⏳ expJJJ: pending
  ⏳ expKKK: pending
  ⏳ expLLL: pending
  ⏳ expMMM: pending
[Sat Apr 25 09:10:05 AM CST 2026] Waiting... 5 B9 results missing
  ⏳ expIII: pending
  ⏳ expJJJ: pending
  ⏳ expKKK: pending
  ⏳ expLLL: pending
  ⏳ expMMM: pending
[Sat Apr 25 09:12:05 AM CST 2026] Waiting... 5 B9 results missing
  ⏳ expIII: pending
  ⏳ expJJJ: pending
  ⏳ expKKK: pending
  ⏳ expLLL: pending
  ⏳ expMMM: pending
[Sat Apr 25 09:14:05 AM CST 2026] Waiting... 5 B9 results missing
  ⏳ expIII: pending
  ⏳ expJJJ: pending
  ⏳ expKKK: pending
  ⏳ expLLL: pending
  ⏳ expMMM: pending
[Sat Apr 25 09:16:05 AM CST 2026] Waiting... 5 B9 results missing
  ⏳ expIII: pending
  ⏳ expJJJ: pending
  ⏳ expKKK: pending
  ⏳ expLLL: pending
  ⏳ expMMM: pending
[Sat Apr 25 09:18:05 AM CST 2026] Waiting... 5 B9 results missing
  ⏳ expIII: pending
  ⏳ expJJJ: pending
  ⏳ expKKK: pending
  ⏳ expLLL: pending
  ⏳ expMMM: pending
[Sat Apr 25 09:20:05 AM CST 2026] Waiting... 5 B9 results missing
  ⏳ expIII: pending
  ⏳ expJJJ: pending
  ⏳ expKKK: pending
  ⏳ expLLL: pending
  ⏳ expMMM: pending
[Sat Apr 25 09:22:05 AM CST 2026] Waiting... 5 B9 results missing
  ⏳ expIII: pending
  ⏳ expJJJ: pending
  ⏳ expKKK: pending
  ⏳ expLLL: pending
  ⏳ expMMM: pending
[Sat Apr 25 09:24:05 AM CST 2026] Waiting... 5 B9 results missing
  ⏳ expIII: pending
  ⏳ expJJJ: pending
  ⏳ expKKK: pending
  ⏳ expLLL: pending
  ⏳ expMMM: pending
[Sat Apr 25 09:26:05 AM CST 2026] Waiting... 5 B9 results missing
  ⏳ expIII: pending
  ⏳ expJJJ: pending
  ⏳ expKKK: pending
  ⏳ expLLL: pending
  ⏳ expMMM: pending
[Sat Apr 25 09:28:05 AM CST 2026] Waiting... 5 B9 results missing
  ⏳ expIII: pending
  ⏳ expJJJ: pending
  ⏳ expKKK: pending
  ⏳ expLLL: pending
  ⏳ expMMM: pending
[Sat Apr 25 09:30:05 AM CST 2026] Waiting... 5 B9 results missing
  ⏳ expIII: pending
  ⏳ expJJJ: pending
  ⏳ expKKK: pending
  ⏳ expLLL: pending
  ⏳ expMMM: pending
[Sat Apr 25 09:32:06 AM CST 2026] Waiting... 5 B9 results missing
  ⏳ expIII: pending
  ⏳ expJJJ: pending
  ⏳ expKKK: pending
  ⏳ expLLL: pending
  ⏳ expMMM: pending
[Sat Apr 25 09:34:06 AM CST 2026] Waiting... 5 B9 results missing
  ⏳ expIII: pending
  ⏳ expJJJ: pending
  ⏳ expKKK: pending
  ⏳ expLLL: pending
  ⏳ expMMM: pending
[Sat Apr 25 09:36:06 AM CST 2026] Waiting... 5 B9 results missing
  ⏳ expIII: pending
  ⏳ expJJJ: pending
  ⏳ expKKK: pending
  ⏳ expLLL: pending
  ⏳ expMMM: pending
[Sat Apr 25 09:38:06 AM CST 2026] Waiting... 5 B9 results missing
  ⏳ expIII: pending
  ⏳ expJJJ: pending
  ⏳ expKKK: pending
  ⏳ expLLL: pending
  ⏳ expMMM: pending
[Sat Apr 25 09:40:06 AM CST 2026] Waiting... 5 B9 results missing
  ⏳ expIII: pending
  ⏳ expJJJ: pending
  ⏳ expKKK: pending
  ⏳ expLLL: pending
  ⏳ expMMM: pending
[Sat Apr 25 09:42:06 AM CST 2026] Waiting... 5 B9 results missing
  ⏳ expIII: pending
  ⏳ expJJJ: pending
  ⏳ expKKK: pending
  ⏳ expLLL: pending
  ⏳ expMMM: pending
[Sat Apr 25 09:44:06 AM CST 2026] Waiting... 5 B9 results missing
  ⏳ expIII: pending
  ⏳ expJJJ: pending
  ⏳ expKKK: pending
  ⏳ expLLL: pending
  ⏳ expMMM: pending
[Sat Apr 25 09:46:06 AM CST 2026] Waiting... 5 B9 results missing
  ⏳ expIII: pending
  ⏳ expJJJ: pending
  ⏳ expKKK: pending
  ⏳ expLLL: pending
  ⏳ expMMM: pending
[Sat Apr 25 09:48:06 AM CST 2026] Waiting... 5 B9 results missing
  ⏳ expIII: pending
  ⏳ expJJJ: pending
  ⏳ expKKK: pending
  ⏳ expLLL: pending
  ⏳ expMMM: pending
[Sat Apr 25 09:50:06 AM CST 2026] Waiting... 5 B9 results missing
  ⏳ expIII: pending
  ⏳ expJJJ: pending
  ⏳ expKKK: pending
  ⏳ expLLL: pending
  ⏳ expMMM: pending
[Sat Apr 25 09:52:06 AM CST 2026] Waiting... 5 B9 results missing
  ⏳ expIII: pending
  ⏳ expJJJ: pending
  ⏳ expKKK: pending
  ⏳ expLLL: pending
  ⏳ expMMM: pending
[Sat Apr 25 09:54:06 AM CST 2026] Waiting... 5 B9 results missing
  ⏳ expIII: pending
  ⏳ expJJJ: pending
  ⏳ expKKK: pending
  ⏳ expLLL: pending
  ⏳ expMMM: pending
[Sat Apr 25 09:56:06 AM CST 2026] Waiting... 5 B9 results missing
  ⏳ expIII: pending
  ⏳ expJJJ: pending
  ⏳ expKKK: pending
  ⏳ expLLL: pending
  ⏳ expMMM: pending
[Sat Apr 25 09:58:06 AM CST 2026] Waiting... 5 B9 results missing
  ⏳ expIII: pending
  ⏳ expJJJ: pending
  ⏳ expKKK: pending
  ⏳ expLLL: pending
  ⏳ expMMM: pending
[Sat Apr 25 10:00:06 AM CST 2026] Waiting... 5 B9 results missing
  ⏳ expIII: pending
  ⏳ expJJJ: pending
  ⏳ expKKK: pending
  ⏳ expLLL: pending
  ⏳ expMMM: pending
[Sat Apr 25 10:02:06 AM CST 2026] Waiting... 5 B9 results missing
  ⏳ expIII: pending
  ⏳ expJJJ: pending
  ⏳ expKKK: pending
  ⏳ expLLL: pending
  ⏳ expMMM: pending
[Sat Apr 25 10:04:07 AM CST 2026] Waiting... 5 B9 results missing
  ⏳ expIII: pending
  ⏳ expJJJ: pending
  ⏳ expKKK: pending
  ⏳ expLLL: pending
  ⏳ expMMM: pending
[Sat Apr 25 10:06:07 AM CST 2026] Waiting... 5 B9 results missing
  ⏳ expIII: pending
  ⏳ expJJJ: pending
  ⏳ expKKK: pending
  ⏳ expLLL: pending
  ⏳ expMMM: pending
[Sat Apr 25 10:08:07 AM CST 2026] Waiting... 5 B9 results missing
  ⏳ expIII: pending
  ⏳ expJJJ: pending
  ⏳ expKKK: pending
  ⏳ expLLL: pending
  ⏳ expMMM: pending
[Sat Apr 25 10:10:07 AM CST 2026] Waiting... 5 B9 results missing
  ⏳ expIII: pending
  ⏳ expJJJ: pending
  ⏳ expKKK: pending
  ⏳ expLLL: pending
  ⏳ expMMM: pending
[Sat Apr 25 10:12:07 AM CST 2026] Waiting... 5 B9 results missing
  ⏳ expIII: pending
  ⏳ expJJJ: pending
  ⏳ expKKK: pending
  ⏳ expLLL: pending
  ⏳ expMMM: pending
[Sat Apr 25 10:14:07 AM CST 2026] Waiting... 5 B9 results missing
  ⏳ expIII: pending
  ⏳ expJJJ: pending
  ⏳ expKKK: pending
  ⏳ expLLL: pending
  ⏳ expMMM: pending
[Sat Apr 25 10:16:07 AM CST 2026] Waiting... 5 B9 results missing
  ⏳ expIII: pending
  ⏳ expJJJ: pending
  ⏳ expKKK: pending
  ⏳ expLLL: pending
  ⏳ expMMM: pending
[Sat Apr 25 10:18:07 AM CST 2026] Waiting... 5 B9 results missing
  ⏳ expIII: pending
  ⏳ expJJJ: pending
  ⏳ expKKK: pending
  ⏳ expLLL: pending
  ⏳ expMMM: pending
[Sat Apr 25 10:20:07 AM CST 2026] Waiting... 5 B9 results missing
  ⏳ expIII: pending
  ⏳ expJJJ: pending
  ⏳ expKKK: pending
  ⏳ expLLL: pending
  ⏳ expMMM: pending
[Sat Apr 25 10:22:07 AM CST 2026] Waiting... 5 B9 results missing
  ⏳ expIII: pending
  ⏳ expJJJ: pending
  ⏳ expKKK: pending
  ⏳ expLLL: pending
  ⏳ expMMM: pending
[Sat Apr 25 10:24:07 AM CST 2026] Waiting... 5 B9 results missing
  ⏳ expIII: pending
  ⏳ expJJJ: pending
  ⏳ expKKK: pending
  ⏳ expLLL: pending
  ⏳ expMMM: pending
[Sat Apr 25 10:26:07 AM CST 2026] Waiting... 5 B9 results missing
  ⏳ expIII: pending
  ⏳ expJJJ: pending
  ⏳ expKKK: pending
  ⏳ expLLL: pending
  ⏳ expMMM: pending
[Sat Apr 25 10:28:07 AM CST 2026] Waiting... 5 B9 results missing
  ⏳ expIII: pending
  ⏳ expJJJ: pending
  ⏳ expKKK: pending
  ⏳ expLLL: pending
  ⏳ expMMM: pending
[Sat Apr 25 10:30:07 AM CST 2026] Waiting... 5 B9 results missing
  ⏳ expIII: pending
  ⏳ expJJJ: pending
  ⏳ expKKK: pending
  ⏳ expLLL: pending
  ⏳ expMMM: pending
[Sat Apr 25 10:32:07 AM CST 2026] Waiting... 5 B9 results missing
  ⏳ expIII: pending
  ⏳ expJJJ: pending
  ⏳ expKKK: pending
  ⏳ expLLL: pending
  ⏳ expMMM: pending
[Sat Apr 25 10:34:08 AM CST 2026] Waiting... 5 B9 results missing
  ⏳ expIII: pending
  ⏳ expJJJ: pending
  ⏳ expKKK: pending
  ⏳ expLLL: pending
  ⏳ expMMM: pending
[Sat Apr 25 10:36:08 AM CST 2026] Waiting... 5 B9 results missing
  ⏳ expIII: pending
  ⏳ expJJJ: pending
  ⏳ expKKK: pending
  ⏳ expLLL: pending
  ⏳ expMMM: pending
[Sat Apr 25 10:38:08 AM CST 2026] Waiting... 5 B9 results missing
  ⏳ expIII: pending
  ⏳ expJJJ: pending
  ⏳ expKKK: pending
  ⏳ expLLL: pending
  ⏳ expMMM: pending
[Sat Apr 25 10:40:08 AM CST 2026] Waiting... 5 B9 results missing
  ⏳ expIII: pending
  ⏳ expJJJ: pending
  ⏳ expKKK: pending
  ⏳ expLLL: pending
  ⏳ expMMM: pending
[Sat Apr 25 10:42:08 AM CST 2026] Waiting... 5 B9 results missing
  ⏳ expIII: pending
  ⏳ expJJJ: pending
  ⏳ expKKK: pending
  ⏳ expLLL: pending
  ⏳ expMMM: pending
[Sat Apr 25 10:44:08 AM CST 2026] Waiting... 5 B9 results missing
  ⏳ expIII: pending
  ⏳ expJJJ: pending
  ⏳ expKKK: pending
  ⏳ expLLL: pending
  ⏳ expMMM: pending
[Sat Apr 25 10:46:08 AM CST 2026] Waiting... 5 B9 results missing
  ⏳ expIII: pending
  ⏳ expJJJ: pending
  ⏳ expKKK: pending
  ⏳ expLLL: pending
  ⏳ expMMM: pending
[Sat Apr 25 10:48:08 AM CST 2026] Waiting... 5 B9 results missing
  ⏳ expIII: pending
  ⏳ expJJJ: pending
  ⏳ expKKK: pending
  ⏳ expLLL: pending
  ⏳ expMMM: pending
[Sat Apr 25 10:50:08 AM CST 2026] Waiting... 5 B9 results missing
  ⏳ expIII: pending
  ⏳ expJJJ: pending
  ⏳ expKKK: pending
  ⏳ expLLL: pending
  ⏳ expMMM: pending
[Sat Apr 25 10:52:08 AM CST 2026] Waiting... 5 B9 results missing
  ⏳ expIII: pending
  ⏳ expJJJ: pending
  ⏳ expKKK: pending
  ⏳ expLLL: pending
  ⏳ expMMM: pending
[Sat Apr 25 10:54:08 AM CST 2026] Waiting... 5 B9 results missing
  ⏳ expIII: pending
  ⏳ expJJJ: pending
  ⏳ expKKK: pending
  ⏳ expLLL: pending
  ⏳ expMMM: pending
[Sat Apr 25 10:56:08 AM CST 2026] Waiting... 5 B9 results missing
  ⏳ expIII: pending
  ⏳ expJJJ: pending
  ⏳ expKKK: pending
  ⏳ expLLL: pending
  ⏳ expMMM: pending
[Sat Apr 25 10:58:08 AM CST 2026] Waiting... 5 B9 results missing
  ⏳ expIII: pending
  ⏳ expJJJ: pending
  ⏳ expKKK: pending
  ⏳ expLLL: pending
  ⏳ expMMM: pending
[Sat Apr 25 11:00:08 AM CST 2026] Waiting... 5 B9 results missing
  ⏳ expIII: pending
  ⏳ expJJJ: pending
  ⏳ expKKK: pending
  ⏳ expLLL: pending
  ⏳ expMMM: pending
[Sat Apr 25 11:02:08 AM CST 2026] Waiting... 5 B9 results missing
  ⏳ expIII: pending
  ⏳ expJJJ: pending
  ⏳ expKKK: pending
  ⏳ expLLL: pending
  ⏳ expMMM: pending
[Sat Apr 25 11:04:08 AM CST 2026] Waiting... 5 B9 results missing
  ⏳ expIII: pending
  ⏳ expJJJ: pending
  ⏳ expKKK: pending
  ⏳ expLLL: pending
  ⏳ expMMM: pending
[Sat Apr 25 11:06:09 AM CST 2026] Waiting... 5 B9 results missing
  ⏳ expIII: pending
  ⏳ expJJJ: pending
  ⏳ expKKK: pending
  ⏳ expLLL: pending
  ⏳ expMMM: pending
[Sat Apr 25 11:08:09 AM CST 2026] Waiting... 5 B9 results missing
  ⏳ expIII: pending
  ⏳ expJJJ: pending
  ⏳ expKKK: pending
  ⏳ expLLL: pending
  ⏳ expMMM: pending
[Sat Apr 25 11:10:09 AM CST 2026] Waiting... 5 B9 results missing
  ⏳ expIII: pending
  ⏳ expJJJ: pending
  ⏳ expKKK: pending
  ⏳ expLLL: pending
  ⏳ expMMM: pending
[Sat Apr 25 11:12:09 AM CST 2026] Waiting... 5 B9 results missing
  ⏳ expIII: pending
  ⏳ expJJJ: pending
  ⏳ expKKK: pending
  ⏳ expLLL: pending
  ⏳ expMMM: pending
[Sat Apr 25 11:14:09 AM CST 2026] Waiting... 5 B9 results missing
  ⏳ expIII: pending
  ⏳ expJJJ: pending
  ⏳ expKKK: pending
  ⏳ expLLL: pending
  ⏳ expMMM: pending
[Sat Apr 25 11:16:09 AM CST 2026] Waiting... 5 B9 results missing
  ⏳ expIII: pending
  ⏳ expJJJ: pending
  ⏳ expKKK: pending
  ⏳ expLLL: pending
  ⏳ expMMM: pending
[Sat Apr 25 11:18:09 AM CST 2026] Waiting... 5 B9 results missing
  ⏳ expIII: pending
  ⏳ expJJJ: pending
  ⏳ expKKK: pending
  ⏳ expLLL: pending
  ⏳ expMMM: pending
[Sat Apr 25 11:20:09 AM CST 2026] Waiting... 5 B9 results missing
  ⏳ expIII: pending
  ⏳ expJJJ: pending
  ⏳ expKKK: pending
  ⏳ expLLL: pending
  ⏳ expMMM: pending
[Sat Apr 25 11:22:09 AM CST 2026] Waiting... 5 B9 results missing
  ⏳ expIII: pending
  ⏳ expJJJ: pending
  ⏳ expKKK: pending
  ⏳ expLLL: pending
  ⏳ expMMM: pending
[Sat Apr 25 11:24:09 AM CST 2026] Waiting... 5 B9 results missing
  ⏳ expIII: pending
  ⏳ expJJJ: pending
  ⏳ expKKK: pending
  ⏳ expLLL: pending
  ⏳ expMMM: pending
[Sat Apr 25 11:26:09 AM CST 2026] Waiting... 5 B9 results missing
  ⏳ expIII: pending
  ⏳ expJJJ: pending
  ⏳ expKKK: pending
  ⏳ expLLL: pending
  ⏳ expMMM: pending
[Sat Apr 25 11:28:09 AM CST 2026] Waiting... 5 B9 results missing
  ⏳ expIII: pending
  ⏳ expJJJ: pending
  ⏳ expKKK: pending
  ⏳ expLLL: pending
  ⏳ expMMM: pending
[Sat Apr 25 11:30:09 AM CST 2026] Waiting... 5 B9 results missing
  ⏳ expIII: pending
  ⏳ expJJJ: pending
  ⏳ expKKK: pending
  ⏳ expLLL: pending
  ⏳ expMMM: pending
[Sat Apr 25 11:32:09 AM CST 2026] Waiting... 5 B9 results missing
  ⏳ expIII: pending
  ⏳ expJJJ: pending
  ⏳ expKKK: pending
  ⏳ expLLL: pending
  ⏳ expMMM: pending
[Sat Apr 25 11:34:09 AM CST 2026] Waiting... 5 B9 results missing
  ⏳ expIII: pending
  ⏳ expJJJ: pending
  ⏳ expKKK: pending
  ⏳ expLLL: pending
  ⏳ expMMM: pending
[Sat Apr 25 11:36:10 AM CST 2026] Waiting... 5 B9 results missing
  ⏳ expIII: pending
  ⏳ expJJJ: pending
  ⏳ expKKK: pending
  ⏳ expLLL: pending
  ⏳ expMMM: pending
[Sat Apr 25 11:38:10 AM CST 2026] Waiting... 5 B9 results missing
  ⏳ expIII: pending
  ⏳ expJJJ: pending
  ⏳ expKKK: pending
  ⏳ expLLL: pending
  ⏳ expMMM: pending
[Sat Apr 25 11:40:10 AM CST 2026] Waiting... 5 B9 results missing
  ⏳ expIII: pending
  ⏳ expJJJ: pending
  ⏳ expKKK: pending
  ⏳ expLLL: pending
  ⏳ expMMM: pending
[Sat Apr 25 11:42:10 AM CST 2026] Waiting... 5 B9 results missing
  ⏳ expIII: pending
  ⏳ expJJJ: pending
  ⏳ expKKK: pending
  ⏳ expLLL: pending
  ⏳ expMMM: pending
[Sat Apr 25 11:44:10 AM CST 2026] Waiting... 5 B9 results missing
  ⏳ expIII: pending
  ⏳ expJJJ: pending
  ⏳ expKKK: pending
  ⏳ expLLL: pending
  ⏳ expMMM: pending
[Sat Apr 25 11:46:10 AM CST 2026] Waiting... 5 B9 results missing
  ⏳ expIII: pending
  ⏳ expJJJ: pending
  ⏳ expKKK: pending
  ⏳ expLLL: pending
  ⏳ expMMM: pending
[Sat Apr 25 11:48:10 AM CST 2026] Waiting... 5 B9 results missing
  ⏳ expIII: pending
  ⏳ expJJJ: pending
  ⏳ expKKK: pending
  ⏳ expLLL: pending
  ⏳ expMMM: pending
[Sat Apr 25 11:50:10 AM CST 2026] Waiting... 5 B9 results missing
  ⏳ expIII: pending
  ⏳ expJJJ: pending
  ⏳ expKKK: pending
  ⏳ expLLL: pending
  ⏳ expMMM: pending
[Sat Apr 25 11:52:10 AM CST 2026] Waiting... 5 B9 results missing
  ⏳ expIII: pending
  ⏳ expJJJ: pending
  ⏳ expKKK: pending
  ⏳ expLLL: pending
  ⏳ expMMM: pending
[Sat Apr 25 11:54:10 AM CST 2026] Waiting... 5 B9 results missing
  ⏳ expIII: pending
  ⏳ expJJJ: pending
  ⏳ expKKK: pending
  ⏳ expLLL: pending
  ⏳ expMMM: pending
[Sat Apr 25 11:56:10 AM CST 2026] Waiting... 5 B9 results missing
  ⏳ expIII: pending
  ⏳ expJJJ: pending
  ⏳ expKKK: pending
  ⏳ expLLL: pending
  ⏳ expMMM: pending
[Sat Apr 25 11:58:10 AM CST 2026] Waiting... 5 B9 results missing
  ⏳ expIII: pending
  ⏳ expJJJ: pending
  ⏳ expKKK: pending
  ⏳ expLLL: pending
  ⏳ expMMM: pending
[Sat Apr 25 12:00:10 PM CST 2026] Waiting... 5 B9 results missing
  ⏳ expIII: pending
  ⏳ expJJJ: pending
  ⏳ expKKK: pending
  ⏳ expLLL: pending
  ⏳ expMMM: pending
[Sat Apr 25 12:02:10 PM CST 2026] Waiting... 5 B9 results missing
  ⏳ expIII: pending
  ⏳ expJJJ: pending
  ⏳ expKKK: pending
  ⏳ expLLL: pending
  ⏳ expMMM: pending
[Sat Apr 25 12:04:10 PM CST 2026] Waiting... 5 B9 results missing
  ⏳ expIII: pending
  ⏳ expJJJ: pending
  ⏳ expKKK: pending
  ⏳ expLLL: pending
  ⏳ expMMM: pending
[Sat Apr 25 12:06:10 PM CST 2026] Waiting... 5 B9 results missing
  ⏳ expIII: pending
  ⏳ expJJJ: pending
  ⏳ expKKK: pending
  ⏳ expLLL: pending
  ⏳ expMMM: pending
[Sat Apr 25 12:08:11 PM CST 2026] Waiting... 5 B9 results missing
  ⏳ expIII: pending
  ⏳ expJJJ: pending
  ⏳ expKKK: pending
  ⏳ expLLL: pending
  ⏳ expMMM: pending
[Sat Apr 25 12:10:11 PM CST 2026] Waiting... 5 B9 results missing
  ⏳ expIII: pending
  ⏳ expJJJ: pending
  ⏳ expKKK: pending
  ⏳ expLLL: pending
  ⏳ expMMM: pending
[Sat Apr 25 12:12:11 PM CST 2026] Waiting... 5 B9 results missing
  ⏳ expIII: pending
  ⏳ expJJJ: pending
  ⏳ expKKK: pending
  ⏳ expLLL: pending
  ⏳ expMMM: pending
[Sat Apr 25 12:14:11 PM CST 2026] Waiting... 5 B9 results missing
  ⏳ expIII: pending
  ⏳ expJJJ: pending
  ⏳ expKKK: pending
  ⏳ expLLL: pending
  ⏳ expMMM: pending
[Sat Apr 25 12:16:11 PM CST 2026] Waiting... 5 B9 results missing
  ⏳ expIII: pending
  ⏳ expJJJ: pending
  ⏳ expKKK: pending
  ⏳ expLLL: pending
  ⏳ expMMM: pending
[Sat Apr 25 12:18:11 PM CST 2026] Waiting... 5 B9 results missing
  ⏳ expIII: pending
  ⏳ expJJJ: pending
  ⏳ expKKK: pending
  ⏳ expLLL: pending
  ⏳ expMMM: pending
[Sat Apr 25 12:20:11 PM CST 2026] Waiting... 5 B9 results missing
  ⏳ expIII: pending
  ⏳ expJJJ: pending
  ⏳ expKKK: pending
  ⏳ expLLL: pending
  ⏳ expMMM: pending
[Sat Apr 25 12:22:11 PM CST 2026] Waiting... 5 B9 results missing
  ⏳ expIII: pending
  ⏳ expJJJ: pending
  ⏳ expKKK: pending
  ⏳ expLLL: pending
  ⏳ expMMM: pending
[Sat Apr 25 12:24:11 PM CST 2026] Waiting... 5 B9 results missing
  ⏳ expIII: pending
  ⏳ expJJJ: pending
  ⏳ expKKK: pending
  ⏳ expLLL: pending
  ⏳ expMMM: pending
[Sat Apr 25 12:26:11 PM CST 2026] Waiting... 5 B9 results missing
  ⏳ expIII: pending
  ⏳ expJJJ: pending
  ⏳ expKKK: pending
  ⏳ expLLL: pending
  ⏳ expMMM: pending
[Sat Apr 25 12:28:11 PM CST 2026] Waiting... 5 B9 results missing
  ⏳ expIII: pending
  ⏳ expJJJ: pending
  ⏳ expKKK: pending
  ⏳ expLLL: pending
  ⏳ expMMM: pending
[Sat Apr 25 12:30:11 PM CST 2026] Waiting... 5 B9 results missing
  ⏳ expIII: pending
  ⏳ expJJJ: pending
  ⏳ expKKK: pending
  ⏳ expLLL: pending
  ⏳ expMMM: pending
[Sat Apr 25 12:32:11 PM CST 2026] Waiting... 5 B9 results missing
  ⏳ expIII: pending
  ⏳ expJJJ: pending
  ⏳ expKKK: pending
  ⏳ expLLL: pending
  ⏳ expMMM: pending
[Sat Apr 25 12:34:11 PM CST 2026] Waiting... 5 B9 results missing
  ⏳ expIII: pending
  ⏳ expJJJ: pending
  ⏳ expKKK: pending
  ⏳ expLLL: pending
  ⏳ expMMM: pending
[Sat Apr 25 12:36:11 PM CST 2026] Waiting... 5 B9 results missing
  ⏳ expIII: pending
  ⏳ expJJJ: pending
  ⏳ expKKK: pending
  ⏳ expLLL: pending
  ⏳ expMMM: pending
[Sat Apr 25 12:38:12 PM CST 2026] Waiting... 5 B9 results missing
  ⏳ expIII: pending
  ⏳ expJJJ: pending
  ⏳ expKKK: pending
  ⏳ expLLL: pending
  ⏳ expMMM: pending
[Sat Apr 25 12:40:12 PM CST 2026] Waiting... 5 B9 results missing
  ⏳ expIII: pending
  ⏳ expJJJ: pending
  ⏳ expKKK: pending
  ⏳ expLLL: pending
  ⏳ expMMM: pending
[Sat Apr 25 12:42:12 PM CST 2026] Waiting... 5 B9 results missing
  ⏳ expIII: pending
  ⏳ expJJJ: pending
  ⏳ expKKK: pending
  ⏳ expLLL: pending
  ⏳ expMMM: pending
[Sat Apr 25 12:44:12 PM CST 2026] Waiting... 5 B9 results missing
  ⏳ expIII: pending
  ⏳ expJJJ: pending
  ⏳ expKKK: pending
  ⏳ expLLL: pending
  ⏳ expMMM: pending
[Sat Apr 25 12:46:12 PM CST 2026] Waiting... 5 B9 results missing
  ⏳ expIII: pending
  ⏳ expJJJ: pending
  ⏳ expKKK: pending
  ⏳ expLLL: pending
  ⏳ expMMM: pending
[Sat Apr 25 12:48:12 PM CST 2026] Waiting... 5 B9 results missing
  ⏳ expIII: pending
  ⏳ expJJJ: pending
  ⏳ expKKK: pending
  ⏳ expLLL: pending
  ⏳ expMMM: pending
[Sat Apr 25 12:50:12 PM CST 2026] Waiting... 5 B9 results missing
  ⏳ expIII: pending
  ⏳ expJJJ: pending
  ⏳ expKKK: pending
  ⏳ expLLL: pending
  ⏳ expMMM: pending
[Sat Apr 25 12:52:12 PM CST 2026] Waiting... 5 B9 results missing
  ⏳ expIII: pending
  ⏳ expJJJ: pending
  ⏳ expKKK: pending
  ⏳ expLLL: pending
  ⏳ expMMM: pending
[Sat Apr 25 12:54:12 PM CST 2026] Waiting... 5 B9 results missing
  ⏳ expIII: pending
  ⏳ expJJJ: pending
  ⏳ expKKK: pending
  ⏳ expLLL: pending
  ⏳ expMMM: pending
[Sat Apr 25 12:56:12 PM CST 2026] Waiting... 5 B9 results missing
  ⏳ expIII: pending
  ⏳ expJJJ: pending
  ⏳ expKKK: pending
  ⏳ expLLL: pending
  ⏳ expMMM: pending
[Sat Apr 25 12:58:12 PM CST 2026] Waiting... 5 B9 results missing
  ⏳ expIII: pending
  ⏳ expJJJ: pending
  ⏳ expKKK: pending
  ⏳ expLLL: pending
  ⏳ expMMM: pending
[Sat Apr 25 01:00:12 PM CST 2026] Waiting... 5 B9 results missing
  ⏳ expIII: pending
  ⏳ expJJJ: pending
  ⏳ expKKK: pending
  ⏳ expLLL: pending
  ⏳ expMMM: pending
[Sat Apr 25 01:02:12 PM CST 2026] Waiting... 5 B9 results missing
  ⏳ expIII: pending
  ⏳ expJJJ: pending
  ⏳ expKKK: pending
  ⏳ expLLL: pending
  ⏳ expMMM: pending
[Sat Apr 25 01:04:12 PM CST 2026] Waiting... 5 B9 results missing
  ⏳ expIII: pending
  ⏳ expJJJ: pending
  ⏳ expKKK: pending
  ⏳ expLLL: pending
  ⏳ expMMM: pending
[Sat Apr 25 01:06:12 PM CST 2026] Waiting... 5 B9 results missing
  ⏳ expIII: pending
  ⏳ expJJJ: pending
  ⏳ expKKK: pending
  ⏳ expLLL: pending
  ⏳ expMMM: pending
[Sat Apr 25 01:08:12 PM CST 2026] Waiting... 5 B9 results missing
  ⏳ expIII: pending
  ⏳ expJJJ: pending
  ⏳ expKKK: pending
  ⏳ expLLL: pending
  ⏳ expMMM: pending
[Sat Apr 25 01:10:13 PM CST 2026] Waiting... 5 B9 results missing
  ⏳ expIII: pending
  ⏳ expJJJ: pending
  ⏳ expKKK: pending
  ⏳ expLLL: pending
  ⏳ expMMM: pending
[Sat Apr 25 01:12:13 PM CST 2026] Waiting... 5 B9 results missing
  ⏳ expIII: pending
  ⏳ expJJJ: pending
  ⏳ expKKK: pending
  ⏳ expLLL: pending
  ⏳ expMMM: pending
[Sat Apr 25 01:14:13 PM CST 2026] Waiting... 5 B9 results missing
  ⏳ expIII: pending
  ⏳ expJJJ: pending
  ⏳ expKKK: pending
  ⏳ expLLL: pending
  ⏳ expMMM: pending
[Sat Apr 25 01:16:13 PM CST 2026] Waiting... 5 B9 results missing
  ⏳ expIII: pending
  ⏳ expJJJ: pending
  ⏳ expKKK: pending
  ⏳ expLLL: pending
  ⏳ expMMM: pending
[Sat Apr 25 01:18:13 PM CST 2026] Waiting... 5 B9 results missing
  ⏳ expIII: pending
  ⏳ expJJJ: pending
  ⏳ expKKK: pending
  ⏳ expLLL: pending
  ⏳ expMMM: pending
[Sat Apr 25 01:20:13 PM CST 2026] Waiting... 5 B9 results missing
  ⏳ expIII: pending
  ⏳ expJJJ: pending
  ⏳ expKKK: pending
  ⏳ expLLL: pending
  ⏳ expMMM: pending
[Sat Apr 25 01:22:13 PM CST 2026] Waiting... 5 B9 results missing
  ⏳ expIII: pending
  ⏳ expJJJ: pending
  ⏳ expKKK: pending
  ⏳ expLLL: pending
  ⏳ expMMM: pending
[Sat Apr 25 01:24:13 PM CST 2026] Waiting... 5 B9 results missing
  ⏳ expIII: pending
  ⏳ expJJJ: pending
  ⏳ expKKK: pending
  ⏳ expLLL: pending
  ⏳ expMMM: pending
[Sat Apr 25 01:26:13 PM CST 2026] Waiting... 5 B9 results missing
  ⏳ expIII: pending
  ⏳ expJJJ: pending
  ⏳ expKKK: pending
  ⏳ expLLL: pending
  ⏳ expMMM: pending
[Sat Apr 25 01:28:13 PM CST 2026] Waiting... 5 B9 results missing
  ⏳ expIII: pending
  ⏳ expJJJ: pending
  ⏳ expKKK: pending
  ⏳ expLLL: pending
  ⏳ expMMM: pending
[Sat Apr 25 01:30:13 PM CST 2026] Waiting... 5 B9 results missing
  ⏳ expIII: pending
  ⏳ expJJJ: pending
  ⏳ expKKK: pending
  ⏳ expLLL: pending
  ⏳ expMMM: pending
[Sat Apr 25 01:32:13 PM CST 2026] Waiting... 5 B9 results missing
  ⏳ expIII: pending
  ⏳ expJJJ: pending
  ⏳ expKKK: pending
  ⏳ expLLL: pending
  ⏳ expMMM: pending
[Sat Apr 25 01:34:13 PM CST 2026] Waiting... 5 B9 results missing
  ⏳ expIII: pending
  ⏳ expJJJ: pending
  ⏳ expKKK: pending
  ⏳ expLLL: pending
  ⏳ expMMM: pending
[Sat Apr 25 01:36:13 PM CST 2026] Waiting... 5 B9 results missing
  ⏳ expIII: pending
  ⏳ expJJJ: pending
  ⏳ expKKK: pending
  ⏳ expLLL: pending
  ⏳ expMMM: pending
[Sat Apr 25 01:38:13 PM CST 2026] Waiting... 5 B9 results missing
  ⏳ expIII: pending
  ⏳ expJJJ: pending
  ⏳ expKKK: pending
  ⏳ expLLL: pending
  ⏳ expMMM: pending
[Sat Apr 25 01:40:13 PM CST 2026] Waiting... 5 B9 results missing
  ⏳ expIII: pending
  ⏳ expJJJ: pending
  ⏳ expKKK: pending
  ⏳ expLLL: pending
  ⏳ expMMM: pending
[Sat Apr 25 01:42:14 PM CST 2026] Waiting... 5 B9 results missing
  ⏳ expIII: pending
  ⏳ expJJJ: pending
  ⏳ expKKK: pending
  ⏳ expLLL: pending
  ⏳ expMMM: pending
[Sat Apr 25 01:44:14 PM CST 2026] Waiting... 5 B9 results missing
  ⏳ expIII: pending
  ⏳ expJJJ: pending
  ⏳ expKKK: pending
  ⏳ expLLL: pending
  ⏳ expMMM: pending
[Sat Apr 25 01:46:14 PM CST 2026] Waiting... 5 B9 results missing
  ⏳ expIII: pending
  ⏳ expJJJ: pending
  ⏳ expKKK: pending
  ⏳ expLLL: pending
  ⏳ expMMM: pending
[Sat Apr 25 01:48:14 PM CST 2026] Waiting... 5 B9 results missing
  ⏳ expIII: pending
  ⏳ expJJJ: pending
  ⏳ expKKK: pending
  ⏳ expLLL: pending
  ⏳ expMMM: pending
[Sat Apr 25 01:50:14 PM CST 2026] Waiting... 5 B9 results missing
  ⏳ expIII: pending
  ⏳ expJJJ: pending
  ⏳ expKKK: pending
  ⏳ expLLL: pending
  ⏳ expMMM: pending
[Sat Apr 25 01:52:14 PM CST 2026] Waiting... 5 B9 results missing
  ⏳ expIII: pending
  ⏳ expJJJ: pending
  ⏳ expKKK: pending
  ⏳ expLLL: pending
  ⏳ expMMM: pending
[Sat Apr 25 01:54:14 PM CST 2026] Waiting... 5 B9 results missing
  ⏳ expIII: pending
  ⏳ expJJJ: pending
  ⏳ expKKK: pending
  ⏳ expLLL: pending
  ⏳ expMMM: pending
[Sat Apr 25 01:56:14 PM CST 2026] Waiting... 5 B9 results missing
  ⏳ expIII: pending
  ⏳ expJJJ: pending
  ⏳ expKKK: pending
  ⏳ expLLL: pending
  ⏳ expMMM: pending
[Sat Apr 25 01:58:14 PM CST 2026] Waiting... 5 B9 results missing
  ⏳ expIII: pending
  ⏳ expJJJ: pending
  ⏳ expKKK: pending
  ⏳ expLLL: pending
  ⏳ expMMM: pending
[Sat Apr 25 02:00:14 PM CST 2026] Waiting... 5 B9 results missing
  ⏳ expIII: pending
  ⏳ expJJJ: pending
  ⏳ expKKK: pending
  ⏳ expLLL: pending
  ⏳ expMMM: pending
[Sat Apr 25 02:02:14 PM CST 2026] Waiting... 5 B9 results missing
  ⏳ expIII: pending
  ⏳ expJJJ: pending
  ⏳ expKKK: pending
  ⏳ expLLL: pending
  ⏳ expMMM: pending
[Sat Apr 25 02:04:14 PM CST 2026] Waiting... 5 B9 results missing
  ⏳ expIII: pending
  ⏳ expJJJ: pending
  ⏳ expKKK: pending
  ⏳ expLLL: pending
  ⏳ expMMM: pending
[Sat Apr 25 02:06:14 PM CST 2026] Waiting... 5 B9 results missing
  ⏳ expIII: pending
  ⏳ expJJJ: pending
  ⏳ expKKK: pending
  ⏳ expLLL: pending
  ⏳ expMMM: pending
[Sat Apr 25 02:08:14 PM CST 2026] Waiting... 5 B9 results missing
  ⏳ expIII: pending
  ⏳ expJJJ: pending
  ⏳ expKKK: pending
  ⏳ expLLL: pending
  ⏳ expMMM: pending
[Sat Apr 25 02:10:14 PM CST 2026] Waiting... 5 B9 results missing
  ⏳ expIII: pending
  ⏳ expJJJ: pending
  ⏳ expKKK: pending
  ⏳ expLLL: pending
  ⏳ expMMM: pending
[Sat Apr 25 02:12:15 PM CST 2026] Waiting... 5 B9 results missing
  ⏳ expIII: pending
  ⏳ expJJJ: pending
  ⏳ expKKK: pending
  ⏳ expLLL: pending
  ⏳ expMMM: pending
[Sat Apr 25 02:14:15 PM CST 2026] Waiting... 5 B9 results missing
  ⏳ expIII: pending
  ⏳ expJJJ: pending
  ⏳ expKKK: pending
  ⏳ expLLL: pending
  ⏳ expMMM: pending
[Sat Apr 25 02:16:15 PM CST 2026] Waiting... 5 B9 results missing
  ⏳ expIII: pending
  ⏳ expJJJ: pending
  ⏳ expKKK: pending
  ⏳ expLLL: pending
  ⏳ expMMM: pending
[Sat Apr 25 02:18:15 PM CST 2026] Waiting... 5 B9 results missing
  ⏳ expIII: pending
  ⏳ expJJJ: pending
  ⏳ expKKK: pending
  ⏳ expLLL: pending
  ⏳ expMMM: pending
[Sat Apr 25 02:20:15 PM CST 2026] Waiting... 5 B9 results missing
  ⏳ expIII: pending
  ⏳ expJJJ: pending
  ⏳ expKKK: pending
  ⏳ expLLL: pending
  ⏳ expMMM: pending
[Sat Apr 25 02:22:15 PM CST 2026] Waiting... 5 B9 results missing
  ⏳ expIII: pending
  ⏳ expJJJ: pending
  ⏳ expKKK: pending
  ⏳ expLLL: pending
  ⏳ expMMM: pending
[Sat Apr 25 02:24:15 PM CST 2026] Waiting... 5 B9 results missing
  ⏳ expIII: pending
  ⏳ expJJJ: pending
  ⏳ expKKK: pending
  ⏳ expLLL: pending
  ⏳ expMMM: pending
[Sat Apr 25 02:26:15 PM CST 2026] Waiting... 5 B9 results missing
  ⏳ expIII: pending
  ⏳ expJJJ: pending
  ⏳ expKKK: pending
  ⏳ expLLL: pending
  ⏳ expMMM: pending
[Sat Apr 25 02:28:15 PM CST 2026] Waiting... 5 B9 results missing
  ⏳ expIII: pending
  ⏳ expJJJ: pending
  ⏳ expKKK: pending
  ⏳ expLLL: pending
  ⏳ expMMM: pending
[Sat Apr 25 02:30:15 PM CST 2026] Waiting... 5 B9 results missing
  ⏳ expIII: pending
  ⏳ expJJJ: pending
  ⏳ expKKK: pending
  ⏳ expLLL: pending
  ⏳ expMMM: pending
[Sat Apr 25 02:32:15 PM CST 2026] Waiting... 5 B9 results missing
  ⏳ expIII: pending
  ⏳ expJJJ: pending
  ⏳ expKKK: pending
  ⏳ expLLL: pending
  ⏳ expMMM: pending
[Sat Apr 25 02:34:15 PM CST 2026] Waiting... 5 B9 results missing
  ⏳ expIII: pending
  ⏳ expJJJ: pending
  ⏳ expKKK: pending
  ⏳ expLLL: pending
  ⏳ expMMM: pending
[Sat Apr 25 02:36:15 PM CST 2026] Waiting... 5 B9 results missing
  ⏳ expIII: pending
  ⏳ expJJJ: pending
  ⏳ expKKK: pending
  ⏳ expLLL: pending
  ⏳ expMMM: pending
[Sat Apr 25 02:38:15 PM CST 2026] Waiting... 5 B9 results missing
  ⏳ expIII: pending
  ⏳ expJJJ: pending
  ⏳ expKKK: pending
  ⏳ expLLL: pending
  ⏳ expMMM: pending
[Sat Apr 25 02:40:15 PM CST 2026] Waiting... 5 B9 results missing
  ⏳ expIII: pending
  ⏳ expJJJ: pending
  ⏳ expKKK: pending
  ⏳ expLLL: pending
  ⏳ expMMM: pending
[Sat Apr 25 02:42:15 PM CST 2026] Waiting... 5 B9 results missing
  ⏳ expIII: pending
  ⏳ expJJJ: pending
  ⏳ expKKK: pending
  ⏳ expLLL: pending
  ⏳ expMMM: pending
[Sat Apr 25 02:44:16 PM CST 2026] Waiting... 5 B9 results missing
  ⏳ expIII: pending
  ⏳ expJJJ: pending
  ⏳ expKKK: pending
  ⏳ expLLL: pending
  ⏳ expMMM: pending
[Sat Apr 25 02:46:16 PM CST 2026] Waiting... 5 B9 results missing
  ⏳ expIII: pending
  ⏳ expJJJ: pending
  ⏳ expKKK: pending
  ⏳ expLLL: pending
  ⏳ expMMM: pending
[Sat Apr 25 02:48:16 PM CST 2026] Waiting... 5 B9 results missing
  ⏳ expIII: pending
  ⏳ expJJJ: pending
  ⏳ expKKK: pending
  ⏳ expLLL: pending
  ⏳ expMMM: pending
[Sat Apr 25 02:50:16 PM CST 2026] Waiting... 5 B9 results missing
  ⏳ expIII: pending
  ⏳ expJJJ: pending
  ⏳ expKKK: pending
  ⏳ expLLL: pending
  ⏳ expMMM: pending
[Sat Apr 25 02:52:16 PM CST 2026] Waiting... 5 B9 results missing
  ⏳ expIII: pending
  ⏳ expJJJ: pending
  ⏳ expKKK: pending
  ⏳ expLLL: pending
  ⏳ expMMM: pending
[Sat Apr 25 02:54:16 PM CST 2026] Waiting... 5 B9 results missing
  ⏳ expIII: pending
  ⏳ expJJJ: pending
  ⏳ expKKK: pending
  ⏳ expLLL: pending
  ⏳ expMMM: pending
[Sat Apr 25 02:56:16 PM CST 2026] Waiting... 5 B9 results missing
  ⏳ expIII: pending
  ⏳ expJJJ: pending
  ⏳ expKKK: pending
  ⏳ expLLL: pending
  ⏳ expMMM: pending
[Sat Apr 25 02:58:16 PM CST 2026] Waiting... 5 B9 results missing
  ⏳ expIII: pending
  ⏳ expJJJ: pending
  ⏳ expKKK: pending
  ⏳ expLLL: pending
  ⏳ expMMM: pending
[Sat Apr 25 03:00:16 PM CST 2026] Waiting... 5 B9 results missing
  ⏳ expIII: pending
  ⏳ expJJJ: pending
  ⏳ expKKK: pending
  ⏳ expLLL: pending
  ⏳ expMMM: pending
[Sat Apr 25 03:02:16 PM CST 2026] Waiting... 5 B9 results missing
  ⏳ expIII: pending
  ⏳ expJJJ: pending
  ⏳ expKKK: pending
  ⏳ expLLL: pending
  ⏳ expMMM: pending
[Sat Apr 25 03:04:16 PM CST 2026] Waiting... 5 B9 results missing
  ⏳ expIII: pending
  ⏳ expJJJ: pending
  ⏳ expKKK: pending
  ⏳ expLLL: pending
  ⏳ expMMM: pending
[Sat Apr 25 03:06:16 PM CST 2026] Waiting... 5 B9 results missing
  ⏳ expIII: pending
  ⏳ expJJJ: pending
  ⏳ expKKK: pending
  ⏳ expLLL: pending
  ⏳ expMMM: pending
[Sat Apr 25 03:08:16 PM CST 2026] Waiting... 5 B9 results missing
  ⏳ expIII: pending
  ⏳ expJJJ: pending
  ⏳ expKKK: pending
  ⏳ expLLL: pending
  ⏳ expMMM: pending
[Sat Apr 25 03:10:16 PM CST 2026] Waiting... 5 B9 results missing
  ⏳ expIII: pending
  ⏳ expJJJ: pending
  ⏳ expKKK: pending
  ⏳ expLLL: pending
  ⏳ expMMM: pending
[Sat Apr 25 03:12:16 PM CST 2026] Waiting... 5 B9 results missing
  ⏳ expIII: pending
  ⏳ expJJJ: pending
  ⏳ expKKK: pending
  ⏳ expLLL: pending
  ⏳ expMMM: pending
[Sat Apr 25 03:14:16 PM CST 2026] Waiting... 5 B9 results missing
  ⏳ expIII: pending
  ⏳ expJJJ: pending
  ⏳ expKKK: pending
  ⏳ expLLL: pending
  ⏳ expMMM: pending
[Sat Apr 25 03:16:17 PM CST 2026] Waiting... 5 B9 results missing
  ⏳ expIII: pending
  ⏳ expJJJ: pending
  ⏳ expKKK: pending
  ⏳ expLLL: pending
  ⏳ expMMM: pending
[Sat Apr 25 03:18:17 PM CST 2026] Waiting... 5 B9 results missing
  ⏳ expIII: pending
  ⏳ expJJJ: pending
  ⏳ expKKK: pending
  ⏳ expLLL: pending
  ⏳ expMMM: pending
[Sat Apr 25 03:20:17 PM CST 2026] Waiting... 5 B9 results missing
  ⏳ expIII: pending
  ⏳ expJJJ: pending
  ⏳ expKKK: pending
  ⏳ expLLL: pending
  ⏳ expMMM: pending
[Sat Apr 25 03:22:17 PM CST 2026] Waiting... 5 B9 results missing
  ⏳ expIII: pending
  ⏳ expJJJ: pending
  ⏳ expKKK: pending
  ⏳ expLLL: pending
  ⏳ expMMM: pending
[Sat Apr 25 03:24:17 PM CST 2026] Waiting... 5 B9 results missing
  ⏳ expIII: pending
  ⏳ expJJJ: pending
  ⏳ expKKK: pending
  ⏳ expLLL: pending
  ⏳ expMMM: pending
[Sat Apr 25 03:26:17 PM CST 2026] Waiting... 5 B9 results missing
  ⏳ expIII: pending
  ⏳ expJJJ: pending
  ⏳ expKKK: pending
  ⏳ expLLL: pending
  ⏳ expMMM: pending
[Sat Apr 25 03:28:17 PM CST 2026] Waiting... 5 B9 results missing
  ⏳ expIII: pending
  ⏳ expJJJ: pending
  ⏳ expKKK: pending
  ⏳ expLLL: pending
  ⏳ expMMM: pending
[Sat Apr 25 03:30:17 PM CST 2026] Waiting... 5 B9 results missing
  ⏳ expIII: pending
  ⏳ expJJJ: pending
  ⏳ expKKK: pending
  ⏳ expLLL: pending
  ⏳ expMMM: pending
[Sat Apr 25 03:32:17 PM CST 2026] Waiting... 5 B9 results missing
  ⏳ expIII: pending
  ⏳ expJJJ: pending
  ⏳ expKKK: pending
  ⏳ expLLL: pending
  ⏳ expMMM: pending
[Sat Apr 25 03:34:17 PM CST 2026] Waiting... 5 B9 results missing
  ⏳ expIII: pending
  ⏳ expJJJ: pending
  ⏳ expKKK: pending
  ⏳ expLLL: pending
  ⏳ expMMM: pending
[Sat Apr 25 03:36:17 PM CST 2026] Waiting... 5 B9 results missing
  ⏳ expIII: pending
  ⏳ expJJJ: pending
  ⏳ expKKK: pending
  ⏳ expLLL: pending
  ⏳ expMMM: pending
[Sat Apr 25 03:38:17 PM CST 2026] Waiting... 5 B9 results missing
  ⏳ expIII: pending
  ⏳ expJJJ: pending
  ⏳ expKKK: pending
  ⏳ expLLL: pending
  ⏳ expMMM: pending
[Sat Apr 25 03:40:17 PM CST 2026] Waiting... 5 B9 results missing
  ⏳ expIII: pending
  ⏳ expJJJ: pending
  ⏳ expKKK: pending
  ⏳ expLLL: pending
  ⏳ expMMM: pending
[Sat Apr 25 03:42:17 PM CST 2026] Waiting... 5 B9 results missing
  ⏳ expIII: pending
  ⏳ expJJJ: pending
  ⏳ expKKK: pending
  ⏳ expLLL: pending
  ⏳ expMMM: pending
[Sat Apr 25 03:44:17 PM CST 2026] Waiting... 5 B9 results missing
  ⏳ expIII: pending
  ⏳ expJJJ: pending
  ⏳ expKKK: pending
  ⏳ expLLL: pending
  ⏳ expMMM: pending
[Sat Apr 25 03:46:18 PM CST 2026] Waiting... 5 B9 results missing
  ⏳ expIII: pending
  ⏳ expJJJ: pending
  ⏳ expKKK: pending
  ⏳ expLLL: pending
  ⏳ expMMM: pending
[Sat Apr 25 03:48:18 PM CST 2026] Waiting... 5 B9 results missing
  ⏳ expIII: pending
  ⏳ expJJJ: pending
  ⏳ expKKK: pending
  ⏳ expLLL: pending
  ⏳ expMMM: pending
[Sat Apr 25 03:50:18 PM CST 2026] Waiting... 5 B9 results missing
  ⏳ expIII: pending
  ⏳ expJJJ: pending
  ⏳ expKKK: pending
  ⏳ expLLL: pending
  ⏳ expMMM: pending
[Sat Apr 25 03:52:18 PM CST 2026] Waiting... 5 B9 results missing
  ⏳ expIII: pending
  ⏳ expJJJ: pending
  ⏳ expKKK: pending
  ⏳ expLLL: pending
  ⏳ expMMM: pending
[Sat Apr 25 03:54:18 PM CST 2026] Waiting... 5 B9 results missing
  ⏳ expIII: pending
  ⏳ expJJJ: pending
  ⏳ expKKK: pending
  ⏳ expLLL: pending
  ⏳ expMMM: pending
[Sat Apr 25 03:56:18 PM CST 2026] Waiting... 5 B9 results missing
  ⏳ expIII: pending
  ⏳ expJJJ: pending
  ⏳ expKKK: pending
  ⏳ expLLL: pending
  ⏳ expMMM: pending
[Sat Apr 25 03:58:18 PM CST 2026] Waiting... 5 B9 results missing
  ⏳ expIII: pending
  ⏳ expJJJ: pending
  ⏳ expKKK: pending
  ⏳ expLLL: pending
  ⏳ expMMM: pending
[Sat Apr 25 04:00:18 PM CST 2026] Waiting... 5 B9 results missing
  ⏳ expIII: pending
  ⏳ expJJJ: pending
  ⏳ expKKK: pending
  ⏳ expLLL: pending
  ⏳ expMMM: pending
[Sat Apr 25 04:02:18 PM CST 2026] Waiting... 5 B9 results missing
  ⏳ expIII: pending
  ⏳ expJJJ: pending
  ⏳ expKKK: pending
  ⏳ expLLL: pending
  ⏳ expMMM: pending
[Sat Apr 25 04:04:18 PM CST 2026] Waiting... 5 B9 results missing
  ⏳ expIII: pending
  ⏳ expJJJ: pending
  ⏳ expKKK: pending
  ⏳ expLLL: pending
  ⏳ expMMM: pending
[Sat Apr 25 04:06:18 PM CST 2026] Waiting... 5 B9 results missing
  ⏳ expIII: pending
  ⏳ expJJJ: pending
  ⏳ expKKK: pending
  ⏳ expLLL: pending
  ⏳ expMMM: pending
[Sat Apr 25 04:08:18 PM CST 2026] Waiting... 5 B9 results missing
  ⏳ expIII: pending
  ⏳ expJJJ: pending
  ⏳ expKKK: pending
  ⏳ expLLL: pending
  ⏳ expMMM: pending
[Sat Apr 25 04:10:18 PM CST 2026] Waiting... 5 B9 results missing
  ⏳ expIII: pending
  ⏳ expJJJ: pending
  ⏳ expKKK: pending
  ⏳ expLLL: pending
  ⏳ expMMM: pending
[Sat Apr 25 04:12:18 PM CST 2026] Waiting... 5 B9 results missing
  ⏳ expIII: pending
  ⏳ expJJJ: pending
  ⏳ expKKK: pending
  ⏳ expLLL: pending
  ⏳ expMMM: pending
[Sat Apr 25 04:14:18 PM CST 2026] Waiting... 5 B9 results missing
  ⏳ expIII: pending
  ⏳ expJJJ: pending
  ⏳ expKKK: pending
  ⏳ expLLL: pending
  ⏳ expMMM: pending
[Sat Apr 25 04:16:18 PM CST 2026] Waiting... 5 B9 results missing
  ⏳ expIII: pending
  ⏳ expJJJ: pending
  ⏳ expKKK: pending
  ⏳ expLLL: pending
  ⏳ expMMM: pending
[Sat Apr 25 04:18:19 PM CST 2026] Waiting... 5 B9 results missing
  ⏳ expIII: pending
  ⏳ expJJJ: pending
  ⏳ expKKK: pending
  ⏳ expLLL: pending
  ⏳ expMMM: pending
[Sat Apr 25 04:20:19 PM CST 2026] Waiting... 5 B9 results missing
  ⏳ expIII: pending
  ⏳ expJJJ: pending
  ⏳ expKKK: pending
  ⏳ expLLL: pending
  ⏳ expMMM: pending
[Sat Apr 25 04:22:19 PM CST 2026] Waiting... 5 B9 results missing
  ⏳ expIII: pending
  ⏳ expJJJ: pending
  ⏳ expKKK: pending
  ⏳ expLLL: pending
  ⏳ expMMM: pending
[Sat Apr 25 04:24:19 PM CST 2026] Waiting... 5 B9 results missing
  ⏳ expIII: pending
  ⏳ expJJJ: pending
  ⏳ expKKK: pending
  ⏳ expLLL: pending
  ⏳ expMMM: pending
[Sat Apr 25 04:26:19 PM CST 2026] Waiting... 5 B9 results missing
  ⏳ expIII: pending
  ⏳ expJJJ: pending
  ⏳ expKKK: pending
  ⏳ expLLL: pending
  ⏳ expMMM: pending
[Sat Apr 25 04:28:19 PM CST 2026] Waiting... 5 B9 results missing
  ⏳ expIII: pending
  ⏳ expJJJ: pending
  ⏳ expKKK: pending
  ⏳ expLLL: pending
  ⏳ expMMM: pending
[Sat Apr 25 04:30:19 PM CST 2026] Waiting... 5 B9 results missing
  ⏳ expIII: pending
  ⏳ expJJJ: pending
  ⏳ expKKK: pending
  ⏳ expLLL: pending
  ⏳ expMMM: pending
[Sat Apr 25 04:32:19 PM CST 2026] Waiting... 5 B9 results missing
  ⏳ expIII: pending
  ⏳ expJJJ: pending
  ⏳ expKKK: pending
  ⏳ expLLL: pending
  ⏳ expMMM: pending
[Sat Apr 25 04:34:19 PM CST 2026] Waiting... 5 B9 results missing
  ⏳ expIII: pending
  ⏳ expJJJ: pending
  ⏳ expKKK: pending
  ⏳ expLLL: pending
  ⏳ expMMM: pending
[Sat Apr 25 04:36:19 PM CST 2026] Waiting... 5 B9 results missing
  ⏳ expIII: pending
  ⏳ expJJJ: pending
  ⏳ expKKK: pending
  ⏳ expLLL: pending
  ⏳ expMMM: pending
[Sat Apr 25 04:38:19 PM CST 2026] Waiting... 5 B9 results missing
  ⏳ expIII: pending
  ⏳ expJJJ: pending
  ⏳ expKKK: pending
  ⏳ expLLL: pending
  ⏳ expMMM: pending
[Sat Apr 25 04:40:19 PM CST 2026] Waiting... 5 B9 results missing
  ⏳ expIII: pending
  ⏳ expJJJ: pending
  ⏳ expKKK: pending
  ⏳ expLLL: pending
  ⏳ expMMM: pending
[Sat Apr 25 04:42:19 PM CST 2026] Waiting... 5 B9 results missing
  ⏳ expIII: pending
  ⏳ expJJJ: pending
  ⏳ expKKK: pending
  ⏳ expLLL: pending
  ⏳ expMMM: pending
[Sat Apr 25 04:44:19 PM CST 2026] Waiting... 5 B9 results missing
  ⏳ expIII: pending
  ⏳ expJJJ: pending
  ⏳ expKKK: pending
  ⏳ expLLL: pending
  ⏳ expMMM: pending
[Sat Apr 25 04:46:19 PM CST 2026] Waiting... 5 B9 results missing
  ⏳ expIII: pending
  ⏳ expJJJ: pending
  ⏳ expKKK: pending
  ⏳ expLLL: pending
  ⏳ expMMM: pending
[Sat Apr 25 04:48:19 PM CST 2026] Waiting... 5 B9 results missing
  ⏳ expIII: pending
  ⏳ expJJJ: pending
  ⏳ expKKK: pending
  ⏳ expLLL: pending
  ⏳ expMMM: pending
[Sat Apr 25 04:50:20 PM CST 2026] Waiting... 5 B9 results missing
  ⏳ expIII: pending
  ⏳ expJJJ: pending
  ⏳ expKKK: pending
  ⏳ expLLL: pending
  ⏳ expMMM: pending
[Sat Apr 25 04:52:20 PM CST 2026] Waiting... 5 B9 results missing
  ⏳ expIII: pending
  ⏳ expJJJ: pending
  ⏳ expKKK: pending
  ⏳ expLLL: pending
  ⏳ expMMM: pending
[Sat Apr 25 04:54:20 PM CST 2026] Waiting... 5 B9 results missing
  ⏳ expIII: pending
  ⏳ expJJJ: pending
  ⏳ expKKK: pending
  ⏳ expLLL: pending
  ⏳ expMMM: pending
[Sat Apr 25 04:56:20 PM CST 2026] Waiting... 5 B9 results missing
  ⏳ expIII: pending
  ⏳ expJJJ: pending
  ⏳ expKKK: pending
  ⏳ expLLL: pending
  ⏳ expMMM: pending
[Sat Apr 25 04:58:20 PM CST 2026] Waiting... 5 B9 results missing
  ⏳ expIII: pending
  ⏳ expJJJ: pending
  ⏳ expKKK: pending
  ⏳ expLLL: pending
  ⏳ expMMM: pending
[Sat Apr 25 05:00:20 PM CST 2026] Waiting... 5 B9 results missing
  ⏳ expIII: pending
  ⏳ expJJJ: pending
  ⏳ expKKK: pending
  ⏳ expLLL: pending
  ⏳ expMMM: pending
[Sat Apr 25 05:02:20 PM CST 2026] Waiting... 5 B9 results missing
  ⏳ expIII: pending
  ⏳ expJJJ: pending
  ⏳ expKKK: pending
  ⏳ expLLL: pending
  ⏳ expMMM: pending
[Sat Apr 25 05:04:20 PM CST 2026] Waiting... 5 B9 results missing
  ⏳ expIII: pending
  ⏳ expJJJ: pending
  ⏳ expKKK: pending
  ⏳ expLLL: pending
  ⏳ expMMM: pending
[Sat Apr 25 05:06:20 PM CST 2026] Waiting... 5 B9 results missing
  ⏳ expIII: pending
  ⏳ expJJJ: pending
  ⏳ expKKK: pending
  ⏳ expLLL: pending
  ⏳ expMMM: pending
[Sat Apr 25 05:08:20 PM CST 2026] Waiting... 5 B9 results missing
  ⏳ expIII: pending
  ⏳ expJJJ: pending
  ⏳ expKKK: pending
  ⏳ expLLL: pending
  ⏳ expMMM: pending
[Sat Apr 25 05:10:20 PM CST 2026] Waiting... 5 B9 results missing
  ⏳ expIII: pending
  ⏳ expJJJ: pending
  ⏳ expKKK: pending
  ⏳ expLLL: pending
  ⏳ expMMM: pending
[Sat Apr 25 05:12:20 PM CST 2026] Waiting... 5 B9 results missing
  ⏳ expIII: pending
  ⏳ expJJJ: pending
  ⏳ expKKK: pending
  ⏳ expLLL: pending
  ⏳ expMMM: pending
[Sat Apr 25 05:14:20 PM CST 2026] Waiting... 5 B9 results missing
  ⏳ expIII: pending
  ⏳ expJJJ: pending
  ⏳ expKKK: pending
  ⏳ expLLL: pending
  ⏳ expMMM: pending
[Sat Apr 25 05:16:20 PM CST 2026] Waiting... 5 B9 results missing
  ⏳ expIII: pending
  ⏳ expJJJ: pending
  ⏳ expKKK: pending
  ⏳ expLLL: pending
  ⏳ expMMM: pending
[Sat Apr 25 05:18:20 PM CST 2026] Waiting... 5 B9 results missing
  ⏳ expIII: pending
  ⏳ expJJJ: pending
  ⏳ expKKK: pending
  ⏳ expLLL: pending
  ⏳ expMMM: pending
[Sat Apr 25 05:20:20 PM CST 2026] Waiting... 5 B9 results missing
  ⏳ expIII: pending
  ⏳ expJJJ: pending
  ⏳ expKKK: pending
  ⏳ expLLL: pending
  ⏳ expMMM: pending
[Sat Apr 25 05:22:21 PM CST 2026] Waiting... 5 B9 results missing
  ⏳ expIII: pending
  ⏳ expJJJ: pending
  ⏳ expKKK: pending
  ⏳ expLLL: pending
  ⏳ expMMM: pending
[Sat Apr 25 05:24:21 PM CST 2026] Waiting... 5 B9 results missing
  ⏳ expIII: pending
  ⏳ expJJJ: pending
  ⏳ expKKK: pending
  ⏳ expLLL: pending
  ⏳ expMMM: pending
[Sat Apr 25 05:26:21 PM CST 2026] Waiting... 5 B9 results missing
  ⏳ expIII: pending
  ⏳ expJJJ: pending
  ⏳ expKKK: pending
  ⏳ expLLL: pending
  ⏳ expMMM: pending
[Sat Apr 25 05:28:21 PM CST 2026] Waiting... 5 B9 results missing
  ⏳ expIII: pending
  ⏳ expJJJ: pending
  ⏳ expKKK: pending
  ⏳ expLLL: pending
  ⏳ expMMM: pending
[Sat Apr 25 05:30:21 PM CST 2026] Waiting... 5 B9 results missing
  ⏳ expIII: pending
  ⏳ expJJJ: pending
  ⏳ expKKK: pending
  ⏳ expLLL: pending
  ⏳ expMMM: pending
[Sat Apr 25 05:32:21 PM CST 2026] Waiting... 5 B9 results missing
  ⏳ expIII: pending
  ⏳ expJJJ: pending
  ⏳ expKKK: pending
  ⏳ expLLL: pending
  ⏳ expMMM: pending
[Sat Apr 25 05:34:21 PM CST 2026] Waiting... 5 B9 results missing
  ⏳ expIII: pending
  ⏳ expJJJ: pending
  ⏳ expKKK: pending
  ⏳ expLLL: pending
  ⏳ expMMM: pending
[Sat Apr 25 05:36:21 PM CST 2026] Waiting... 5 B9 results missing
  ⏳ expIII: pending
  ⏳ expJJJ: pending
  ⏳ expKKK: pending
  ⏳ expLLL: pending
  ⏳ expMMM: pending
[Sat Apr 25 05:38:21 PM CST 2026] Waiting... 5 B9 results missing
  ⏳ expIII: pending
  ⏳ expJJJ: pending
  ⏳ expKKK: pending
  ⏳ expLLL: pending
  ⏳ expMMM: pending
[Sat Apr 25 05:40:21 PM CST 2026] Waiting... 5 B9 results missing
  ⏳ expIII: pending
  ⏳ expJJJ: pending
  ⏳ expKKK: pending
  ⏳ expLLL: pending
  ⏳ expMMM: pending
[Sat Apr 25 05:42:21 PM CST 2026] Waiting... 5 B9 results missing
  ⏳ expIII: pending
  ⏳ expJJJ: pending
  ⏳ expKKK: pending
  ⏳ expLLL: pending
  ⏳ expMMM: pending
[Sat Apr 25 05:44:21 PM CST 2026] Waiting... 5 B9 results missing
  ⏳ expIII: pending
  ⏳ expJJJ: pending
  ⏳ expKKK: pending
  ⏳ expLLL: pending
  ⏳ expMMM: pending
[Sat Apr 25 05:46:21 PM CST 2026] Waiting... 5 B9 results missing
  ⏳ expIII: pending
  ⏳ expJJJ: pending
  ⏳ expKKK: pending
  ⏳ expLLL: pending
  ⏳ expMMM: pending
[Sat Apr 25 05:48:21 PM CST 2026] Waiting... 5 B9 results missing
  ⏳ expIII: pending
  ⏳ expJJJ: pending
  ⏳ expKKK: pending
  ⏳ expLLL: pending
  ⏳ expMMM: pending
[Sat Apr 25 05:50:21 PM CST 2026] Waiting... 5 B9 results missing
  ⏳ expIII: pending
  ⏳ expJJJ: pending
  ⏳ expKKK: pending
  ⏳ expLLL: pending
  ⏳ expMMM: pending
[Sat Apr 25 05:52:21 PM CST 2026] Waiting... 5 B9 results missing
  ⏳ expIII: pending
  ⏳ expJJJ: pending
  ⏳ expKKK: pending
  ⏳ expLLL: pending
  ⏳ expMMM: pending
[Sat Apr 25 05:54:22 PM CST 2026] Waiting... 5 B9 results missing
  ⏳ expIII: pending
  ⏳ expJJJ: pending
  ⏳ expKKK: pending
  ⏳ expLLL: pending
  ⏳ expMMM: pending
[Sat Apr 25 05:56:22 PM CST 2026] Waiting... 5 B9 results missing
  ⏳ expIII: pending
  ⏳ expJJJ: pending
  ⏳ expKKK: pending
  ⏳ expLLL: pending
  ⏳ expMMM: pending
[Sat Apr 25 05:58:22 PM CST 2026] Waiting... 5 B9 results missing
  ⏳ expIII: pending
  ⏳ expJJJ: pending
  ⏳ expKKK: pending
  ⏳ expLLL: pending
  ⏳ expMMM: pending
[Sat Apr 25 06:00:22 PM CST 2026] Waiting... 5 B9 results missing
  ⏳ expIII: pending
  ⏳ expJJJ: pending
  ⏳ expKKK: pending
  ⏳ expLLL: pending
  ⏳ expMMM: pending
[Sat Apr 25 06:02:22 PM CST 2026] Waiting... 5 B9 results missing
  ⏳ expIII: pending
  ⏳ expJJJ: pending
  ⏳ expKKK: pending
  ⏳ expLLL: pending
  ⏳ expMMM: pending
[Sat Apr 25 06:04:22 PM CST 2026] Waiting... 5 B9 results missing
  ⏳ expIII: pending
  ⏳ expJJJ: pending
  ⏳ expKKK: pending
  ⏳ expLLL: pending
  ⏳ expMMM: pending
[Sat Apr 25 06:06:22 PM CST 2026] Waiting... 5 B9 results missing
  ⏳ expIII: pending
  ⏳ expJJJ: pending
  ⏳ expKKK: pending
  ⏳ expLLL: pending
  ⏳ expMMM: pending
[Sat Apr 25 06:08:22 PM CST 2026] Waiting... 5 B9 results missing
  ⏳ expIII: pending
  ⏳ expJJJ: pending
  ⏳ expKKK: pending
  ⏳ expLLL: pending
  ⏳ expMMM: pending
[Sat Apr 25 06:10:22 PM CST 2026] Waiting... 5 B9 results missing
  ⏳ expIII: pending
  ⏳ expJJJ: pending
  ⏳ expKKK: pending
  ⏳ expLLL: pending
  ⏳ expMMM: pending
[Sat Apr 25 06:12:22 PM CST 2026] Waiting... 5 B9 results missing
  ⏳ expIII: pending
  ⏳ expJJJ: pending
  ⏳ expKKK: pending
  ⏳ expLLL: pending
  ⏳ expMMM: pending
[Sat Apr 25 06:14:22 PM CST 2026] Waiting... 5 B9 results missing
  ⏳ expIII: pending
  ⏳ expJJJ: pending
  ⏳ expKKK: pending
  ⏳ expLLL: pending
  ⏳ expMMM: pending
[Sat Apr 25 06:16:22 PM CST 2026] Waiting... 5 B9 results missing
  ⏳ expIII: pending
  ⏳ expJJJ: pending
  ⏳ expKKK: pending
  ⏳ expLLL: pending
  ⏳ expMMM: pending
[Sat Apr 25 06:18:22 PM CST 2026] Waiting... 5 B9 results missing
  ⏳ expIII: pending
  ⏳ expJJJ: pending
  ⏳ expKKK: pending
  ⏳ expLLL: pending
  ⏳ expMMM: pending
[Sat Apr 25 06:20:22 PM CST 2026] Waiting... 5 B9 results missing
  ⏳ expIII: pending
  ⏳ expJJJ: pending
  ⏳ expKKK: pending
  ⏳ expLLL: pending
  ⏳ expMMM: pending
[Sat Apr 25 06:22:22 PM CST 2026] Waiting... 5 B9 results missing
  ⏳ expIII: pending
  ⏳ expJJJ: pending
  ⏳ expKKK: pending
  ⏳ expLLL: pending
  ⏳ expMMM: pending
[Sat Apr 25 06:24:23 PM CST 2026] Waiting... 5 B9 results missing
  ⏳ expIII: pending
  ⏳ expJJJ: pending
  ⏳ expKKK: pending
  ⏳ expLLL: pending
  ⏳ expMMM: pending
[Sat Apr 25 06:26:23 PM CST 2026] Waiting... 5 B9 results missing
  ⏳ expIII: pending
  ⏳ expJJJ: pending
  ⏳ expKKK: pending
  ⏳ expLLL: pending
  ⏳ expMMM: pending
[Sat Apr 25 06:28:23 PM CST 2026] Waiting... 5 B9 results missing
  ⏳ expIII: pending
  ⏳ expJJJ: pending
  ⏳ expKKK: pending
  ⏳ expLLL: pending
  ⏳ expMMM: pending
[Sat Apr 25 06:30:23 PM CST 2026] Waiting... 5 B9 results missing
  ⏳ expIII: pending
  ⏳ expJJJ: pending
  ⏳ expKKK: pending
  ⏳ expLLL: pending
  ⏳ expMMM: pending
[Sat Apr 25 06:32:23 PM CST 2026] Waiting... 5 B9 results missing
  ⏳ expIII: pending
  ⏳ expJJJ: pending
  ⏳ expKKK: pending
  ⏳ expLLL: pending
  ⏳ expMMM: pending
[Sat Apr 25 06:34:23 PM CST 2026] Waiting... 5 B9 results missing
  ⏳ expIII: pending
  ⏳ expJJJ: pending
  ⏳ expKKK: pending
  ⏳ expLLL: pending
  ⏳ expMMM: pending
[Sat Apr 25 06:36:23 PM CST 2026] Waiting... 5 B9 results missing
  ⏳ expIII: pending
  ⏳ expJJJ: pending
  ⏳ expKKK: pending
  ⏳ expLLL: pending
  ⏳ expMMM: pending
[Sat Apr 25 06:38:23 PM CST 2026] Waiting... 5 B9 results missing
  ⏳ expIII: pending
  ⏳ expJJJ: pending
  ⏳ expKKK: pending
  ⏳ expLLL: pending
  ⏳ expMMM: pending
[Sat Apr 25 06:40:23 PM CST 2026] Waiting... 5 B9 results missing
  ⏳ expIII: pending
  ⏳ expJJJ: pending
  ⏳ expKKK: pending
  ⏳ expLLL: pending
  ⏳ expMMM: pending
[Sat Apr 25 06:42:23 PM CST 2026] Waiting... 5 B9 results missing
  ⏳ expIII: pending
  ⏳ expJJJ: pending
  ⏳ expKKK: pending
  ⏳ expLLL: pending
  ⏳ expMMM: pending
[Sat Apr 25 06:44:23 PM CST 2026] Waiting... 5 B9 results missing
  ⏳ expIII: pending
  ⏳ expJJJ: pending
  ⏳ expKKK: pending
  ⏳ expLLL: pending
  ⏳ expMMM: pending
[Sat Apr 25 06:46:23 PM CST 2026] Waiting... 5 B9 results missing
  ⏳ expIII: pending
  ⏳ expJJJ: pending
  ⏳ expKKK: pending
  ⏳ expLLL: pending
  ⏳ expMMM: pending
[Sat Apr 25 06:48:23 PM CST 2026] Waiting... 5 B9 results missing
  ⏳ expIII: pending
  ⏳ expJJJ: pending
  ⏳ expKKK: pending
  ⏳ expLLL: pending
  ⏳ expMMM: pending
[Sat Apr 25 06:50:23 PM CST 2026] Waiting... 5 B9 results missing
  ⏳ expIII: pending
  ⏳ expJJJ: pending
  ⏳ expKKK: pending
  ⏳ expLLL: pending
  ⏳ expMMM: pending
[Sat Apr 25 06:52:23 PM CST 2026] Waiting... 5 B9 results missing
  ⏳ expIII: pending
  ⏳ expJJJ: pending
  ⏳ expKKK: pending
  ⏳ expLLL: pending
  ⏳ expMMM: pending
[Sat Apr 25 06:54:23 PM CST 2026] Waiting... 5 B9 results missing
  ⏳ expIII: pending
  ⏳ expJJJ: pending
  ⏳ expKKK: pending
  ⏳ expLLL: pending
  ⏳ expMMM: pending
[Sat Apr 25 06:56:24 PM CST 2026] Waiting... 5 B9 results missing
  ⏳ expIII: pending
  ⏳ expJJJ: pending
  ⏳ expKKK: pending
  ⏳ expLLL: pending
  ⏳ expMMM: pending
[Sat Apr 25 06:58:24 PM CST 2026] Waiting... 5 B9 results missing
  ⏳ expIII: pending
  ⏳ expJJJ: pending
  ⏳ expKKK: pending
  ⏳ expLLL: pending
  ⏳ expMMM: pending
[Sat Apr 25 07:00:24 PM CST 2026] Waiting... 5 B9 results missing
  ⏳ expIII: pending
  ⏳ expJJJ: pending
  ⏳ expKKK: pending
  ⏳ expLLL: pending
  ⏳ expMMM: pending
[Sat Apr 25 07:02:24 PM CST 2026] Waiting... 5 B9 results missing
  ⏳ expIII: pending
  ⏳ expJJJ: pending
  ⏳ expKKK: pending
  ⏳ expLLL: pending
  ⏳ expMMM: pending
[Sat Apr 25 07:04:24 PM CST 2026] Waiting... 5 B9 results missing
  ⏳ expIII: pending
  ⏳ expJJJ: pending
  ⏳ expKKK: pending
  ⏳ expLLL: pending
  ⏳ expMMM: pending
[Sat Apr 25 07:06:24 PM CST 2026] Waiting... 5 B9 results missing
  ⏳ expIII: pending
  ⏳ expJJJ: pending
  ⏳ expKKK: pending
  ⏳ expLLL: pending
  ⏳ expMMM: pending
[Sat Apr 25 07:08:24 PM CST 2026] Waiting... 5 B9 results missing
  ⏳ expIII: pending
  ⏳ expJJJ: pending
  ⏳ expKKK: pending
  ⏳ expLLL: pending
  ⏳ expMMM: pending
[Sat Apr 25 07:10:24 PM CST 2026] Waiting... 5 B9 results missing
  ⏳ expIII: pending
  ⏳ expJJJ: pending
  ⏳ expKKK: pending
  ⏳ expLLL: pending
  ⏳ expMMM: pending
[Sat Apr 25 07:12:24 PM CST 2026] Waiting... 5 B9 results missing
  ⏳ expIII: pending
  ⏳ expJJJ: pending
  ⏳ expKKK: pending
  ⏳ expLLL: pending
  ⏳ expMMM: pending
[Sat Apr 25 07:14:24 PM CST 2026] Waiting... 5 B9 results missing
  ⏳ expIII: pending
  ⏳ expJJJ: pending
  ⏳ expKKK: pending
  ⏳ expLLL: pending
  ⏳ expMMM: pending
[Sat Apr 25 07:16:24 PM CST 2026] Waiting... 5 B9 results missing
  ⏳ expIII: pending
  ⏳ expJJJ: pending
  ⏳ expKKK: pending
  ⏳ expLLL: pending
  ⏳ expMMM: pending
[Sat Apr 25 07:18:24 PM CST 2026] Waiting... 5 B9 results missing
  ⏳ expIII: pending
  ⏳ expJJJ: pending
  ⏳ expKKK: pending
  ⏳ expLLL: pending
  ⏳ expMMM: pending
[Sat Apr 25 07:20:24 PM CST 2026] Waiting... 5 B9 results missing
  ⏳ expIII: pending
  ⏳ expJJJ: pending
  ⏳ expKKK: pending
  ⏳ expLLL: pending
  ⏳ expMMM: pending
[Sat Apr 25 07:22:24 PM CST 2026] Waiting... 5 B9 results missing
  ⏳ expIII: pending
  ⏳ expJJJ: pending
  ⏳ expKKK: pending
  ⏳ expLLL: pending
  ⏳ expMMM: pending
[Sat Apr 25 07:24:24 PM CST 2026] Waiting... 5 B9 results missing
  ⏳ expIII: pending
  ⏳ expJJJ: pending
  ⏳ expKKK: pending
  ⏳ expLLL: pending
  ⏳ expMMM: pending
[Sat Apr 25 07:26:24 PM CST 2026] Waiting... 5 B9 results missing
  ⏳ expIII: pending
  ⏳ expJJJ: pending
  ⏳ expKKK: pending
  ⏳ expLLL: pending
  ⏳ expMMM: pending
[Sat Apr 25 07:28:25 PM CST 2026] Waiting... 5 B9 results missing
  ⏳ expIII: pending
  ⏳ expJJJ: pending
  ⏳ expKKK: pending
  ⏳ expLLL: pending
  ⏳ expMMM: pending
[Sat Apr 25 07:30:25 PM CST 2026] Waiting... 5 B9 results missing
  ⏳ expIII: pending
  ⏳ expJJJ: pending
  ⏳ expKKK: pending
  ⏳ expLLL: pending
  ⏳ expMMM: pending
[Sat Apr 25 07:32:25 PM CST 2026] Waiting... 5 B9 results missing
  ⏳ expIII: pending
  ⏳ expJJJ: pending
  ⏳ expKKK: pending
  ⏳ expLLL: pending
  ⏳ expMMM: pending
[Sat Apr 25 07:34:25 PM CST 2026] Waiting... 5 B9 results missing
  ⏳ expIII: pending
  ⏳ expJJJ: pending
  ⏳ expKKK: pending
  ⏳ expLLL: pending
  ⏳ expMMM: pending
[Sat Apr 25 07:36:25 PM CST 2026] Waiting... 5 B9 results missing
  ⏳ expIII: pending
  ⏳ expJJJ: pending
  ⏳ expKKK: pending
  ⏳ expLLL: pending
  ⏳ expMMM: pending
[Sat Apr 25 07:38:25 PM CST 2026] Waiting... 5 B9 results missing
  ⏳ expIII: pending
  ⏳ expJJJ: pending
  ⏳ expKKK: pending
  ⏳ expLLL: pending
  ⏳ expMMM: pending
[Sat Apr 25 07:40:25 PM CST 2026] Waiting... 5 B9 results missing
  ⏳ expIII: pending
  ⏳ expJJJ: pending
  ⏳ expKKK: pending
  ⏳ expLLL: pending
  ⏳ expMMM: pending
[Sat Apr 25 07:42:25 PM CST 2026] Waiting... 5 B9 results missing
  ⏳ expIII: pending
  ⏳ expJJJ: pending
  ⏳ expKKK: pending
  ⏳ expLLL: pending
  ⏳ expMMM: pending
[Sat Apr 25 07:44:25 PM CST 2026] Waiting... 5 B9 results missing
  ⏳ expIII: pending
  ⏳ expJJJ: pending
  ⏳ expKKK: pending
  ⏳ expLLL: pending
  ⏳ expMMM: pending
[Sat Apr 25 07:46:25 PM CST 2026] Waiting... 5 B9 results missing
  ⏳ expIII: pending
  ⏳ expJJJ: pending
  ⏳ expKKK: pending
  ⏳ expLLL: pending
  ⏳ expMMM: pending
[Sat Apr 25 07:48:25 PM CST 2026] Waiting... 5 B9 results missing
  ⏳ expIII: pending
  ⏳ expJJJ: pending
  ⏳ expKKK: pending
  ⏳ expLLL: pending
  ⏳ expMMM: pending
[Sat Apr 25 07:50:25 PM CST 2026] Waiting... 5 B9 results missing
  ⏳ expIII: pending
  ⏳ expJJJ: pending
  ⏳ expKKK: pending
  ⏳ expLLL: pending
  ⏳ expMMM: pending
[Sat Apr 25 07:52:25 PM CST 2026] Waiting... 5 B9 results missing
  ⏳ expIII: pending
  ⏳ expJJJ: pending
  ⏳ expKKK: pending
  ⏳ expLLL: pending
  ⏳ expMMM: pending
[Sat Apr 25 07:54:25 PM CST 2026] Waiting... 5 B9 results missing
  ⏳ expIII: pending
  ⏳ expJJJ: pending
  ⏳ expKKK: pending
  ⏳ expLLL: pending
  ⏳ expMMM: pending
[Sat Apr 25 07:56:25 PM CST 2026] Waiting... 5 B9 results missing
  ⏳ expIII: pending
  ⏳ expJJJ: pending
  ⏳ expKKK: pending
  ⏳ expLLL: pending
  ⏳ expMMM: pending
[Sat Apr 25 07:58:25 PM CST 2026] Waiting... 5 B9 results missing
  ⏳ expIII: pending
  ⏳ expJJJ: pending
  ⏳ expKKK: pending
  ⏳ expLLL: pending
  ⏳ expMMM: pending
[Sat Apr 25 08:00:26 PM CST 2026] Waiting... 5 B9 results missing
  ⏳ expIII: pending
  ⏳ expJJJ: pending
  ⏳ expKKK: pending
  ⏳ expLLL: pending
  ⏳ expMMM: pending
[Sat Apr 25 08:02:26 PM CST 2026] Waiting... 5 B9 results missing
  ⏳ expIII: pending
  ⏳ expJJJ: pending
  ⏳ expKKK: pending
  ⏳ expLLL: pending
  ⏳ expMMM: pending
[Sat Apr 25 08:04:26 PM CST 2026] Waiting... 5 B9 results missing
  ⏳ expIII: pending
  ⏳ expJJJ: pending
  ⏳ expKKK: pending
  ⏳ expLLL: pending
  ⏳ expMMM: pending
[Sat Apr 25 08:06:26 PM CST 2026] Waiting... 5 B9 results missing
  ⏳ expIII: pending
  ⏳ expJJJ: pending
  ⏳ expKKK: pending
  ⏳ expLLL: pending
  ⏳ expMMM: pending
[Sat Apr 25 08:08:26 PM CST 2026] Waiting... 5 B9 results missing
  ⏳ expIII: pending
  ⏳ expJJJ: pending
  ⏳ expKKK: pending
  ⏳ expLLL: pending
  ⏳ expMMM: pending
[Sat Apr 25 08:10:26 PM CST 2026] Waiting... 5 B9 results missing
  ⏳ expIII: pending
  ⏳ expJJJ: pending
  ⏳ expKKK: pending
  ⏳ expLLL: pending
  ⏳ expMMM: pending
[Sat Apr 25 08:12:26 PM CST 2026] Waiting... 5 B9 results missing
  ⏳ expIII: pending
  ⏳ expJJJ: pending
  ⏳ expKKK: pending
  ⏳ expLLL: pending
  ⏳ expMMM: pending
[Sat Apr 25 08:14:26 PM CST 2026] Waiting... 5 B9 results missing
  ⏳ expIII: pending
  ⏳ expJJJ: pending
  ⏳ expKKK: pending
  ⏳ expLLL: pending
  ⏳ expMMM: pending
[Sat Apr 25 08:16:26 PM CST 2026] Waiting... 5 B9 results missing
  ⏳ expIII: pending
  ⏳ expJJJ: pending
  ⏳ expKKK: pending
  ⏳ expLLL: pending
  ⏳ expMMM: pending
[Sat Apr 25 08:18:26 PM CST 2026] Waiting... 5 B9 results missing
  ⏳ expIII: pending
  ⏳ expJJJ: pending
  ⏳ expKKK: pending
  ⏳ expLLL: pending
  ⏳ expMMM: pending
[Sat Apr 25 08:20:26 PM CST 2026] Waiting... 5 B9 results missing
  ⏳ expIII: pending
  ⏳ expJJJ: pending
  ⏳ expKKK: pending
  ⏳ expLLL: pending
  ⏳ expMMM: pending
[Sat Apr 25 08:22:26 PM CST 2026] Waiting... 5 B9 results missing
  ⏳ expIII: pending
  ⏳ expJJJ: pending
  ⏳ expKKK: pending
  ⏳ expLLL: pending
  ⏳ expMMM: pending
[Sat Apr 25 08:24:26 PM CST 2026] Waiting... 5 B9 results missing
  ⏳ expIII: pending
  ⏳ expJJJ: pending
  ⏳ expKKK: pending
  ⏳ expLLL: pending
  ⏳ expMMM: pending
[Sat Apr 25 08:26:26 PM CST 2026] Waiting... 5 B9 results missing
  ⏳ expIII: pending
  ⏳ expJJJ: pending
  ⏳ expKKK: pending
  ⏳ expLLL: pending
  ⏳ expMMM: pending
[Sat Apr 25 08:28:26 PM CST 2026] Waiting... 5 B9 results missing
  ⏳ expIII: pending
  ⏳ expJJJ: pending
  ⏳ expKKK: pending
  ⏳ expLLL: pending
  ⏳ expMMM: pending
[Sat Apr 25 08:30:26 PM CST 2026] Waiting... 5 B9 results missing
  ⏳ expIII: pending
  ⏳ expJJJ: pending
  ⏳ expKKK: pending
  ⏳ expLLL: pending
  ⏳ expMMM: pending
[Sat Apr 25 08:32:27 PM CST 2026] Waiting... 5 B9 results missing
  ⏳ expIII: pending
  ⏳ expJJJ: pending
  ⏳ expKKK: pending
  ⏳ expLLL: pending
  ⏳ expMMM: pending
[Sat Apr 25 08:34:27 PM CST 2026] Waiting... 5 B9 results missing
  ⏳ expIII: pending
  ⏳ expJJJ: pending
  ⏳ expKKK: pending
  ⏳ expLLL: pending
  ⏳ expMMM: pending
[Sat Apr 25 08:36:27 PM CST 2026] Waiting... 5 B9 results missing
  ⏳ expIII: pending
  ⏳ expJJJ: pending
  ⏳ expKKK: pending
  ⏳ expLLL: pending
  ⏳ expMMM: pending
[Sat Apr 25 08:38:27 PM CST 2026] Waiting... 5 B9 results missing
  ⏳ expIII: pending
  ⏳ expJJJ: pending
  ⏳ expKKK: pending
  ⏳ expLLL: pending
  ⏳ expMMM: pending
[Sat Apr 25 08:40:27 PM CST 2026] Waiting... 5 B9 results missing
  ⏳ expIII: pending
  ⏳ expJJJ: pending
  ⏳ expKKK: pending
  ⏳ expLLL: pending
  ⏳ expMMM: pending
[Sat Apr 25 08:42:27 PM CST 2026] Waiting... 5 B9 results missing
  ⏳ expIII: pending
  ⏳ expJJJ: pending
  ⏳ expKKK: pending
  ⏳ expLLL: pending
  ⏳ expMMM: pending
[Sat Apr 25 08:44:27 PM CST 2026] Waiting... 5 B9 results missing
  ⏳ expIII: pending
  ⏳ expJJJ: pending
  ⏳ expKKK: pending
  ⏳ expLLL: pending
  ⏳ expMMM: pending
[Sat Apr 25 08:46:27 PM CST 2026] Waiting... 5 B9 results missing
  ⏳ expIII: pending
  ⏳ expJJJ: pending
  ⏳ expKKK: pending
  ⏳ expLLL: pending
  ⏳ expMMM: pending
[Sat Apr 25 08:48:27 PM CST 2026] Waiting... 5 B9 results missing
  ⏳ expIII: pending
  ⏳ expJJJ: pending
  ⏳ expKKK: pending
  ⏳ expLLL: pending
  ⏳ expMMM: pending
[Sat Apr 25 08:50:27 PM CST 2026] Waiting... 5 B9 results missing
  ⏳ expIII: pending
  ⏳ expJJJ: pending
  ⏳ expKKK: pending
  ⏳ expLLL: pending
  ⏳ expMMM: pending
[Sat Apr 25 08:52:27 PM CST 2026] Waiting... 5 B9 results missing
  ⏳ expIII: pending
  ⏳ expJJJ: pending
  ⏳ expKKK: pending
  ⏳ expLLL: pending
  ⏳ expMMM: pending
[Sat Apr 25 08:54:27 PM CST 2026] Waiting... 5 B9 results missing
  ⏳ expIII: pending
  ⏳ expJJJ: pending
  ⏳ expKKK: pending
  ⏳ expLLL: pending
  ⏳ expMMM: pending
[Sat Apr 25 08:56:27 PM CST 2026] Waiting... 5 B9 results missing
  ⏳ expIII: pending
  ⏳ expJJJ: pending
  ⏳ expKKK: pending
  ⏳ expLLL: pending
  ⏳ expMMM: pending
[Sat Apr 25 08:58:27 PM CST 2026] Waiting... 5 B9 results missing
  ⏳ expIII: pending
  ⏳ expJJJ: pending
  ⏳ expKKK: pending
  ⏳ expLLL: pending
  ⏳ expMMM: pending
[Sat Apr 25 09:00:27 PM CST 2026] Waiting... 5 B9 results missing
  ⏳ expIII: pending
  ⏳ expJJJ: pending
  ⏳ expKKK: pending
  ⏳ expLLL: pending
  ⏳ expMMM: pending
[Sat Apr 25 09:02:28 PM CST 2026] Waiting... 5 B9 results missing
  ⏳ expIII: pending
  ⏳ expJJJ: pending
  ⏳ expKKK: pending
  ⏳ expLLL: pending
  ⏳ expMMM: pending
[Sat Apr 25 09:04:28 PM CST 2026] Waiting... 5 B9 results missing
  ⏳ expIII: pending
  ⏳ expJJJ: pending
  ⏳ expKKK: pending
  ⏳ expLLL: pending
  ⏳ expMMM: pending
[Sat Apr 25 09:06:28 PM CST 2026] Waiting... 5 B9 results missing
  ⏳ expIII: pending
  ⏳ expJJJ: pending
  ⏳ expKKK: pending
  ⏳ expLLL: pending
  ⏳ expMMM: pending
[Sat Apr 25 09:08:28 PM CST 2026] Waiting... 5 B9 results missing
  ⏳ expIII: pending
  ⏳ expJJJ: pending
  ⏳ expKKK: pending
  ⏳ expLLL: pending
  ⏳ expMMM: pending
[Sat Apr 25 09:10:28 PM CST 2026] Waiting... 5 B9 results missing
  ⏳ expIII: pending
  ⏳ expJJJ: pending
  ⏳ expKKK: pending
  ⏳ expLLL: pending
  ⏳ expMMM: pending
[Sat Apr 25 09:12:28 PM CST 2026] Waiting... 5 B9 results missing
  ⏳ expIII: pending
  ⏳ expJJJ: pending
  ⏳ expKKK: pending
  ⏳ expLLL: pending
  ⏳ expMMM: pending
[Sat Apr 25 09:14:28 PM CST 2026] Waiting... 5 B9 results missing
  ⏳ expIII: pending
  ⏳ expJJJ: pending
  ⏳ expKKK: pending
  ⏳ expLLL: pending
  ⏳ expMMM: pending
[Sat Apr 25 09:16:28 PM CST 2026] Waiting... 5 B9 results missing
  ⏳ expIII: pending
  ⏳ expJJJ: pending
  ⏳ expKKK: pending
  ⏳ expLLL: pending
  ⏳ expMMM: pending
[Sat Apr 25 09:18:28 PM CST 2026] Waiting... 5 B9 results missing
  ⏳ expIII: pending
  ⏳ expJJJ: pending
  ⏳ expKKK: pending
  ⏳ expLLL: pending
  ⏳ expMMM: pending
[Sat Apr 25 09:20:28 PM CST 2026] Waiting... 5 B9 results missing
  ⏳ expIII: pending
  ⏳ expJJJ: pending
  ⏳ expKKK: pending
  ⏳ expLLL: pending
  ⏳ expMMM: pending
