[Sat Apr 25 01:19:08 AM CST 2026] Batch 9 launcher started. Waiting for Batch 8 results + teacher v3...
[Sat Apr 25 01:19:08 AM CST 2026] Waiting... 2 B8 results missing, v3_ready=false
[Sat Apr 25 01:21:08 AM CST 2026] Waiting... 2 B8 results missing, v3_ready=false
[Sat Apr 25 01:23:08 AM CST 2026] Waiting... 2 B8 results missing, v3_ready=false
[Sat Apr 25 01:25:08 AM CST 2026] Waiting... 2 B8 results missing, v3_ready=false
[Sat Apr 25 01:27:08 AM CST 2026] Waiting... 2 B8 results missing, v3_ready=false
[Sat Apr 25 01:29:09 AM CST 2026] Waiting... 2 B8 results missing, v3_ready=false
[Sat Apr 25 01:31:09 AM CST 2026] Waiting... 2 B8 results missing, v3_ready=false
[Sat Apr 25 01:33:09 AM CST 2026] Waiting... 2 B8 results missing, v3_ready=false
[Sat Apr 25 01:35:09 AM CST 2026] Waiting... 2 B8 results missing, v3_ready=false
[Sat Apr 25 01:37:09 AM CST 2026] Waiting... 2 B8 results missing, v3_ready=false
[Sat Apr 25 01:39:09 AM CST 2026] Waiting... 2 B8 results missing, v3_ready=false
[Sat Apr 25 01:41:09 AM CST 2026] Waiting... 2 B8 results missing, v3_ready=false
[Sat Apr 25 01:43:09 AM CST 2026] Waiting... 2 B8 results missing, v3_ready=false
[Sat Apr 25 01:45:09 AM CST 2026] Waiting... 2 B8 results missing, v3_ready=false
[Sat Apr 25 01:47:09 AM CST 2026] Waiting... 2 B8 results missing, v3_ready=false
[Sat Apr 25 01:49:09 AM CST 2026] Waiting... 2 B8 results missing, v3_ready=false
[Sat Apr 25 01:51:09 AM CST 2026] Waiting... 2 B8 results missing, v3_ready=false
[Sat Apr 25 01:53:09 AM CST 2026] Waiting... 2 B8 results missing, v3_ready=false
[Sat Apr 25 01:55:09 AM CST 2026] Waiting... 2 B8 results missing, v3_ready=false
[Sat Apr 25 01:57:09 AM CST 2026] Waiting... 2 B8 results missing, v3_ready=false
[Sat Apr 25 01:59:09 AM CST 2026] Waiting... 2 B8 results missing, v3_ready=false
[Sat Apr 25 02:01:09 AM CST 2026] Waiting... 2 B8 results missing, v3_ready=false
[Sat Apr 25 02:03:09 AM CST 2026] Waiting... 2 B8 results missing, v3_ready=false
[Sat Apr 25 02:05:09 AM CST 2026] Waiting... 2 B8 results missing, v3_ready=false
[Sat Apr 25 02:07:09 AM CST 2026] Waiting... 2 B8 results missing, v3_ready=false
[Sat Apr 25 02:09:09 AM CST 2026] Waiting... 2 B8 results missing, v3_ready=false
[Sat Apr 25 02:11:09 AM CST 2026] Waiting... 2 B8 results missing, v3_ready=false
[Sat Apr 25 02:13:10 AM CST 2026] Waiting... 2 B8 results missing, v3_ready=false
[Sat Apr 25 02:15:10 AM CST 2026] Waiting... 2 B8 results missing, v3_ready=false
[Sat Apr 25 02:17:10 AM CST 2026] Waiting... 2 B8 results missing, v3_ready=false
[Sat Apr 25 02:19:10 AM CST 2026] Waiting... 2 B8 results missing, v3_ready=false
[Sat Apr 25 02:21:10 AM CST 2026] Waiting... 2 B8 results missing, v3_ready=false
[Sat Apr 25 02:23:10 AM CST 2026] Waiting... 2 B8 results missing, v3_ready=false
[Sat Apr 25 02:25:10 AM CST 2026] Waiting... 2 B8 results missing, v3_ready=false
[Sat Apr 25 02:27:10 AM CST 2026] Waiting... 2 B8 results missing, v3_ready=false
[Sat Apr 25 02:29:10 AM CST 2026] Waiting... 2 B8 results missing, v3_ready=false
[Sat Apr 25 02:31:10 AM CST 2026] Waiting... 2 B8 results missing, v3_ready=false
[Sat Apr 25 02:33:10 AM CST 2026] Waiting... 2 B8 results missing, v3_ready=false
[Sat Apr 25 02:35:10 AM CST 2026] Waiting... 2 B8 results missing, v3_ready=false
[Sat Apr 25 02:37:10 AM CST 2026] Waiting... 2 B8 results missing, v3_ready=false
[Sat Apr 25 02:39:10 AM CST 2026] Waiting... 2 B8 results missing, v3_ready=false
[Sat Apr 25 02:41:10 AM CST 2026] Waiting... 2 B8 results missing, v3_ready=false
[Sat Apr 25 02:43:10 AM CST 2026] Waiting... 2 B8 results missing, v3_ready=false
[Sat Apr 25 02:45:10 AM CST 2026] Waiting... 2 B8 results missing, v3_ready=false
[Sat Apr 25 02:47:10 AM CST 2026] Waiting... 2 B8 results missing, v3_ready=false
[Sat Apr 25 02:49:10 AM CST 2026] Waiting... 2 B8 results missing, v3_ready=false
[Sat Apr 25 02:51:10 AM CST 2026] Waiting... 2 B8 results missing, v3_ready=false
[Sat Apr 25 02:53:10 AM CST 2026] Waiting... 2 B8 results missing, v3_ready=false
[Sat Apr 25 02:55:10 AM CST 2026] Waiting... 2 B8 results missing, v3_ready=false
[Sat Apr 25 02:57:11 AM CST 2026] Waiting... 2 B8 results missing, v3_ready=false
[Sat Apr 25 02:59:11 AM CST 2026] Waiting... 2 B8 results missing, v3_ready=false
[Sat Apr 25 03:01:11 AM CST 2026] Waiting... 2 B8 results missing, v3_ready=false
[Sat Apr 25 03:03:11 AM CST 2026] Waiting... 2 B8 results missing, v3_ready=false
[Sat Apr 25 03:05:11 AM CST 2026] Waiting... 2 B8 results missing, v3_ready=false
[Sat Apr 25 03:07:11 AM CST 2026] Waiting... 2 B8 results missing, v3_ready=false
[Sat Apr 25 03:09:11 AM CST 2026] Waiting... 2 B8 results missing, v3_ready=false
[Sat Apr 25 03:11:11 AM CST 2026] Waiting... 2 B8 results missing, v3_ready=false
[Sat Apr 25 03:13:11 AM CST 2026] Waiting... 2 B8 results missing, v3_ready=false
[Sat Apr 25 03:15:11 AM CST 2026] Waiting... 2 B8 results missing, v3_ready=false
[Sat Apr 25 03:17:11 AM CST 2026] Waiting... 2 B8 results missing, v3_ready=false
[Sat Apr 25 03:19:11 AM CST 2026] Waiting... 2 B8 results missing, v3_ready=false
[Sat Apr 25 03:21:11 AM CST 2026] Waiting... 2 B8 results missing, v3_ready=false
[Sat Apr 25 03:23:11 AM CST 2026] Waiting... 2 B8 results missing, v3_ready=false
[Sat Apr 25 03:25:11 AM CST 2026] Waiting... 2 B8 results missing, v3_ready=false
[Sat Apr 25 03:27:11 AM CST 2026] Waiting... 2 B8 results missing, v3_ready=false
[Sat Apr 25 03:29:11 AM CST 2026] Waiting... 2 B8 results missing, v3_ready=true
[Sat Apr 25 03:31:12 AM CST 2026] Waiting... 2 B8 results missing, v3_ready=true
[Sat Apr 25 03:33:12 AM CST 2026] Waiting... 2 B8 results missing, v3_ready=true
[Sat Apr 25 03:35:12 AM CST 2026] Waiting... 2 B8 results missing, v3_ready=true
[Sat Apr 25 03:37:12 AM CST 2026] Waiting... 2 B8 results missing, v3_ready=true
[Sat Apr 25 03:39:12 AM CST 2026] Waiting... 2 B8 results missing, v3_ready=true
[Sat Apr 25 03:41:12 AM CST 2026] Waiting... 2 B8 results missing, v3_ready=true
[Sat Apr 25 03:43:12 AM CST 2026] Waiting... 2 B8 results missing, v3_ready=true
[Sat Apr 25 03:45:12 AM CST 2026] Waiting... 2 B8 results missing, v3_ready=true
[Sat Apr 25 03:47:12 AM CST 2026] Waiting... 2 B8 results missing, v3_ready=true
[Sat Apr 25 03:49:12 AM CST 2026] Waiting... 2 B8 results missing, v3_ready=true
[Sat Apr 25 03:51:12 AM CST 2026] Waiting... 2 B8 results missing, v3_ready=true
[Sat Apr 25 03:53:12 AM CST 2026] Waiting... 2 B8 results missing, v3_ready=true
[Sat Apr 25 03:55:12 AM CST 2026] Waiting... 2 B8 results missing, v3_ready=true
[Sat Apr 25 03:57:12 AM CST 2026] Waiting... 2 B8 results missing, v3_ready=true
[Sat Apr 25 03:59:12 AM CST 2026] Waiting... 2 B8 results missing, v3_ready=true
[Sat Apr 25 04:01:12 AM CST 2026] Waiting... 2 B8 results missing, v3_ready=true
[Sat Apr 25 04:03:13 AM CST 2026] Waiting... 2 B8 results missing, v3_ready=true
[Sat Apr 25 04:05:13 AM CST 2026] Waiting... 2 B8 results missing, v3_ready=true
[Sat Apr 25 04:07:13 AM CST 2026] Waiting... 2 B8 results missing, v3_ready=true
[Sat Apr 25 04:09:13 AM CST 2026] Waiting... 2 B8 results missing, v3_ready=true
[Sat Apr 25 04:11:13 AM CST 2026] Waiting... 2 B8 results missing, v3_ready=true
[Sat Apr 25 04:13:13 AM CST 2026] Waiting... 2 B8 results missing, v3_ready=true
[Sat Apr 25 04:15:13 AM CST 2026] Waiting... 2 B8 results missing, v3_ready=true
[Sat Apr 25 04:17:13 AM CST 2026] Waiting... 2 B8 results missing, v3_ready=true
[Sat Apr 25 04:19:13 AM CST 2026] Waiting... 2 B8 results missing, v3_ready=true
[Sat Apr 25 04:21:13 AM CST 2026] Waiting... 2 B8 results missing, v3_ready=true
[Sat Apr 25 04:23:13 AM CST 2026] Waiting... 2 B8 results missing, v3_ready=true
[Sat Apr 25 04:25:13 AM CST 2026] Waiting... 2 B8 results missing, v3_ready=true
[Sat Apr 25 04:27:13 AM CST 2026] Waiting... 2 B8 results missing, v3_ready=true
[Sat Apr 25 04:29:13 AM CST 2026] Waiting... 2 B8 results missing, v3_ready=true
[Sat Apr 25 04:31:13 AM CST 2026] Waiting... 2 B8 results missing, v3_ready=true
[Sat Apr 25 04:33:13 AM CST 2026] Waiting... 2 B8 results missing, v3_ready=true
[Sat Apr 25 04:35:13 AM CST 2026] Waiting... 2 B8 results missing, v3_ready=true
[Sat Apr 25 04:37:14 AM CST 2026] Waiting... 2 B8 results missing, v3_ready=true
[Sat Apr 25 04:39:14 AM CST 2026] Waiting... 2 B8 results missing, v3_ready=true
[Sat Apr 25 04:41:14 AM CST 2026] Waiting... 2 B8 results missing, v3_ready=true
[Sat Apr 25 04:43:14 AM CST 2026] Waiting... 2 B8 results missing, v3_ready=true
[Sat Apr 25 04:45:14 AM CST 2026] Waiting... 2 B8 results missing, v3_ready=true
[Sat Apr 25 04:47:14 AM CST 2026] Waiting... 2 B8 results missing, v3_ready=true
[Sat Apr 25 04:49:14 AM CST 2026] Waiting... 2 B8 results missing, v3_ready=true
[Sat Apr 25 04:51:14 AM CST 2026] Waiting... 2 B8 results missing, v3_ready=true
[Sat Apr 25 04:53:14 AM CST 2026] Waiting... 2 B8 results missing, v3_ready=true
[Sat Apr 25 04:55:14 AM CST 2026] Waiting... 2 B8 results missing, v3_ready=true
[Sat Apr 25 04:57:14 AM CST 2026] Waiting... 2 B8 results missing, v3_ready=true
[Sat Apr 25 04:59:14 AM CST 2026] Waiting... 2 B8 results missing, v3_ready=true
[Sat Apr 25 05:01:14 AM CST 2026] Waiting... 2 B8 results missing, v3_ready=true
[Sat Apr 25 05:03:14 AM CST 2026] Waiting... 2 B8 results missing, v3_ready=true
[Sat Apr 25 05:05:14 AM CST 2026] Waiting... 2 B8 results missing, v3_ready=true
[Sat Apr 25 05:07:14 AM CST 2026] Waiting... 2 B8 results missing, v3_ready=true
[Sat Apr 25 05:09:14 AM CST 2026] Waiting... 2 B8 results missing, v3_ready=true
[Sat Apr 25 05:11:15 AM CST 2026] Waiting... 2 B8 results missing, v3_ready=true
[Sat Apr 25 05:13:15 AM CST 2026] Waiting... 2 B8 results missing, v3_ready=true
[Sat Apr 25 05:15:15 AM CST 2026] Waiting... 2 B8 results missing, v3_ready=true
[Sat Apr 25 05:17:15 AM CST 2026] Waiting... 2 B8 results missing, v3_ready=true
[Sat Apr 25 05:19:15 AM CST 2026] Waiting... 2 B8 results missing, v3_ready=true
[Sat Apr 25 05:21:15 AM CST 2026] Waiting... 2 B8 results missing, v3_ready=true
[Sat Apr 25 05:23:15 AM CST 2026] Waiting... 2 B8 results missing, v3_ready=true
[Sat Apr 25 05:25:15 AM CST 2026] Waiting... 2 B8 results missing, v3_ready=true
[Sat Apr 25 05:27:15 AM CST 2026] Waiting... 2 B8 results missing, v3_ready=true
[Sat Apr 25 05:29:15 AM CST 2026] Waiting... 2 B8 results missing, v3_ready=true
[Sat Apr 25 05:31:15 AM CST 2026] Waiting... 2 B8 results missing, v3_ready=true
[Sat Apr 25 05:33:15 AM CST 2026] Waiting... 2 B8 results missing, v3_ready=true
[Sat Apr 25 05:35:15 AM CST 2026] Waiting... 2 B8 results missing, v3_ready=true
[Sat Apr 25 05:37:15 AM CST 2026] Waiting... 2 B8 results missing, v3_ready=true
[Sat Apr 25 05:39:15 AM CST 2026] Waiting... 2 B8 results missing, v3_ready=true
[Sat Apr 25 05:41:15 AM CST 2026] Waiting... 2 B8 results missing, v3_ready=true
[Sat Apr 25 05:43:15 AM CST 2026] Waiting... 2 B8 results missing, v3_ready=true
[Sat Apr 25 05:45:16 AM CST 2026] Waiting... 2 B8 results missing, v3_ready=true
[Sat Apr 25 05:47:16 AM CST 2026] Waiting... 2 B8 results missing, v3_ready=true
[Sat Apr 25 05:49:16 AM CST 2026] Waiting... 2 B8 results missing, v3_ready=true
[Sat Apr 25 05:51:16 AM CST 2026] Waiting... 2 B8 results missing, v3_ready=true
[Sat Apr 25 05:53:16 AM CST 2026] Waiting... 2 B8 results missing, v3_ready=true
[Sat Apr 25 05:55:16 AM CST 2026] Waiting... 2 B8 results missing, v3_ready=true
[Sat Apr 25 05:57:16 AM CST 2026] Waiting... 2 B8 results missing, v3_ready=true
[Sat Apr 25 05:59:16 AM CST 2026] Waiting... 2 B8 results missing, v3_ready=true
[Sat Apr 25 06:01:16 AM CST 2026] Waiting... 2 B8 results missing, v3_ready=true
[Sat Apr 25 06:03:16 AM CST 2026] Waiting... 2 B8 results missing, v3_ready=true
[Sat Apr 25 06:05:16 AM CST 2026] Waiting... 2 B8 results missing, v3_ready=true
[Sat Apr 25 06:07:16 AM CST 2026] Waiting... 2 B8 results missing, v3_ready=true
[Sat Apr 25 06:09:16 AM CST 2026] Waiting... 2 B8 results missing, v3_ready=true
[Sat Apr 25 06:11:16 AM CST 2026] Waiting... 2 B8 results missing, v3_ready=true
[Sat Apr 25 06:13:16 AM CST 2026] Waiting... 2 B8 results missing, v3_ready=true
[Sat Apr 25 06:15:16 AM CST 2026] Waiting... 2 B8 results missing, v3_ready=true
[Sat Apr 25 06:17:17 AM CST 2026] Waiting... 2 B8 results missing, v3_ready=true
[Sat Apr 25 06:19:17 AM CST 2026] Waiting... 2 B8 results missing, v3_ready=true
[Sat Apr 25 06:21:17 AM CST 2026] Waiting... 2 B8 results missing, v3_ready=true
[Sat Apr 25 06:23:17 AM CST 2026] Waiting... 2 B8 results missing, v3_ready=true
[Sat Apr 25 06:25:17 AM CST 2026] Waiting... 2 B8 results missing, v3_ready=true
[Sat Apr 25 06:27:17 AM CST 2026] Waiting... 2 B8 results missing, v3_ready=true
[Sat Apr 25 06:29:17 AM CST 2026] Waiting... 2 B8 results missing, v3_ready=true
[Sat Apr 25 06:31:17 AM CST 2026] Waiting... 2 B8 results missing, v3_ready=true
[Sat Apr 25 06:33:17 AM CST 2026] Waiting... 2 B8 results missing, v3_ready=true
[Sat Apr 25 06:35:17 AM CST 2026] Waiting... 2 B8 results missing, v3_ready=true
[Sat Apr 25 06:37:17 AM CST 2026] Waiting... 2 B8 results missing, v3_ready=true
[Sat Apr 25 06:39:17 AM CST 2026] Waiting... 2 B8 results missing, v3_ready=true
[Sat Apr 25 06:41:17 AM CST 2026] Waiting... 2 B8 results missing, v3_ready=true
[Sat Apr 25 06:43:17 AM CST 2026] Waiting... 2 B8 results missing, v3_ready=true
[Sat Apr 25 06:45:17 AM CST 2026] Waiting... 2 B8 results missing, v3_ready=true
[Sat Apr 25 06:47:17 AM CST 2026] Waiting... 2 B8 results missing, v3_ready=true
[Sat Apr 25 06:49:18 AM CST 2026] Waiting... 2 B8 results missing, v3_ready=true
[Sat Apr 25 06:51:18 AM CST 2026] Waiting... 2 B8 results missing, v3_ready=true
[Sat Apr 25 06:53:18 AM CST 2026] Waiting... 2 B8 results missing, v3_ready=true
[Sat Apr 25 06:55:18 AM CST 2026] Waiting... 2 B8 results missing, v3_ready=true
[Sat Apr 25 06:57:18 AM CST 2026] Waiting... 2 B8 results missing, v3_ready=true
[Sat Apr 25 06:59:18 AM CST 2026] Waiting... 2 B8 results missing, v3_ready=true
[Sat Apr 25 07:01:18 AM CST 2026] Waiting... 2 B8 results missing, v3_ready=true
[Sat Apr 25 07:03:18 AM CST 2026] Waiting... 2 B8 results missing, v3_ready=true
[Sat Apr 25 07:05:18 AM CST 2026] Waiting... 2 B8 results missing, v3_ready=true
[Sat Apr 25 07:07:18 AM CST 2026] Waiting... 2 B8 results missing, v3_ready=true
[Sat Apr 25 07:09:18 AM CST 2026] Waiting... 2 B8 results missing, v3_ready=true
[Sat Apr 25 07:11:18 AM CST 2026] Waiting... 2 B8 results missing, v3_ready=true
[Sat Apr 25 07:13:18 AM CST 2026] Waiting... 2 B8 results missing, v3_ready=true
[Sat Apr 25 07:15:18 AM CST 2026] Waiting... 2 B8 results missing, v3_ready=true
[Sat Apr 25 07:17:18 AM CST 2026] Waiting... 2 B8 results missing, v3_ready=true
[Sat Apr 25 07:19:18 AM CST 2026] Waiting... 2 B8 results missing, v3_ready=true
[Sat Apr 25 07:21:19 AM CST 2026] Waiting... 2 B8 results missing, v3_ready=true
[Sat Apr 25 07:23:19 AM CST 2026] Waiting... 2 B8 results missing, v3_ready=true
[Sat Apr 25 07:25:19 AM CST 2026] Waiting... 2 B8 results missing, v3_ready=true
[Sat Apr 25 07:27:19 AM CST 2026] Waiting... 2 B8 results missing, v3_ready=true
[Sat Apr 25 07:29:19 AM CST 2026] Waiting... 2 B8 results missing, v3_ready=true
[Sat Apr 25 07:31:19 AM CST 2026] Waiting... 2 B8 results missing, v3_ready=true
[Sat Apr 25 07:33:19 AM CST 2026] Waiting... 2 B8 results missing, v3_ready=true
[Sat Apr 25 07:35:19 AM CST 2026] Waiting... 2 B8 results missing, v3_ready=true
[Sat Apr 25 07:37:19 AM CST 2026] Waiting... 2 B8 results missing, v3_ready=true
[Sat Apr 25 07:39:19 AM CST 2026] Waiting... 2 B8 results missing, v3_ready=true
[Sat Apr 25 07:41:19 AM CST 2026] Waiting... 2 B8 results missing, v3_ready=true
[Sat Apr 25 07:43:19 AM CST 2026] Waiting... 2 B8 results missing, v3_ready=true
[Sat Apr 25 07:45:19 AM CST 2026] Waiting... 2 B8 results missing, v3_ready=true
[Sat Apr 25 07:47:19 AM CST 2026] Waiting... 2 B8 results missing, v3_ready=true
[Sat Apr 25 07:49:19 AM CST 2026] Waiting... 2 B8 results missing, v3_ready=true
[Sat Apr 25 07:51:19 AM CST 2026] Waiting... 2 B8 results missing, v3_ready=true
[Sat Apr 25 07:53:20 AM CST 2026] Waiting... 2 B8 results missing, v3_ready=true
[Sat Apr 25 07:55:20 AM CST 2026] Waiting... 2 B8 results missing, v3_ready=true
[Sat Apr 25 07:57:20 AM CST 2026] Waiting... 2 B8 results missing, v3_ready=true
[Sat Apr 25 07:59:20 AM CST 2026] Waiting... 2 B8 results missing, v3_ready=true
[Sat Apr 25 08:01:20 AM CST 2026] Waiting... 2 B8 results missing, v3_ready=true
[Sat Apr 25 08:03:20 AM CST 2026] Waiting... 2 B8 results missing, v3_ready=true
[Sat Apr 25 08:05:20 AM CST 2026] Waiting... 2 B8 results missing, v3_ready=true
[Sat Apr 25 08:07:20 AM CST 2026] Waiting... 2 B8 results missing, v3_ready=true
[Sat Apr 25 08:09:20 AM CST 2026] Waiting... 2 B8 results missing, v3_ready=true
[Sat Apr 25 08:11:20 AM CST 2026] Waiting... 2 B8 results missing, v3_ready=true
[Sat Apr 25 08:13:20 AM CST 2026] Waiting... 2 B8 results missing, v3_ready=true
[Sat Apr 25 08:15:20 AM CST 2026] Waiting... 2 B8 results missing, v3_ready=true
[Sat Apr 25 08:17:20 AM CST 2026] Waiting... 2 B8 results missing, v3_ready=true
[Sat Apr 25 08:19:20 AM CST 2026] Waiting... 2 B8 results missing, v3_ready=true
[Sat Apr 25 08:21:20 AM CST 2026] Waiting... 2 B8 results missing, v3_ready=true
[Sat Apr 25 08:23:20 AM CST 2026] Waiting... 2 B8 results missing, v3_ready=true
[Sat Apr 25 08:25:21 AM CST 2026] Waiting... 2 B8 results missing, v3_ready=true
[Sat Apr 25 08:27:21 AM CST 2026] Waiting... 2 B8 results missing, v3_ready=true
[Sat Apr 25 08:29:21 AM CST 2026] Waiting... 2 B8 results missing, v3_ready=true
[Sat Apr 25 08:31:21 AM CST 2026] Waiting... 2 B8 results missing, v3_ready=true
[Sat Apr 25 08:33:21 AM CST 2026] Waiting... 2 B8 results missing, v3_ready=true
[Sat Apr 25 08:35:21 AM CST 2026] Waiting... 2 B8 results missing, v3_ready=true
[Sat Apr 25 08:37:21 AM CST 2026] Waiting... 2 B8 results missing, v3_ready=true
[Sat Apr 25 08:39:21 AM CST 2026] Waiting... 2 B8 results missing, v3_ready=true
[Sat Apr 25 08:41:21 AM CST 2026] Waiting... 2 B8 results missing, v3_ready=true
[Sat Apr 25 08:43:21 AM CST 2026] Waiting... 2 B8 results missing, v3_ready=true
[Sat Apr 25 08:45:21 AM CST 2026] Waiting... 2 B8 results missing, v3_ready=true
[Sat Apr 25 08:47:21 AM CST 2026] Waiting... 2 B8 results missing, v3_ready=true
[Sat Apr 25 08:49:21 AM CST 2026] Waiting... 2 B8 results missing, v3_ready=true
[Sat Apr 25 08:51:21 AM CST 2026] Waiting... 2 B8 results missing, v3_ready=true
[Sat Apr 25 08:53:21 AM CST 2026] Waiting... 2 B8 results missing, v3_ready=true
[Sat Apr 25 08:55:21 AM CST 2026] Waiting... 2 B8 results missing, v3_ready=true
[Sat Apr 25 08:57:22 AM CST 2026] Waiting... 2 B8 results missing, v3_ready=true
[Sat Apr 25 08:59:22 AM CST 2026] Waiting... 2 B8 results missing, v3_ready=true
[Sat Apr 25 09:01:22 AM CST 2026] Waiting... 2 B8 results missing, v3_ready=true
[Sat Apr 25 09:03:22 AM CST 2026] Waiting... 2 B8 results missing, v3_ready=true
[Sat Apr 25 09:05:22 AM CST 2026] Waiting... 2 B8 results missing, v3_ready=true
[Sat Apr 25 09:07:22 AM CST 2026] Waiting... 2 B8 results missing, v3_ready=true
[Sat Apr 25 09:09:22 AM CST 2026] Waiting... 2 B8 results missing, v3_ready=true
[Sat Apr 25 09:11:22 AM CST 2026] Waiting... 2 B8 results missing, v3_ready=true
[Sat Apr 25 09:13:22 AM CST 2026] Waiting... 2 B8 results missing, v3_ready=true
[Sat Apr 25 09:15:22 AM CST 2026] Waiting... 2 B8 results missing, v3_ready=true
[Sat Apr 25 09:17:22 AM CST 2026] Waiting... 2 B8 results missing, v3_ready=true
[Sat Apr 25 09:19:22 AM CST 2026] Waiting... 2 B8 results missing, v3_ready=true
[Sat Apr 25 09:21:22 AM CST 2026] Waiting... 2 B8 results missing, v3_ready=true
[Sat Apr 25 09:23:22 AM CST 2026] Waiting... 2 B8 results missing, v3_ready=true
[Sat Apr 25 09:25:22 AM CST 2026] Waiting... 2 B8 results missing, v3_ready=true
[Sat Apr 25 09:27:22 AM CST 2026] Waiting... 2 B8 results missing, v3_ready=true
[Sat Apr 25 09:29:23 AM CST 2026] Waiting... 2 B8 results missing, v3_ready=true
[Sat Apr 25 09:31:23 AM CST 2026] Waiting... 2 B8 results missing, v3_ready=true
[Sat Apr 25 09:33:23 AM CST 2026] Waiting... 2 B8 results missing, v3_ready=true
[Sat Apr 25 09:35:23 AM CST 2026] Waiting... 2 B8 results missing, v3_ready=true
[Sat Apr 25 09:37:23 AM CST 2026] Waiting... 2 B8 results missing, v3_ready=true
[Sat Apr 25 09:39:23 AM CST 2026] Waiting... 2 B8 results missing, v3_ready=true
[Sat Apr 25 09:41:23 AM CST 2026] Waiting... 2 B8 results missing, v3_ready=true
[Sat Apr 25 09:43:23 AM CST 2026] Waiting... 2 B8 results missing, v3_ready=true
[Sat Apr 25 09:45:23 AM CST 2026] Waiting... 2 B8 results missing, v3_ready=true
[Sat Apr 25 09:47:23 AM CST 2026] Waiting... 2 B8 results missing, v3_ready=true
[Sat Apr 25 09:49:23 AM CST 2026] Waiting... 2 B8 results missing, v3_ready=true
[Sat Apr 25 09:51:23 AM CST 2026] Waiting... 2 B8 results missing, v3_ready=true
[Sat Apr 25 09:53:23 AM CST 2026] Waiting... 2 B8 results missing, v3_ready=true
[Sat Apr 25 09:55:23 AM CST 2026] Waiting... 2 B8 results missing, v3_ready=true
[Sat Apr 25 09:57:23 AM CST 2026] Waiting... 2 B8 results missing, v3_ready=true
[Sat Apr 25 09:59:23 AM CST 2026] Waiting... 2 B8 results missing, v3_ready=true
[Sat Apr 25 10:01:24 AM CST 2026] Waiting... 2 B8 results missing, v3_ready=true
[Sat Apr 25 10:03:24 AM CST 2026] Waiting... 2 B8 results missing, v3_ready=true
[Sat Apr 25 10:05:24 AM CST 2026] Waiting... 2 B8 results missing, v3_ready=true
[Sat Apr 25 10:07:24 AM CST 2026] Waiting... 2 B8 results missing, v3_ready=true
[Sat Apr 25 10:09:24 AM CST 2026] Waiting... 2 B8 results missing, v3_ready=true
[Sat Apr 25 10:11:24 AM CST 2026] Waiting... 2 B8 results missing, v3_ready=true
[Sat Apr 25 10:13:24 AM CST 2026] Waiting... 2 B8 results missing, v3_ready=true
[Sat Apr 25 10:15:24 AM CST 2026] Waiting... 2 B8 results missing, v3_ready=true
[Sat Apr 25 10:17:24 AM CST 2026] Waiting... 2 B8 results missing, v3_ready=true
[Sat Apr 25 10:19:24 AM CST 2026] Waiting... 2 B8 results missing, v3_ready=true
[Sat Apr 25 10:21:24 AM CST 2026] Waiting... 2 B8 results missing, v3_ready=true
[Sat Apr 25 10:23:24 AM CST 2026] Waiting... 2 B8 results missing, v3_ready=true
[Sat Apr 25 10:25:24 AM CST 2026] Waiting... 2 B8 results missing, v3_ready=true
[Sat Apr 25 10:27:24 AM CST 2026] Waiting... 2 B8 results missing, v3_ready=true
[Sat Apr 25 10:29:24 AM CST 2026] Waiting... 2 B8 results missing, v3_ready=true
[Sat Apr 25 10:31:24 AM CST 2026] Waiting... 2 B8 results missing, v3_ready=true
[Sat Apr 25 10:33:25 AM CST 2026] Waiting... 2 B8 results missing, v3_ready=true
[Sat Apr 25 10:35:25 AM CST 2026] Waiting... 2 B8 results missing, v3_ready=true
[Sat Apr 25 10:37:25 AM CST 2026] Waiting... 2 B8 results missing, v3_ready=true
[Sat Apr 25 10:39:25 AM CST 2026] Waiting... 2 B8 results missing, v3_ready=true
[Sat Apr 25 10:41:25 AM CST 2026] Waiting... 2 B8 results missing, v3_ready=true
[Sat Apr 25 10:43:25 AM CST 2026] Waiting... 2 B8 results missing, v3_ready=true
[Sat Apr 25 10:45:25 AM CST 2026] Waiting... 2 B8 results missing, v3_ready=true
[Sat Apr 25 10:47:25 AM CST 2026] Waiting... 2 B8 results missing, v3_ready=true
[Sat Apr 25 10:49:25 AM CST 2026] Waiting... 2 B8 results missing, v3_ready=true
[Sat Apr 25 10:51:25 AM CST 2026] Waiting... 2 B8 results missing, v3_ready=true
[Sat Apr 25 10:53:25 AM CST 2026] Waiting... 2 B8 results missing, v3_ready=true
[Sat Apr 25 10:55:25 AM CST 2026] Waiting... 2 B8 results missing, v3_ready=true
[Sat Apr 25 10:57:25 AM CST 2026] Waiting... 2 B8 results missing, v3_ready=true
[Sat Apr 25 10:59:25 AM CST 2026] Waiting... 2 B8 results missing, v3_ready=true
[Sat Apr 25 11:01:25 AM CST 2026] Waiting... 2 B8 results missing, v3_ready=true
[Sat Apr 25 11:03:25 AM CST 2026] Waiting... 2 B8 results missing, v3_ready=true
[Sat Apr 25 11:05:26 AM CST 2026] Waiting... 2 B8 results missing, v3_ready=true
[Sat Apr 25 11:07:26 AM CST 2026] Waiting... 2 B8 results missing, v3_ready=true
[Sat Apr 25 11:09:26 AM CST 2026] Waiting... 2 B8 results missing, v3_ready=true
[Sat Apr 25 11:11:26 AM CST 2026] Waiting... 2 B8 results missing, v3_ready=true
[Sat Apr 25 11:13:26 AM CST 2026] Waiting... 2 B8 results missing, v3_ready=true
[Sat Apr 25 11:15:26 AM CST 2026] Waiting... 2 B8 results missing, v3_ready=true
[Sat Apr 25 11:17:26 AM CST 2026] Waiting... 2 B8 results missing, v3_ready=true
[Sat Apr 25 11:19:26 AM CST 2026] Waiting... 2 B8 results missing, v3_ready=true
[Sat Apr 25 11:21:26 AM CST 2026] Waiting... 2 B8 results missing, v3_ready=true
[Sat Apr 25 11:23:26 AM CST 2026] Waiting... 2 B8 results missing, v3_ready=true
[Sat Apr 25 11:25:26 AM CST 2026] Waiting... 2 B8 results missing, v3_ready=true
[Sat Apr 25 11:27:26 AM CST 2026] Waiting... 2 B8 results missing, v3_ready=true
[Sat Apr 25 11:29:26 AM CST 2026] Waiting... 2 B8 results missing, v3_ready=true
[Sat Apr 25 11:31:26 AM CST 2026] Waiting... 2 B8 results missing, v3_ready=true
[Sat Apr 25 11:33:26 AM CST 2026] Waiting... 2 B8 results missing, v3_ready=true
[Sat Apr 25 11:35:26 AM CST 2026] Waiting... 2 B8 results missing, v3_ready=true
[Sat Apr 25 11:37:27 AM CST 2026] Waiting... 2 B8 results missing, v3_ready=true
[Sat Apr 25 11:39:27 AM CST 2026] Waiting... 2 B8 results missing, v3_ready=true
[Sat Apr 25 11:41:27 AM CST 2026] Waiting... 2 B8 results missing, v3_ready=true
[Sat Apr 25 11:43:27 AM CST 2026] Waiting... 2 B8 results missing, v3_ready=true
[Sat Apr 25 11:45:27 AM CST 2026] Waiting... 2 B8 results missing, v3_ready=true
[Sat Apr 25 11:47:27 AM CST 2026] Waiting... 2 B8 results missing, v3_ready=true
[Sat Apr 25 11:49:27 AM CST 2026] Waiting... 2 B8 results missing, v3_ready=true
[Sat Apr 25 11:51:27 AM CST 2026] Waiting... 2 B8 results missing, v3_ready=true
[Sat Apr 25 11:53:27 AM CST 2026] Waiting... 2 B8 results missing, v3_ready=true
[Sat Apr 25 11:55:27 AM CST 2026] Waiting... 2 B8 results missing, v3_ready=true
[Sat Apr 25 11:57:27 AM CST 2026] Waiting... 2 B8 results missing, v3_ready=true
[Sat Apr 25 11:59:27 AM CST 2026] Waiting... 2 B8 results missing, v3_ready=true
[Sat Apr 25 12:01:27 PM CST 2026] Waiting... 2 B8 results missing, v3_ready=true
[Sat Apr 25 12:03:27 PM CST 2026] Waiting... 2 B8 results missing, v3_ready=true
[Sat Apr 25 12:05:27 PM CST 2026] Waiting... 2 B8 results missing, v3_ready=true
[Sat Apr 25 12:07:27 PM CST 2026] Waiting... 2 B8 results missing, v3_ready=true
[Sat Apr 25 12:09:28 PM CST 2026] Waiting... 2 B8 results missing, v3_ready=true
[Sat Apr 25 12:11:28 PM CST 2026] Waiting... 2 B8 results missing, v3_ready=true
[Sat Apr 25 12:13:28 PM CST 2026] Waiting... 2 B8 results missing, v3_ready=true
[Sat Apr 25 12:15:28 PM CST 2026] Waiting... 2 B8 results missing, v3_ready=true
[Sat Apr 25 12:17:28 PM CST 2026] Waiting... 2 B8 results missing, v3_ready=true
[Sat Apr 25 12:19:28 PM CST 2026] Waiting... 2 B8 results missing, v3_ready=true
[Sat Apr 25 12:21:28 PM CST 2026] Waiting... 2 B8 results missing, v3_ready=true
[Sat Apr 25 12:23:28 PM CST 2026] Waiting... 2 B8 results missing, v3_ready=true
[Sat Apr 25 12:25:28 PM CST 2026] Waiting... 2 B8 results missing, v3_ready=true
[Sat Apr 25 12:27:28 PM CST 2026] Waiting... 2 B8 results missing, v3_ready=true
[Sat Apr 25 12:29:28 PM CST 2026] Waiting... 2 B8 results missing, v3_ready=true
[Sat Apr 25 12:31:28 PM CST 2026] Waiting... 2 B8 results missing, v3_ready=true
[Sat Apr 25 12:33:28 PM CST 2026] Waiting... 2 B8 results missing, v3_ready=true
[Sat Apr 25 12:35:28 PM CST 2026] Waiting... 2 B8 results missing, v3_ready=true
[Sat Apr 25 12:37:28 PM CST 2026] Waiting... 2 B8 results missing, v3_ready=true
[Sat Apr 25 12:39:29 PM CST 2026] Waiting... 2 B8 results missing, v3_ready=true
[Sat Apr 25 12:41:29 PM CST 2026] Waiting... 2 B8 results missing, v3_ready=true
[Sat Apr 25 12:43:29 PM CST 2026] Waiting... 2 B8 results missing, v3_ready=true
[Sat Apr 25 12:45:29 PM CST 2026] Waiting... 2 B8 results missing, v3_ready=true
[Sat Apr 25 12:47:29 PM CST 2026] Waiting... 2 B8 results missing, v3_ready=true
[Sat Apr 25 12:49:29 PM CST 2026] Waiting... 2 B8 results missing, v3_ready=true
[Sat Apr 25 12:51:29 PM CST 2026] Waiting... 2 B8 results missing, v3_ready=true
[Sat Apr 25 12:53:29 PM CST 2026] Waiting... 2 B8 results missing, v3_ready=true
[Sat Apr 25 12:55:29 PM CST 2026] Waiting... 2 B8 results missing, v3_ready=true
[Sat Apr 25 12:57:29 PM CST 2026] Waiting... 2 B8 results missing, v3_ready=true
[Sat Apr 25 12:59:29 PM CST 2026] Waiting... 2 B8 results missing, v3_ready=true
[Sat Apr 25 01:01:29 PM CST 2026] Waiting... 2 B8 results missing, v3_ready=true
[Sat Apr 25 01:03:29 PM CST 2026] Waiting... 2 B8 results missing, v3_ready=true
[Sat Apr 25 01:05:29 PM CST 2026] Waiting... 2 B8 results missing, v3_ready=true
[Sat Apr 25 01:07:29 PM CST 2026] Waiting... 2 B8 results missing, v3_ready=true
[Sat Apr 25 01:09:29 PM CST 2026] Waiting... 2 B8 results missing, v3_ready=true
[Sat Apr 25 01:11:30 PM CST 2026] Waiting... 2 B8 results missing, v3_ready=true
[Sat Apr 25 01:13:30 PM CST 2026] Waiting... 2 B8 results missing, v3_ready=true
[Sat Apr 25 01:15:30 PM CST 2026] Waiting... 2 B8 results missing, v3_ready=true
[Sat Apr 25 01:17:30 PM CST 2026] Waiting... 2 B8 results missing, v3_ready=true
[Sat Apr 25 01:19:30 PM CST 2026] Waiting... 2 B8 results missing, v3_ready=true
[Sat Apr 25 01:21:30 PM CST 2026] Waiting... 2 B8 results missing, v3_ready=true
[Sat Apr 25 01:23:30 PM CST 2026] Waiting... 2 B8 results missing, v3_ready=true
[Sat Apr 25 01:25:30 PM CST 2026] Waiting... 2 B8 results missing, v3_ready=true
[Sat Apr 25 01:27:30 PM CST 2026] Waiting... 2 B8 results missing, v3_ready=true
[Sat Apr 25 01:29:30 PM CST 2026] Waiting... 2 B8 results missing, v3_ready=true
[Sat Apr 25 01:31:30 PM CST 2026] Waiting... 2 B8 results missing, v3_ready=true
[Sat Apr 25 01:33:30 PM CST 2026] Waiting... 2 B8 results missing, v3_ready=true
[Sat Apr 25 01:35:30 PM CST 2026] Waiting... 2 B8 results missing, v3_ready=true
[Sat Apr 25 01:37:30 PM CST 2026] Waiting... 2 B8 results missing, v3_ready=true
[Sat Apr 25 01:39:30 PM CST 2026] Waiting... 2 B8 results missing, v3_ready=true
[Sat Apr 25 01:41:30 PM CST 2026] Waiting... 2 B8 results missing, v3_ready=true
[Sat Apr 25 01:43:31 PM CST 2026] Waiting... 2 B8 results missing, v3_ready=true
[Sat Apr 25 01:45:31 PM CST 2026] Waiting... 2 B8 results missing, v3_ready=true
[Sat Apr 25 01:47:31 PM CST 2026] Waiting... 2 B8 results missing, v3_ready=true
[Sat Apr 25 01:49:31 PM CST 2026] Waiting... 2 B8 results missing, v3_ready=true
[Sat Apr 25 01:51:31 PM CST 2026] Waiting... 2 B8 results missing, v3_ready=true
[Sat Apr 25 01:53:31 PM CST 2026] Waiting... 2 B8 results missing, v3_ready=true
[Sat Apr 25 01:55:31 PM CST 2026] Waiting... 2 B8 results missing, v3_ready=true
[Sat Apr 25 01:57:31 PM CST 2026] Waiting... 2 B8 results missing, v3_ready=true
[Sat Apr 25 01:59:31 PM CST 2026] Waiting... 2 B8 results missing, v3_ready=true
[Sat Apr 25 02:01:31 PM CST 2026] Waiting... 2 B8 results missing, v3_ready=true
[Sat Apr 25 02:03:31 PM CST 2026] Waiting... 2 B8 results missing, v3_ready=true
[Sat Apr 25 02:05:31 PM CST 2026] Waiting... 2 B8 results missing, v3_ready=true
[Sat Apr 25 02:07:31 PM CST 2026] Waiting... 2 B8 results missing, v3_ready=true
[Sat Apr 25 02:09:31 PM CST 2026] Waiting... 2 B8 results missing, v3_ready=true
[Sat Apr 25 02:11:31 PM CST 2026] Waiting... 2 B8 results missing, v3_ready=true
[Sat Apr 25 02:13:31 PM CST 2026] Waiting... 2 B8 results missing, v3_ready=true
[Sat Apr 25 02:15:32 PM CST 2026] Waiting... 2 B8 results missing, v3_ready=true
[Sat Apr 25 02:17:32 PM CST 2026] Waiting... 2 B8 results missing, v3_ready=true
[Sat Apr 25 02:19:32 PM CST 2026] Waiting... 2 B8 results missing, v3_ready=true
[Sat Apr 25 02:21:32 PM CST 2026] Waiting... 2 B8 results missing, v3_ready=true
[Sat Apr 25 02:23:32 PM CST 2026] Waiting... 2 B8 results missing, v3_ready=true
[Sat Apr 25 02:25:32 PM CST 2026] Waiting... 2 B8 results missing, v3_ready=true
[Sat Apr 25 02:27:32 PM CST 2026] Waiting... 2 B8 results missing, v3_ready=true
[Sat Apr 25 02:29:32 PM CST 2026] Waiting... 2 B8 results missing, v3_ready=true
[Sat Apr 25 02:31:32 PM CST 2026] Waiting... 2 B8 results missing, v3_ready=true
[Sat Apr 25 02:33:32 PM CST 2026] Waiting... 2 B8 results missing, v3_ready=true
[Sat Apr 25 02:35:32 PM CST 2026] Waiting... 2 B8 results missing, v3_ready=true
[Sat Apr 25 02:37:32 PM CST 2026] Waiting... 2 B8 results missing, v3_ready=true
[Sat Apr 25 02:39:32 PM CST 2026] Waiting... 2 B8 results missing, v3_ready=true
[Sat Apr 25 02:41:32 PM CST 2026] Waiting... 2 B8 results missing, v3_ready=true
[Sat Apr 25 02:43:32 PM CST 2026] Waiting... 2 B8 results missing, v3_ready=true
[Sat Apr 25 02:45:32 PM CST 2026] Waiting... 2 B8 results missing, v3_ready=true
[Sat Apr 25 02:47:33 PM CST 2026] Waiting... 2 B8 results missing, v3_ready=true
[Sat Apr 25 02:49:33 PM CST 2026] Waiting... 2 B8 results missing, v3_ready=true
[Sat Apr 25 02:51:33 PM CST 2026] Waiting... 2 B8 results missing, v3_ready=true
[Sat Apr 25 02:53:33 PM CST 2026] Waiting... 2 B8 results missing, v3_ready=true
[Sat Apr 25 02:55:33 PM CST 2026] Waiting... 2 B8 results missing, v3_ready=true
[Sat Apr 25 02:57:33 PM CST 2026] Waiting... 2 B8 results missing, v3_ready=true
[Sat Apr 25 02:59:33 PM CST 2026] Waiting... 2 B8 results missing, v3_ready=true
[Sat Apr 25 03:01:33 PM CST 2026] Waiting... 2 B8 results missing, v3_ready=true
[Sat Apr 25 03:03:33 PM CST 2026] Waiting... 2 B8 results missing, v3_ready=true
[Sat Apr 25 03:05:33 PM CST 2026] Waiting... 2 B8 results missing, v3_ready=true
[Sat Apr 25 03:07:33 PM CST 2026] Waiting... 2 B8 results missing, v3_ready=true
[Sat Apr 25 03:09:33 PM CST 2026] Waiting... 2 B8 results missing, v3_ready=true
[Sat Apr 25 03:11:33 PM CST 2026] Waiting... 2 B8 results missing, v3_ready=true
[Sat Apr 25 03:13:33 PM CST 2026] Waiting... 2 B8 results missing, v3_ready=true
[Sat Apr 25 03:15:33 PM CST 2026] Waiting... 2 B8 results missing, v3_ready=true
[Sat Apr 25 03:17:33 PM CST 2026] Waiting... 2 B8 results missing, v3_ready=true
[Sat Apr 25 03:19:34 PM CST 2026] Waiting... 2 B8 results missing, v3_ready=true
[Sat Apr 25 03:21:34 PM CST 2026] Waiting... 2 B8 results missing, v3_ready=true
[Sat Apr 25 03:23:34 PM CST 2026] Waiting... 2 B8 results missing, v3_ready=true
[Sat Apr 25 03:25:34 PM CST 2026] Waiting... 2 B8 results missing, v3_ready=true
[Sat Apr 25 03:27:34 PM CST 2026] Waiting... 2 B8 results missing, v3_ready=true
[Sat Apr 25 03:29:34 PM CST 2026] Waiting... 2 B8 results missing, v3_ready=true
[Sat Apr 25 03:31:34 PM CST 2026] Waiting... 2 B8 results missing, v3_ready=true
[Sat Apr 25 03:33:34 PM CST 2026] Waiting... 2 B8 results missing, v3_ready=true
[Sat Apr 25 03:35:34 PM CST 2026] Waiting... 2 B8 results missing, v3_ready=true
[Sat Apr 25 03:37:34 PM CST 2026] Waiting... 2 B8 results missing, v3_ready=true
[Sat Apr 25 03:39:34 PM CST 2026] Waiting... 2 B8 results missing, v3_ready=true
[Sat Apr 25 03:41:34 PM CST 2026] Waiting... 2 B8 results missing, v3_ready=true
[Sat Apr 25 03:43:34 PM CST 2026] Waiting... 2 B8 results missing, v3_ready=true
[Sat Apr 25 03:45:34 PM CST 2026] Waiting... 2 B8 results missing, v3_ready=true
[Sat Apr 25 03:47:34 PM CST 2026] Waiting... 2 B8 results missing, v3_ready=true
[Sat Apr 25 03:49:34 PM CST 2026] Waiting... 2 B8 results missing, v3_ready=true
[Sat Apr 25 03:51:35 PM CST 2026] Waiting... 2 B8 results missing, v3_ready=true
[Sat Apr 25 03:53:35 PM CST 2026] Waiting... 2 B8 results missing, v3_ready=true
[Sat Apr 25 03:55:35 PM CST 2026] Waiting... 2 B8 results missing, v3_ready=true
[Sat Apr 25 03:57:35 PM CST 2026] Waiting... 2 B8 results missing, v3_ready=true
[Sat Apr 25 03:59:35 PM CST 2026] Waiting... 2 B8 results missing, v3_ready=true
[Sat Apr 25 04:01:35 PM CST 2026] Waiting... 2 B8 results missing, v3_ready=true
[Sat Apr 25 04:03:35 PM CST 2026] Waiting... 2 B8 results missing, v3_ready=true
[Sat Apr 25 04:05:35 PM CST 2026] Waiting... 2 B8 results missing, v3_ready=true
[Sat Apr 25 04:07:35 PM CST 2026] Waiting... 2 B8 results missing, v3_ready=true
[Sat Apr 25 04:09:35 PM CST 2026] Waiting... 2 B8 results missing, v3_ready=true
[Sat Apr 25 04:11:35 PM CST 2026] Waiting... 2 B8 results missing, v3_ready=true
[Sat Apr 25 04:13:35 PM CST 2026] Waiting... 2 B8 results missing, v3_ready=true
[Sat Apr 25 04:15:35 PM CST 2026] Waiting... 2 B8 results missing, v3_ready=true
[Sat Apr 25 04:17:35 PM CST 2026] Waiting... 2 B8 results missing, v3_ready=true
[Sat Apr 25 04:19:35 PM CST 2026] Waiting... 2 B8 results missing, v3_ready=true
[Sat Apr 25 04:21:35 PM CST 2026] Waiting... 2 B8 results missing, v3_ready=true
[Sat Apr 25 04:23:36 PM CST 2026] Waiting... 2 B8 results missing, v3_ready=true
[Sat Apr 25 04:25:36 PM CST 2026] Waiting... 2 B8 results missing, v3_ready=true
[Sat Apr 25 04:27:36 PM CST 2026] Waiting... 2 B8 results missing, v3_ready=true
[Sat Apr 25 04:29:36 PM CST 2026] Waiting... 2 B8 results missing, v3_ready=true
[Sat Apr 25 04:31:36 PM CST 2026] Waiting... 2 B8 results missing, v3_ready=true
[Sat Apr 25 04:33:36 PM CST 2026] Waiting... 2 B8 results missing, v3_ready=true
[Sat Apr 25 04:35:36 PM CST 2026] Waiting... 2 B8 results missing, v3_ready=true
[Sat Apr 25 04:37:36 PM CST 2026] Waiting... 2 B8 results missing, v3_ready=true
[Sat Apr 25 04:39:36 PM CST 2026] Waiting... 2 B8 results missing, v3_ready=true
[Sat Apr 25 04:41:36 PM CST 2026] Waiting... 2 B8 results missing, v3_ready=true
[Sat Apr 25 04:43:36 PM CST 2026] Waiting... 2 B8 results missing, v3_ready=true
[Sat Apr 25 04:45:36 PM CST 2026] Waiting... 2 B8 results missing, v3_ready=true
[Sat Apr 25 04:47:36 PM CST 2026] Waiting... 2 B8 results missing, v3_ready=true
[Sat Apr 25 04:49:36 PM CST 2026] Waiting... 2 B8 results missing, v3_ready=true
[Sat Apr 25 04:51:36 PM CST 2026] Waiting... 2 B8 results missing, v3_ready=true
[Sat Apr 25 04:53:36 PM CST 2026] Waiting... 2 B8 results missing, v3_ready=true
[Sat Apr 25 04:55:37 PM CST 2026] Waiting... 2 B8 results missing, v3_ready=true
[Sat Apr 25 04:57:37 PM CST 2026] Waiting... 2 B8 results missing, v3_ready=true
[Sat Apr 25 04:59:37 PM CST 2026] Waiting... 2 B8 results missing, v3_ready=true
[Sat Apr 25 05:01:37 PM CST 2026] Waiting... 2 B8 results missing, v3_ready=true
[Sat Apr 25 05:03:37 PM CST 2026] Waiting... 2 B8 results missing, v3_ready=true
[Sat Apr 25 05:05:37 PM CST 2026] Waiting... 2 B8 results missing, v3_ready=true
[Sat Apr 25 05:07:37 PM CST 2026] Waiting... 2 B8 results missing, v3_ready=true
[Sat Apr 25 05:09:37 PM CST 2026] Waiting... 2 B8 results missing, v3_ready=true
[Sat Apr 25 05:11:37 PM CST 2026] Waiting... 2 B8 results missing, v3_ready=true
[Sat Apr 25 05:13:37 PM CST 2026] Waiting... 2 B8 results missing, v3_ready=true
[Sat Apr 25 05:15:37 PM CST 2026] Waiting... 2 B8 results missing, v3_ready=true
[Sat Apr 25 05:17:37 PM CST 2026] Waiting... 2 B8 results missing, v3_ready=true
[Sat Apr 25 05:19:37 PM CST 2026] Waiting... 2 B8 results missing, v3_ready=true
[Sat Apr 25 05:21:37 PM CST 2026] Waiting... 2 B8 results missing, v3_ready=true
[Sat Apr 25 05:23:37 PM CST 2026] Waiting... 2 B8 results missing, v3_ready=true
[Sat Apr 25 05:25:37 PM CST 2026] Waiting... 2 B8 results missing, v3_ready=true
[Sat Apr 25 05:27:37 PM CST 2026] Waiting... 2 B8 results missing, v3_ready=true
[Sat Apr 25 05:29:38 PM CST 2026] Waiting... 2 B8 results missing, v3_ready=true
[Sat Apr 25 05:31:38 PM CST 2026] Waiting... 2 B8 results missing, v3_ready=true
[Sat Apr 25 05:33:38 PM CST 2026] Waiting... 2 B8 results missing, v3_ready=true
[Sat Apr 25 05:35:38 PM CST 2026] Waiting... 2 B8 results missing, v3_ready=true
[Sat Apr 25 05:37:38 PM CST 2026] Waiting... 2 B8 results missing, v3_ready=true
[Sat Apr 25 05:39:38 PM CST 2026] Waiting... 2 B8 results missing, v3_ready=true
[Sat Apr 25 05:41:38 PM CST 2026] Waiting... 2 B8 results missing, v3_ready=true
[Sat Apr 25 05:43:38 PM CST 2026] Waiting... 2 B8 results missing, v3_ready=true
[Sat Apr 25 05:45:38 PM CST 2026] Waiting... 2 B8 results missing, v3_ready=true
[Sat Apr 25 05:47:38 PM CST 2026] Waiting... 2 B8 results missing, v3_ready=true
[Sat Apr 25 05:49:38 PM CST 2026] Waiting... 2 B8 results missing, v3_ready=true
[Sat Apr 25 05:51:38 PM CST 2026] Waiting... 2 B8 results missing, v3_ready=true
[Sat Apr 25 05:53:38 PM CST 2026] Waiting... 2 B8 results missing, v3_ready=true
[Sat Apr 25 05:55:38 PM CST 2026] Waiting... 2 B8 results missing, v3_ready=true
[Sat Apr 25 05:57:38 PM CST 2026] Waiting... 2 B8 results missing, v3_ready=true
[Sat Apr 25 05:59:38 PM CST 2026] Waiting... 2 B8 results missing, v3_ready=true
[Sat Apr 25 06:01:39 PM CST 2026] Waiting... 2 B8 results missing, v3_ready=true
[Sat Apr 25 06:03:39 PM CST 2026] Waiting... 2 B8 results missing, v3_ready=true
[Sat Apr 25 06:05:39 PM CST 2026] Waiting... 2 B8 results missing, v3_ready=true
[Sat Apr 25 06:07:39 PM CST 2026] Waiting... 2 B8 results missing, v3_ready=true
[Sat Apr 25 06:09:39 PM CST 2026] Waiting... 2 B8 results missing, v3_ready=true
[Sat Apr 25 06:11:39 PM CST 2026] Waiting... 2 B8 results missing, v3_ready=true
[Sat Apr 25 06:13:39 PM CST 2026] Waiting... 2 B8 results missing, v3_ready=true
[Sat Apr 25 06:15:39 PM CST 2026] Waiting... 2 B8 results missing, v3_ready=true
[Sat Apr 25 06:17:39 PM CST 2026] Waiting... 2 B8 results missing, v3_ready=true
[Sat Apr 25 06:19:39 PM CST 2026] Waiting... 2 B8 results missing, v3_ready=true
[Sat Apr 25 06:21:39 PM CST 2026] Waiting... 2 B8 results missing, v3_ready=true
[Sat Apr 25 06:23:39 PM CST 2026] Waiting... 2 B8 results missing, v3_ready=true
[Sat Apr 25 06:25:39 PM CST 2026] Waiting... 2 B8 results missing, v3_ready=true
[Sat Apr 25 06:27:39 PM CST 2026] Waiting... 2 B8 results missing, v3_ready=true
[Sat Apr 25 06:29:39 PM CST 2026] Waiting... 2 B8 results missing, v3_ready=true
[Sat Apr 25 06:31:39 PM CST 2026] Waiting... 2 B8 results missing, v3_ready=true
[Sat Apr 25 06:33:40 PM CST 2026] Waiting... 2 B8 results missing, v3_ready=true
[Sat Apr 25 06:35:40 PM CST 2026] Waiting... 2 B8 results missing, v3_ready=true
[Sat Apr 25 06:37:40 PM CST 2026] Waiting... 2 B8 results missing, v3_ready=true
[Sat Apr 25 06:39:40 PM CST 2026] Waiting... 2 B8 results missing, v3_ready=true
[Sat Apr 25 06:41:40 PM CST 2026] Waiting... 2 B8 results missing, v3_ready=true
[Sat Apr 25 06:43:40 PM CST 2026] Waiting... 2 B8 results missing, v3_ready=true
[Sat Apr 25 06:45:40 PM CST 2026] Waiting... 2 B8 results missing, v3_ready=true
[Sat Apr 25 06:47:40 PM CST 2026] Waiting... 2 B8 results missing, v3_ready=true
[Sat Apr 25 06:49:40 PM CST 2026] Waiting... 2 B8 results missing, v3_ready=true
[Sat Apr 25 06:51:40 PM CST 2026] Waiting... 2 B8 results missing, v3_ready=true
[Sat Apr 25 06:53:40 PM CST 2026] Waiting... 2 B8 results missing, v3_ready=true
[Sat Apr 25 06:55:40 PM CST 2026] Waiting... 2 B8 results missing, v3_ready=true
[Sat Apr 25 06:57:40 PM CST 2026] Waiting... 2 B8 results missing, v3_ready=true
[Sat Apr 25 06:59:40 PM CST 2026] Waiting... 2 B8 results missing, v3_ready=true
[Sat Apr 25 07:01:40 PM CST 2026] Waiting... 2 B8 results missing, v3_ready=true
[Sat Apr 25 07:03:40 PM CST 2026] Waiting... 2 B8 results missing, v3_ready=true
[Sat Apr 25 07:05:41 PM CST 2026] Waiting... 2 B8 results missing, v3_ready=true
[Sat Apr 25 07:07:41 PM CST 2026] Waiting... 2 B8 results missing, v3_ready=true
[Sat Apr 25 07:09:41 PM CST 2026] Waiting... 2 B8 results missing, v3_ready=true
[Sat Apr 25 07:11:41 PM CST 2026] Waiting... 2 B8 results missing, v3_ready=true
[Sat Apr 25 07:13:41 PM CST 2026] Waiting... 2 B8 results missing, v3_ready=true
[Sat Apr 25 07:15:41 PM CST 2026] Waiting... 2 B8 results missing, v3_ready=true
[Sat Apr 25 07:17:41 PM CST 2026] Waiting... 2 B8 results missing, v3_ready=true
[Sat Apr 25 07:19:41 PM CST 2026] Waiting... 2 B8 results missing, v3_ready=true
[Sat Apr 25 07:21:41 PM CST 2026] Waiting... 2 B8 results missing, v3_ready=true
[Sat Apr 25 07:23:41 PM CST 2026] Waiting... 2 B8 results missing, v3_ready=true
[Sat Apr 25 07:25:41 PM CST 2026] Waiting... 2 B8 results missing, v3_ready=true
[Sat Apr 25 07:27:41 PM CST 2026] Waiting... 2 B8 results missing, v3_ready=true
[Sat Apr 25 07:29:41 PM CST 2026] Waiting... 2 B8 results missing, v3_ready=true
[Sat Apr 25 07:31:41 PM CST 2026] Waiting... 2 B8 results missing, v3_ready=true
[Sat Apr 25 07:33:41 PM CST 2026] Waiting... 2 B8 results missing, v3_ready=true
[Sat Apr 25 07:35:42 PM CST 2026] Waiting... 2 B8 results missing, v3_ready=true
[Sat Apr 25 07:37:42 PM CST 2026] Waiting... 2 B8 results missing, v3_ready=true
[Sat Apr 25 07:39:42 PM CST 2026] Waiting... 2 B8 results missing, v3_ready=true
[Sat Apr 25 07:41:42 PM CST 2026] Waiting... 2 B8 results missing, v3_ready=true
[Sat Apr 25 07:43:42 PM CST 2026] Waiting... 2 B8 results missing, v3_ready=true
[Sat Apr 25 07:45:42 PM CST 2026] Waiting... 2 B8 results missing, v3_ready=true
[Sat Apr 25 07:47:42 PM CST 2026] Waiting... 2 B8 results missing, v3_ready=true
[Sat Apr 25 07:49:42 PM CST 2026] Waiting... 2 B8 results missing, v3_ready=true
[Sat Apr 25 07:51:42 PM CST 2026] Waiting... 2 B8 results missing, v3_ready=true
[Sat Apr 25 07:53:42 PM CST 2026] Waiting... 2 B8 results missing, v3_ready=true
[Sat Apr 25 07:55:42 PM CST 2026] Waiting... 2 B8 results missing, v3_ready=true
[Sat Apr 25 07:57:42 PM CST 2026] Waiting... 2 B8 results missing, v3_ready=true
[Sat Apr 25 07:59:42 PM CST 2026] Waiting... 2 B8 results missing, v3_ready=true
[Sat Apr 25 08:01:42 PM CST 2026] Waiting... 2 B8 results missing, v3_ready=true
[Sat Apr 25 08:03:42 PM CST 2026] Waiting... 2 B8 results missing, v3_ready=true
[Sat Apr 25 08:05:42 PM CST 2026] Waiting... 2 B8 results missing, v3_ready=true
[Sat Apr 25 08:07:43 PM CST 2026] Waiting... 2 B8 results missing, v3_ready=true
[Sat Apr 25 08:09:43 PM CST 2026] Waiting... 2 B8 results missing, v3_ready=true
[Sat Apr 25 08:11:43 PM CST 2026] Waiting... 2 B8 results missing, v3_ready=true
[Sat Apr 25 08:13:43 PM CST 2026] Waiting... 2 B8 results missing, v3_ready=true
[Sat Apr 25 08:15:43 PM CST 2026] Waiting... 2 B8 results missing, v3_ready=true
[Sat Apr 25 08:17:43 PM CST 2026] Waiting... 2 B8 results missing, v3_ready=true
[Sat Apr 25 08:19:43 PM CST 2026] Waiting... 2 B8 results missing, v3_ready=true
[Sat Apr 25 08:21:43 PM CST 2026] Waiting... 2 B8 results missing, v3_ready=true
[Sat Apr 25 08:23:43 PM CST 2026] Waiting... 2 B8 results missing, v3_ready=true
[Sat Apr 25 08:25:43 PM CST 2026] Waiting... 2 B8 results missing, v3_ready=true
[Sat Apr 25 08:27:43 PM CST 2026] Waiting... 2 B8 results missing, v3_ready=true
[Sat Apr 25 08:29:43 PM CST 2026] Waiting... 2 B8 results missing, v3_ready=true
[Sat Apr 25 08:31:43 PM CST 2026] Waiting... 2 B8 results missing, v3_ready=true
[Sat Apr 25 08:33:43 PM CST 2026] Waiting... 2 B8 results missing, v3_ready=true
[Sat Apr 25 08:35:43 PM CST 2026] Waiting... 2 B8 results missing, v3_ready=true
[Sat Apr 25 08:37:43 PM CST 2026] Waiting... 2 B8 results missing, v3_ready=true
[Sat Apr 25 08:39:44 PM CST 2026] Waiting... 2 B8 results missing, v3_ready=true
[Sat Apr 25 08:41:44 PM CST 2026] Waiting... 2 B8 results missing, v3_ready=true
[Sat Apr 25 08:43:44 PM CST 2026] Waiting... 2 B8 results missing, v3_ready=true
[Sat Apr 25 08:45:44 PM CST 2026] Waiting... 2 B8 results missing, v3_ready=true
[Sat Apr 25 08:47:44 PM CST 2026] Waiting... 2 B8 results missing, v3_ready=true
[Sat Apr 25 08:49:44 PM CST 2026] Waiting... 2 B8 results missing, v3_ready=true
[Sat Apr 25 08:51:44 PM CST 2026] Waiting... 2 B8 results missing, v3_ready=true
[Sat Apr 25 08:53:44 PM CST 2026] Waiting... 2 B8 results missing, v3_ready=true
[Sat Apr 25 08:55:44 PM CST 2026] Waiting... 2 B8 results missing, v3_ready=true
[Sat Apr 25 08:57:44 PM CST 2026] Waiting... 2 B8 results missing, v3_ready=true
[Sat Apr 25 08:59:44 PM CST 2026] Waiting... 2 B8 results missing, v3_ready=true
[Sat Apr 25 09:01:44 PM CST 2026] Waiting... 2 B8 results missing, v3_ready=true
[Sat Apr 25 09:03:44 PM CST 2026] Waiting... 2 B8 results missing, v3_ready=true
[Sat Apr 25 09:05:44 PM CST 2026] Waiting... 2 B8 results missing, v3_ready=true
[Sat Apr 25 09:07:44 PM CST 2026] Waiting... 2 B8 results missing, v3_ready=true
[Sat Apr 25 09:09:44 PM CST 2026] Waiting... 2 B8 results missing, v3_ready=true
[Sat Apr 25 09:11:45 PM CST 2026] Waiting... 2 B8 results missing, v3_ready=true
[Sat Apr 25 09:13:45 PM CST 2026] Waiting... 2 B8 results missing, v3_ready=true
[Sat Apr 25 09:15:45 PM CST 2026] Waiting... 2 B8 results missing, v3_ready=true
[Sat Apr 25 09:17:45 PM CST 2026] Waiting... 2 B8 results missing, v3_ready=true
[Sat Apr 25 09:19:45 PM CST 2026] Waiting... 2 B8 results missing, v3_ready=true
[Sat Apr 25 09:21:45 PM CST 2026] Waiting... 2 B8 results missing, v3_ready=true
[Sat Apr 25 09:23:45 PM CST 2026] Waiting... 2 B8 results missing, v3_ready=true
[Sat Apr 25 09:25:45 PM CST 2026] Waiting... 2 B8 results missing, v3_ready=true
[Sat Apr 25 09:27:45 PM CST 2026] Waiting... 2 B8 results missing, v3_ready=true
[Sat Apr 25 09:29:45 PM CST 2026] Waiting... 2 B8 results missing, v3_ready=true
[Sat Apr 25 09:31:45 PM CST 2026] Waiting... 2 B8 results missing, v3_ready=true
[Sat Apr 25 09:33:45 PM CST 2026] Waiting... 2 B8 results missing, v3_ready=true
[Sat Apr 25 09:35:45 PM CST 2026] Waiting... 2 B8 results missing, v3_ready=true
[Sat Apr 25 09:37:45 PM CST 2026] Waiting... 2 B8 results missing, v3_ready=true
[Sat Apr 25 09:39:45 PM CST 2026] Waiting... 2 B8 results missing, v3_ready=true
[Sat Apr 25 09:41:45 PM CST 2026] Waiting... 2 B8 results missing, v3_ready=true
[Sat Apr 25 09:43:46 PM CST 2026] Waiting... 2 B8 results missing, v3_ready=true
[Sat Apr 25 09:45:46 PM CST 2026] Waiting... 2 B8 results missing, v3_ready=true
[Sat Apr 25 09:47:46 PM CST 2026] Waiting... 2 B8 results missing, v3_ready=true
[Sat Apr 25 09:49:46 PM CST 2026] Waiting... 2 B8 results missing, v3_ready=true
[Sat Apr 25 09:51:46 PM CST 2026] Waiting... 2 B8 results missing, v3_ready=true
[Sat Apr 25 09:53:46 PM CST 2026] Waiting... 2 B8 results missing, v3_ready=true
[Sat Apr 25 09:55:46 PM CST 2026] Waiting... 2 B8 results missing, v3_ready=true
[Sat Apr 25 09:57:46 PM CST 2026] Waiting... 2 B8 results missing, v3_ready=true
[Sat Apr 25 09:59:46 PM CST 2026] Waiting... 2 B8 results missing, v3_ready=true
[Sat Apr 25 10:01:46 PM CST 2026] Waiting... 2 B8 results missing, v3_ready=true
[Sat Apr 25 10:03:46 PM CST 2026] Waiting... 2 B8 results missing, v3_ready=true
[Sat Apr 25 10:05:46 PM CST 2026] Waiting... 2 B8 results missing, v3_ready=true
[Sat Apr 25 10:07:46 PM CST 2026] Waiting... 2 B8 results missing, v3_ready=true
[Sat Apr 25 10:09:46 PM CST 2026] Waiting... 2 B8 results missing, v3_ready=true
[Sat Apr 25 10:11:46 PM CST 2026] Waiting... 2 B8 results missing, v3_ready=true
[Sat Apr 25 10:13:46 PM CST 2026] Waiting... 2 B8 results missing, v3_ready=true
[Sat Apr 25 10:15:47 PM CST 2026] Waiting... 2 B8 results missing, v3_ready=true
[Sat Apr 25 10:17:47 PM CST 2026] Waiting... 2 B8 results missing, v3_ready=true
[Sat Apr 25 10:19:47 PM CST 2026] Waiting... 2 B8 results missing, v3_ready=true
[Sat Apr 25 10:21:47 PM CST 2026] Waiting... 2 B8 results missing, v3_ready=true
[Sat Apr 25 10:23:47 PM CST 2026] Waiting... 2 B8 results missing, v3_ready=true
[Sat Apr 25 10:25:47 PM CST 2026] Waiting... 2 B8 results missing, v3_ready=true
[Sat Apr 25 10:27:47 PM CST 2026] Waiting... 2 B8 results missing, v3_ready=true
[Sat Apr 25 10:29:47 PM CST 2026] Waiting... 2 B8 results missing, v3_ready=true
[Sat Apr 25 10:31:47 PM CST 2026] Waiting... 2 B8 results missing, v3_ready=true
[Sat Apr 25 10:33:47 PM CST 2026] Waiting... 2 B8 results missing, v3_ready=true
[Sat Apr 25 10:35:47 PM CST 2026] Waiting... 2 B8 results missing, v3_ready=true
[Sat Apr 25 10:37:47 PM CST 2026] Waiting... 2 B8 results missing, v3_ready=true
[Sat Apr 25 10:39:47 PM CST 2026] Waiting... 2 B8 results missing, v3_ready=true
[Sat Apr 25 10:41:47 PM CST 2026] Waiting... 2 B8 results missing, v3_ready=true
[Sat Apr 25 10:43:47 PM CST 2026] Waiting... 2 B8 results missing, v3_ready=true
[Sat Apr 25 10:45:47 PM CST 2026] Waiting... 2 B8 results missing, v3_ready=true
[Sat Apr 25 10:47:48 PM CST 2026] Waiting... 2 B8 results missing, v3_ready=true
[Sat Apr 25 10:49:48 PM CST 2026] Waiting... 2 B8 results missing, v3_ready=true
[Sat Apr 25 10:51:48 PM CST 2026] Waiting... 2 B8 results missing, v3_ready=true
[Sat Apr 25 10:53:48 PM CST 2026] Waiting... 2 B8 results missing, v3_ready=true
[Sat Apr 25 10:55:48 PM CST 2026] Waiting... 2 B8 results missing, v3_ready=true
[Sat Apr 25 10:57:48 PM CST 2026] Waiting... 2 B8 results missing, v3_ready=true
[Sat Apr 25 10:59:48 PM CST 2026] Waiting... 2 B8 results missing, v3_ready=true
[Sat Apr 25 11:01:48 PM CST 2026] Waiting... 2 B8 results missing, v3_ready=true
[Sat Apr 25 11:03:48 PM CST 2026] Waiting... 2 B8 results missing, v3_ready=true
[Sat Apr 25 11:05:48 PM CST 2026] Waiting... 2 B8 results missing, v3_ready=true
[Sat Apr 25 11:07:48 PM CST 2026] Waiting... 2 B8 results missing, v3_ready=true
[Sat Apr 25 11:09:48 PM CST 2026] Waiting... 2 B8 results missing, v3_ready=true
[Sat Apr 25 11:11:48 PM CST 2026] Waiting... 2 B8 results missing, v3_ready=true
[Sat Apr 25 11:13:48 PM CST 2026] Waiting... 2 B8 results missing, v3_ready=true
[Sat Apr 25 11:15:48 PM CST 2026] Waiting... 2 B8 results missing, v3_ready=true
[Sat Apr 25 11:17:48 PM CST 2026] Waiting... 2 B8 results missing, v3_ready=true
[Sat Apr 25 11:19:49 PM CST 2026] Waiting... 2 B8 results missing, v3_ready=true
[Sat Apr 25 11:21:49 PM CST 2026] Waiting... 2 B8 results missing, v3_ready=true
[Sat Apr 25 11:23:49 PM CST 2026] Waiting... 2 B8 results missing, v3_ready=true
[Sat Apr 25 11:25:49 PM CST 2026] Waiting... 2 B8 results missing, v3_ready=true
[Sat Apr 25 11:27:49 PM CST 2026] Waiting... 2 B8 results missing, v3_ready=true
[Sat Apr 25 11:29:49 PM CST 2026] Waiting... 2 B8 results missing, v3_ready=true
[Sat Apr 25 11:31:49 PM CST 2026] Waiting... 2 B8 results missing, v3_ready=true
[Sat Apr 25 11:33:49 PM CST 2026] Waiting... 2 B8 results missing, v3_ready=true
[Sat Apr 25 11:35:49 PM CST 2026] Waiting... 2 B8 results missing, v3_ready=true
[Sat Apr 25 11:37:49 PM CST 2026] Waiting... 2 B8 results missing, v3_ready=true
[Sat Apr 25 11:39:49 PM CST 2026] Waiting... 2 B8 results missing, v3_ready=true
[Sat Apr 25 11:41:49 PM CST 2026] Waiting... 2 B8 results missing, v3_ready=true
[Sat Apr 25 11:43:49 PM CST 2026] Waiting... 2 B8 results missing, v3_ready=true
[Sat Apr 25 11:45:49 PM CST 2026] Waiting... 2 B8 results missing, v3_ready=true
[Sat Apr 25 11:47:49 PM CST 2026] Waiting... 2 B8 results missing, v3_ready=true
[Sat Apr 25 11:49:49 PM CST 2026] Waiting... 2 B8 results missing, v3_ready=true
[Sat Apr 25 11:51:50 PM CST 2026] Waiting... 2 B8 results missing, v3_ready=true
[Sat Apr 25 11:53:50 PM CST 2026] Waiting... 2 B8 results missing, v3_ready=true
[Sat Apr 25 11:55:50 PM CST 2026] Waiting... 2 B8 results missing, v3_ready=true
[Sat Apr 25 11:57:50 PM CST 2026] Waiting... 2 B8 results missing, v3_ready=true
[Sat Apr 25 11:59:50 PM CST 2026] Waiting... 2 B8 results missing, v3_ready=true
[Sun Apr 26 12:01:50 AM CST 2026] Waiting... 2 B8 results missing, v3_ready=true
[Sun Apr 26 12:03:50 AM CST 2026] Waiting... 2 B8 results missing, v3_ready=true
[Sun Apr 26 12:05:50 AM CST 2026] Waiting... 2 B8 results missing, v3_ready=true
[Sun Apr 26 12:07:50 AM CST 2026] Waiting... 2 B8 results missing, v3_ready=true
[Sun Apr 26 12:09:50 AM CST 2026] Waiting... 2 B8 results missing, v3_ready=true
[Sun Apr 26 12:11:50 AM CST 2026] Waiting... 2 B8 results missing, v3_ready=true
[Sun Apr 26 12:13:50 AM CST 2026] Waiting... 2 B8 results missing, v3_ready=true
[Sun Apr 26 12:15:50 AM CST 2026] Waiting... 2 B8 results missing, v3_ready=true
[Sun Apr 26 12:17:50 AM CST 2026] Waiting... 2 B8 results missing, v3_ready=true
[Sun Apr 26 12:19:50 AM CST 2026] Waiting... 2 B8 results missing, v3_ready=true
[Sun Apr 26 12:21:50 AM CST 2026] Waiting... 2 B8 results missing, v3_ready=true
[Sun Apr 26 12:23:51 AM CST 2026] Waiting... 2 B8 results missing, v3_ready=true
[Sun Apr 26 12:25:51 AM CST 2026] Waiting... 2 B8 results missing, v3_ready=true
[Sun Apr 26 12:27:51 AM CST 2026] Waiting... 2 B8 results missing, v3_ready=true
[Sun Apr 26 12:29:51 AM CST 2026] Waiting... 2 B8 results missing, v3_ready=true
[Sun Apr 26 12:31:51 AM CST 2026] Waiting... 2 B8 results missing, v3_ready=true
[Sun Apr 26 12:33:51 AM CST 2026] Waiting... 2 B8 results missing, v3_ready=true
[Sun Apr 26 12:35:51 AM CST 2026] Waiting... 2 B8 results missing, v3_ready=true
[Sun Apr 26 12:37:51 AM CST 2026] Waiting... 2 B8 results missing, v3_ready=true
[Sun Apr 26 12:39:51 AM CST 2026] Waiting... 2 B8 results missing, v3_ready=true
[Sun Apr 26 12:41:51 AM CST 2026] Waiting... 2 B8 results missing, v3_ready=true
[Sun Apr 26 12:43:51 AM CST 2026] Waiting... 2 B8 results missing, v3_ready=true
[Sun Apr 26 12:45:51 AM CST 2026] Waiting... 2 B8 results missing, v3_ready=true
[Sun Apr 26 12:47:51 AM CST 2026] Waiting... 2 B8 results missing, v3_ready=true
[Sun Apr 26 12:49:51 AM CST 2026] Waiting... 2 B8 results missing, v3_ready=true
[Sun Apr 26 12:51:51 AM CST 2026] Waiting... 2 B8 results missing, v3_ready=true
[Sun Apr 26 12:53:51 AM CST 2026] Waiting... 2 B8 results missing, v3_ready=true
[Sun Apr 26 12:55:52 AM CST 2026] Waiting... 2 B8 results missing, v3_ready=true
[Sun Apr 26 12:57:52 AM CST 2026] Waiting... 2 B8 results missing, v3_ready=true
[Sun Apr 26 12:59:52 AM CST 2026] Waiting... 2 B8 results missing, v3_ready=true
[Sun Apr 26 01:01:52 AM CST 2026] Waiting... 2 B8 results missing, v3_ready=true
[Sun Apr 26 01:03:52 AM CST 2026] Waiting... 2 B8 results missing, v3_ready=true
[Sun Apr 26 01:05:52 AM CST 2026] Waiting... 2 B8 results missing, v3_ready=true
[Sun Apr 26 01:07:52 AM CST 2026] Waiting... 2 B8 results missing, v3_ready=true
[Sun Apr 26 01:09:52 AM CST 2026] Waiting... 2 B8 results missing, v3_ready=true
[Sun Apr 26 01:11:52 AM CST 2026] Waiting... 2 B8 results missing, v3_ready=true
[Sun Apr 26 01:13:52 AM CST 2026] Waiting... 2 B8 results missing, v3_ready=true
[Sun Apr 26 01:15:52 AM CST 2026] Waiting... 2 B8 results missing, v3_ready=true
[Sun Apr 26 01:17:52 AM CST 2026] Waiting... 2 B8 results missing, v3_ready=true
[Sun Apr 26 01:19:52 AM CST 2026] Waiting... 2 B8 results missing, v3_ready=true
[Sun Apr 26 01:21:52 AM CST 2026] Waiting... 2 B8 results missing, v3_ready=true
[Sun Apr 26 01:23:52 AM CST 2026] Waiting... 2 B8 results missing, v3_ready=true
[Sun Apr 26 01:25:52 AM CST 2026] Waiting... 2 B8 results missing, v3_ready=true
[Sun Apr 26 01:27:53 AM CST 2026] Waiting... 2 B8 results missing, v3_ready=true
[Sun Apr 26 01:29:53 AM CST 2026] Waiting... 2 B8 results missing, v3_ready=true
[Sun Apr 26 01:31:53 AM CST 2026] Waiting... 2 B8 results missing, v3_ready=true
[Sun Apr 26 01:33:53 AM CST 2026] Waiting... 2 B8 results missing, v3_ready=true
[Sun Apr 26 01:35:53 AM CST 2026] Waiting... 2 B8 results missing, v3_ready=true
[Sun Apr 26 01:37:53 AM CST 2026] Waiting... 2 B8 results missing, v3_ready=true
[Sun Apr 26 01:39:53 AM CST 2026] Waiting... 2 B8 results missing, v3_ready=true
[Sun Apr 26 01:41:53 AM CST 2026] Waiting... 2 B8 results missing, v3_ready=true
[Sun Apr 26 01:43:53 AM CST 2026] Waiting... 2 B8 results missing, v3_ready=true
[Sun Apr 26 01:45:53 AM CST 2026] Waiting... 2 B8 results missing, v3_ready=true
[Sun Apr 26 01:47:53 AM CST 2026] Waiting... 2 B8 results missing, v3_ready=true
[Sun Apr 26 01:49:53 AM CST 2026] Waiting... 2 B8 results missing, v3_ready=true
[Sun Apr 26 01:51:53 AM CST 2026] Waiting... 2 B8 results missing, v3_ready=true
[Sun Apr 26 01:53:53 AM CST 2026] Waiting... 2 B8 results missing, v3_ready=true
[Sun Apr 26 01:55:53 AM CST 2026] Waiting... 2 B8 results missing, v3_ready=true
[Sun Apr 26 01:57:53 AM CST 2026] Waiting... 2 B8 results missing, v3_ready=true
[Sun Apr 26 01:59:53 AM CST 2026] Waiting... 2 B8 results missing, v3_ready=true
[Sun Apr 26 02:01:54 AM CST 2026] Waiting... 2 B8 results missing, v3_ready=true
[Sun Apr 26 02:03:54 AM CST 2026] Waiting... 2 B8 results missing, v3_ready=true
[Sun Apr 26 02:05:54 AM CST 2026] Waiting... 2 B8 results missing, v3_ready=true
[Sun Apr 26 02:07:54 AM CST 2026] Waiting... 2 B8 results missing, v3_ready=true
[Sun Apr 26 02:09:54 AM CST 2026] Waiting... 2 B8 results missing, v3_ready=true
[Sun Apr 26 02:11:54 AM CST 2026] Waiting... 2 B8 results missing, v3_ready=true
[Sun Apr 26 02:13:54 AM CST 2026] Waiting... 2 B8 results missing, v3_ready=true
[Sun Apr 26 02:15:54 AM CST 2026] Waiting... 2 B8 results missing, v3_ready=true
[Sun Apr 26 02:17:54 AM CST 2026] Waiting... 2 B8 results missing, v3_ready=true
[Sun Apr 26 02:19:54 AM CST 2026] Waiting... 2 B8 results missing, v3_ready=true
[Sun Apr 26 02:21:54 AM CST 2026] Waiting... 2 B8 results missing, v3_ready=true
[Sun Apr 26 02:23:54 AM CST 2026] Waiting... 2 B8 results missing, v3_ready=true
[Sun Apr 26 02:25:54 AM CST 2026] Waiting... 2 B8 results missing, v3_ready=true
[Sun Apr 26 02:27:54 AM CST 2026] Waiting... 2 B8 results missing, v3_ready=true
[Sun Apr 26 02:29:54 AM CST 2026] Waiting... 2 B8 results missing, v3_ready=true
[Sun Apr 26 02:31:54 AM CST 2026] Waiting... 2 B8 results missing, v3_ready=true
[Sun Apr 26 02:33:55 AM CST 2026] Waiting... 2 B8 results missing, v3_ready=true
[Sun Apr 26 02:35:55 AM CST 2026] Waiting... 2 B8 results missing, v3_ready=true
[Sun Apr 26 02:37:55 AM CST 2026] Waiting... 2 B8 results missing, v3_ready=true
[Sun Apr 26 02:39:55 AM CST 2026] Waiting... 2 B8 results missing, v3_ready=true
[Sun Apr 26 02:41:55 AM CST 2026] Waiting... 2 B8 results missing, v3_ready=true
[Sun Apr 26 02:43:55 AM CST 2026] Waiting... 2 B8 results missing, v3_ready=true
[Sun Apr 26 02:45:55 AM CST 2026] Waiting... 2 B8 results missing, v3_ready=true
[Sun Apr 26 02:47:55 AM CST 2026] Waiting... 2 B8 results missing, v3_ready=true
[Sun Apr 26 02:49:55 AM CST 2026] Waiting... 2 B8 results missing, v3_ready=true
[Sun Apr 26 02:51:55 AM CST 2026] Waiting... 2 B8 results missing, v3_ready=true
[Sun Apr 26 02:53:55 AM CST 2026] Waiting... 2 B8 results missing, v3_ready=true
[Sun Apr 26 02:55:55 AM CST 2026] Waiting... 2 B8 results missing, v3_ready=true
[Sun Apr 26 02:57:55 AM CST 2026] Waiting... 2 B8 results missing, v3_ready=true
[Sun Apr 26 02:59:55 AM CST 2026] Waiting... 2 B8 results missing, v3_ready=true
[Sun Apr 26 03:01:55 AM CST 2026] Waiting... 2 B8 results missing, v3_ready=true
[Sun Apr 26 03:03:55 AM CST 2026] Waiting... 2 B8 results missing, v3_ready=true
[Sun Apr 26 03:05:56 AM CST 2026] Waiting... 2 B8 results missing, v3_ready=true
[Sun Apr 26 03:07:56 AM CST 2026] Waiting... 2 B8 results missing, v3_ready=true
[Sun Apr 26 03:09:56 AM CST 2026] Waiting... 2 B8 results missing, v3_ready=true
[Sun Apr 26 03:11:56 AM CST 2026] Waiting... 2 B8 results missing, v3_ready=true
[Sun Apr 26 03:13:56 AM CST 2026] Waiting... 2 B8 results missing, v3_ready=true
[Sun Apr 26 03:15:56 AM CST 2026] Waiting... 2 B8 results missing, v3_ready=true
[Sun Apr 26 03:17:56 AM CST 2026] Waiting... 2 B8 results missing, v3_ready=true
[Sun Apr 26 03:19:56 AM CST 2026] Waiting... 2 B8 results missing, v3_ready=true
[Sun Apr 26 03:21:56 AM CST 2026] Waiting... 2 B8 results missing, v3_ready=true
[Sun Apr 26 03:23:56 AM CST 2026] Waiting... 2 B8 results missing, v3_ready=true
[Sun Apr 26 03:25:56 AM CST 2026] Waiting... 2 B8 results missing, v3_ready=true
[Sun Apr 26 03:27:56 AM CST 2026] Waiting... 2 B8 results missing, v3_ready=true
[Sun Apr 26 03:29:56 AM CST 2026] Waiting... 2 B8 results missing, v3_ready=true
[Sun Apr 26 03:31:56 AM CST 2026] Waiting... 2 B8 results missing, v3_ready=true
[Sun Apr 26 03:33:56 AM CST 2026] Waiting... 2 B8 results missing, v3_ready=true
[Sun Apr 26 03:35:56 AM CST 2026] Waiting... 2 B8 results missing, v3_ready=true
[Sun Apr 26 03:37:57 AM CST 2026] Waiting... 2 B8 results missing, v3_ready=true
[Sun Apr 26 03:39:57 AM CST 2026] Waiting... 2 B8 results missing, v3_ready=true
[Sun Apr 26 03:41:57 AM CST 2026] Waiting... 2 B8 results missing, v3_ready=true
[Sun Apr 26 03:43:57 AM CST 2026] Waiting... 2 B8 results missing, v3_ready=true
[Sun Apr 26 03:45:57 AM CST 2026] Waiting... 2 B8 results missing, v3_ready=true
[Sun Apr 26 03:47:57 AM CST 2026] Waiting... 2 B8 results missing, v3_ready=true
[Sun Apr 26 03:49:57 AM CST 2026] Waiting... 2 B8 results missing, v3_ready=true
[Sun Apr 26 03:51:57 AM CST 2026] Waiting... 2 B8 results missing, v3_ready=true
[Sun Apr 26 03:53:57 AM CST 2026] Waiting... 2 B8 results missing, v3_ready=true
[Sun Apr 26 03:55:57 AM CST 2026] Waiting... 2 B8 results missing, v3_ready=true
[Sun Apr 26 03:57:57 AM CST 2026] Waiting... 2 B8 results missing, v3_ready=true
[Sun Apr 26 03:59:57 AM CST 2026] Waiting... 2 B8 results missing, v3_ready=true
[Sun Apr 26 04:01:57 AM CST 2026] Waiting... 2 B8 results missing, v3_ready=true
[Sun Apr 26 04:03:57 AM CST 2026] Waiting... 2 B8 results missing, v3_ready=true
[Sun Apr 26 04:05:57 AM CST 2026] Waiting... 2 B8 results missing, v3_ready=true
[Sun Apr 26 04:07:57 AM CST 2026] Waiting... 2 B8 results missing, v3_ready=true
[Sun Apr 26 04:09:57 AM CST 2026] Waiting... 2 B8 results missing, v3_ready=true
[Sun Apr 26 04:11:58 AM CST 2026] Waiting... 2 B8 results missing, v3_ready=true
[Sun Apr 26 04:13:58 AM CST 2026] Waiting... 2 B8 results missing, v3_ready=true
[Sun Apr 26 04:15:58 AM CST 2026] Waiting... 2 B8 results missing, v3_ready=true
[Sun Apr 26 04:17:58 AM CST 2026] Waiting... 2 B8 results missing, v3_ready=true
[Sun Apr 26 04:19:58 AM CST 2026] Waiting... 2 B8 results missing, v3_ready=true
[Sun Apr 26 04:21:58 AM CST 2026] Waiting... 2 B8 results missing, v3_ready=true
[Sun Apr 26 04:23:58 AM CST 2026] Waiting... 2 B8 results missing, v3_ready=true
[Sun Apr 26 04:25:58 AM CST 2026] Waiting... 2 B8 results missing, v3_ready=true
[Sun Apr 26 04:27:58 AM CST 2026] Waiting... 2 B8 results missing, v3_ready=true
[Sun Apr 26 04:29:58 AM CST 2026] Waiting... 2 B8 results missing, v3_ready=true
[Sun Apr 26 04:31:58 AM CST 2026] Waiting... 2 B8 results missing, v3_ready=true
[Sun Apr 26 04:33:58 AM CST 2026] Waiting... 2 B8 results missing, v3_ready=true
[Sun Apr 26 04:35:58 AM CST 2026] Waiting... 2 B8 results missing, v3_ready=true
[Sun Apr 26 04:37:58 AM CST 2026] Waiting... 2 B8 results missing, v3_ready=true
[Sun Apr 26 04:39:58 AM CST 2026] Waiting... 2 B8 results missing, v3_ready=true
[Sun Apr 26 04:41:58 AM CST 2026] Waiting... 2 B8 results missing, v3_ready=true
[Sun Apr 26 04:43:59 AM CST 2026] Waiting... 2 B8 results missing, v3_ready=true
[Sun Apr 26 04:45:59 AM CST 2026] Waiting... 2 B8 results missing, v3_ready=true
[Sun Apr 26 04:47:59 AM CST 2026] Waiting... 2 B8 results missing, v3_ready=true
[Sun Apr 26 04:49:59 AM CST 2026] Waiting... 2 B8 results missing, v3_ready=true
[Sun Apr 26 04:51:59 AM CST 2026] Waiting... 2 B8 results missing, v3_ready=true
[Sun Apr 26 04:53:59 AM CST 2026] Waiting... 2 B8 results missing, v3_ready=true
[Sun Apr 26 04:55:59 AM CST 2026] Waiting... 2 B8 results missing, v3_ready=true
[Sun Apr 26 04:57:59 AM CST 2026] Waiting... 2 B8 results missing, v3_ready=true
[Sun Apr 26 04:59:59 AM CST 2026] Waiting... 2 B8 results missing, v3_ready=true
[Sun Apr 26 05:01:59 AM CST 2026] Waiting... 2 B8 results missing, v3_ready=true
[Sun Apr 26 05:03:59 AM CST 2026] Waiting... 2 B8 results missing, v3_ready=true
[Sun Apr 26 05:05:59 AM CST 2026] Waiting... 2 B8 results missing, v3_ready=true
[Sun Apr 26 05:07:59 AM CST 2026] Waiting... 2 B8 results missing, v3_ready=true
[Sun Apr 26 05:09:59 AM CST 2026] Waiting... 2 B8 results missing, v3_ready=true
[Sun Apr 26 05:11:59 AM CST 2026] Waiting... 2 B8 results missing, v3_ready=true
[Sun Apr 26 05:13:59 AM CST 2026] Waiting... 2 B8 results missing, v3_ready=true
[Sun Apr 26 05:15:59 AM CST 2026] Waiting... 2 B8 results missing, v3_ready=true
[Sun Apr 26 05:18:00 AM CST 2026] Waiting... 2 B8 results missing, v3_ready=true
[Sun Apr 26 05:20:00 AM CST 2026] Waiting... 2 B8 results missing, v3_ready=true
[Sun Apr 26 05:22:00 AM CST 2026] Waiting... 2 B8 results missing, v3_ready=true
[Sun Apr 26 05:24:00 AM CST 2026] Waiting... 2 B8 results missing, v3_ready=true
[Sun Apr 26 05:26:00 AM CST 2026] Waiting... 2 B8 results missing, v3_ready=true
[Sun Apr 26 05:28:00 AM CST 2026] Waiting... 2 B8 results missing, v3_ready=true
[Sun Apr 26 05:30:00 AM CST 2026] Waiting... 2 B8 results missing, v3_ready=true
[Sun Apr 26 05:32:00 AM CST 2026] Waiting... 2 B8 results missing, v3_ready=true
[Sun Apr 26 05:34:00 AM CST 2026] Waiting... 2 B8 results missing, v3_ready=true
[Sun Apr 26 05:36:00 AM CST 2026] Waiting... 2 B8 results missing, v3_ready=true
[Sun Apr 26 05:38:00 AM CST 2026] Waiting... 2 B8 results missing, v3_ready=true
[Sun Apr 26 05:40:00 AM CST 2026] Waiting... 2 B8 results missing, v3_ready=true
[Sun Apr 26 05:42:00 AM CST 2026] Waiting... 2 B8 results missing, v3_ready=true
[Sun Apr 26 05:44:00 AM CST 2026] Waiting... 2 B8 results missing, v3_ready=true
[Sun Apr 26 05:46:00 AM CST 2026] Waiting... 2 B8 results missing, v3_ready=true
[Sun Apr 26 05:48:00 AM CST 2026] Waiting... 2 B8 results missing, v3_ready=true
[Sun Apr 26 05:50:01 AM CST 2026] Waiting... 2 B8 results missing, v3_ready=true
[Sun Apr 26 05:52:01 AM CST 2026] Waiting... 2 B8 results missing, v3_ready=true
[Sun Apr 26 05:54:01 AM CST 2026] Waiting... 1 B8 results missing, v3_ready=true
[Sun Apr 26 05:56:01 AM CST 2026] Waiting... 1 B8 results missing, v3_ready=true
[Sun Apr 26 05:58:01 AM CST 2026] Waiting... 1 B8 results missing, v3_ready=true
[Sun Apr 26 06:00:01 AM CST 2026] Waiting... 1 B8 results missing, v3_ready=true
[Sun Apr 26 06:02:01 AM CST 2026] Waiting... 1 B8 results missing, v3_ready=true
[Sun Apr 26 06:04:01 AM CST 2026] Waiting... 1 B8 results missing, v3_ready=true
[Sun Apr 26 06:06:01 AM CST 2026] Waiting... 1 B8 results missing, v3_ready=true
[Sun Apr 26 06:08:01 AM CST 2026] Waiting... 1 B8 results missing, v3_ready=true
[Sun Apr 26 06:10:01 AM CST 2026] Waiting... 1 B8 results missing, v3_ready=true
[Sun Apr 26 06:12:01 AM CST 2026] Waiting... 1 B8 results missing, v3_ready=true
[Sun Apr 26 06:14:01 AM CST 2026] Waiting... 1 B8 results missing, v3_ready=true
[Sun Apr 26 06:16:01 AM CST 2026] Waiting... 1 B8 results missing, v3_ready=true
[Sun Apr 26 06:18:01 AM CST 2026] Waiting... 1 B8 results missing, v3_ready=true
[Sun Apr 26 06:20:01 AM CST 2026] Waiting... 1 B8 results missing, v3_ready=true
[Sun Apr 26 06:22:02 AM CST 2026] Waiting... 1 B8 results missing, v3_ready=true
[Sun Apr 26 06:24:02 AM CST 2026] Waiting... 1 B8 results missing, v3_ready=true
[Sun Apr 26 06:26:02 AM CST 2026] Waiting... 1 B8 results missing, v3_ready=true
[Sun Apr 26 06:28:02 AM CST 2026] Waiting... 1 B8 results missing, v3_ready=true
[Sun Apr 26 06:30:02 AM CST 2026] Waiting... 1 B8 results missing, v3_ready=true
[Sun Apr 26 06:32:02 AM CST 2026] Waiting... 1 B8 results missing, v3_ready=true
[Sun Apr 26 06:34:02 AM CST 2026] Waiting... 1 B8 results missing, v3_ready=true
[Sun Apr 26 06:36:02 AM CST 2026] Waiting... 1 B8 results missing, v3_ready=true
[Sun Apr 26 06:38:02 AM CST 2026] Waiting... 1 B8 results missing, v3_ready=true
[Sun Apr 26 06:40:02 AM CST 2026] Waiting... 1 B8 results missing, v3_ready=true
[Sun Apr 26 06:42:02 AM CST 2026] All Batch 8 evals complete + teacher v3 ready!
launch_batch9.sh: error reading input file: No such file or directory
