[Sat Apr 25 12:57:45 AM CST 2026] Batch 7 launcher started. Waiting for Batch 6 results...
[Sat Apr 25 12:57:45 AM CST 2026] Waiting... 4 results still missing
  ⏳ expWW: pending
  ⏳ expXX: pending
  ⏳ expVV: pending
  ⏳ expYY2: pending
[Sat Apr 25 12:59:45 AM CST 2026] Waiting... 4 results still missing
  ⏳ expWW: pending
  ⏳ expXX: pending
  ⏳ expVV: pending
  ⏳ expYY2: pending
[Sat Apr 25 01:01:45 AM CST 2026] Waiting... 4 results still missing
  ⏳ expWW: pending
  ⏳ expXX: pending
  ⏳ expVV: pending
  ⏳ expYY2: pending
[Sat Apr 25 01:03:45 AM CST 2026] Waiting... 4 results still missing
  ⏳ expWW: pending
  ⏳ expXX: pending
  ⏳ expVV: pending
  ⏳ expYY2: pending
[Sat Apr 25 01:05:45 AM CST 2026] Waiting... 4 results still missing
  ⏳ expWW: pending
  ⏳ expXX: pending
  ⏳ expVV: pending
  ⏳ expYY2: pending
[Sat Apr 25 01:07:45 AM CST 2026] Waiting... 4 results still missing
  ⏳ expWW: pending
  ⏳ expXX: pending
  ⏳ expVV: pending
  ⏳ expYY2: pending
[Sat Apr 25 01:09:45 AM CST 2026] Waiting... 4 results still missing
  ⏳ expWW: pending
  ⏳ expXX: pending
  ⏳ expVV: pending
  ⏳ expYY2: pending
[Sat Apr 25 01:11:45 AM CST 2026] Waiting... 4 results still missing
  ⏳ expWW: pending
  ⏳ expXX: pending
  ⏳ expVV: pending
  ⏳ expYY2: pending
[Sat Apr 25 01:13:45 AM CST 2026] Waiting... 4 results still missing
  ⏳ expWW: pending
  ⏳ expXX: pending
  ⏳ expVV: pending
  ⏳ expYY2: pending
[Sat Apr 25 01:15:45 AM CST 2026] Waiting... 4 results still missing
  ⏳ expWW: pending
  ⏳ expXX: pending
  ⏳ expVV: pending
  ⏳ expYY2: pending
[Sat Apr 25 01:17:45 AM CST 2026] Waiting... 4 results still missing
  ⏳ expWW: pending
  ⏳ expXX: pending
  ⏳ expVV: pending
  ⏳ expYY2: pending
[Sat Apr 25 01:19:46 AM CST 2026] Waiting... 4 results still missing
  ⏳ expWW: pending
  ⏳ expXX: pending
  ⏳ expVV: pending
  ⏳ expYY2: pending
[Sat Apr 25 01:21:46 AM CST 2026] Waiting... 4 results still missing
  ⏳ expWW: pending
  ⏳ expXX: pending
  ⏳ expVV: pending
  ⏳ expYY2: pending
[Sat Apr 25 01:23:46 AM CST 2026] Waiting... 4 results still missing
  ⏳ expWW: pending
  ⏳ expXX: pending
  ⏳ expVV: pending
  ⏳ expYY2: pending
[Sat Apr 25 01:25:46 AM CST 2026] Waiting... 4 results still missing
  ⏳ expWW: pending
  ⏳ expXX: pending
  ⏳ expVV: pending
  ⏳ expYY2: pending
[Sat Apr 25 01:27:46 AM CST 2026] Waiting... 4 results still missing
  ⏳ expWW: pending
  ⏳ expXX: pending
  ⏳ expVV: pending
  ⏳ expYY2: pending
[Sat Apr 25 01:29:46 AM CST 2026] Waiting... 4 results still missing
  ⏳ expWW: pending
  ⏳ expXX: pending
  ⏳ expVV: pending
  ⏳ expYY2: pending
[Sat Apr 25 01:31:46 AM CST 2026] Waiting... 4 results still missing
  ⏳ expWW: pending
  ⏳ expXX: pending
  ⏳ expVV: pending
  ⏳ expYY2: pending
[Sat Apr 25 01:33:46 AM CST 2026] Waiting... 4 results still missing
  ⏳ expWW: pending
  ⏳ expXX: pending
  ⏳ expVV: pending
  ⏳ expYY2: pending
[Sat Apr 25 01:35:46 AM CST 2026] Waiting... 4 results still missing
  ⏳ expWW: pending
  ⏳ expXX: pending
  ⏳ expVV: pending
  ⏳ expYY2: pending
[Sat Apr 25 01:37:46 AM CST 2026] Waiting... 4 results still missing
  ⏳ expWW: pending
  ⏳ expXX: pending
  ⏳ expVV: pending
  ⏳ expYY2: pending
[Sat Apr 25 01:39:46 AM CST 2026] Waiting... 4 results still missing
  ⏳ expWW: pending
  ⏳ expXX: pending
  ⏳ expVV: pending
  ⏳ expYY2: pending
[Sat Apr 25 01:41:46 AM CST 2026] Waiting... 4 results still missing
  ⏳ expWW: pending
  ⏳ expXX: pending
  ⏳ expVV: pending
  ⏳ expYY2: pending
[Sat Apr 25 01:43:46 AM CST 2026] Waiting... 4 results still missing
  ⏳ expWW: pending
  ⏳ expXX: pending
  ⏳ expVV: pending
  ⏳ expYY2: pending
[Sat Apr 25 01:45:46 AM CST 2026] Waiting... 4 results still missing
  ⏳ expWW: pending
  ⏳ expXX: pending
  ⏳ expVV: pending
  ⏳ expYY2: pending
[Sat Apr 25 01:47:46 AM CST 2026] Waiting... 4 results still missing
  ⏳ expWW: pending
  ⏳ expXX: pending
  ⏳ expVV: pending
  ⏳ expYY2: pending
[Sat Apr 25 01:49:46 AM CST 2026] Waiting... 4 results still missing
  ⏳ expWW: pending
  ⏳ expXX: pending
  ⏳ expVV: pending
  ⏳ expYY2: pending
[Sat Apr 25 01:51:46 AM CST 2026] Waiting... 4 results still missing
  ⏳ expWW: pending
  ⏳ expXX: pending
  ⏳ expVV: pending
  ⏳ expYY2: pending
[Sat Apr 25 01:53:46 AM CST 2026] Waiting... 4 results still missing
  ⏳ expWW: pending
  ⏳ expXX: pending
  ⏳ expVV: pending
  ⏳ expYY2: pending
[Sat Apr 25 01:55:46 AM CST 2026] Waiting... 4 results still missing
  ⏳ expWW: pending
  ⏳ expXX: pending
  ⏳ expVV: pending
  ⏳ expYY2: pending
[Sat Apr 25 01:57:47 AM CST 2026] Waiting... 4 results still missing
  ⏳ expWW: pending
  ⏳ expXX: pending
  ⏳ expVV: pending
  ⏳ expYY2: pending
[Sat Apr 25 01:59:47 AM CST 2026] Waiting... 4 results still missing
  ⏳ expWW: pending
  ⏳ expXX: pending
  ⏳ expVV: pending
  ⏳ expYY2: pending
[Sat Apr 25 02:01:47 AM CST 2026] Waiting... 4 results still missing
  ⏳ expWW: pending
  ⏳ expXX: pending
  ⏳ expVV: pending
  ⏳ expYY2: pending
[Sat Apr 25 02:03:47 AM CST 2026] Waiting... 4 results still missing
  ⏳ expWW: pending
  ⏳ expXX: pending
  ⏳ expVV: pending
  ⏳ expYY2: pending
[Sat Apr 25 02:05:47 AM CST 2026] Waiting... 4 results still missing
  ⏳ expWW: pending
  ⏳ expXX: pending
  ⏳ expVV: pending
  ⏳ expYY2: pending
[Sat Apr 25 02:07:47 AM CST 2026] Waiting... 4 results still missing
  ⏳ expWW: pending
  ⏳ expXX: pending
  ⏳ expVV: pending
  ⏳ expYY2: pending
[Sat Apr 25 02:09:47 AM CST 2026] Waiting... 4 results still missing
  ⏳ expWW: pending
  ⏳ expXX: pending
  ⏳ expVV: pending
  ⏳ expYY2: pending
[Sat Apr 25 02:11:47 AM CST 2026] Waiting... 4 results still missing
  ⏳ expWW: pending
  ⏳ expXX: pending
  ⏳ expVV: pending
  ⏳ expYY2: pending
[Sat Apr 25 02:13:47 AM CST 2026] Waiting... 4 results still missing
  ⏳ expWW: pending
  ⏳ expXX: pending
  ⏳ expVV: pending
  ⏳ expYY2: pending
[Sat Apr 25 02:15:47 AM CST 2026] Waiting... 4 results still missing
  ⏳ expWW: pending
  ⏳ expXX: pending
  ⏳ expVV: pending
  ⏳ expYY2: pending
[Sat Apr 25 02:17:47 AM CST 2026] Waiting... 4 results still missing
  ⏳ expWW: pending
  ⏳ expXX: pending
  ⏳ expVV: pending
  ⏳ expYY2: pending
[Sat Apr 25 02:19:47 AM CST 2026] Waiting... 4 results still missing
  ⏳ expWW: pending
  ⏳ expXX: pending
  ⏳ expVV: pending
  ⏳ expYY2: pending
[Sat Apr 25 02:21:47 AM CST 2026] Waiting... 4 results still missing
  ⏳ expWW: pending
  ⏳ expXX: pending
  ⏳ expVV: pending
  ⏳ expYY2: pending
[Sat Apr 25 02:23:47 AM CST 2026] Waiting... 4 results still missing
  ⏳ expWW: pending
  ⏳ expXX: pending
  ⏳ expVV: pending
  ⏳ expYY2: pending
[Sat Apr 25 02:25:47 AM CST 2026] Waiting... 4 results still missing
  ⏳ expWW: pending
  ⏳ expXX: pending
  ⏳ expVV: pending
  ⏳ expYY2: pending
[Sat Apr 25 02:27:47 AM CST 2026] Waiting... 4 results still missing
  ⏳ expWW: pending
  ⏳ expXX: pending
  ⏳ expVV: pending
  ⏳ expYY2: pending
[Sat Apr 25 02:29:47 AM CST 2026] Waiting... 4 results still missing
  ⏳ expWW: pending
  ⏳ expXX: pending
  ⏳ expVV: pending
  ⏳ expYY2: pending
[Sat Apr 25 02:31:47 AM CST 2026] Waiting... 4 results still missing
  ⏳ expWW: pending
  ⏳ expXX: pending
  ⏳ expVV: pending
  ⏳ expYY2: pending
[Sat Apr 25 02:33:47 AM CST 2026] Waiting... 4 results still missing
  ⏳ expWW: pending
  ⏳ expXX: pending
  ⏳ expVV: pending
  ⏳ expYY2: pending
[Sat Apr 25 02:35:48 AM CST 2026] Waiting... 4 results still missing
  ⏳ expWW: pending
  ⏳ expXX: pending
  ⏳ expVV: pending
  ⏳ expYY2: pending
[Sat Apr 25 02:37:48 AM CST 2026] Waiting... 4 results still missing
  ⏳ expWW: pending
  ⏳ expXX: pending
  ⏳ expVV: pending
  ⏳ expYY2: pending
[Sat Apr 25 02:39:48 AM CST 2026] Waiting... 4 results still missing
  ⏳ expWW: pending
  ⏳ expXX: pending
  ⏳ expVV: pending
  ⏳ expYY2: pending
[Sat Apr 25 02:41:48 AM CST 2026] Waiting... 4 results still missing
  ⏳ expWW: pending
  ⏳ expXX: pending
  ⏳ expVV: pending
  ⏳ expYY2: pending
[Sat Apr 25 02:43:48 AM CST 2026] Waiting... 4 results still missing
  ⏳ expWW: pending
  ⏳ expXX: pending
  ⏳ expVV: pending
  ⏳ expYY2: pending
[Sat Apr 25 02:45:48 AM CST 2026] Waiting... 4 results still missing
  ⏳ expWW: pending
  ⏳ expXX: pending
  ⏳ expVV: pending
  ⏳ expYY2: pending
[Sat Apr 25 02:47:48 AM CST 2026] Waiting... 4 results still missing
  ⏳ expWW: pending
  ⏳ expXX: pending
  ⏳ expVV: pending
  ⏳ expYY2: pending
[Sat Apr 25 02:49:48 AM CST 2026] Waiting... 4 results still missing
  ⏳ expWW: pending
  ⏳ expXX: pending
  ⏳ expVV: pending
  ⏳ expYY2: pending
[Sat Apr 25 02:51:48 AM CST 2026] Waiting... 4 results still missing
  ⏳ expWW: pending
  ⏳ expXX: pending
  ⏳ expVV: pending
  ⏳ expYY2: pending
[Sat Apr 25 02:53:48 AM CST 2026] Waiting... 4 results still missing
  ⏳ expWW: pending
  ⏳ expXX: pending
  ⏳ expVV: pending
  ⏳ expYY2: pending
[Sat Apr 25 02:55:48 AM CST 2026] Waiting... 4 results still missing
  ⏳ expWW: pending
  ⏳ expXX: pending
  ⏳ expVV: pending
  ⏳ expYY2: pending
[Sat Apr 25 02:57:48 AM CST 2026] Waiting... 4 results still missing
  ⏳ expWW: pending
  ⏳ expXX: pending
  ⏳ expVV: pending
  ⏳ expYY2: pending
[Sat Apr 25 02:59:48 AM CST 2026] Waiting... 4 results still missing
  ⏳ expWW: pending
  ⏳ expXX: pending
  ⏳ expVV: pending
  ⏳ expYY2: pending
[Sat Apr 25 03:01:48 AM CST 2026] Waiting... 4 results still missing
  ⏳ expWW: pending
  ⏳ expXX: pending
  ⏳ expVV: pending
  ⏳ expYY2: pending
[Sat Apr 25 03:03:48 AM CST 2026] Waiting... 4 results still missing
  ⏳ expWW: pending
  ⏳ expXX: pending
  ⏳ expVV: pending
  ⏳ expYY2: pending
[Sat Apr 25 03:05:48 AM CST 2026] Waiting... 4 results still missing
  ⏳ expWW: pending
  ⏳ expXX: pending
  ⏳ expVV: pending
  ⏳ expYY2: pending
[Sat Apr 25 03:07:48 AM CST 2026] Waiting... 4 results still missing
  ⏳ expWW: pending
  ⏳ expXX: pending
  ⏳ expVV: pending
  ⏳ expYY2: pending
[Sat Apr 25 03:09:49 AM CST 2026] Waiting... 4 results still missing
  ⏳ expWW: pending
  ⏳ expXX: pending
  ⏳ expVV: pending
  ⏳ expYY2: pending
[Sat Apr 25 03:11:49 AM CST 2026] Waiting... 4 results still missing
  ⏳ expWW: pending
  ⏳ expXX: pending
  ⏳ expVV: pending
  ⏳ expYY2: pending
[Sat Apr 25 03:13:49 AM CST 2026] Waiting... 4 results still missing
  ⏳ expWW: pending
  ⏳ expXX: pending
  ⏳ expVV: pending
  ⏳ expYY2: pending
[Sat Apr 25 03:15:49 AM CST 2026] Waiting... 4 results still missing
  ⏳ expWW: pending
  ⏳ expXX: pending
  ⏳ expVV: pending
  ⏳ expYY2: pending
[Sat Apr 25 03:17:49 AM CST 2026] Waiting... 4 results still missing
  ⏳ expWW: pending
  ⏳ expXX: pending
  ⏳ expVV: pending
  ⏳ expYY2: pending
[Sat Apr 25 03:19:49 AM CST 2026] Waiting... 4 results still missing
  ⏳ expWW: pending
  ⏳ expXX: pending
  ⏳ expVV: pending
  ⏳ expYY2: pending
[Sat Apr 25 03:21:49 AM CST 2026] Waiting... 4 results still missing
  ⏳ expWW: pending
  ⏳ expXX: pending
  ⏳ expVV: pending
  ⏳ expYY2: pending
[Sat Apr 25 03:23:49 AM CST 2026] Waiting... 4 results still missing
  ⏳ expWW: pending
  ⏳ expXX: pending
  ⏳ expVV: pending
  ⏳ expYY2: pending
[Sat Apr 25 03:25:49 AM CST 2026] Waiting... 4 results still missing
  ⏳ expWW: pending
  ⏳ expXX: pending
  ⏳ expVV: pending
  ⏳ expYY2: pending
[Sat Apr 25 03:27:49 AM CST 2026] Waiting... 4 results still missing
  ⏳ expWW: pending
  ⏳ expXX: pending
  ⏳ expVV: pending
  ⏳ expYY2: pending
[Sat Apr 25 03:29:49 AM CST 2026] Waiting... 4 results still missing
  ⏳ expWW: pending
  ⏳ expXX: pending
  ⏳ expVV: pending
  ⏳ expYY2: pending
[Sat Apr 25 03:31:49 AM CST 2026] Waiting... 4 results still missing
  ⏳ expWW: pending
  ⏳ expXX: pending
  ⏳ expVV: pending
  ⏳ expYY2: pending
[Sat Apr 25 03:33:49 AM CST 2026] Waiting... 4 results still missing
  ⏳ expWW: pending
  ⏳ expXX: pending
  ⏳ expVV: pending
  ⏳ expYY2: pending
[Sat Apr 25 03:35:49 AM CST 2026] Waiting... 4 results still missing
  ⏳ expWW: pending
  ⏳ expXX: pending
  ⏳ expVV: pending
  ⏳ expYY2: pending
[Sat Apr 25 03:37:49 AM CST 2026] Waiting... 4 results still missing
  ⏳ expWW: pending
  ⏳ expXX: pending
  ⏳ expVV: pending
  ⏳ expYY2: pending
[Sat Apr 25 03:39:49 AM CST 2026] Waiting... 4 results still missing
  ⏳ expWW: pending
  ⏳ expXX: pending
  ⏳ expVV: pending
  ⏳ expYY2: pending
[Sat Apr 25 03:41:49 AM CST 2026] Waiting... 4 results still missing
  ⏳ expWW: pending
  ⏳ expXX: pending
  ⏳ expVV: pending
  ⏳ expYY2: pending
[Sat Apr 25 03:43:49 AM CST 2026] Waiting... 4 results still missing
  ⏳ expWW: pending
  ⏳ expXX: pending
  ⏳ expVV: pending
  ⏳ expYY2: pending
[Sat Apr 25 03:45:50 AM CST 2026] Waiting... 4 results still missing
  ⏳ expWW: pending
  ⏳ expXX: pending
  ⏳ expVV: pending
  ⏳ expYY2: pending
[Sat Apr 25 03:47:50 AM CST 2026] Waiting... 4 results still missing
  ⏳ expWW: pending
  ⏳ expXX: pending
  ⏳ expVV: pending
  ⏳ expYY2: pending
[Sat Apr 25 03:49:50 AM CST 2026] Waiting... 4 results still missing
  ⏳ expWW: pending
  ⏳ expXX: pending
  ⏳ expVV: pending
  ⏳ expYY2: pending
[Sat Apr 25 03:51:50 AM CST 2026] Waiting... 4 results still missing
  ⏳ expWW: pending
  ⏳ expXX: pending
  ⏳ expVV: pending
  ⏳ expYY2: pending
[Sat Apr 25 03:53:50 AM CST 2026] Waiting... 4 results still missing
  ⏳ expWW: pending
  ⏳ expXX: pending
  ⏳ expVV: pending
  ⏳ expYY2: pending
[Sat Apr 25 03:55:50 AM CST 2026] Waiting... 4 results still missing
  ⏳ expWW: pending
  ⏳ expXX: pending
  ⏳ expVV: pending
  ⏳ expYY2: pending
[Sat Apr 25 03:57:50 AM CST 2026] Waiting... 4 results still missing
  ⏳ expWW: pending
  ⏳ expXX: pending
  ⏳ expVV: pending
  ⏳ expYY2: pending
[Sat Apr 25 03:59:50 AM CST 2026] Waiting... 4 results still missing
  ⏳ expWW: pending
  ⏳ expXX: pending
  ⏳ expVV: pending
  ⏳ expYY2: pending
[Sat Apr 25 04:01:50 AM CST 2026] Waiting... 4 results still missing
  ⏳ expWW: pending
  ⏳ expXX: pending
  ⏳ expVV: pending
  ⏳ expYY2: pending
[Sat Apr 25 04:03:50 AM CST 2026] Waiting... 4 results still missing
  ⏳ expWW: pending
  ⏳ expXX: pending
  ⏳ expVV: pending
  ⏳ expYY2: pending
[Sat Apr 25 04:05:50 AM CST 2026] Waiting... 4 results still missing
  ⏳ expWW: pending
  ⏳ expXX: pending
  ⏳ expVV: pending
  ⏳ expYY2: pending
[Sat Apr 25 04:07:50 AM CST 2026] Waiting... 4 results still missing
  ⏳ expWW: pending
  ⏳ expXX: pending
  ⏳ expVV: pending
  ⏳ expYY2: pending
[Sat Apr 25 04:09:50 AM CST 2026] Waiting... 4 results still missing
  ⏳ expWW: pending
  ⏳ expXX: pending
  ⏳ expVV: pending
  ⏳ expYY2: pending
[Sat Apr 25 04:11:50 AM CST 2026] Waiting... 4 results still missing
  ⏳ expWW: pending
  ⏳ expXX: pending
  ⏳ expVV: pending
  ⏳ expYY2: pending
[Sat Apr 25 04:13:50 AM CST 2026] Waiting... 4 results still missing
  ⏳ expWW: pending
  ⏳ expXX: pending
  ⏳ expVV: pending
  ⏳ expYY2: pending
[Sat Apr 25 04:15:50 AM CST 2026] Waiting... 4 results still missing
  ⏳ expWW: pending
  ⏳ expXX: pending
  ⏳ expVV: pending
  ⏳ expYY2: pending
[Sat Apr 25 04:17:50 AM CST 2026] Waiting... 4 results still missing
  ⏳ expWW: pending
  ⏳ expXX: pending
  ⏳ expVV: pending
  ⏳ expYY2: pending
[Sat Apr 25 04:19:50 AM CST 2026] Waiting... 4 results still missing
  ⏳ expWW: pending
  ⏳ expXX: pending
  ⏳ expVV: pending
  ⏳ expYY2: pending
[Sat Apr 25 04:21:50 AM CST 2026] Waiting... 4 results still missing
  ⏳ expWW: pending
  ⏳ expXX: pending
  ⏳ expVV: pending
  ⏳ expYY2: pending
[Sat Apr 25 04:23:51 AM CST 2026] Waiting... 4 results still missing
  ⏳ expWW: pending
  ⏳ expXX: pending
  ⏳ expVV: pending
  ⏳ expYY2: pending
[Sat Apr 25 04:25:51 AM CST 2026] Waiting... 4 results still missing
  ⏳ expWW: pending
  ⏳ expXX: pending
  ⏳ expVV: pending
  ⏳ expYY2: pending
[Sat Apr 25 04:27:51 AM CST 2026] Waiting... 4 results still missing
  ⏳ expWW: pending
  ⏳ expXX: pending
  ⏳ expVV: pending
  ⏳ expYY2: pending
[Sat Apr 25 04:29:51 AM CST 2026] Waiting... 4 results still missing
  ⏳ expWW: pending
  ⏳ expXX: pending
  ⏳ expVV: pending
  ⏳ expYY2: pending
[Sat Apr 25 04:31:51 AM CST 2026] Waiting... 4 results still missing
  ⏳ expWW: pending
  ⏳ expXX: pending
  ⏳ expVV: pending
  ⏳ expYY2: pending
[Sat Apr 25 04:33:51 AM CST 2026] Waiting... 4 results still missing
  ⏳ expWW: pending
  ⏳ expXX: pending
  ⏳ expVV: pending
  ⏳ expYY2: pending
[Sat Apr 25 04:35:51 AM CST 2026] Waiting... 4 results still missing
  ⏳ expWW: pending
  ⏳ expXX: pending
  ⏳ expVV: pending
  ⏳ expYY2: pending
[Sat Apr 25 04:37:51 AM CST 2026] Waiting... 4 results still missing
  ⏳ expWW: pending
  ⏳ expXX: pending
  ⏳ expVV: pending
  ⏳ expYY2: pending
[Sat Apr 25 04:39:51 AM CST 2026] Waiting... 4 results still missing
  ⏳ expWW: pending
  ⏳ expXX: pending
  ⏳ expVV: pending
  ⏳ expYY2: pending
[Sat Apr 25 04:41:51 AM CST 2026] Waiting... 4 results still missing
  ⏳ expWW: pending
  ⏳ expXX: pending
  ⏳ expVV: pending
  ⏳ expYY2: pending
[Sat Apr 25 04:43:51 AM CST 2026] Waiting... 4 results still missing
  ⏳ expWW: pending
  ⏳ expXX: pending
  ⏳ expVV: pending
  ⏳ expYY2: pending
[Sat Apr 25 04:45:51 AM CST 2026] Waiting... 4 results still missing
  ⏳ expWW: pending
  ⏳ expXX: pending
  ⏳ expVV: pending
  ⏳ expYY2: pending
[Sat Apr 25 04:47:51 AM CST 2026] Waiting... 3 results still missing
  ⏳ expWW: pending
  ⏳ expXX: pending
  ✓ expVV: F1=0.0
  ⏳ expYY2: pending
[Sat Apr 25 04:49:51 AM CST 2026] Waiting... 3 results still missing
  ⏳ expWW: pending
  ⏳ expXX: pending
  ✓ expVV: F1=0.0
  ⏳ expYY2: pending
[Sat Apr 25 04:51:51 AM CST 2026] Waiting... 3 results still missing
  ⏳ expWW: pending
  ⏳ expXX: pending
  ✓ expVV: F1=0.0
  ⏳ expYY2: pending
[Sat Apr 25 04:53:52 AM CST 2026] Waiting... 3 results still missing
  ⏳ expWW: pending
  ⏳ expXX: pending
  ✓ expVV: F1=0.0
  ⏳ expYY2: pending
[Sat Apr 25 04:55:52 AM CST 2026] Waiting... 3 results still missing
  ⏳ expWW: pending
  ⏳ expXX: pending
  ✓ expVV: F1=0.0
  ⏳ expYY2: pending
[Sat Apr 25 04:57:52 AM CST 2026] Waiting... 3 results still missing
  ⏳ expWW: pending
  ⏳ expXX: pending
  ✓ expVV: F1=0.0
  ⏳ expYY2: pending
[Sat Apr 25 04:59:52 AM CST 2026] Waiting... 3 results still missing
  ⏳ expWW: pending
  ⏳ expXX: pending
  ✓ expVV: F1=0.0
  ⏳ expYY2: pending
[Sat Apr 25 05:01:52 AM CST 2026] Waiting... 3 results still missing
  ⏳ expWW: pending
  ⏳ expXX: pending
  ✓ expVV: F1=0.0
  ⏳ expYY2: pending
[Sat Apr 25 05:03:52 AM CST 2026] Waiting... 3 results still missing
  ⏳ expWW: pending
  ⏳ expXX: pending
  ✓ expVV: F1=0.0
  ⏳ expYY2: pending
[Sat Apr 25 05:05:52 AM CST 2026] Waiting... 2 results still missing
  ⏳ expWW: pending
  ✓ expXX: F1=0.0
  ✓ expVV: F1=0.0
  ⏳ expYY2: pending
[Sat Apr 25 05:07:52 AM CST 2026] Waiting... 2 results still missing
  ⏳ expWW: pending
  ✓ expXX: F1=0.0
  ✓ expVV: F1=0.0
  ⏳ expYY2: pending
[Sat Apr 25 05:09:53 AM CST 2026] Waiting... 2 results still missing
  ⏳ expWW: pending
  ✓ expXX: F1=0.0
  ✓ expVV: F1=0.0
  ⏳ expYY2: pending
[Sat Apr 25 05:11:53 AM CST 2026] Waiting... 2 results still missing
  ⏳ expWW: pending
  ✓ expXX: F1=0.0
  ✓ expVV: F1=0.0
  ⏳ expYY2: pending
[Sat Apr 25 05:13:53 AM CST 2026] Waiting... 2 results still missing
  ⏳ expWW: pending
  ✓ expXX: F1=0.0
  ✓ expVV: F1=0.0
  ⏳ expYY2: pending
[Sat Apr 25 05:15:53 AM CST 2026] Waiting... 2 results still missing
  ⏳ expWW: pending
  ✓ expXX: F1=0.0
  ✓ expVV: F1=0.0
  ⏳ expYY2: pending
[Sat Apr 25 05:17:53 AM CST 2026] Waiting... 1 results still missing
  ✓ expWW: F1=0.0
  ✓ expXX: F1=0.0
  ✓ expVV: F1=0.0
  ⏳ expYY2: pending
[Sat Apr 25 05:19:53 AM CST 2026] Waiting... 1 results still missing
  ✓ expWW: F1=0.0
  ✓ expXX: F1=0.0
  ✓ expVV: F1=0.0
  ⏳ expYY2: pending
[Sat Apr 25 05:21:54 AM CST 2026] Waiting... 1 results still missing
  ✓ expWW: F1=0.0
  ✓ expXX: F1=0.0
  ✓ expVV: F1=0.0
  ⏳ expYY2: pending
[Sat Apr 25 05:23:54 AM CST 2026] Waiting... 1 results still missing
  ✓ expWW: F1=0.0
  ✓ expXX: F1=0.0
  ✓ expVV: F1=0.0
  ⏳ expYY2: pending
[Sat Apr 25 05:25:54 AM CST 2026] Waiting... 1 results still missing
  ✓ expWW: F1=0.0
  ✓ expXX: F1=0.0
  ✓ expVV: F1=0.0
  ⏳ expYY2: pending
[Sat Apr 25 05:27:54 AM CST 2026] Waiting... 1 results still missing
  ✓ expWW: F1=0.0
  ✓ expXX: F1=0.0
  ✓ expVV: F1=0.0
  ⏳ expYY2: pending
[Sat Apr 25 05:29:55 AM CST 2026] Waiting... 1 results still missing
  ✓ expWW: F1=0.0
  ✓ expXX: F1=0.0
  ✓ expVV: F1=0.0
  ⏳ expYY2: pending
[Sat Apr 25 05:31:55 AM CST 2026] Waiting... 1 results still missing
  ✓ expWW: F1=0.0
  ✓ expXX: F1=0.0
  ✓ expVV: F1=0.0
  ⏳ expYY2: pending
[Sat Apr 25 05:33:55 AM CST 2026] Waiting... 1 results still missing
  ✓ expWW: F1=0.0
  ✓ expXX: F1=0.0
  ✓ expVV: F1=0.0
  ⏳ expYY2: pending
[Sat Apr 25 05:35:55 AM CST 2026] All Batch 6 evals complete!
launch_batch7.sh: error reading input file: No such file or directory
