[Fri Apr 24 07:20:25 PM CST 2026] 开始监控训练进度...
[Fri Apr 24 07:20:25 PM CST 2026] ⏭ expA: 评测已完成
[Fri Apr 24 07:20:25 PM CST 2026] ⏭ expB: 评测已完成
[Fri Apr 24 07:20:25 PM CST 2026] ⏭ expC: 评测已完成
[Fri Apr 24 07:20:25 PM CST 2026] ⏭ expD: 评测已完成
[Fri Apr 24 07:20:25 PM CST 2026] ⏭ expE: 评测已完成
[Fri Apr 24 07:20:25 PM CST 2026] ⏭ expF2: 评测已完成
[Fri Apr 24 07:20:25 PM CST 2026] ⏭ expG2: 评测已完成
[Fri Apr 24 07:20:25 PM CST 2026] ⏳ expX: step=192/282
[Fri Apr 24 07:20:25 PM CST 2026] ⏳ expY: step=38/160
[Fri Apr 24 07:20:25 PM CST 2026] ⏳ expZ: step=38/160
[Fri Apr 24 07:20:25 PM CST 2026] ⏳ expW: step=10/160
[Fri Apr 24 07:20:25 PM CST 2026] ⏳ expU: step=10/160
[Fri Apr 24 07:20:25 PM CST 2026] ⏳ expT: step=9/171
[Fri Apr 24 07:20:25 PM CST 2026] ⏳ expV: step=8/342
[Fri Apr 24 07:20:25 PM CST 2026] ⏳ expS: step=0/128
[Fri Apr 24 07:21:26 PM CST 2026] ⏳ expX: step=197/282
[Fri Apr 24 07:21:26 PM CST 2026] ⏳ expY: step=44/160
[Fri Apr 24 07:21:26 PM CST 2026] ⏳ expZ: step=44/160
[Fri Apr 24 07:21:26 PM CST 2026] ⏳ expW: step=15/160
[Fri Apr 24 07:21:26 PM CST 2026] ⏳ expU: step=15/160
[Fri Apr 24 07:21:26 PM CST 2026] ⏳ expT: step=14/171
[Fri Apr 24 07:21:26 PM CST 2026] ⏳ expV: step=13/342
[Fri Apr 24 07:21:26 PM CST 2026] ⏳ expS: step=6/128
[Fri Apr 24 07:22:26 PM CST 2026] ⏳ expX: step=202/282
[Fri Apr 24 07:22:26 PM CST 2026] ⏳ expY: step=49/160
[Fri Apr 24 07:22:26 PM CST 2026] ⏳ expZ: step=49/160
[Fri Apr 24 07:22:26 PM CST 2026] ⏳ expW: step=20/160
[Fri Apr 24 07:22:26 PM CST 2026] ⏳ expU: step=20/160
[Fri Apr 24 07:22:26 PM CST 2026] ⏳ expT: step=19/171
[Fri Apr 24 07:22:26 PM CST 2026] ⏳ expV: step=18/342
[Fri Apr 24 07:22:26 PM CST 2026] ⏳ expS: step=11/128
[Fri Apr 24 07:23:26 PM CST 2026] ⏳ expX: step=207/282
[Fri Apr 24 07:23:27 PM CST 2026] ⏳ expY: step=54/160
[Fri Apr 24 07:23:27 PM CST 2026] ⏳ expZ: step=54/160
[Fri Apr 24 07:23:27 PM CST 2026] ⏳ expW: step=26/160
[Fri Apr 24 07:23:27 PM CST 2026] ⏳ expU: step=25/160
[Fri Apr 24 07:23:27 PM CST 2026] ⏳ expT: step=24/171
[Fri Apr 24 07:23:27 PM CST 2026] ⏳ expV: step=23/342
[Fri Apr 24 07:23:27 PM CST 2026] ⏳ expS: step=17/128
[Fri Apr 24 07:24:27 PM CST 2026] ⏳ expX: step=211/282
[Fri Apr 24 07:24:27 PM CST 2026] ⏳ expY: step=60/160
[Fri Apr 24 07:24:27 PM CST 2026] ⏳ expZ: step=60/160
[Fri Apr 24 07:24:27 PM CST 2026] ⏳ expW: step=32/160
[Fri Apr 24 07:24:27 PM CST 2026] ⏳ expU: step=32/160
[Fri Apr 24 07:24:27 PM CST 2026] ⏳ expT: step=29/171
[Fri Apr 24 07:24:27 PM CST 2026] ⏳ expV: step=27/342
[Fri Apr 24 07:24:28 PM CST 2026] ⏳ expS: step=23/128
[Fri Apr 24 07:25:28 PM CST 2026] ⏳ expX: step=216/282
[Fri Apr 24 07:25:28 PM CST 2026] ⏳ expY: step=66/160
[Fri Apr 24 07:25:28 PM CST 2026] ⏳ expZ: step=66/160
[Fri Apr 24 07:25:28 PM CST 2026] ⏳ expW: step=37/160
[Fri Apr 24 07:25:28 PM CST 2026] ⏳ expU: step=36/160
[Fri Apr 24 07:25:28 PM CST 2026] ⏳ expT: step=34/171
[Fri Apr 24 07:25:28 PM CST 2026] ⏳ expV: step=32/342
[Fri Apr 24 07:25:28 PM CST 2026] ⏳ expS: step=29/128
[Fri Apr 24 07:26:28 PM CST 2026] ⏳ expX: step=221/282
[Fri Apr 24 07:26:28 PM CST 2026] ⏳ expY: step=72/160
[Fri Apr 24 07:26:28 PM CST 2026] ⏳ expZ: step=71/160
[Fri Apr 24 07:26:28 PM CST 2026] ⏳ expW: step=42/160
[Fri Apr 24 07:26:28 PM CST 2026] ⏳ expU: step=41/160
[Fri Apr 24 07:26:29 PM CST 2026] ⏳ expT: step=39/171
[Fri Apr 24 07:26:29 PM CST 2026] ⏳ expV: step=37/342
[Fri Apr 24 07:26:29 PM CST 2026] ⏳ expS: step=36/128
[Fri Apr 24 07:27:29 PM CST 2026] ⏳ expX: step=226/282
[Fri Apr 24 07:27:29 PM CST 2026] ⏳ expY: step=77/160
[Fri Apr 24 07:27:29 PM CST 2026] ⏳ expZ: step=77/160
[Fri Apr 24 07:27:29 PM CST 2026] ⏳ expW: step=48/160
[Fri Apr 24 07:27:29 PM CST 2026] ⏳ expU: step=47/160
[Fri Apr 24 07:27:29 PM CST 2026] ⏳ expT: step=44/171
[Fri Apr 24 07:27:29 PM CST 2026] ⏳ expV: step=41/342
[Fri Apr 24 07:27:29 PM CST 2026] ⏳ expS: step=42/128
[Fri Apr 24 07:28:29 PM CST 2026] ⏳ expX: step=231/282
[Fri Apr 24 07:28:29 PM CST 2026] ⏳ expY: step=82/160
[Fri Apr 24 07:28:29 PM CST 2026] ⏳ expZ: step=82/160
[Fri Apr 24 07:28:29 PM CST 2026] ⏳ expW: step=53/160
[Fri Apr 24 07:28:29 PM CST 2026] ⏳ expU: step=53/160
[Fri Apr 24 07:28:29 PM CST 2026] ⏳ expT: step=50/171
[Fri Apr 24 07:28:30 PM CST 2026] ⏳ expV: step=46/342
[Fri Apr 24 07:28:30 PM CST 2026] ⏳ expS: step=48/128
[Fri Apr 24 07:29:30 PM CST 2026] ⏳ expX: step=236/282
[Fri Apr 24 07:29:30 PM CST 2026] ⏳ expY: step=88/160
[Fri Apr 24 07:29:30 PM CST 2026] ⏳ expZ: step=88/160
[Fri Apr 24 07:29:30 PM CST 2026] ⏳ expW: step=59/160
[Fri Apr 24 07:29:30 PM CST 2026] ⏳ expU: step=58/160
[Fri Apr 24 07:29:30 PM CST 2026] ⏳ expT: step=55/171
[Fri Apr 24 07:29:30 PM CST 2026] ⏳ expV: step=51/342
[Fri Apr 24 07:29:30 PM CST 2026] ⏳ expS: step=54/128
[Fri Apr 24 07:30:30 PM CST 2026] ⏳ expX: step=240/282
[Fri Apr 24 07:30:30 PM CST 2026] ⏳ expY: step=93/160
[Fri Apr 24 07:30:30 PM CST 2026] ⏳ expZ: step=93/160
[Fri Apr 24 07:30:31 PM CST 2026] ⏳ expW: step=64/160
[Fri Apr 24 07:30:31 PM CST 2026] ⏳ expU: step=64/160
[Fri Apr 24 07:30:31 PM CST 2026] ⏳ expT: step=60/171
[Fri Apr 24 07:30:31 PM CST 2026] ⏳ expV: step=57/342
[Fri Apr 24 07:30:31 PM CST 2026] ⏳ expS: step=60/128
[Fri Apr 24 07:31:31 PM CST 2026] ⏳ expX: step=245/282
[Fri Apr 24 07:31:32 PM CST 2026] ⏳ expY: step=98/160
[Fri Apr 24 07:31:32 PM CST 2026] ⏳ expZ: step=98/160
[Fri Apr 24 07:31:32 PM CST 2026] ⏳ expW: step=69/160
[Fri Apr 24 07:31:32 PM CST 2026] ⏳ expU: step=69/160
[Fri Apr 24 07:31:32 PM CST 2026] ⏳ expT: step=65/171
[Fri Apr 24 07:31:32 PM CST 2026] ⏳ expV: step=61/342
[Fri Apr 24 07:31:32 PM CST 2026] ⏳ expS: step=66/128
[Fri Apr 24 07:32:32 PM CST 2026] ⏳ expX: step=250/282
[Fri Apr 24 07:32:32 PM CST 2026] ⏳ expY: step=103/160
[Fri Apr 24 07:32:32 PM CST 2026] ⏳ expZ: step=104/160
[Fri Apr 24 07:32:32 PM CST 2026] ⏳ expW: step=74/160
[Fri Apr 24 07:32:33 PM CST 2026] ⏳ expU: step=74/160
[Fri Apr 24 07:32:33 PM CST 2026] ⏳ expT: step=70/171
[Fri Apr 24 07:32:33 PM CST 2026] ⏳ expV: step=66/342
[Fri Apr 24 07:32:33 PM CST 2026] ⏳ expS: step=72/128
[Fri Apr 24 07:33:33 PM CST 2026] ⏳ expX: step=254/282
[Fri Apr 24 07:33:33 PM CST 2026] ⏳ expY: step=109/160
[Fri Apr 24 07:33:33 PM CST 2026] ⏳ expZ: step=109/160
[Fri Apr 24 07:33:33 PM CST 2026] ⏳ expW: step=80/160
[Fri Apr 24 07:33:33 PM CST 2026] ⏳ expU: step=79/160
[Fri Apr 24 07:33:33 PM CST 2026] ⏳ expT: step=75/171
[Fri Apr 24 07:33:33 PM CST 2026] ⏳ expV: step=71/342
[Fri Apr 24 07:33:33 PM CST 2026] ⏳ expS: step=78/128
[Fri Apr 24 07:34:33 PM CST 2026] ⏳ expX: step=259/282
[Fri Apr 24 07:34:33 PM CST 2026] ⏳ expY: step=114/160
[Fri Apr 24 07:34:34 PM CST 2026] ⏳ expZ: step=114/160
[Fri Apr 24 07:34:34 PM CST 2026] ⏳ expW: step=86/160
[Fri Apr 24 07:34:34 PM CST 2026] ⏳ expU: step=85/160
[Fri Apr 24 07:34:34 PM CST 2026] ⏳ expT: step=80/171
[Fri Apr 24 07:34:34 PM CST 2026] ⏳ expV: step=76/342
[Fri Apr 24 07:34:34 PM CST 2026] ⏳ expS: step=85/128
[Fri Apr 24 07:35:34 PM CST 2026] ⏳ expX: step=263/282
[Fri Apr 24 07:35:34 PM CST 2026] ⏳ expY: step=120/160
[Fri Apr 24 07:35:34 PM CST 2026] ⏳ expZ: step=120/160
[Fri Apr 24 07:35:34 PM CST 2026] ⏳ expW: step=91/160
[Fri Apr 24 07:35:34 PM CST 2026] ⏳ expU: step=91/160
[Fri Apr 24 07:35:34 PM CST 2026] ⏳ expT: step=85/171
[Fri Apr 24 07:35:34 PM CST 2026] ⏳ expV: step=80/342
[Fri Apr 24 07:35:34 PM CST 2026] ⏳ expS: step=91/128
[Fri Apr 24 07:36:34 PM CST 2026] ⏳ expX: step=268/282
[Fri Apr 24 07:36:35 PM CST 2026] ⏳ expY: step=125/160
[Fri Apr 24 07:36:35 PM CST 2026] ⏳ expZ: step=125/160
[Fri Apr 24 07:36:35 PM CST 2026] ⏳ expW: step=96/160
[Fri Apr 24 07:36:35 PM CST 2026] ⏳ expU: step=96/160
[Fri Apr 24 07:36:35 PM CST 2026] ⏳ expT: step=91/171
[Fri Apr 24 07:36:35 PM CST 2026] ⏳ expV: step=85/342
[Fri Apr 24 07:36:35 PM CST 2026] ⏳ expS: step=97/128
[Fri Apr 24 07:37:35 PM CST 2026] ⏳ expX: step=273/282
[Fri Apr 24 07:37:35 PM CST 2026] ⏳ expY: step=130/160
[Fri Apr 24 07:37:35 PM CST 2026] ⏳ expZ: step=131/160
[Fri Apr 24 07:37:35 PM CST 2026] ⏳ expW: step=102/160
[Fri Apr 24 07:37:35 PM CST 2026] ⏳ expU: step=102/160
[Fri Apr 24 07:37:35 PM CST 2026] ⏳ expT: step=96/171
[Fri Apr 24 07:37:35 PM CST 2026] ⏳ expV: step=90/342
[Fri Apr 24 07:37:35 PM CST 2026] ⏳ expS: step=103/128
[Fri Apr 24 07:38:35 PM CST 2026] ⏳ expX: step=277/282
[Fri Apr 24 07:38:36 PM CST 2026] ⏳ expY: step=135/160
[Fri Apr 24 07:38:36 PM CST 2026] ⏳ expZ: step=136/160
[Fri Apr 24 07:38:36 PM CST 2026] ⏳ expW: step=107/160
[Fri Apr 24 07:38:36 PM CST 2026] ⏳ expU: step=107/160
[Fri Apr 24 07:38:36 PM CST 2026] ⏳ expT: step=100/171
[Fri Apr 24 07:38:36 PM CST 2026] ⏳ expV: step=95/342
[Fri Apr 24 07:38:36 PM CST 2026] ⏳ expS: step=108/128
[Fri Apr 24 07:39:36 PM CST 2026] ⏳ expX: step=282/282
[Fri Apr 24 07:39:36 PM CST 2026] ⏳ expY: step=141/160
[Fri Apr 24 07:39:36 PM CST 2026] ⏳ expZ: step=141/160
[Fri Apr 24 07:39:36 PM CST 2026] ⏳ expW: step=112/160
[Fri Apr 24 07:39:36 PM CST 2026] ⏳ expU: step=113/160
[Fri Apr 24 07:39:36 PM CST 2026] ⏳ expT: step=106/171
[Fri Apr 24 07:39:36 PM CST 2026] ⏳ expV: step=100/342
[Fri Apr 24 07:39:36 PM CST 2026] ⏳ expS: step=114/128
[Fri Apr 24 07:40:36 PM CST 2026] ✅ expX: 训练完成，启动评测...
[Fri Apr 24 07:40:37 PM CST 2026] 📊 expX: 评测已在 GPU 5 后台启动 (PID=40943)
[Fri Apr 24 07:40:37 PM CST 2026] ⏳ expY: step=147/160
[Fri Apr 24 07:40:37 PM CST 2026] ⏳ expZ: step=147/160
[Fri Apr 24 07:40:37 PM CST 2026] ⏳ expW: step=118/160
[Fri Apr 24 07:40:37 PM CST 2026] ⏳ expU: step=118/160
[Fri Apr 24 07:40:37 PM CST 2026] ⏳ expT: step=111/171
[Fri Apr 24 07:40:37 PM CST 2026] ⏳ expV: step=105/342
[Fri Apr 24 07:40:37 PM CST 2026] ⏳ expS: step=120/128
[Fri Apr 24 07:41:37 PM CST 2026] ⏳ expY: step=152/160
[Fri Apr 24 07:41:37 PM CST 2026] ⏳ expZ: step=152/160
[Fri Apr 24 07:41:37 PM CST 2026] ⏳ expW: step=123/160
[Fri Apr 24 07:41:37 PM CST 2026] ⏳ expU: step=124/160
[Fri Apr 24 07:41:37 PM CST 2026] ⏳ expT: step=116/171
[Fri Apr 24 07:41:37 PM CST 2026] ⏳ expV: step=109/342
[Fri Apr 24 07:41:38 PM CST 2026] ⏳ expS: step=127/128
[Fri Apr 24 07:42:38 PM CST 2026] ⏳ expY: step=157/160
[Fri Apr 24 07:42:38 PM CST 2026] ⏳ expZ: step=158/160
[Fri Apr 24 07:42:38 PM CST 2026] ⏳ expW: step=128/160
[Fri Apr 24 07:42:38 PM CST 2026] ⏳ expU: step=129/160
[Fri Apr 24 07:42:38 PM CST 2026] ⏳ expT: step=122/171
[Fri Apr 24 07:42:38 PM CST 2026] ⏳ expV: step=114/342
[Fri Apr 24 07:42:38 PM CST 2026] ✅ expS: 训练完成，启动评测...
[Fri Apr 24 07:42:38 PM CST 2026] 📊 expS: 评测已在 GPU 7 后台启动 (PID=42105)
[Fri Apr 24 07:43:38 PM CST 2026] ✅ expY: 训练完成，启动评测...
[Fri Apr 24 07:43:38 PM CST 2026] 📊 expY: 评测已在 GPU 4 后台启动 (PID=42701)
[Fri Apr 24 07:43:38 PM CST 2026] ✅ expZ: 训练完成，启动评测...
[Fri Apr 24 07:43:38 PM CST 2026] 📊 expZ: 评测已在 GPU 0 后台启动 (PID=42706)
[Fri Apr 24 07:43:38 PM CST 2026] ⏳ expW: step=134/160
[Fri Apr 24 07:43:38 PM CST 2026] ⏳ expU: step=134/160
[Fri Apr 24 07:43:38 PM CST 2026] ⏳ expT: step=126/171
[Fri Apr 24 07:43:38 PM CST 2026] ⏳ expV: step=119/342
[Fri Apr 24 07:44:39 PM CST 2026] ⏳ expW: step=139/160
[Fri Apr 24 07:44:39 PM CST 2026] ⏳ expU: step=139/160
[Fri Apr 24 07:44:39 PM CST 2026] ⏳ expT: step=131/171
[Fri Apr 24 07:44:40 PM CST 2026] ⏳ expV: step=124/342
[Fri Apr 24 07:45:40 PM CST 2026] ⏳ expW: step=144/160
[Fri Apr 24 07:45:40 PM CST 2026] ⏳ expU: step=145/160
[Fri Apr 24 07:45:40 PM CST 2026] ⏳ expT: step=136/171
[Fri Apr 24 07:45:40 PM CST 2026] ⏳ expV: step=128/342
[Fri Apr 24 07:46:40 PM CST 2026] ⏳ expW: step=149/160
[Fri Apr 24 07:46:40 PM CST 2026] ⏳ expU: step=151/160
[Fri Apr 24 07:46:40 PM CST 2026] ⏳ expT: step=141/171
[Fri Apr 24 07:46:40 PM CST 2026] ⏳ expV: step=133/342
[Fri Apr 24 07:47:40 PM CST 2026] ⏳ expW: step=155/160
[Fri Apr 24 07:47:40 PM CST 2026] ⏳ expU: step=156/160
[Fri Apr 24 07:47:40 PM CST 2026] ⏳ expT: step=147/171
[Fri Apr 24 07:47:41 PM CST 2026] ⏳ expV: step=138/342
[Fri Apr 24 07:48:41 PM CST 2026] ✅ expW: 训练完成，启动评测...
[Fri Apr 24 07:48:41 PM CST 2026] 📊 expW: 评测已在 GPU 1 后台启动 (PID=46828)
[Fri Apr 24 07:48:41 PM CST 2026] ✅ expU: 训练完成，启动评测...
[Fri Apr 24 07:48:41 PM CST 2026] 📊 expU: 评测已在 GPU 2 后台启动 (PID=46832)
[Fri Apr 24 07:48:41 PM CST 2026] ⏳ expT: step=151/171
[Fri Apr 24 07:48:41 PM CST 2026] ⏳ expV: step=143/342
[Fri Apr 24 07:48:41 PM CST 2026] 🎯 expX: 评测完成 F1=0.133
[Fri Apr 24 07:49:41 PM CST 2026] ⏳ expT: step=156/171
[Fri Apr 24 07:49:41 PM CST 2026] ⏳ expV: step=148/342
[Fri Apr 24 07:50:41 PM CST 2026] ⏳ expT: step=161/171
[Fri Apr 24 07:50:41 PM CST 2026] ⏳ expV: step=152/342
[Fri Apr 24 07:51:41 PM CST 2026] ⏳ expT: step=166/171
[Fri Apr 24 07:51:41 PM CST 2026] ⏳ expV: step=157/342
[Fri Apr 24 07:52:42 PM CST 2026] ⏳ expT: step=171/171
[Fri Apr 24 07:52:42 PM CST 2026] ⏳ expV: step=162/342
[Fri Apr 24 07:52:42 PM CST 2026] 🎯 expZ: 评测完成 F1=0.174
[Fri Apr 24 07:53:42 PM CST 2026] ✅ expT: 训练完成，启动评测...
[Fri Apr 24 07:53:42 PM CST 2026] 📊 expT: 评测已在 GPU 6 后台启动 (PID=49791)
[Fri Apr 24 07:53:42 PM CST 2026] ⏳ expV: step=166/342
[Fri Apr 24 07:54:42 PM CST 2026] ⏳ expV: step=171/342
[Fri Apr 24 07:54:42 PM CST 2026] 🎯 expY: 评测完成 F1=0.144
[Fri Apr 24 07:55:42 PM CST 2026] ⏳ expV: step=176/342
[Fri Apr 24 07:56:42 PM CST 2026] ⏳ expV: step=181/342
[Fri Apr 24 07:57:42 PM CST 2026] ⏳ expV: step=185/342
[Fri Apr 24 07:57:42 PM CST 2026] 🎯 expU: 评测完成 F1=0.129
[Fri Apr 24 07:58:43 PM CST 2026] ⏳ expV: step=190/342
[Fri Apr 24 07:58:43 PM CST 2026] 🎯 expW: 评测完成 F1=0.134
[Fri Apr 24 07:59:43 PM CST 2026] ⏳ expV: step=195/342
[Fri Apr 24 08:00:43 PM CST 2026] ⏳ expV: step=200/342
[Fri Apr 24 08:01:43 PM CST 2026] ⏳ expV: step=205/342
[Fri Apr 24 08:02:43 PM CST 2026] ⏳ expV: step=210/342
[Fri Apr 24 08:03:43 PM CST 2026] ⏳ expV: step=214/342
[Fri Apr 24 08:04:43 PM CST 2026] ⏳ expV: step=219/342
[Fri Apr 24 08:05:43 PM CST 2026] ⏳ expV: step=224/342
[Fri Apr 24 08:05:43 PM CST 2026] 🎯 expS: 评测完成 F1=0.133
[Fri Apr 24 08:06:43 PM CST 2026] ⏳ expV: step=228/342
[Fri Apr 24 08:07:44 PM CST 2026] ⏳ expV: step=233/342
[Fri Apr 24 08:08:44 PM CST 2026] ⏳ expV: step=237/342
[Fri Apr 24 08:10:37 PM CST 2026] 开始监控训练进度...
[Fri Apr 24 08:10:37 PM CST 2026] ⏭ expA: 评测已完成
[Fri Apr 24 08:10:37 PM CST 2026] ⏭ expB: 评测已完成
[Fri Apr 24 08:10:37 PM CST 2026] ⏭ expC: 评测已完成
[Fri Apr 24 08:10:37 PM CST 2026] ⏭ expD: 评测已完成
[Fri Apr 24 08:10:37 PM CST 2026] ⏭ expE: 评测已完成
[Fri Apr 24 08:10:37 PM CST 2026] ⏭ expF2: 评测已完成
[Fri Apr 24 08:10:37 PM CST 2026] ⏭ expG2: 评测已完成
[Fri Apr 24 08:10:38 PM CST 2026] ⏭ expX: 评测已完成
[Fri Apr 24 08:10:38 PM CST 2026] ⏭ expY: 评测已完成
[Fri Apr 24 08:10:38 PM CST 2026] ⏭ expZ: 评测已完成
[Fri Apr 24 08:10:38 PM CST 2026] ⏭ expW: 评测已完成
[Fri Apr 24 08:10:38 PM CST 2026] ⏭ expU: 评测已完成
[Fri Apr 24 08:10:38 PM CST 2026] ✅ expT: 训练完成，启动评测...
[Fri Apr 24 08:10:38 PM CST 2026] 📊 expT: 评测已在 GPU 6 后台启动 (PID=54774)
[Fri Apr 24 08:10:38 PM CST 2026] ⏳ expV: step=247/342
[Fri Apr 24 08:10:38 PM CST 2026] ⏭ expS: 评测已完成
[Fri Apr 24 08:10:38 PM CST 2026] ⏳ expAA: step=0/150
[Fri Apr 24 08:10:38 PM CST 2026] ⏳ expBB: step=0/180
[Fri Apr 24 08:10:38 PM CST 2026] ⏳ expCC: step=0/160
[Fri Apr 24 08:10:38 PM CST 2026] ⏳ expDD: step=0/160
[Fri Apr 24 08:10:38 PM CST 2026] 🎯 expT: 评测完成 F1=0.082
[Fri Apr 24 08:11:38 PM CST 2026] ⏳ expV: step=252/342
[Fri Apr 24 08:11:38 PM CST 2026] ⏳ expAA: step=2/150
[Fri Apr 24 08:11:38 PM CST 2026] ⏳ expBB: step=2/180
[Fri Apr 24 08:11:38 PM CST 2026] ⏳ expCC: step=6/160
[Fri Apr 24 08:11:38 PM CST 2026] ⏳ expDD: step=6/160
[Fri Apr 24 08:12:38 PM CST 2026] ⏳ expV: step=256/342
[Fri Apr 24 08:12:39 PM CST 2026] ⏳ expAA: step=4/150
[Fri Apr 24 08:12:39 PM CST 2026] ⏳ expBB: step=4/180
[Fri Apr 24 08:12:39 PM CST 2026] ⏳ expCC: step=11/160
[Fri Apr 24 08:12:39 PM CST 2026] ⏳ expDD: step=11/160
[Fri Apr 24 08:13:39 PM CST 2026] ⏳ expV: step=261/342
[Fri Apr 24 08:13:39 PM CST 2026] ⏳ expAA: step=7/150
[Fri Apr 24 08:13:39 PM CST 2026] ⏳ expBB: step=7/180
[Fri Apr 24 08:13:39 PM CST 2026] ⏳ expCC: step=16/160
[Fri Apr 24 08:13:39 PM CST 2026] ⏳ expDD: step=16/160
[Fri Apr 24 08:14:39 PM CST 2026] ⏳ expV: step=266/342
[Fri Apr 24 08:14:39 PM CST 2026] ⏳ expAA: step=9/150
[Fri Apr 24 08:14:39 PM CST 2026] ⏳ expBB: step=9/180
[Fri Apr 24 08:14:39 PM CST 2026] ⏳ expCC: step=21/160
[Fri Apr 24 08:14:39 PM CST 2026] ⏳ expDD: step=21/160
[Fri Apr 24 08:15:39 PM CST 2026] ⏳ expV: step=271/342
[Fri Apr 24 08:15:39 PM CST 2026] ⏳ expAA: step=12/150
[Fri Apr 24 08:15:39 PM CST 2026] ⏳ expBB: step=11/180
[Fri Apr 24 08:15:39 PM CST 2026] ⏳ expCC: step=27/160
[Fri Apr 24 08:15:39 PM CST 2026] ⏳ expDD: step=26/160
[Fri Apr 24 08:16:46 PM CST 2026] 开始监控训练进度...
[Fri Apr 24 08:16:46 PM CST 2026] ⏭ expA: 评测已完成
[Fri Apr 24 08:16:46 PM CST 2026] ⏭ expB: 评测已完成
[Fri Apr 24 08:16:46 PM CST 2026] ⏭ expC: 评测已完成
[Fri Apr 24 08:16:46 PM CST 2026] ⏭ expD: 评测已完成
[Fri Apr 24 08:16:46 PM CST 2026] ⏭ expE: 评测已完成
[Fri Apr 24 08:16:46 PM CST 2026] ⏭ expF2: 评测已完成
[Fri Apr 24 08:16:46 PM CST 2026] ⏭ expG2: 评测已完成
[Fri Apr 24 08:16:46 PM CST 2026] ⏭ expX: 评测已完成
[Fri Apr 24 08:16:46 PM CST 2026] ⏭ expY: 评测已完成
[Fri Apr 24 08:16:46 PM CST 2026] ⏭ expZ: 评测已完成
[Fri Apr 24 08:16:46 PM CST 2026] ⏭ expW: 评测已完成
[Fri Apr 24 08:16:46 PM CST 2026] ⏭ expU: 评测已完成
[Fri Apr 24 08:16:46 PM CST 2026] ⏭ expT: 评测已完成
[Fri Apr 24 08:16:46 PM CST 2026] ⏳ expV: step=276/342
[Fri Apr 24 08:16:46 PM CST 2026] ⏭ expS: 评测已完成
[Fri Apr 24 08:16:46 PM CST 2026] ⏳ expAA: step=14/150
[Fri Apr 24 08:16:46 PM CST 2026] ⏳ expBB: step=13/180
[Fri Apr 24 08:16:46 PM CST 2026] ⏳ expCC: step=33/160
[Fri Apr 24 08:16:46 PM CST 2026] ⏳ expDD: step=32/160
[Fri Apr 24 08:16:47 PM CST 2026] ⏳ expFF: step=2/220
[Fri Apr 24 08:16:47 PM CST 2026] ⏳ expGG: step=2/320
[Fri Apr 24 08:17:47 PM CST 2026] ⏳ expV: step=281/342
[Fri Apr 24 08:17:47 PM CST 2026] ⏳ expAA: step=17/150
[Fri Apr 24 08:17:47 PM CST 2026] ⏳ expBB: step=16/180
[Fri Apr 24 08:17:47 PM CST 2026] ⏳ expCC: step=39/160
[Fri Apr 24 08:17:47 PM CST 2026] ⏳ expDD: step=37/160
[Fri Apr 24 08:17:47 PM CST 2026] ⏳ expFF: step=8/220
[Fri Apr 24 08:17:47 PM CST 2026] ⏳ expGG: step=7/320
[Fri Apr 24 08:18:47 PM CST 2026] ⏳ expV: step=286/342
[Fri Apr 24 08:18:47 PM CST 2026] ⏳ expAA: step=19/150
[Fri Apr 24 08:18:47 PM CST 2026] ⏳ expBB: step=18/180
[Fri Apr 24 08:18:47 PM CST 2026] ⏳ expCC: step=44/160
[Fri Apr 24 08:18:47 PM CST 2026] ⏳ expDD: step=43/160
[Fri Apr 24 08:18:47 PM CST 2026] ⏳ expFF: step=13/220
[Fri Apr 24 08:18:47 PM CST 2026] ⏳ expGG: step=12/320
[Fri Apr 24 08:19:47 PM CST 2026] ⏳ expV: step=291/342
[Fri Apr 24 08:19:47 PM CST 2026] ⏳ expAA: step=22/150
[Fri Apr 24 08:19:47 PM CST 2026] ⏳ expBB: step=20/180
[Fri Apr 24 08:19:48 PM CST 2026] ⏳ expCC: step=50/160
[Fri Apr 24 08:19:48 PM CST 2026] ⏳ expDD: step=48/160
[Fri Apr 24 08:19:48 PM CST 2026] ⏳ expFF: step=18/220
[Fri Apr 24 08:19:48 PM CST 2026] ⏳ expGG: step=18/320
[Fri Apr 24 08:20:48 PM CST 2026] ⏳ expV: step=296/342
[Fri Apr 24 08:20:48 PM CST 2026] ⏳ expAA: step=25/150
[Fri Apr 24 08:20:48 PM CST 2026] ⏳ expBB: step=22/180
[Fri Apr 24 08:20:48 PM CST 2026] ⏳ expCC: step=55/160
[Fri Apr 24 08:20:48 PM CST 2026] ⏳ expDD: step=54/160
[Fri Apr 24 08:20:48 PM CST 2026] ⏳ expFF: step=24/220
[Fri Apr 24 08:20:48 PM CST 2026] ⏳ expGG: step=23/320
[Fri Apr 24 08:21:48 PM CST 2026] ⏳ expV: step=301/342
[Fri Apr 24 08:21:48 PM CST 2026] ⏳ expAA: step=28/150
[Fri Apr 24 08:21:48 PM CST 2026] ⏳ expBB: step=24/180
[Fri Apr 24 08:21:48 PM CST 2026] ⏳ expCC: step=61/160
[Fri Apr 24 08:21:48 PM CST 2026] ⏳ expDD: step=59/160
[Fri Apr 24 08:21:48 PM CST 2026] ⏳ expFF: step=29/220
[Fri Apr 24 08:21:48 PM CST 2026] ⏳ expGG: step=29/320
[Fri Apr 24 08:22:49 PM CST 2026] ⏳ expV: step=307/342
[Fri Apr 24 08:22:49 PM CST 2026] ⏳ expAA: step=31/150
[Fri Apr 24 08:22:49 PM CST 2026] ⏳ expBB: step=26/180
[Fri Apr 24 08:22:49 PM CST 2026] ⏳ expCC: step=66/160
[Fri Apr 24 08:22:49 PM CST 2026] ⏳ expDD: step=65/160
[Fri Apr 24 08:22:49 PM CST 2026] ⏳ expFF: step=34/220
[Fri Apr 24 08:22:49 PM CST 2026] ⏳ expGG: step=34/320
[Fri Apr 24 08:23:49 PM CST 2026] ⏳ expV: step=312/342
[Fri Apr 24 08:23:49 PM CST 2026] ⏳ expAA: step=33/150
[Fri Apr 24 08:23:49 PM CST 2026] ⏳ expBB: step=29/180
[Fri Apr 24 08:23:49 PM CST 2026] ⏳ expCC: step=71/160
[Fri Apr 24 08:23:49 PM CST 2026] ⏳ expDD: step=70/160
[Fri Apr 24 08:23:49 PM CST 2026] ⏳ expFF: step=40/220
[Fri Apr 24 08:23:49 PM CST 2026] ⏳ expGG: step=39/320
[Fri Apr 24 08:24:49 PM CST 2026] ⏳ expV: step=316/342
[Fri Apr 24 08:24:49 PM CST 2026] ⏳ expAA: step=36/150
[Fri Apr 24 08:24:49 PM CST 2026] ⏳ expBB: step=31/180
[Fri Apr 24 08:24:49 PM CST 2026] ⏳ expCC: step=76/160
[Fri Apr 24 08:24:49 PM CST 2026] ⏳ expDD: step=75/160
[Fri Apr 24 08:24:49 PM CST 2026] ⏳ expFF: step=44/220
[Fri Apr 24 08:24:49 PM CST 2026] ⏳ expGG: step=45/320
[Fri Apr 24 08:25:50 PM CST 2026] ⏳ expV: step=321/342
[Fri Apr 24 08:25:50 PM CST 2026] ⏳ expAA: step=38/150
[Fri Apr 24 08:25:50 PM CST 2026] ⏳ expBB: step=33/180
[Fri Apr 24 08:25:50 PM CST 2026] ⏳ expCC: step=82/160
[Fri Apr 24 08:25:50 PM CST 2026] ⏳ expDD: step=81/160
[Fri Apr 24 08:25:50 PM CST 2026] ⏳ expFF: step=49/220
[Fri Apr 24 08:25:50 PM CST 2026] ⏳ expGG: step=50/320
[Fri Apr 24 08:26:50 PM CST 2026] ⏳ expV: step=326/342
[Fri Apr 24 08:26:50 PM CST 2026] ⏳ expAA: step=41/150
[Fri Apr 24 08:26:50 PM CST 2026] ⏳ expBB: step=36/180
[Fri Apr 24 08:26:50 PM CST 2026] ⏳ expCC: step=88/160
[Fri Apr 24 08:26:50 PM CST 2026] ⏳ expDD: step=86/160
[Fri Apr 24 08:26:50 PM CST 2026] ⏳ expFF: step=54/220
[Fri Apr 24 08:26:50 PM CST 2026] ⏳ expGG: step=55/320
[Fri Apr 24 08:27:50 PM CST 2026] ⏳ expV: step=331/342
[Fri Apr 24 08:27:51 PM CST 2026] ⏳ expAA: step=44/150
[Fri Apr 24 08:27:51 PM CST 2026] ⏳ expBB: step=38/180
[Fri Apr 24 08:27:51 PM CST 2026] ⏳ expCC: step=93/160
[Fri Apr 24 08:27:51 PM CST 2026] ⏳ expDD: step=91/160
[Fri Apr 24 08:27:51 PM CST 2026] ⏳ expFF: step=59/220
[Fri Apr 24 08:27:51 PM CST 2026] ⏳ expGG: step=61/320
[Fri Apr 24 08:28:51 PM CST 2026] ⏳ expV: step=335/342
[Fri Apr 24 08:28:51 PM CST 2026] ⏳ expAA: step=46/150
[Fri Apr 24 08:28:51 PM CST 2026] ⏳ expBB: step=40/180
[Fri Apr 24 08:28:51 PM CST 2026] ⏳ expCC: step=98/160
[Fri Apr 24 08:28:51 PM CST 2026] ⏳ expDD: step=97/160
[Fri Apr 24 08:28:51 PM CST 2026] ⏳ expFF: step=64/220
[Fri Apr 24 08:28:51 PM CST 2026] ⏳ expGG: step=66/320
[Fri Apr 24 08:29:51 PM CST 2026] ⏳ expV: step=340/342
[Fri Apr 24 08:29:51 PM CST 2026] ⏳ expAA: step=48/150
[Fri Apr 24 08:29:52 PM CST 2026] ⏳ expBB: step=43/180
[Fri Apr 24 08:29:52 PM CST 2026] ⏳ expCC: step=103/160
[Fri Apr 24 08:29:52 PM CST 2026] ⏳ expDD: step=102/160
[Fri Apr 24 08:29:52 PM CST 2026] ⏳ expFF: step=69/220
[Fri Apr 24 08:29:52 PM CST 2026] ⏳ expGG: step=72/320
[Fri Apr 24 08:30:52 PM CST 2026] ✅ expV: 训练完成，启动评测...
[Fri Apr 24 08:30:52 PM CST 2026] 📊 expV: 评测已在 GPU 3 后台启动 (PID=60912)
[Fri Apr 24 08:30:52 PM CST 2026] ⏳ expAA: step=51/150
[Fri Apr 24 08:30:52 PM CST 2026] ⏳ expBB: step=45/180
[Fri Apr 24 08:30:52 PM CST 2026] ⏳ expCC: step=109/160
[Fri Apr 24 08:30:52 PM CST 2026] ⏳ expDD: step=107/160
[Fri Apr 24 08:30:52 PM CST 2026] ⏳ expFF: step=75/220
[Fri Apr 24 08:30:52 PM CST 2026] ⏳ expGG: step=77/320
[Fri Apr 24 08:31:52 PM CST 2026] ⏳ expAA: step=53/150
[Fri Apr 24 08:31:52 PM CST 2026] ⏳ expBB: step=47/180
[Fri Apr 24 08:31:52 PM CST 2026] ⏳ expCC: step=114/160
[Fri Apr 24 08:31:52 PM CST 2026] ⏳ expDD: step=113/160
[Fri Apr 24 08:31:52 PM CST 2026] ⏳ expFF: step=80/220
[Fri Apr 24 08:31:52 PM CST 2026] ⏳ expGG: step=82/320
[Fri Apr 24 08:32:52 PM CST 2026] ⏳ expAA: step=56/150
[Fri Apr 24 08:32:52 PM CST 2026] ⏳ expBB: step=49/180
[Fri Apr 24 08:32:53 PM CST 2026] ⏳ expCC: step=120/160
[Fri Apr 24 08:32:53 PM CST 2026] ⏳ expDD: step=118/160
[Fri Apr 24 08:32:53 PM CST 2026] ⏳ expFF: step=86/220
[Fri Apr 24 08:32:53 PM CST 2026] ⏳ expGG: step=88/320
[Fri Apr 24 08:33:53 PM CST 2026] ⏳ expAA: step=58/150
[Fri Apr 24 08:33:53 PM CST 2026] ⏳ expBB: step=52/180
[Fri Apr 24 08:33:53 PM CST 2026] ⏳ expCC: step=125/160
[Fri Apr 24 08:33:53 PM CST 2026] ⏳ expDD: step=123/160
[Fri Apr 24 08:33:53 PM CST 2026] ⏳ expFF: step=90/220
[Fri Apr 24 08:33:53 PM CST 2026] ⏳ expGG: step=93/320
[Fri Apr 24 08:34:53 PM CST 2026] ⏳ expAA: step=61/150
[Fri Apr 24 08:34:53 PM CST 2026] ⏳ expBB: step=54/180
[Fri Apr 24 08:34:53 PM CST 2026] ⏳ expCC: step=130/160
[Fri Apr 24 08:34:53 PM CST 2026] ⏳ expDD: step=128/160
[Fri Apr 24 08:34:53 PM CST 2026] ⏳ expFF: step=95/220
[Fri Apr 24 08:34:53 PM CST 2026] ⏳ expGG: step=98/320
[Fri Apr 24 08:35:53 PM CST 2026] ⏳ expAA: step=63/150
[Fri Apr 24 08:35:53 PM CST 2026] ⏳ expBB: step=56/180
[Fri Apr 24 08:35:54 PM CST 2026] ⏳ expCC: step=136/160
[Fri Apr 24 08:35:54 PM CST 2026] ⏳ expDD: step=133/160
[Fri Apr 24 08:35:54 PM CST 2026] ⏳ expFF: step=100/220
[Fri Apr 24 08:35:54 PM CST 2026] ⏳ expGG: step=104/320
[Fri Apr 24 08:36:54 PM CST 2026] ⏳ expAA: step=65/150
[Fri Apr 24 08:36:54 PM CST 2026] ⏳ expBB: step=58/180
[Fri Apr 24 08:36:54 PM CST 2026] ⏳ expCC: step=140/160
[Fri Apr 24 08:36:54 PM CST 2026] ⏳ expDD: step=138/160
[Fri Apr 24 08:36:54 PM CST 2026] ⏳ expFF: step=105/220
[Fri Apr 24 08:36:54 PM CST 2026] ⏳ expGG: step=109/320
[Fri Apr 24 08:37:54 PM CST 2026] ⏳ expAA: step=68/150
[Fri Apr 24 08:37:54 PM CST 2026] ⏳ expBB: step=60/180
[Fri Apr 24 08:37:54 PM CST 2026] ⏳ expCC: step=146/160
[Fri Apr 24 08:37:54 PM CST 2026] ⏳ expDD: step=143/160
[Fri Apr 24 08:37:54 PM CST 2026] ⏳ expFF: step=110/220
[Fri Apr 24 08:37:54 PM CST 2026] ⏳ expGG: step=114/320
[Fri Apr 24 08:38:54 PM CST 2026] ⏳ expAA: step=72/150
[Fri Apr 24 08:38:55 PM CST 2026] ⏳ expBB: step=63/180
[Fri Apr 24 08:38:55 PM CST 2026] ⏳ expCC: step=152/160
[Fri Apr 24 08:38:55 PM CST 2026] ⏳ expDD: step=149/160
[Fri Apr 24 08:38:55 PM CST 2026] ⏳ expFF: step=116/220
[Fri Apr 24 08:38:55 PM CST 2026] ⏳ expGG: step=120/320
[Fri Apr 24 08:39:55 PM CST 2026] ⏳ expAA: step=74/150
[Fri Apr 24 08:39:55 PM CST 2026] ⏳ expBB: step=65/180
[Fri Apr 24 08:39:55 PM CST 2026] ⏳ expCC: step=157/160
[Fri Apr 24 08:39:55 PM CST 2026] ⏳ expDD: step=154/160
[Fri Apr 24 08:39:55 PM CST 2026] ⏳ expFF: step=121/220
[Fri Apr 24 08:39:55 PM CST 2026] ⏳ expGG: step=125/320
[Fri Apr 24 08:39:55 PM CST 2026] 🎯 expV: 评测完成 F1=0.134
[Fri Apr 24 08:40:55 PM CST 2026] ⏳ expAA: step=77/150
[Fri Apr 24 08:40:55 PM CST 2026] ⏳ expBB: step=67/180
[Fri Apr 24 08:40:55 PM CST 2026] ✅ expCC: 训练完成，启动评测...
[Fri Apr 24 08:40:55 PM CST 2026] 📊 expCC: 评测已在 GPU 2 后台启动 (PID=63279)
[Fri Apr 24 08:40:55 PM CST 2026] ⏳ expDD: step=160/160
[Fri Apr 24 08:40:56 PM CST 2026] ⏳ expFF: step=127/220
[Fri Apr 24 08:40:56 PM CST 2026] ⏳ expGG: step=131/320
[Fri Apr 24 08:41:56 PM CST 2026] ⏳ expAA: step=79/150
[Fri Apr 24 08:41:56 PM CST 2026] ⏳ expBB: step=69/180
[Fri Apr 24 08:41:56 PM CST 2026] ✅ expDD: 训练完成，启动评测...
[Fri Apr 24 08:41:56 PM CST 2026] 📊 expDD: 评测已在 GPU 4 后台启动 (PID=63747)
[Fri Apr 24 08:41:56 PM CST 2026] ⏳ expFF: step=132/220
[Fri Apr 24 08:41:56 PM CST 2026] ⏳ expGG: step=136/320
[Fri Apr 24 08:42:56 PM CST 2026] ⏳ expAA: step=82/150
[Fri Apr 24 08:42:56 PM CST 2026] ⏳ expBB: step=71/180
[Fri Apr 24 08:42:56 PM CST 2026] ⏳ expFF: step=137/220
[Fri Apr 24 08:42:57 PM CST 2026] ⏳ expGG: step=141/320
[Fri Apr 24 08:43:57 PM CST 2026] ⏳ expAA: step=83/150
[Fri Apr 24 08:43:57 PM CST 2026] ⏳ expBB: step=73/180
[Fri Apr 24 08:43:57 PM CST 2026] ⏳ expFF: step=141/220
[Fri Apr 24 08:43:57 PM CST 2026] ⏳ expGG: step=147/320
[Fri Apr 24 08:44:57 PM CST 2026] ⏳ expAA: step=85/150
[Fri Apr 24 08:44:57 PM CST 2026] ⏳ expBB: step=75/180
[Fri Apr 24 08:44:57 PM CST 2026] ⏳ expFF: step=147/220
[Fri Apr 24 08:44:57 PM CST 2026] ⏳ expGG: step=152/320
[Fri Apr 24 08:45:57 PM CST 2026] ⏳ expAA: step=87/150
[Fri Apr 24 08:45:57 PM CST 2026] ⏳ expBB: step=77/180
[Fri Apr 24 08:45:57 PM CST 2026] ⏳ expFF: step=152/220
[Fri Apr 24 08:45:57 PM CST 2026] ⏳ expGG: step=157/320
[Fri Apr 24 08:46:57 PM CST 2026] ⏳ expAA: step=90/150
[Fri Apr 24 08:46:57 PM CST 2026] ⏳ expBB: step=79/180
[Fri Apr 24 08:46:57 PM CST 2026] ⏳ expFF: step=157/220
[Fri Apr 24 08:46:57 PM CST 2026] ⏳ expGG: step=163/320
[Fri Apr 24 08:47:58 PM CST 2026] ⏳ expAA: step=93/150
[Fri Apr 24 08:47:58 PM CST 2026] ⏳ expBB: step=81/180
[Fri Apr 24 08:47:58 PM CST 2026] ⏳ expFF: step=162/220
[Fri Apr 24 08:47:58 PM CST 2026] ⏳ expGG: step=169/320
[Fri Apr 24 08:48:58 PM CST 2026] ⏳ expAA: step=95/150
[Fri Apr 24 08:48:58 PM CST 2026] ⏳ expBB: step=84/180
[Fri Apr 24 08:48:58 PM CST 2026] ⏳ expFF: step=167/220
[Fri Apr 24 08:48:58 PM CST 2026] ⏳ expGG: step=174/320
[Fri Apr 24 08:49:58 PM CST 2026] ⏳ expAA: step=98/150
[Fri Apr 24 08:49:58 PM CST 2026] ⏳ expBB: step=86/180
[Fri Apr 24 08:49:58 PM CST 2026] ⏳ expFF: step=173/220
[Fri Apr 24 08:49:58 PM CST 2026] ⏳ expGG: step=179/320
[Fri Apr 24 08:50:58 PM CST 2026] ⏳ expAA: step=100/150
[Fri Apr 24 08:50:58 PM CST 2026] ⏳ expBB: step=88/180
[Fri Apr 24 08:50:58 PM CST 2026] ⏳ expFF: step=178/220
[Fri Apr 24 08:50:59 PM CST 2026] ⏳ expGG: step=184/320
[Fri Apr 24 08:50:59 PM CST 2026] 🎯 expCC: 评测完成 F1=0.146
[Fri Apr 24 08:51:59 PM CST 2026] ⏳ expAA: step=102/150
[Fri Apr 24 08:51:59 PM CST 2026] ⏳ expBB: step=90/180
[Fri Apr 24 08:51:59 PM CST 2026] ⏳ expFF: step=183/220
[Fri Apr 24 08:51:59 PM CST 2026] ⏳ expGG: step=190/320
[Fri Apr 24 08:52:59 PM CST 2026] ⏳ expAA: step=105/150
[Fri Apr 24 08:52:59 PM CST 2026] ⏳ expBB: step=92/180
[Fri Apr 24 08:52:59 PM CST 2026] ⏳ expFF: step=188/220
[Fri Apr 24 08:52:59 PM CST 2026] ⏳ expGG: step=195/320
[Fri Apr 24 08:53:59 PM CST 2026] ⏳ expAA: step=107/150
[Fri Apr 24 08:53:59 PM CST 2026] ⏳ expBB: step=94/180
[Fri Apr 24 08:53:59 PM CST 2026] ⏳ expFF: step=194/220
[Fri Apr 24 08:53:59 PM CST 2026] ⏳ expGG: step=201/320
[Fri Apr 24 08:55:00 PM CST 2026] ⏳ expAA: step=109/150
[Fri Apr 24 08:55:00 PM CST 2026] ⏳ expBB: step=97/180
[Fri Apr 24 08:55:00 PM CST 2026] ⏳ expFF: step=199/220
[Fri Apr 24 08:55:00 PM CST 2026] ⏳ expGG: step=206/320
[Fri Apr 24 08:56:00 PM CST 2026] ⏳ expAA: step=111/150
[Fri Apr 24 08:56:00 PM CST 2026] ⏳ expBB: step=99/180
[Fri Apr 24 08:56:00 PM CST 2026] ⏳ expFF: step=204/220
[Fri Apr 24 08:56:00 PM CST 2026] ⏳ expGG: step=211/320
[Fri Apr 24 08:57:00 PM CST 2026] ⏳ expAA: step=114/150
[Fri Apr 24 08:57:00 PM CST 2026] ⏳ expBB: step=102/180
[Fri Apr 24 08:57:00 PM CST 2026] ⏳ expFF: step=209/220
[Fri Apr 24 08:57:00 PM CST 2026] ⏳ expGG: step=217/320
[Fri Apr 24 08:58:01 PM CST 2026] ⏳ expAA: step=116/150
[Fri Apr 24 08:58:01 PM CST 2026] ⏳ expBB: step=104/180
[Fri Apr 24 08:58:01 PM CST 2026] ⏳ expFF: step=215/220
[Fri Apr 24 08:58:01 PM CST 2026] ⏳ expGG: step=222/320
[Fri Apr 24 08:59:01 PM CST 2026] ⏳ expAA: step=120/150
[Fri Apr 24 08:59:01 PM CST 2026] ⏳ expBB: step=106/180
[Fri Apr 24 08:59:01 PM CST 2026] ⏳ expFF: step=220/220
[Fri Apr 24 08:59:01 PM CST 2026] ⏳ expGG: step=227/320
[Fri Apr 24 09:00:01 PM CST 2026] ⏳ expAA: step=123/150
[Fri Apr 24 09:00:01 PM CST 2026] ⏳ expBB: step=108/180
[Fri Apr 24 09:00:02 PM CST 2026] ✅ expFF: 训练完成，启动评测...
[Fri Apr 24 09:00:02 PM CST 2026] 📊 expFF: 评测已在 GPU 6 后台启动 (PID=67638)
[Fri Apr 24 09:00:02 PM CST 2026] ⏳ expGG: step=232/320
[Fri Apr 24 09:00:02 PM CST 2026] 🎯 expDD: 评测完成 F1=0.132
[Fri Apr 24 09:01:02 PM CST 2026] ⏳ expAA: step=126/150
[Fri Apr 24 09:01:02 PM CST 2026] ⏳ expBB: step=111/180
[Fri Apr 24 09:01:02 PM CST 2026] ⏳ expGG: step=238/320
[Fri Apr 24 09:02:02 PM CST 2026] ⏳ expAA: step=128/150
[Fri Apr 24 09:02:02 PM CST 2026] ⏳ expBB: step=113/180
[Fri Apr 24 09:02:02 PM CST 2026] ⏳ expGG: step=243/320
[Fri Apr 24 09:03:02 PM CST 2026] ⏳ expAA: step=131/150
[Fri Apr 24 09:03:03 PM CST 2026] ⏳ expBB: step=115/180
[Fri Apr 24 09:03:03 PM CST 2026] ⏳ expGG: step=248/320
[Fri Apr 24 09:04:03 PM CST 2026] ⏳ expAA: step=133/150
[Fri Apr 24 09:04:03 PM CST 2026] ⏳ expBB: step=118/180
[Fri Apr 24 09:04:03 PM CST 2026] ⏳ expGG: step=254/320
[Fri Apr 24 09:05:03 PM CST 2026] ⏳ expAA: step=135/150
[Fri Apr 24 09:05:03 PM CST 2026] ⏳ expBB: step=120/180
[Fri Apr 24 09:05:03 PM CST 2026] ⏳ expGG: step=259/320
[Fri Apr 24 09:06:03 PM CST 2026] ⏳ expAA: step=137/150
[Fri Apr 24 09:06:03 PM CST 2026] ⏳ expBB: step=122/180
[Fri Apr 24 09:06:04 PM CST 2026] ⏳ expGG: step=265/320
[Fri Apr 24 09:07:04 PM CST 2026] ⏳ expAA: step=139/150
[Fri Apr 24 09:07:04 PM CST 2026] ⏳ expBB: step=124/180
[Fri Apr 24 09:07:04 PM CST 2026] ⏳ expGG: step=270/320
[Fri Apr 24 09:08:04 PM CST 2026] ⏳ expAA: step=141/150
[Fri Apr 24 09:08:04 PM CST 2026] ⏳ expBB: step=126/180
[Fri Apr 24 09:08:04 PM CST 2026] ⏳ expGG: step=276/320
[Fri Apr 24 09:09:04 PM CST 2026] ⏳ expAA: step=143/150
[Fri Apr 24 09:09:04 PM CST 2026] ⏳ expBB: step=128/180
[Fri Apr 24 09:09:04 PM CST 2026] ⏳ expGG: step=281/320
[Fri Apr 24 09:10:04 PM CST 2026] ⏳ expAA: step=145/150
[Fri Apr 24 09:10:04 PM CST 2026] ⏳ expBB: step=130/180
[Fri Apr 24 09:10:05 PM CST 2026] ⏳ expGG: step=286/320
[Fri Apr 24 09:11:05 PM CST 2026] ⏳ expAA: step=148/150
[Fri Apr 24 09:11:05 PM CST 2026] ⏳ expBB: step=132/180
[Fri Apr 24 09:11:05 PM CST 2026] ⏳ expGG: step=292/320
[Fri Apr 24 09:11:05 PM CST 2026] 🎯 expFF: 评测完成 F1=0.148
[Fri Apr 24 09:12:05 PM CST 2026] ✅ expAA: 训练完成，启动评测...
[Fri Apr 24 09:12:05 PM CST 2026] 📊 expAA: 评测已在 GPU 0 后台启动 (PID=70753)
[Fri Apr 24 09:12:05 PM CST 2026] ⏳ expBB: step=134/180
[Fri Apr 24 09:12:05 PM CST 2026] ⏳ expGG: step=297/320
[Fri Apr 24 09:13:05 PM CST 2026] ⏳ expBB: step=136/180
[Fri Apr 24 09:13:05 PM CST 2026] ⏳ expGG: step=302/320
[Fri Apr 24 09:14:05 PM CST 2026] ⏳ expBB: step=138/180
[Fri Apr 24 09:14:05 PM CST 2026] ⏳ expGG: step=308/320
[Fri Apr 24 09:15:05 PM CST 2026] ⏳ expBB: step=141/180
[Fri Apr 24 09:15:05 PM CST 2026] ⏳ expGG: step=313/320
[Fri Apr 24 09:16:06 PM CST 2026] ⏳ expBB: step=143/180
[Fri Apr 24 09:16:06 PM CST 2026] ⏳ expGG: step=319/320
[Fri Apr 24 09:17:06 PM CST 2026] ⏳ expBB: step=145/180
[Fri Apr 24 09:17:06 PM CST 2026] ✅ expGG: 训练完成，启动评测...
[Fri Apr 24 09:17:06 PM CST 2026] 📊 expGG: 评测已在 GPU 7 后台启动 (PID=72792)
[Fri Apr 24 09:18:06 PM CST 2026] ⏳ expBB: step=148/180
[Fri Apr 24 09:19:06 PM CST 2026] ⏳ expBB: step=150/180
[Fri Apr 24 09:20:06 PM CST 2026] ⏳ expBB: step=152/180
[Fri Apr 24 09:21:06 PM CST 2026] ⏳ expBB: step=155/180
[Fri Apr 24 09:22:06 PM CST 2026] ⏳ expBB: step=157/180
[Fri Apr 24 09:23:06 PM CST 2026] ⏳ expBB: step=159/180
[Fri Apr 24 09:24:06 PM CST 2026] ⏳ expBB: step=161/180
[Fri Apr 24 09:25:06 PM CST 2026] ⏳ expBB: step=164/180
[Fri Apr 24 09:26:06 PM CST 2026] ⏳ expBB: step=166/180
[Fri Apr 24 09:27:07 PM CST 2026] ⏳ expBB: step=168/180
[Fri Apr 24 09:28:07 PM CST 2026] ⏳ expBB: step=170/180
[Fri Apr 24 09:28:07 PM CST 2026] 🎯 expGG: 评测完成 F1=0.132
[Fri Apr 24 09:29:07 PM CST 2026] ⏳ expBB: step=173/180
[Fri Apr 24 09:30:07 PM CST 2026] ⏳ expBB: step=175/180
[Fri Apr 24 09:31:07 PM CST 2026] ⏳ expBB: step=177/180
[Fri Apr 24 09:32:07 PM CST 2026] ⏳ expBB: step=179/180
[Fri Apr 24 09:33:07 PM CST 2026] ✅ expBB: 训练完成，启动评测...
[Fri Apr 24 09:33:07 PM CST 2026] 📊 expBB: 评测已在 GPU 1 后台启动 (PID=79246)
[Fri Apr 24 10:31:08 PM CST 2026] 🎯 expAA: 评测完成 F1=0.164
[Fri Apr 24 10:37:09 PM CST 2026] 🎯 expBB: 评测完成 F1=0.239
[Fri Apr 24 10:37:09 PM CST 2026] ✅ 所有训练和评测已完成！

=== Round 4 实验结果汇总 ===
  expA: F1=0.173  rule1=0.0  rule2=1.0
  expB: F1=0.164  rule1=0.125  rule2=0.69
  expC: F1=0.173  rule1=0.575  rule2=0.276
  expD: F1=0.136  rule1=0.3  rule2=0.345
  expE: F1=0.121  rule1=0.15  rule2=0.069
  expF2: F1=0.131  rule1=0.125  rule2=0.172
  expG2: F1=0.033  rule1=0.05  rule2=0.0
  expX: F1=0.133  rule1=0.125  rule2=0.897
  expY: F1=0.144  rule1=0.025  rule2=0.966
  expZ: F1=0.174  rule1=0.025  rule2=1.0
  expW: F1=0.134  rule1=0.05  rule2=0.931
  expU: F1=0.129  rule1=0.0  rule2=0.793
  expT: F1=0.082  rule1=0.125  rule2=0.483
  expV: F1=0.134  rule1=0.025  rule2=0.931
  expS: F1=0.133  rule1=0.0  rule2=0.0
  expAA: F1=0.164  rule1=0.8  rule2=0.241
  expBB: F1=0.239  rule1=0.75  rule2=0.586
  expCC: F1=0.146  rule1=0.0  rule2=1.0
  expDD: F1=0.132  rule1=0.325  rule2=0.552
  expFF: F1=0.148  rule1=0.175  rule2=0.31
  expGG: F1=0.132  rule1=0.025  rule2=0.31
monitor_and_eval.sh: error reading input file: No such file or directory
